None of WRF_EM_CORE, WRF_NMM_CORE, 
        specified in shell environment.... 
copying Registry/Registry.EM to Registry/Registry
 
============================================================================================== 
 
V3.8.1    
 
Compiling: WRF_EM_CORE  
WRFIO_NCD_LARGE_FILE_SUPPORT=1
 
Linux tamer.meteo.mcgill.ca 3.10.0-862.14.4.el7.x86_64 #1 SMP Wed Sep 26 15:12:11 UTC 2018 x86_64 x86_64 x86_64 GNU/Linux
 
GNU Fortran (GCC) 4.8.5 20150623 (Red Hat 4.8.5-36)
Copyright (C) 2015 Free Software Foundation, Inc.

GNU Fortran comes with NO WARRANTY, to the extent permitted by law.
You may redistribute copies of GNU Fortran
under the terms of the GNU General Public License.
For more information about these matters, see the file named COPYING

 
============================================================================================== 
 
setting parallel make -j 2
 
============================================================================================== 
 
The following indicate the compilers selected to build the WRF system
 
Serial Fortran compiler (mostly for tool generation):
which SFC
/usr/bin/gfortran
 
Serial C compiler (mostly for tool generation):
which SCC
/usr/bin/gcc
 
Fortran compiler for the model source code:
which FC
/usr/bin/gfortran
Will use 'time' to report timing information
 
C compiler for the model source code:
which CC
/usr/bin/gcc
 
============================================================================================== 
 
make -i -r MODULE_DIRS="-I../dyn_em -I../dyn_nmm   -I/pixel/project02/tcchen/WRFV3/external/esmf_time_f90  -I/pixel/project02/tcchen/WRFV3/main -I/pixel/project02/tcchen/WRFV3/external/io_netcdf -I/pixel/project02/tcchen/WRFV3/external/io_int -I/pixel/project02/tcchen/WRFV3/frame -I/pixel/project02/tcchen/WRFV3/share -I/pixel/project02/tcchen/WRFV3/phys -I/pixel/project02/tcchen/WRFV3/chem -I/pixel/project02/tcchen/WRFV3/inc -I/pixel/project02/tcchen/netcdf/netcdf_gnu//include " ext
make[1]: Entering directory `/pixel/project02/tcchen/WRFV3'
--------------------------------------
( cd frame ; make -i -r externals )
make[2]: Entering directory `/pixel/project02/tcchen/WRFV3/frame'
( cd /pixel/project02/tcchen/WRFV3/external/esmf_time_f90 ; \
          make -j 2 FC="gfortran   -w -ffree-form -ffree-line-length-none -fconvert=big-endian -frecord-marker=4 " RANLIB="ranlib" \
          CPP="/lib/cpp -P -I/pixel/project02/tcchen/WRFV3/inc -I. -DEM_CORE=1 -DNMM_CORE=0 -DNMM_MAX_DIM=2600 -DCOAMPS_CORE=0 -DDA_CORE=0 -DEXP_CORE=0 -DIWORDSIZE=4 -DDWORDSIZE=8 -DRWORDSIZE=4 -DLWORDSIZE=4 -DNONSTANDARD_SYSTEM_SUBR  -DWRF_USE_CLM -DNO_IEEE_MODULE  -DNETCDF -DUSE_ALLOCATABLES -DGRIB1 -DINTIO -DKEEP_INT_AROUND -DLIMIT_ARGS -DCONFIG_BUF_LEN=65536 -DMAX_DOMAINS_F=21 -DMAX_HISTORY=25 -DNMM_NEST=0 -traditional" AR="ar" ARFLAGS="ru" )
make[3]: Entering directory `/pixel/project02/tcchen/WRFV3/external/esmf_time_f90'
/bin/rm -f ESMF_Base.o
/bin/rm -f ESMF_Fraction.o
sed -e "/\!.*'/s/'//g" ESMF_Base.F90 > ESMF_Base.b
sed -e "/\!.*'/s/'//g" ESMF_Fraction.F90 > ESMF_Fraction.b
/lib/cpp -P -I/pixel/project02/tcchen/WRFV3/inc -I. -DEM_CORE=1 -DNMM_CORE=0 -DNMM_MAX_DIM=2600 -DCOAMPS_CORE=0 -DDA_CORE=0 -DEXP_CORE=0 -DIWORDSIZE=4 -DDWORDSIZE=8 -DRWORDSIZE=4 -DLWORDSIZE=4 -DNONSTANDARD_SYSTEM_SUBR  -DWRF_USE_CLM -DNO_IEEE_MODULE  -DNETCDF -DUSE_ALLOCATABLES -DGRIB1 -DINTIO -DKEEP_INT_AROUND -DLIMIT_ARGS -DCONFIG_BUF_LEN=65536 -DMAX_DOMAINS_F=21 -DMAX_HISTORY=25 -DNMM_NEST=0 -traditional -I. ESMF_Fraction.b > ESMF_Fraction.f
/lib/cpp -P -I/pixel/project02/tcchen/WRFV3/inc -I. -DEM_CORE=1 -DNMM_CORE=0 -DNMM_MAX_DIM=2600 -DCOAMPS_CORE=0 -DDA_CORE=0 -DEXP_CORE=0 -DIWORDSIZE=4 -DDWORDSIZE=8 -DRWORDSIZE=4 -DLWORDSIZE=4 -DNONSTANDARD_SYSTEM_SUBR  -DWRF_USE_CLM -DNO_IEEE_MODULE  -DNETCDF -DUSE_ALLOCATABLES -DGRIB1 -DINTIO -DKEEP_INT_AROUND -DLIMIT_ARGS -DCONFIG_BUF_LEN=65536 -DMAX_DOMAINS_F=21 -DMAX_HISTORY=25 -DNMM_NEST=0 -traditional -I. ESMF_Base.b > ESMF_Base.f
/bin/rm -f ESMF_Fraction.b
/bin/rm -f ESMF_Base.b
gfortran   -w -ffree-form -ffree-line-length-none -fconvert=big-endian -frecord-marker=4  -o ESMF_Fraction.o -c ESMF_Fraction.f
gfortran   -w -ffree-form -ffree-line-length-none -fconvert=big-endian -frecord-marker=4  -o ESMF_Base.o -c ESMF_Base.f
/bin/rm -f ESMF_BaseTime.o
sed -e "/\!.*'/s/'//g" ESMF_BaseTime.F90 > ESMF_BaseTime.b
/lib/cpp -P -I/pixel/project02/tcchen/WRFV3/inc -I. -DEM_CORE=1 -DNMM_CORE=0 -DNMM_MAX_DIM=2600 -DCOAMPS_CORE=0 -DDA_CORE=0 -DEXP_CORE=0 -DIWORDSIZE=4 -DDWORDSIZE=8 -DRWORDSIZE=4 -DLWORDSIZE=4 -DNONSTANDARD_SYSTEM_SUBR  -DWRF_USE_CLM -DNO_IEEE_MODULE  -DNETCDF -DUSE_ALLOCATABLES -DGRIB1 -DINTIO -DKEEP_INT_AROUND -DLIMIT_ARGS -DCONFIG_BUF_LEN=65536 -DMAX_DOMAINS_F=21 -DMAX_HISTORY=25 -DNMM_NEST=0 -traditional -I. ESMF_BaseTime.b > ESMF_BaseTime.f
/bin/rm -f ESMF_BaseTime.b
gfortran   -w -ffree-form -ffree-line-length-none -fconvert=big-endian -frecord-marker=4  -o ESMF_BaseTime.o -c ESMF_BaseTime.f
/bin/rm -f ESMF_Calendar.o
sed -e "/\!.*'/s/'//g" ESMF_Calendar.F90 > ESMF_Calendar.b
/lib/cpp -P -I/pixel/project02/tcchen/WRFV3/inc -I. -DEM_CORE=1 -DNMM_CORE=0 -DNMM_MAX_DIM=2600 -DCOAMPS_CORE=0 -DDA_CORE=0 -DEXP_CORE=0 -DIWORDSIZE=4 -DDWORDSIZE=8 -DRWORDSIZE=4 -DLWORDSIZE=4 -DNONSTANDARD_SYSTEM_SUBR  -DWRF_USE_CLM -DNO_IEEE_MODULE  -DNETCDF -DUSE_ALLOCATABLES -DGRIB1 -DINTIO -DKEEP_INT_AROUND -DLIMIT_ARGS -DCONFIG_BUF_LEN=65536 -DMAX_DOMAINS_F=21 -DMAX_HISTORY=25 -DNMM_NEST=0 -traditional -I. ESMF_Calendar.b > ESMF_Calendar.f
/bin/rm -f ESMF_Calendar.b
gfortran   -w -ffree-form -ffree-line-length-none -fconvert=big-endian -frecord-marker=4  -o ESMF_Calendar.o -c ESMF_Calendar.f
/bin/rm -f ESMF_TimeInterval.o
/bin/rm -f ESMF_Stubs.o
sed -e "/\!.*'/s/'//g" ESMF_TimeInterval.F90 > ESMF_TimeInterval.b
sed -e "/\!.*'/s/'//g" ESMF_Stubs.F90 > ESMF_Stubs.b
/lib/cpp -P -I/pixel/project02/tcchen/WRFV3/inc -I. -DEM_CORE=1 -DNMM_CORE=0 -DNMM_MAX_DIM=2600 -DCOAMPS_CORE=0 -DDA_CORE=0 -DEXP_CORE=0 -DIWORDSIZE=4 -DDWORDSIZE=8 -DRWORDSIZE=4 -DLWORDSIZE=4 -DNONSTANDARD_SYSTEM_SUBR  -DWRF_USE_CLM -DNO_IEEE_MODULE  -DNETCDF -DUSE_ALLOCATABLES -DGRIB1 -DINTIO -DKEEP_INT_AROUND -DLIMIT_ARGS -DCONFIG_BUF_LEN=65536 -DMAX_DOMAINS_F=21 -DMAX_HISTORY=25 -DNMM_NEST=0 -traditional -I. ESMF_Stubs.b > ESMF_Stubs.f
/lib/cpp -P -I/pixel/project02/tcchen/WRFV3/inc -I. -DEM_CORE=1 -DNMM_CORE=0 -DNMM_MAX_DIM=2600 -DCOAMPS_CORE=0 -DDA_CORE=0 -DEXP_CORE=0 -DIWORDSIZE=4 -DDWORDSIZE=8 -DRWORDSIZE=4 -DLWORDSIZE=4 -DNONSTANDARD_SYSTEM_SUBR  -DWRF_USE_CLM -DNO_IEEE_MODULE  -DNETCDF -DUSE_ALLOCATABLES -DGRIB1 -DINTIO -DKEEP_INT_AROUND -DLIMIT_ARGS -DCONFIG_BUF_LEN=65536 -DMAX_DOMAINS_F=21 -DMAX_HISTORY=25 -DNMM_NEST=0 -traditional -I. ESMF_TimeInterval.b > ESMF_TimeInterval.f
/bin/rm -f ESMF_Stubs.b
/bin/rm -f ESMF_TimeInterval.b
gfortran   -w -ffree-form -ffree-line-length-none -fconvert=big-endian -frecord-marker=4  -o ESMF_Stubs.o -c ESMF_Stubs.f
gfortran   -w -ffree-form -ffree-line-length-none -fconvert=big-endian -frecord-marker=4  -o ESMF_TimeInterval.o -c ESMF_TimeInterval.f
/bin/rm -f ESMF_Time.o
sed -e "/\!.*'/s/'//g" ESMF_Time.F90 > ESMF_Time.b
/lib/cpp -P -I/pixel/project02/tcchen/WRFV3/inc -I. -DEM_CORE=1 -DNMM_CORE=0 -DNMM_MAX_DIM=2600 -DCOAMPS_CORE=0 -DDA_CORE=0 -DEXP_CORE=0 -DIWORDSIZE=4 -DDWORDSIZE=8 -DRWORDSIZE=4 -DLWORDSIZE=4 -DNONSTANDARD_SYSTEM_SUBR  -DWRF_USE_CLM -DNO_IEEE_MODULE  -DNETCDF -DUSE_ALLOCATABLES -DGRIB1 -DINTIO -DKEEP_INT_AROUND -DLIMIT_ARGS -DCONFIG_BUF_LEN=65536 -DMAX_DOMAINS_F=21 -DMAX_HISTORY=25 -DNMM_NEST=0 -traditional -I. ESMF_Time.b > ESMF_Time.f
/bin/rm -f ESMF_Time.b
gfortran   -w -ffree-form -ffree-line-length-none -fconvert=big-endian -frecord-marker=4  -o ESMF_Time.o -c ESMF_Time.f
/bin/rm -f ESMF_Alarm.o
sed -e "/\!.*'/s/'//g" ESMF_Alarm.F90 > ESMF_Alarm.b
/lib/cpp -P -I/pixel/project02/tcchen/WRFV3/inc -I. -DEM_CORE=1 -DNMM_CORE=0 -DNMM_MAX_DIM=2600 -DCOAMPS_CORE=0 -DDA_CORE=0 -DEXP_CORE=0 -DIWORDSIZE=4 -DDWORDSIZE=8 -DRWORDSIZE=4 -DLWORDSIZE=4 -DNONSTANDARD_SYSTEM_SUBR  -DWRF_USE_CLM -DNO_IEEE_MODULE  -DNETCDF -DUSE_ALLOCATABLES -DGRIB1 -DINTIO -DKEEP_INT_AROUND -DLIMIT_ARGS -DCONFIG_BUF_LEN=65536 -DMAX_DOMAINS_F=21 -DMAX_HISTORY=25 -DNMM_NEST=0 -traditional -I. ESMF_Alarm.b > ESMF_Alarm.f
/bin/rm -f ESMF_Alarm.b
gfortran   -w -ffree-form -ffree-line-length-none -fconvert=big-endian -frecord-marker=4  -o ESMF_Alarm.o -c ESMF_Alarm.f
/bin/rm -f ESMF_Clock.o
sed -e "/\!.*'/s/'//g" ESMF_Clock.F90 > ESMF_Clock.b
/lib/cpp -P -I/pixel/project02/tcchen/WRFV3/inc -I. -DEM_CORE=1 -DNMM_CORE=0 -DNMM_MAX_DIM=2600 -DCOAMPS_CORE=0 -DDA_CORE=0 -DEXP_CORE=0 -DIWORDSIZE=4 -DDWORDSIZE=8 -DRWORDSIZE=4 -DLWORDSIZE=4 -DNONSTANDARD_SYSTEM_SUBR  -DWRF_USE_CLM -DNO_IEEE_MODULE  -DNETCDF -DUSE_ALLOCATABLES -DGRIB1 -DINTIO -DKEEP_INT_AROUND -DLIMIT_ARGS -DCONFIG_BUF_LEN=65536 -DMAX_DOMAINS_F=21 -DMAX_HISTORY=25 -DNMM_NEST=0 -traditional -I. ESMF_Clock.b > ESMF_Clock.f
/bin/rm -f ESMF_Clock.b
gfortran   -w -ffree-form -ffree-line-length-none -fconvert=big-endian -frecord-marker=4  -o ESMF_Clock.o -c ESMF_Clock.f
/bin/rm -f Meat.o
/bin/rm -f ESMF_AlarmClock.o
sed -e "/\!.*'/s/'//g" Meat.F90 > Meat.b
sed -e "/\!.*'/s/'//g" ESMF_AlarmClock.F90 > ESMF_AlarmClock.b
/lib/cpp -P -I/pixel/project02/tcchen/WRFV3/inc -I. -DEM_CORE=1 -DNMM_CORE=0 -DNMM_MAX_DIM=2600 -DCOAMPS_CORE=0 -DDA_CORE=0 -DEXP_CORE=0 -DIWORDSIZE=4 -DDWORDSIZE=8 -DRWORDSIZE=4 -DLWORDSIZE=4 -DNONSTANDARD_SYSTEM_SUBR  -DWRF_USE_CLM -DNO_IEEE_MODULE  -DNETCDF -DUSE_ALLOCATABLES -DGRIB1 -DINTIO -DKEEP_INT_AROUND -DLIMIT_ARGS -DCONFIG_BUF_LEN=65536 -DMAX_DOMAINS_F=21 -DMAX_HISTORY=25 -DNMM_NEST=0 -traditional -I. ESMF_AlarmClock.b > ESMF_AlarmClock.f
/lib/cpp -P -I/pixel/project02/tcchen/WRFV3/inc -I. -DEM_CORE=1 -DNMM_CORE=0 -DNMM_MAX_DIM=2600 -DCOAMPS_CORE=0 -DDA_CORE=0 -DEXP_CORE=0 -DIWORDSIZE=4 -DDWORDSIZE=8 -DRWORDSIZE=4 -DLWORDSIZE=4 -DNONSTANDARD_SYSTEM_SUBR  -DWRF_USE_CLM -DNO_IEEE_MODULE  -DNETCDF -DUSE_ALLOCATABLES -DGRIB1 -DINTIO -DKEEP_INT_AROUND -DLIMIT_ARGS -DCONFIG_BUF_LEN=65536 -DMAX_DOMAINS_F=21 -DMAX_HISTORY=25 -DNMM_NEST=0 -traditional -I. Meat.b > Meat.f
/bin/rm -f ESMF_AlarmClock.b
/bin/rm -f Meat.b
gfortran   -w -ffree-form -ffree-line-length-none -fconvert=big-endian -frecord-marker=4  -o ESMF_AlarmClock.o -c ESMF_AlarmClock.f
gfortran   -w -ffree-form -ffree-line-length-none -fconvert=big-endian -frecord-marker=4  -o Meat.o -c Meat.f
/bin/rm -f ESMF_Mod.o
sed -e "/\!.*'/s/'//g" ESMF_Mod.F90 > ESMF_Mod.b
/lib/cpp -P -I/pixel/project02/tcchen/WRFV3/inc -I. -DEM_CORE=1 -DNMM_CORE=0 -DNMM_MAX_DIM=2600 -DCOAMPS_CORE=0 -DDA_CORE=0 -DEXP_CORE=0 -DIWORDSIZE=4 -DDWORDSIZE=8 -DRWORDSIZE=4 -DLWORDSIZE=4 -DNONSTANDARD_SYSTEM_SUBR  -DWRF_USE_CLM -DNO_IEEE_MODULE  -DNETCDF -DUSE_ALLOCATABLES -DGRIB1 -DINTIO -DKEEP_INT_AROUND -DLIMIT_ARGS -DCONFIG_BUF_LEN=65536 -DMAX_DOMAINS_F=21 -DMAX_HISTORY=25 -DNMM_NEST=0 -traditional -I. ESMF_Mod.b > ESMF_Mod.f
/bin/rm -f ESMF_Mod.b
gfortran   -w -ffree-form -ffree-line-length-none -fconvert=big-endian -frecord-marker=4  -o ESMF_Mod.o -c ESMF_Mod.f
/bin/rm -f module_symbols_util.o
sed -e "/\!.*'/s/'//g" module_symbols_util.F90 > module_symbols_util.b
/lib/cpp -P -I/pixel/project02/tcchen/WRFV3/inc -I. -DEM_CORE=1 -DNMM_CORE=0 -DNMM_MAX_DIM=2600 -DCOAMPS_CORE=0 -DDA_CORE=0 -DEXP_CORE=0 -DIWORDSIZE=4 -DDWORDSIZE=8 -DRWORDSIZE=4 -DLWORDSIZE=4 -DNONSTANDARD_SYSTEM_SUBR  -DWRF_USE_CLM -DNO_IEEE_MODULE  -DNETCDF -DUSE_ALLOCATABLES -DGRIB1 -DINTIO -DKEEP_INT_AROUND -DLIMIT_ARGS -DCONFIG_BUF_LEN=65536 -DMAX_DOMAINS_F=21 -DMAX_HISTORY=25 -DNMM_NEST=0 -traditional -I. module_symbols_util.b > module_symbols_util.f
/bin/rm -f module_symbols_util.b
gfortran   -w -ffree-form -ffree-line-length-none -fconvert=big-endian -frecord-marker=4  -o module_symbols_util.o -c module_symbols_util.f
/bin/rm -f module_utility.o
sed -e "/\!.*'/s/'//g" module_utility.F90 > module_utility.b
/lib/cpp -P -I/pixel/project02/tcchen/WRFV3/inc -I. -DEM_CORE=1 -DNMM_CORE=0 -DNMM_MAX_DIM=2600 -DCOAMPS_CORE=0 -DDA_CORE=0 -DEXP_CORE=0 -DIWORDSIZE=4 -DDWORDSIZE=8 -DRWORDSIZE=4 -DLWORDSIZE=4 -DNONSTANDARD_SYSTEM_SUBR  -DWRF_USE_CLM -DNO_IEEE_MODULE  -DNETCDF -DUSE_ALLOCATABLES -DGRIB1 -DINTIO -DKEEP_INT_AROUND -DLIMIT_ARGS -DCONFIG_BUF_LEN=65536 -DMAX_DOMAINS_F=21 -DMAX_HISTORY=25 -DNMM_NEST=0 -traditional -I. module_utility.b > module_utility.f
/bin/rm -f module_utility.b
gfortran   -w -ffree-form -ffree-line-length-none -fconvert=big-endian -frecord-marker=4  -o module_utility.o -c module_utility.f
/bin/rm -f libesmf_time.a
if [ "ar" != "lib.exe" ] ; then \
          ar ru libesmf_time.a ESMF_Alarm.o ESMF_BaseTime.o ESMF_Clock.o ESMF_Time.o Meat.o ESMF_Base.o ESMF_Calendar.o ESMF_Fraction.o ESMF_TimeInterval.o ESMF_Stubs.o ESMF_Mod.o module_symbols_util.o module_utility.o ESMF_AlarmClock.o ; \
        else \
          ar /out:libesmf_time.a ESMF_Alarm.o ESMF_BaseTime.o ESMF_Clock.o ESMF_Time.o Meat.o ESMF_Base.o ESMF_Calendar.o ESMF_Fraction.o ESMF_TimeInterval.o ESMF_Stubs.o ESMF_Mod.o module_symbols_util.o module_utility.o ESMF_AlarmClock.o ; \
        fi
ar: creating libesmf_time.a
ranlib libesmf_time.a
make[3]: Leaving directory `/pixel/project02/tcchen/WRFV3/external/esmf_time_f90'
( cd /pixel/project02/tcchen/WRFV3/external/io_netcdf ; \
          make -j 2 NETCDFPATH="/pixel/project02/tcchen/netcdf/netcdf_gnu/" RANLIB="ranlib" CPP="/lib/cpp -P" \
          CC="gcc" CFLAGS="-w -O3 -c  -DMAX_HISTORY=25 -DNMM_CORE=0" \
          FC="gfortran  -fopenmp -O2 -ftree-vectorize -funroll-loops -w -ffree-form -ffree-line-length-none -fconvert=big-endian -frecord-marker=4 " TRADFLAG="-traditional" AR="ar" ARFLAGS="ru" )
make[3]: Entering directory `/pixel/project02/tcchen/WRFV3/external/io_netcdf'
grep nf_format_64bit /pixel/project02/tcchen/netcdf/netcdf_gnu//include/netcdf.inc ;\
                        a=$? ; export a ; \
		if [ $a -a "$WRFIO_NCD_LARGE_FILE_SUPPORT" = "1" ] ; then \
                          /lib/cpp -P -P -traditional -DWRFIO_NCD_LARGE_FILE_SUPPORT -I../ioapi_share wrf_io.F90 | m4 -Uinclude -Uindex -Ulen - > wrf_io.f ; \
                        else \
                          /lib/cpp -P -P -traditional -I../ioapi_share wrf_io.F90 | m4 -Uinclude -Uindex -Ulen - > wrf_io.f ; \
                        fi
/lib/cpp -P -P -traditional -I../ioapi_share module_wrfsi_static.F90 > module_wrfsi_static.f
      integer nf_format_64bit
      parameter (nf_format_64bit = 2)
gfortran  -fopenmp -O2 -ftree-vectorize -funroll-loops -w -ffree-form -ffree-line-length-none -fconvert=big-endian -frecord-marker=4  -o module_wrfsi_static.o  -I/pixel/project02/tcchen/netcdf/netcdf_gnu//include -I../ioapi_share -c module_wrfsi_static.f
gfortran  -fopenmp -O2 -ftree-vectorize -funroll-loops -w -ffree-form -ffree-line-length-none -fconvert=big-endian -frecord-marker=4  -o wrf_io.o  -I/pixel/project02/tcchen/netcdf/netcdf_gnu//include -I../ioapi_share -c wrf_io.f
/lib/cpp -P -P -traditional -I../ioapi_share field_routines.F90 > field_routines.f
gfortran  -fopenmp -O2 -ftree-vectorize -funroll-loops -w -ffree-form -ffree-line-length-none -fconvert=big-endian -frecord-marker=4  -o field_routines.o  -I/pixel/project02/tcchen/netcdf/netcdf_gnu//include -I../ioapi_share -c field_routines.f
/bin/rm -f libwrfio_nf.a
if [ "ar" != "lib.exe" ] ; then \
                          ar cr libwrfio_nf.a wrf_io.o field_routines.o module_wrfsi_static.o ; \
                        else \
                          ar /out:libwrfio_nf.a wrf_io.o field_routines.o module_wrfsi_static.o ; \
                        fi
ranlib libwrfio_nf.a
make[3]: Leaving directory `/pixel/project02/tcchen/WRFV3/external/io_netcdf'
( cd /pixel/project02/tcchen/WRFV3/external/ioapi_share ; \
          make -i -r NATIVE_RWORDSIZE="4" RWORDSIZE="4" AR="ar" ARFLAGS="ru" )
make[3]: Entering directory `/pixel/project02/tcchen/WRFV3/external/ioapi_share'
( /bin/rm -f ../../inc/wrf_io_flags.h foo_io_flags.h; \
/bin/cp wrf_io_flags.h foo_io_flags.h; \
if [ 4 -ne 4 ] ; then \
  /bin/rm -f foo_io_flags.h; \
  sed -e 's/104/105/' wrf_io_flags.h > foo_io_flags.h ;\
fi ; \
/bin/mv foo_io_flags.h ../../inc/wrf_io_flags.h )
/bin/rm -f ../../inc/wrf_status_codes.h
/bin/cp wrf_status_codes.h ../../inc
make[3]: Leaving directory `/pixel/project02/tcchen/WRFV3/external/ioapi_share'
( cd /pixel/project02/tcchen/WRFV3/external/io_grib_share ; \
          make -j 2 CC="gcc" CFLAGS="-w -O3 -c  -DMAX_HISTORY=25 -DNMM_CORE=0" RM="rm -f" RANLIB="ranlib" CPP="/lib/cpp -P" \
          FC="gfortran  -I.  -w -ffree-form -ffree-line-length-none -fconvert=big-endian -frecord-marker=4  " TRADFLAG="-traditional" AR="ar" ARFLAGS="ru" archive) 
make[3]: Entering directory `/pixel/project02/tcchen/WRFV3/external/io_grib_share'
make[4]: Entering directory `/pixel/project02/tcchen/WRFV3/external/io_grib_share'
rm -f io_grib_share.o
gcc  -I. -w -O3 -c  -DMAX_HISTORY=25 -DNMM_CORE=0   -c get_region_center.c
/lib/cpp -P  -traditional  -I. io_grib_share.F > io_grib_share.f90
gfortran  -I.  -w -ffree-form -ffree-line-length-none -fconvert=big-endian -frecord-marker=4     -I.     -c io_grib_share.f90
gcc  -I. -w -O3 -c  -DMAX_HISTORY=25 -DNMM_CORE=0   -c gridnav.c
gcc  -I. -w -O3 -c  -DMAX_HISTORY=25 -DNMM_CORE=0   -c open_file.c
ar ru ./libio_grib_share.a io_grib_share.o get_region_center.o gridnav.o open_file.o
ar: creating ./libio_grib_share.a
ranlib ./libio_grib_share.a
make[4]: Leaving directory `/pixel/project02/tcchen/WRFV3/external/io_grib_share'
make[3]: Leaving directory `/pixel/project02/tcchen/WRFV3/external/io_grib_share'
( cd /pixel/project02/tcchen/WRFV3/external/io_grib1 ; \
          make -j 2 CC="gcc" CFLAGS="-w -O3 -c  -DMAX_HISTORY=25 -DNMM_CORE=0" RM="rm -f" RANLIB="ranlib" CPP="/lib/cpp -P" \
          FC="gfortran  -I.  -w -ffree-form -ffree-line-length-none -fconvert=big-endian -frecord-marker=4  " TRADFLAG="-traditional" AR="ar" ARFLAGS="ru" archive)
make[3]: Entering directory `/pixel/project02/tcchen/WRFV3/external/io_grib1'
        Doing make archive on library subdirectory MEL_grib1
make[4]: Entering directory `/pixel/project02/tcchen/WRFV3/external/io_grib1/MEL_grib1'
make[5]: Entering directory `/pixel/project02/tcchen/WRFV3/external/io_grib1/MEL_grib1'
gcc  -I. -w -O3 -c  -DMAX_HISTORY=25 -DNMM_CORE=0   -c FTP_getfile.c
gcc  -I. -w -O3 -c  -DMAX_HISTORY=25 -DNMM_CORE=0   -c apply_bitmap.c
gcc  -I. -w -O3 -c  -DMAX_HISTORY=25 -DNMM_CORE=0   -c display_gribhdr.c
gcc  -I. -w -O3 -c  -DMAX_HISTORY=25 -DNMM_CORE=0   -c gbyte.c
gcc  -I. -w -O3 -c  -DMAX_HISTORY=25 -DNMM_CORE=0   -c grib_dec.c
gcc  -I. -w -O3 -c  -DMAX_HISTORY=25 -DNMM_CORE=0   -c grib_enc.c
gcc  -I. -w -O3 -c  -DMAX_HISTORY=25 -DNMM_CORE=0   -c grib_seek.c
gcc  -I. -w -O3 -c  -DMAX_HISTORY=25 -DNMM_CORE=0   -c gribgetbds.c
gcc  -I. -w -O3 -c  -DMAX_HISTORY=25 -DNMM_CORE=0   -c gribgetbms.c
gcc  -I. -w -O3 -c  -DMAX_HISTORY=25 -DNMM_CORE=0   -c gribgetgds.c
gcc  -I. -w -O3 -c  -DMAX_HISTORY=25 -DNMM_CORE=0   -c gribgetpds.c
gcc  -I. -w -O3 -c  -DMAX_HISTORY=25 -DNMM_CORE=0   -c gribhdr2file.c
gcc  -I. -w -O3 -c  -DMAX_HISTORY=25 -DNMM_CORE=0   -c gribputbds.c
gcc  -I. -w -O3 -c  -DMAX_HISTORY=25 -DNMM_CORE=0   -c gribputgds.c
gcc  -I. -w -O3 -c  -DMAX_HISTORY=25 -DNMM_CORE=0   -c gribputpds.c
gcc  -I. -w -O3 -c  -DMAX_HISTORY=25 -DNMM_CORE=0   -c hdr_print.c
gcc  -I. -w -O3 -c  -DMAX_HISTORY=25 -DNMM_CORE=0   -c init_dec_struct.c
gcc  -I. -w -O3 -c  -DMAX_HISTORY=25 -DNMM_CORE=0   -c init_enc_struct.c
gcc  -I. -w -O3 -c  -DMAX_HISTORY=25 -DNMM_CORE=0   -c init_gribhdr.c
gcc  -I. -w -O3 -c  -DMAX_HISTORY=25 -DNMM_CORE=0   -c init_struct.c
gcc  -I. -w -O3 -c  -DMAX_HISTORY=25 -DNMM_CORE=0   -c ld_dec_lookup.c
gcc  -I. -w -O3 -c  -DMAX_HISTORY=25 -DNMM_CORE=0   -c ld_enc_input.c
gcc  -I. -w -O3 -c  -DMAX_HISTORY=25 -DNMM_CORE=0   -c ld_enc_lookup.c
gcc  -I. -w -O3 -c  -DMAX_HISTORY=25 -DNMM_CORE=0   -c ld_grib_origctrs.c
gcc  -I. -w -O3 -c  -DMAX_HISTORY=25 -DNMM_CORE=0   -c make_default_grbfn.c
gcc  -I. -w -O3 -c  -DMAX_HISTORY=25 -DNMM_CORE=0   -c make_grib_log.c
gcc  -I. -w -O3 -c  -DMAX_HISTORY=25 -DNMM_CORE=0   -c map_lvl.c
gcc  -I. -w -O3 -c  -DMAX_HISTORY=25 -DNMM_CORE=0   -c map_parm.c
gcc  -I. -w -O3 -c  -DMAX_HISTORY=25 -DNMM_CORE=0   -c pack_spatial.c
gcc  -I. -w -O3 -c  -DMAX_HISTORY=25 -DNMM_CORE=0   -c prt_inp_struct.c
gcc  -I. -w -O3 -c  -DMAX_HISTORY=25 -DNMM_CORE=0   -c upd_child_errmsg.c
gcc  -I. -w -O3 -c  -DMAX_HISTORY=25 -DNMM_CORE=0   -c prt_badmsg.c
gcc  -I. -w -O3 -c  -DMAX_HISTORY=25 -DNMM_CORE=0   -c swap.c
gcc  -I. -w -O3 -c  -DMAX_HISTORY=25 -DNMM_CORE=0   -c grib_uthin.c
gcc  -I. -w -O3 -c  -DMAX_HISTORY=25 -DNMM_CORE=0   -c set_bytes.c
ar ru ../libio_grib1.a FTP_getfile.o apply_bitmap.o display_gribhdr.o gbyte.o grib_dec.o grib_enc.o grib_seek.o gribgetbds.o gribgetbms.o gribgetgds.o gribgetpds.o gribhdr2file.o gribputbds.o gribputgds.o gribputpds.o hdr_print.o init_dec_struct.o init_enc_struct.o init_gribhdr.o init_struct.o ld_dec_lookup.o ld_enc_input.o ld_enc_lookup.o ld_grib_origctrs.o make_default_grbfn.o make_grib_log.o map_lvl.o map_parm.o pack_spatial.o prt_inp_struct.o upd_child_errmsg.o prt_badmsg.o swap.o grib_uthin.o set_bytes.o
ar: creating ../libio_grib1.a
ranlib ../libio_grib1.a
make[5]: Leaving directory `/pixel/project02/tcchen/WRFV3/external/io_grib1/MEL_grib1'
make[4]: Leaving directory `/pixel/project02/tcchen/WRFV3/external/io_grib1/MEL_grib1'
        Doing make archive on library subdirectory grib1_util
make[4]: Entering directory `/pixel/project02/tcchen/WRFV3/external/io_grib1/grib1_util'
make[5]: Entering directory `/pixel/project02/tcchen/WRFV3/external/io_grib1/grib1_util'
gcc  -I. -I../MEL_grib1 -w -O3 -c  -DMAX_HISTORY=25 -DNMM_CORE=0   -c alloc_2d.c
gcc  -I. -I../MEL_grib1 -w -O3 -c  -DMAX_HISTORY=25 -DNMM_CORE=0   -c read_grib.c
gcc  -I. -I../MEL_grib1 -w -O3 -c  -DMAX_HISTORY=25 -DNMM_CORE=0   -c write_grib.c
ar ru ../libio_grib1.a alloc_2d.o read_grib.o write_grib.o
ranlib ../libio_grib1.a
make[5]: Leaving directory `/pixel/project02/tcchen/WRFV3/external/io_grib1/grib1_util'
make[4]: Leaving directory `/pixel/project02/tcchen/WRFV3/external/io_grib1/grib1_util'
        Doing make archive on library subdirectory WGRIB
make[4]: Entering directory `/pixel/project02/tcchen/WRFV3/external/io_grib1/WGRIB'
gcc -c -O wgrib_main.c
gcc -c -O seekgrib.c
gcc -c -O ibm2flt.c
gcc -c -O readgrib.c
gcc -c -O intpower.c
gcc -c -O cnames.c
gcc -c -O BDSunpk.c
gcc -c -O flt2ieee.c
gcc -c -O wrtieee.c
gcc -c -O levels.c
gcc -c -O PDStimes.c
gcc -c -O missing.c
gcc -c -O nceptable_reanal.c
gcc -c -O nceptable_opn.c
gcc -c -O ensemble.c
gcc -c -O ombtable.c
gcc -c -O ec_ext.c
gcc -c -O gribtable.c
gcc -c -O gds_grid.c
gcc -c -O PDS_date.c
gcc -c -O ectable_128.c
gcc -c -O ectable_129.c
gcc -c -O ectable_130.c
gcc -c -O ectable_131.c
gcc -c -O ectable_140.c
gcc -c -O ectable_150.c
gcc -c -O ectable_151.c
gcc -c -O ectable_160.c
gcc -c -O ectable_170.c
gcc -c -O ectable_180.c
gcc -c -O nceptab_129.c
gcc -c -O dwdtable_002.c
gcc -c -O dwdtable_201.c
gcc -c -O dwdtable_202.c
gcc -c -O dwdtable_203.c
gcc -c -O cptectable_254.c
gcc -c -O nceptab_130.c
gcc -c -O nceptab_131.c
gcc -o wgrib.exe wgrib_main.o seekgrib.o ibm2flt.o readgrib.o intpower.o cnames.o BDSunpk.o flt2ieee.o wrtieee.o levels.o PDStimes.o missing.o nceptable_reanal.o nceptable_opn.o ensemble.o ombtable.o ec_ext.o gribtable.o gds_grid.o PDS_date.o ectable_128.o ectable_129.o ectable_130.o ectable_131.o ectable_140.o ectable_150.o ectable_151.o ectable_160.o ectable_170.o ectable_180.o nceptab_129.o dwdtable_002.o dwdtable_201.o dwdtable_202.o dwdtable_203.o cptectable_254.o nceptab_130.o nceptab_131.o #-lm
( cd .. ; \rm -f wgrib.exe ; \ln -sf WGRIB/wgrib.exe wgrib.exe ; cd WGRIB )
make[4]: Leaving directory `/pixel/project02/tcchen/WRFV3/external/io_grib1/WGRIB'
make[4]: Entering directory `/pixel/project02/tcchen/WRFV3/external/io_grib1'
gcc  -I. -I./MEL_grib1 -Igrib1_util -I../io_grib_share -I../ -w -O3 -c  -DMAX_HISTORY=25 -DNMM_CORE=0   -c grib1_routines.c
gcc  -I. -I./MEL_grib1 -Igrib1_util -I../io_grib_share -I../ -w -O3 -c  -DMAX_HISTORY=25 -DNMM_CORE=0   -c gribmap.c
rm -f io_grib1.o
/lib/cpp -P  -traditional  -I. -I./MEL_grib1 -Igrib1_util -I../io_grib_share -I../ io_grib1.F > io_grib1.f90
gfortran  -I.  -w -ffree-form -ffree-line-length-none -fconvert=big-endian -frecord-marker=4     -I. -I./MEL_grib1 -Igrib1_util -I../io_grib_share -I../     -c io_grib1.f90
gcc  -I. -I./MEL_grib1 -Igrib1_util -I../io_grib_share -I../ -w -O3 -c  -DMAX_HISTORY=25 -DNMM_CORE=0   -c trim.c
ar ru ./libio_grib1.a grib1_routines.o gribmap.o io_grib1.o trim.o
ranlib ./libio_grib1.a
make[4]: Leaving directory `/pixel/project02/tcchen/WRFV3/external/io_grib1'
make[3]: Leaving directory `/pixel/project02/tcchen/WRFV3/external/io_grib1'
( cd /pixel/project02/tcchen/WRFV3/external/io_int ; \
          make -j 2 CC="gcc -DFSEEKO64_OK " CFLAGS_LOCAL="-w -O3 -c " RM="rm -f" RANLIB="ranlib" CPP="/lib/cpp -P" \
          FC="time gfortran   -w -ffree-form -ffree-line-length-none -fconvert=big-endian -frecord-marker=4  -fopenmp" FGREP="fgrep -iq" \
          TRADFLAG="-traditional" AR="ar" ARFLAGS="ru" ARCHFLAGS="-DEM_CORE=1 -DNMM_CORE=0 -DNMM_MAX_DIM=2600 -DCOAMPS_CORE=0 -DDA_CORE=0 -DEXP_CORE=0 -DIWORDSIZE=4 -DDWORDSIZE=8 -DRWORDSIZE=4 -DLWORDSIZE=4 -DNONSTANDARD_SYSTEM_SUBR  -DWRF_USE_CLM -DNO_IEEE_MODULE  -DNETCDF -DUSE_ALLOCATABLES -DGRIB1 -DINTIO -DKEEP_INT_AROUND -DLIMIT_ARGS -DCONFIG_BUF_LEN=65536 -DMAX_DOMAINS_F=21 -DMAX_HISTORY=25 -DNMM_NEST=0" all )
make[3]: Entering directory `/pixel/project02/tcchen/WRFV3/external/io_int'
rm -f module_internal_header_util.f
awk '{print "#define", toupper($4), $6}' < ../../inc/intio_tags.h > io_int_idx_tags.h
cp ../../frame/module_internal_header_util.F mod_int_hdr_util.b
/lib/cpp -P -traditional -DEM_CORE=1 -DNMM_CORE=0 -DNMM_MAX_DIM=2600 -DCOAMPS_CORE=0 -DDA_CORE=0 -DEXP_CORE=0 -DIWORDSIZE=4 -DDWORDSIZE=8 -DRWORDSIZE=4 -DLWORDSIZE=4 -DNONSTANDARD_SYSTEM_SUBR  -DWRF_USE_CLM -DNO_IEEE_MODULE  -DNETCDF -DUSE_ALLOCATABLES -DGRIB1 -DINTIO -DKEEP_INT_AROUND -DLIMIT_ARGS -DCONFIG_BUF_LEN=65536 -DMAX_DOMAINS_F=21 -DMAX_HISTORY=25 -DNMM_NEST=0 -I../../inc -I../ioapi_share mod_int_hdr_util.b > module_internal_header_util.f
/lib/cpp -P -traditional -DEM_CORE=1 -DNMM_CORE=0 -DNMM_MAX_DIM=2600 -DCOAMPS_CORE=0 -DDA_CORE=0 -DEXP_CORE=0 -DIWORDSIZE=4 -DDWORDSIZE=8 -DRWORDSIZE=4 -DLWORDSIZE=4 -DNONSTANDARD_SYSTEM_SUBR  -DWRF_USE_CLM -DNO_IEEE_MODULE  -DNETCDF -DUSE_ALLOCATABLES -DGRIB1 -DINTIO -DKEEP_INT_AROUND -DLIMIT_ARGS -DCONFIG_BUF_LEN=65536 -DMAX_DOMAINS_F=21 -DMAX_HISTORY=25 -DNMM_NEST=0 module_io_int_idx.F90 > module_io_int_idx.f
/lib/cpp -P -traditional -DEM_CORE=1 -DNMM_CORE=0 -DNMM_MAX_DIM=2600 -DCOAMPS_CORE=0 -DDA_CORE=0 -DEXP_CORE=0 -DIWORDSIZE=4 -DDWORDSIZE=8 -DRWORDSIZE=4 -DLWORDSIZE=4 -DNONSTANDARD_SYSTEM_SUBR  -DWRF_USE_CLM -DNO_IEEE_MODULE  -DNETCDF -DUSE_ALLOCATABLES -DGRIB1 -DINTIO -DKEEP_INT_AROUND -DLIMIT_ARGS -DCONFIG_BUF_LEN=65536 -DMAX_DOMAINS_F=21 -DMAX_HISTORY=25 -DNMM_NEST=0 -DEM_CORE=1 -DNMM_CORE=0 -DNMM_MAX_DIM=2600 -DCOAMPS_CORE=0 -DDA_CORE=0 -DEXP_CORE=0 -DIWORDSIZE=4 -DDWORDSIZE=8 -DRWORDSIZE=4 -DLWORDSIZE=4 -DNONSTANDARD_SYSTEM_SUBR  -DWRF_USE_CLM -DNO_IEEE_MODULE  -DNETCDF -DUSE_ALLOCATABLES -DGRIB1 -DINTIO -DKEEP_INT_AROUND -DLIMIT_ARGS -DCONFIG_BUF_LEN=65536 -DMAX_DOMAINS_F=21 -DMAX_HISTORY=25 -DNMM_NEST=0 module_io_int_read.F90 > module_io_int_read.f
rm -f mod_int_hdr_util.b
Diffwrf io_int will be built later on in this compile. No need to rerun compile. 
Diffwrf io_int will be built later on in this compile. No need to rerun compile. 
Diffwrf io_int will be built later on in this compile. No need to rerun compile. 
Diffwrf io_int will be built later on in this compile. No need to rerun compile. 
Diffwrf io_int will be built later on in this compile. No need to rerun compile. 
/lib/cpp -P -traditional -DEM_CORE=1 -DNMM_CORE=0 -DNMM_MAX_DIM=2600 -DCOAMPS_CORE=0 -DDA_CORE=0 -DEXP_CORE=0 -DIWORDSIZE=4 -DDWORDSIZE=8 -DRWORDSIZE=4 -DLWORDSIZE=4 -DNONSTANDARD_SYSTEM_SUBR  -DWRF_USE_CLM -DNO_IEEE_MODULE  -DNETCDF -DUSE_ALLOCATABLES -DGRIB1 -DINTIO -DKEEP_INT_AROUND -DLIMIT_ARGS -DCONFIG_BUF_LEN=65536 -DMAX_DOMAINS_F=21 -DMAX_HISTORY=25 -DNMM_NEST=0 test_io_idx.F90 > test_io_idx.f
Diffwrf io_int will be built later on in this compile. No need to rerun compile. 
time gfortran   -w -ffree-form -ffree-line-length-none -fconvert=big-endian -frecord-marker=4  -fopenmp  -o module_internal_header_util.o -c module_internal_header_util.f
gcc -DFSEEKO64_OK  -o io_int_idx.o -c -w -O3 -c  io_int_idx.c
0.09user 0.02system 0:00.12elapsed 95%CPU (0avgtext+0avgdata 13292maxresident)k
16inputs+232outputs (0major+5740minor)pagefaults 0swaps
time gfortran   -w -ffree-form -ffree-line-length-none -fconvert=big-endian -frecord-marker=4  -fopenmp  -o module_io_int_idx.o -c module_io_int_idx.f
/lib/cpp -P -traditional -DEM_CORE=1 -DNMM_CORE=0 -DNMM_MAX_DIM=2600 -DCOAMPS_CORE=0 -DDA_CORE=0 -DEXP_CORE=0 -DIWORDSIZE=4 -DDWORDSIZE=8 -DRWORDSIZE=4 -DLWORDSIZE=4 -DNONSTANDARD_SYSTEM_SUBR  -DWRF_USE_CLM -DNO_IEEE_MODULE  -DNETCDF -DUSE_ALLOCATABLES -DGRIB1 -DINTIO -DKEEP_INT_AROUND -DLIMIT_ARGS -DCONFIG_BUF_LEN=65536 -DMAX_DOMAINS_F=21 -DMAX_HISTORY=25 -DNMM_NEST=0  -I../../inc -I../ioapi_share io_int.F90 | m4 -Uinclude -Uindex -Ulen - > io_int.f
0.04user 0.02system 0:00.06elapsed 94%CPU (0avgtext+0avgdata 10036maxresident)k
0inputs+48outputs (0major+4876minor)pagefaults 0swaps
time gfortran   -w -ffree-form -ffree-line-length-none -fconvert=big-endian -frecord-marker=4  -fopenmp  -I../../frame -o module_io_int_read.o -c module_io_int_read.f
time gfortran   -w -ffree-form -ffree-line-length-none -fconvert=big-endian -frecord-marker=4  -fopenmp  -I../../inc -I../ioapi_share -o io_int.o -c io_int.f
0.01user 0.02system 0:00.04elapsed 86%CPU (0avgtext+0avgdata 7712maxresident)k
0inputs+24outputs (0major+4280minor)pagefaults 0swaps
0.25user 0.04system 0:00.31elapsed 95%CPU (0avgtext+0avgdata 25560maxresident)k
64inputs+504outputs (0major+9022minor)pagefaults 0swaps
rm -f libwrfio_int.a
if [ `echo "time gfortran   -w -ffree-form -ffree-line-length-none -fconvert=big-endian -frecord-marker=4  -fopenmp" | awk '{print $1}'` = "gfortran" ] ; then \
	echo removing external declaration of iargc for gfortran ; \
	/lib/cpp -P -traditional -DEM_CORE=1 -DNMM_CORE=0 -DNMM_MAX_DIM=2600 -DCOAMPS_CORE=0 -DDA_CORE=0 -DEXP_CORE=0 -DIWORDSIZE=4 -DDWORDSIZE=8 -DRWORDSIZE=4 -DLWORDSIZE=4 -DNONSTANDARD_SYSTEM_SUBR  -DWRF_USE_CLM -DNO_IEEE_MODULE  -DNETCDF -DUSE_ALLOCATABLES -DGRIB1 -DINTIO -DKEEP_INT_AROUND -DLIMIT_ARGS -DCONFIG_BUF_LEN=65536 -DMAX_DOMAINS_F=21 -DMAX_HISTORY=25 -DNMM_NEST=0  -I../ioapi_share diffwrf.F90 | \
	sed '/integer *, *external.*iargc/d' > diffwrf.f  ; \
else \
	/lib/cpp -P -traditional -DEM_CORE=1 -DNMM_CORE=0 -DNMM_MAX_DIM=2600 -DCOAMPS_CORE=0 -DDA_CORE=0 -DEXP_CORE=0 -DIWORDSIZE=4 -DDWORDSIZE=8 -DRWORDSIZE=4 -DLWORDSIZE=4 -DNONSTANDARD_SYSTEM_SUBR  -DWRF_USE_CLM -DNO_IEEE_MODULE  -DNETCDF -DUSE_ALLOCATABLES -DGRIB1 -DINTIO -DKEEP_INT_AROUND -DLIMIT_ARGS -DCONFIG_BUF_LEN=65536 -DMAX_DOMAINS_F=21 -DMAX_HISTORY=25 -DNMM_NEST=0  -I../ioapi_share diffwrf.F90 > diffwrf.f  ; \
fi ; \
time gfortran   -w -ffree-form -ffree-line-length-none -fconvert=big-endian -frecord-marker=4  -fopenmp -c  -I../ioapi_share diffwrf.f ; \

ar ru libwrfio_int.a io_int.o io_int_idx.o module_io_int_idx.o module_io_int_read.o
ar: creating libwrfio_int.a
ranlib libwrfio_int.a
time gfortran   -w -ffree-form -ffree-line-length-none -fconvert=big-endian -frecord-marker=4  -fopenmp   -o test_io_idx test_io_idx.f -L. -lwrfio_int
0.05user 0.03system 0:00.10elapsed 93%CPU (0avgtext+0avgdata 8848maxresident)k
144inputs+40outputs (0major+7706minor)pagefaults 0swaps

real	0m0.156s
user	0m0.120s
sys	0m0.031s
if [ -f ../../frame/pack_utils.o -a -f ../../frame/clog.o ] ; then \
  time gfortran   -w -ffree-form -ffree-line-length-none -fconvert=big-endian -frecord-marker=4  -fopenmp   -I../ioapi_share -o diffwrf diffwrf.f \
	../../frame/pack_utils.o ../../frame/module_internal_header_util.o ../../frame/module_driver_constants.o ../../frame/module_machine.o ../../frame/module_wrf_error.o ../../frame/wrf_debug.o  libwrfio_int.a ; \
fi
make[3]: Leaving directory `/pixel/project02/tcchen/WRFV3/external/io_int'
( cd /pixel/project02/tcchen/WRFV3/external/fftpack/fftpack5 ; \
          make -j 2 FC="gfortran" FFLAGS="  -w -ffree-form -ffree-line-length-none -fconvert=big-endian -frecord-marker=4 " RANLIB="ranlib" AR="ar" \
          ARFLAGS="ru" CPP="/lib/cpp -P" CPPFLAGS="-DEM_CORE=1 -DNMM_CORE=0 -DNMM_MAX_DIM=2600 -DCOAMPS_CORE=0 -DDA_CORE=0 -DEXP_CORE=0 -DIWORDSIZE=4 -DDWORDSIZE=8 -DRWORDSIZE=4 -DLWORDSIZE=4 -DNONSTANDARD_SYSTEM_SUBR  -DWRF_USE_CLM -DNO_IEEE_MODULE  -DNETCDF -DUSE_ALLOCATABLES -DGRIB1 -DINTIO -DKEEP_INT_AROUND -DLIMIT_ARGS -DCONFIG_BUF_LEN=65536 -DMAX_DOMAINS_F=21 -DMAX_HISTORY=25 -DNMM_NEST=0  -I. -traditional " RM="rm -f" )
make[3]: Entering directory `/pixel/project02/tcchen/WRFV3/external/fftpack/fftpack5'
/lib/cpp -P -DEM_CORE=1 -DNMM_CORE=0 -DNMM_MAX_DIM=2600 -DCOAMPS_CORE=0 -DDA_CORE=0 -DEXP_CORE=0 -DIWORDSIZE=4 -DDWORDSIZE=8 -DRWORDSIZE=4 -DLWORDSIZE=4 -DNONSTANDARD_SYSTEM_SUBR  -DWRF_USE_CLM -DNO_IEEE_MODULE  -DNETCDF -DUSE_ALLOCATABLES -DGRIB1 -DINTIO -DKEEP_INT_AROUND -DLIMIT_ARGS -DCONFIG_BUF_LEN=65536 -DMAX_DOMAINS_F=21 -DMAX_HISTORY=25 -DNMM_NEST=0  -I. -traditional  c1f2kb.F  > c1f2kb.f90
/lib/cpp -P -DEM_CORE=1 -DNMM_CORE=0 -DNMM_MAX_DIM=2600 -DCOAMPS_CORE=0 -DDA_CORE=0 -DEXP_CORE=0 -DIWORDSIZE=4 -DDWORDSIZE=8 -DRWORDSIZE=4 -DLWORDSIZE=4 -DNONSTANDARD_SYSTEM_SUBR  -DWRF_USE_CLM -DNO_IEEE_MODULE  -DNETCDF -DUSE_ALLOCATABLES -DGRIB1 -DINTIO -DKEEP_INT_AROUND -DLIMIT_ARGS -DCONFIG_BUF_LEN=65536 -DMAX_DOMAINS_F=21 -DMAX_HISTORY=25 -DNMM_NEST=0  -I. -traditional  cfft1b.F  > cfft1b.f90
gfortran -c -w -ffree-form -ffree-line-length-none -fconvert=big-endian -frecord-marker=4  c1f2kb.f90
gfortran -c -w -ffree-form -ffree-line-length-none -fconvert=big-endian -frecord-marker=4  cfft1b.f90
rm -f -f cfft1b.f90
/lib/cpp -P -DEM_CORE=1 -DNMM_CORE=0 -DNMM_MAX_DIM=2600 -DCOAMPS_CORE=0 -DDA_CORE=0 -DEXP_CORE=0 -DIWORDSIZE=4 -DDWORDSIZE=8 -DRWORDSIZE=4 -DLWORDSIZE=4 -DNONSTANDARD_SYSTEM_SUBR  -DWRF_USE_CLM -DNO_IEEE_MODULE  -DNETCDF -DUSE_ALLOCATABLES -DGRIB1 -DINTIO -DKEEP_INT_AROUND -DLIMIT_ARGS -DCONFIG_BUF_LEN=65536 -DMAX_DOMAINS_F=21 -DMAX_HISTORY=25 -DNMM_NEST=0  -I. -traditional  cmf3kf.F  > cmf3kf.f90
rm -f -f c1f2kb.f90
/lib/cpp -P -DEM_CORE=1 -DNMM_CORE=0 -DNMM_MAX_DIM=2600 -DCOAMPS_CORE=0 -DDA_CORE=0 -DEXP_CORE=0 -DIWORDSIZE=4 -DDWORDSIZE=8 -DRWORDSIZE=4 -DLWORDSIZE=4 -DNONSTANDARD_SYSTEM_SUBR  -DWRF_USE_CLM -DNO_IEEE_MODULE  -DNETCDF -DUSE_ALLOCATABLES -DGRIB1 -DINTIO -DKEEP_INT_AROUND -DLIMIT_ARGS -DCONFIG_BUF_LEN=65536 -DMAX_DOMAINS_F=21 -DMAX_HISTORY=25 -DNMM_NEST=0  -I. -traditional  cosqb1.F  > cosqb1.f90
gfortran -c -w -ffree-form -ffree-line-length-none -fconvert=big-endian -frecord-marker=4  cmf3kf.f90
gfortran -c -w -ffree-form -ffree-line-length-none -fconvert=big-endian -frecord-marker=4  cosqb1.f90
rm -f -f cosqb1.f90
/lib/cpp -P -DEM_CORE=1 -DNMM_CORE=0 -DNMM_MAX_DIM=2600 -DCOAMPS_CORE=0 -DDA_CORE=0 -DEXP_CORE=0 -DIWORDSIZE=4 -DDWORDSIZE=8 -DRWORDSIZE=4 -DLWORDSIZE=4 -DNONSTANDARD_SYSTEM_SUBR  -DWRF_USE_CLM -DNO_IEEE_MODULE  -DNETCDF -DUSE_ALLOCATABLES -DGRIB1 -DINTIO -DKEEP_INT_AROUND -DLIMIT_ARGS -DCONFIG_BUF_LEN=65536 -DMAX_DOMAINS_F=21 -DMAX_HISTORY=25 -DNMM_NEST=0  -I. -traditional  costmi.F  > costmi.f90
gfortran -c -w -ffree-form -ffree-line-length-none -fconvert=big-endian -frecord-marker=4  costmi.f90
rm -f -f cmf3kf.f90
/lib/cpp -P -DEM_CORE=1 -DNMM_CORE=0 -DNMM_MAX_DIM=2600 -DCOAMPS_CORE=0 -DDA_CORE=0 -DEXP_CORE=0 -DIWORDSIZE=4 -DDWORDSIZE=8 -DRWORDSIZE=4 -DLWORDSIZE=4 -DNONSTANDARD_SYSTEM_SUBR  -DWRF_USE_CLM -DNO_IEEE_MODULE  -DNETCDF -DUSE_ALLOCATABLES -DGRIB1 -DINTIO -DKEEP_INT_AROUND -DLIMIT_ARGS -DCONFIG_BUF_LEN=65536 -DMAX_DOMAINS_F=21 -DMAX_HISTORY=25 -DNMM_NEST=0  -I. -traditional  dcosq1f.F  > dcosq1f.f90
gfortran -c -w -ffree-form -ffree-line-length-none -fconvert=big-endian -frecord-marker=4  dcosq1f.f90
rm -f -f costmi.f90
/lib/cpp -P -DEM_CORE=1 -DNMM_CORE=0 -DNMM_MAX_DIM=2600 -DCOAMPS_CORE=0 -DDA_CORE=0 -DEXP_CORE=0 -DIWORDSIZE=4 -DDWORDSIZE=8 -DRWORDSIZE=4 -DLWORDSIZE=4 -DNONSTANDARD_SYSTEM_SUBR  -DWRF_USE_CLM -DNO_IEEE_MODULE  -DNETCDF -DUSE_ALLOCATABLES -DGRIB1 -DINTIO -DKEEP_INT_AROUND -DLIMIT_ARGS -DCONFIG_BUF_LEN=65536 -DMAX_DOMAINS_F=21 -DMAX_HISTORY=25 -DNMM_NEST=0  -I. -traditional  dfftb1.F  > dfftb1.f90
rm -f -f dcosq1f.f90
/lib/cpp -P -DEM_CORE=1 -DNMM_CORE=0 -DNMM_MAX_DIM=2600 -DCOAMPS_CORE=0 -DDA_CORE=0 -DEXP_CORE=0 -DIWORDSIZE=4 -DDWORDSIZE=8 -DRWORDSIZE=4 -DLWORDSIZE=4 -DNONSTANDARD_SYSTEM_SUBR  -DWRF_USE_CLM -DNO_IEEE_MODULE  -DNETCDF -DUSE_ALLOCATABLES -DGRIB1 -DINTIO -DKEEP_INT_AROUND -DLIMIT_ARGS -DCONFIG_BUF_LEN=65536 -DMAX_DOMAINS_F=21 -DMAX_HISTORY=25 -DNMM_NEST=0  -I. -traditional  mradb2.F  > mradb2.f90
gfortran -c -w -ffree-form -ffree-line-length-none -fconvert=big-endian -frecord-marker=4  dfftb1.f90
gfortran -c -w -ffree-form -ffree-line-length-none -fconvert=big-endian -frecord-marker=4  mradb2.f90
rm -f -f dfftb1.f90
/lib/cpp -P -DEM_CORE=1 -DNMM_CORE=0 -DNMM_MAX_DIM=2600 -DCOAMPS_CORE=0 -DDA_CORE=0 -DEXP_CORE=0 -DIWORDSIZE=4 -DDWORDSIZE=8 -DRWORDSIZE=4 -DLWORDSIZE=4 -DNONSTANDARD_SYSTEM_SUBR  -DWRF_USE_CLM -DNO_IEEE_MODULE  -DNETCDF -DUSE_ALLOCATABLES -DGRIB1 -DINTIO -DKEEP_INT_AROUND -DLIMIT_ARGS -DCONFIG_BUF_LEN=65536 -DMAX_DOMAINS_F=21 -DMAX_HISTORY=25 -DNMM_NEST=0  -I. -traditional  mrfti1.F  > mrfti1.f90
gfortran -c -w -ffree-form -ffree-line-length-none -fconvert=big-endian -frecord-marker=4  mrfti1.f90
rm -f -f mradb2.f90
/lib/cpp -P -DEM_CORE=1 -DNMM_CORE=0 -DNMM_MAX_DIM=2600 -DCOAMPS_CORE=0 -DDA_CORE=0 -DEXP_CORE=0 -DIWORDSIZE=4 -DDWORDSIZE=8 -DRWORDSIZE=4 -DLWORDSIZE=4 -DNONSTANDARD_SYSTEM_SUBR  -DWRF_USE_CLM -DNO_IEEE_MODULE  -DNETCDF -DUSE_ALLOCATABLES -DGRIB1 -DINTIO -DKEEP_INT_AROUND -DLIMIT_ARGS -DCONFIG_BUF_LEN=65536 -DMAX_DOMAINS_F=21 -DMAX_HISTORY=25 -DNMM_NEST=0  -I. -traditional  r1fgkf.F  > r1fgkf.f90
gfortran -c -w -ffree-form -ffree-line-length-none -fconvert=big-endian -frecord-marker=4  r1fgkf.f90
rm -f -f mrfti1.f90
/lib/cpp -P -DEM_CORE=1 -DNMM_CORE=0 -DNMM_MAX_DIM=2600 -DCOAMPS_CORE=0 -DDA_CORE=0 -DEXP_CORE=0 -DIWORDSIZE=4 -DDWORDSIZE=8 -DRWORDSIZE=4 -DLWORDSIZE=4 -DNONSTANDARD_SYSTEM_SUBR  -DWRF_USE_CLM -DNO_IEEE_MODULE  -DNETCDF -DUSE_ALLOCATABLES -DGRIB1 -DINTIO -DKEEP_INT_AROUND -DLIMIT_ARGS -DCONFIG_BUF_LEN=65536 -DMAX_DOMAINS_F=21 -DMAX_HISTORY=25 -DNMM_NEST=0  -I. -traditional  rfft2i.F  > rfft2i.f90
gfortran -c -w -ffree-form -ffree-line-length-none -fconvert=big-endian -frecord-marker=4  rfft2i.f90
rm -f -f r1fgkf.f90
/lib/cpp -P -DEM_CORE=1 -DNMM_CORE=0 -DNMM_MAX_DIM=2600 -DCOAMPS_CORE=0 -DDA_CORE=0 -DEXP_CORE=0 -DIWORDSIZE=4 -DDWORDSIZE=8 -DRWORDSIZE=4 -DLWORDSIZE=4 -DNONSTANDARD_SYSTEM_SUBR  -DWRF_USE_CLM -DNO_IEEE_MODULE  -DNETCDF -DUSE_ALLOCATABLES -DGRIB1 -DINTIO -DKEEP_INT_AROUND -DLIMIT_ARGS -DCONFIG_BUF_LEN=65536 -DMAX_DOMAINS_F=21 -DMAX_HISTORY=25 -DNMM_NEST=0  -I. -traditional  sinqmi.F  > sinqmi.f90
rm -f -f rfft2i.f90
/lib/cpp -P -DEM_CORE=1 -DNMM_CORE=0 -DNMM_MAX_DIM=2600 -DCOAMPS_CORE=0 -DDA_CORE=0 -DEXP_CORE=0 -DIWORDSIZE=4 -DDWORDSIZE=8 -DRWORDSIZE=4 -DLWORDSIZE=4 -DNONSTANDARD_SYSTEM_SUBR  -DWRF_USE_CLM -DNO_IEEE_MODULE  -DNETCDF -DUSE_ALLOCATABLES -DGRIB1 -DINTIO -DKEEP_INT_AROUND -DLIMIT_ARGS -DCONFIG_BUF_LEN=65536 -DMAX_DOMAINS_F=21 -DMAX_HISTORY=25 -DNMM_NEST=0  -I. -traditional  z1f2kf.F  > z1f2kf.f90
gfortran -c -w -ffree-form -ffree-line-length-none -fconvert=big-endian -frecord-marker=4  sinqmi.f90
gfortran -c -w -ffree-form -ffree-line-length-none -fconvert=big-endian -frecord-marker=4  z1f2kf.f90
rm -f -f sinqmi.f90
/lib/cpp -P -DEM_CORE=1 -DNMM_CORE=0 -DNMM_MAX_DIM=2600 -DCOAMPS_CORE=0 -DDA_CORE=0 -DEXP_CORE=0 -DIWORDSIZE=4 -DDWORDSIZE=8 -DRWORDSIZE=4 -DLWORDSIZE=4 -DNONSTANDARD_SYSTEM_SUBR  -DWRF_USE_CLM -DNO_IEEE_MODULE  -DNETCDF -DUSE_ALLOCATABLES -DGRIB1 -DINTIO -DKEEP_INT_AROUND -DLIMIT_ARGS -DCONFIG_BUF_LEN=65536 -DMAX_DOMAINS_F=21 -DMAX_HISTORY=25 -DNMM_NEST=0  -I. -traditional  zfft1f.F  > zfft1f.f90
gfortran -c -w -ffree-form -ffree-line-length-none -fconvert=big-endian -frecord-marker=4  zfft1f.f90
rm -f -f z1f2kf.f90
/lib/cpp -P -DEM_CORE=1 -DNMM_CORE=0 -DNMM_MAX_DIM=2600 -DCOAMPS_CORE=0 -DDA_CORE=0 -DEXP_CORE=0 -DIWORDSIZE=4 -DDWORDSIZE=8 -DRWORDSIZE=4 -DLWORDSIZE=4 -DNONSTANDARD_SYSTEM_SUBR  -DWRF_USE_CLM -DNO_IEEE_MODULE  -DNETCDF -DUSE_ALLOCATABLES -DGRIB1 -DINTIO -DKEEP_INT_AROUND -DLIMIT_ARGS -DCONFIG_BUF_LEN=65536 -DMAX_DOMAINS_F=21 -DMAX_HISTORY=25 -DNMM_NEST=0  -I. -traditional  zmf4kb.F  > zmf4kb.f90
gfortran -c -w -ffree-form -ffree-line-length-none -fconvert=big-endian -frecord-marker=4  zmf4kb.f90
rm -f -f zfft1f.f90
/lib/cpp -P -DEM_CORE=1 -DNMM_CORE=0 -DNMM_MAX_DIM=2600 -DCOAMPS_CORE=0 -DDA_CORE=0 -DEXP_CORE=0 -DIWORDSIZE=4 -DDWORDSIZE=8 -DRWORDSIZE=4 -DLWORDSIZE=4 -DNONSTANDARD_SYSTEM_SUBR  -DWRF_USE_CLM -DNO_IEEE_MODULE  -DNETCDF -DUSE_ALLOCATABLES -DGRIB1 -DINTIO -DKEEP_INT_AROUND -DLIMIT_ARGS -DCONFIG_BUF_LEN=65536 -DMAX_DOMAINS_F=21 -DMAX_HISTORY=25 -DNMM_NEST=0  -I. -traditional  c1f2kf.F  > c1f2kf.f90
gfortran -c -w -ffree-form -ffree-line-length-none -fconvert=big-endian -frecord-marker=4  c1f2kf.f90
rm -f -f zmf4kb.f90
/lib/cpp -P -DEM_CORE=1 -DNMM_CORE=0 -DNMM_MAX_DIM=2600 -DCOAMPS_CORE=0 -DDA_CORE=0 -DEXP_CORE=0 -DIWORDSIZE=4 -DDWORDSIZE=8 -DRWORDSIZE=4 -DLWORDSIZE=4 -DNONSTANDARD_SYSTEM_SUBR  -DWRF_USE_CLM -DNO_IEEE_MODULE  -DNETCDF -DUSE_ALLOCATABLES -DGRIB1 -DINTIO -DKEEP_INT_AROUND -DLIMIT_ARGS -DCONFIG_BUF_LEN=65536 -DMAX_DOMAINS_F=21 -DMAX_HISTORY=25 -DNMM_NEST=0  -I. -traditional  cfft1f.F  > cfft1f.f90
rm -f -f c1f2kf.f90
gfortran -c -w -ffree-form -ffree-line-length-none -fconvert=big-endian -frecord-marker=4  cfft1f.f90
/lib/cpp -P -DEM_CORE=1 -DNMM_CORE=0 -DNMM_MAX_DIM=2600 -DCOAMPS_CORE=0 -DDA_CORE=0 -DEXP_CORE=0 -DIWORDSIZE=4 -DDWORDSIZE=8 -DRWORDSIZE=4 -DLWORDSIZE=4 -DNONSTANDARD_SYSTEM_SUBR  -DWRF_USE_CLM -DNO_IEEE_MODULE  -DNETCDF -DUSE_ALLOCATABLES -DGRIB1 -DINTIO -DKEEP_INT_AROUND -DLIMIT_ARGS -DCONFIG_BUF_LEN=65536 -DMAX_DOMAINS_F=21 -DMAX_HISTORY=25 -DNMM_NEST=0  -I. -traditional  cmf4kb.F  > cmf4kb.f90
gfortran -c -w -ffree-form -ffree-line-length-none -fconvert=big-endian -frecord-marker=4  cmf4kb.f90
rm -f -f cfft1f.f90
/lib/cpp -P -DEM_CORE=1 -DNMM_CORE=0 -DNMM_MAX_DIM=2600 -DCOAMPS_CORE=0 -DDA_CORE=0 -DEXP_CORE=0 -DIWORDSIZE=4 -DDWORDSIZE=8 -DRWORDSIZE=4 -DLWORDSIZE=4 -DNONSTANDARD_SYSTEM_SUBR  -DWRF_USE_CLM -DNO_IEEE_MODULE  -DNETCDF -DUSE_ALLOCATABLES -DGRIB1 -DINTIO -DKEEP_INT_AROUND -DLIMIT_ARGS -DCONFIG_BUF_LEN=65536 -DMAX_DOMAINS_F=21 -DMAX_HISTORY=25 -DNMM_NEST=0  -I. -traditional  cosqf1.F  > cosqf1.f90
gfortran -c -w -ffree-form -ffree-line-length-none -fconvert=big-endian -frecord-marker=4  cosqf1.f90
rm -f -f cosqf1.f90
/lib/cpp -P -DEM_CORE=1 -DNMM_CORE=0 -DNMM_MAX_DIM=2600 -DCOAMPS_CORE=0 -DDA_CORE=0 -DEXP_CORE=0 -DIWORDSIZE=4 -DDWORDSIZE=8 -DRWORDSIZE=4 -DLWORDSIZE=4 -DNONSTANDARD_SYSTEM_SUBR  -DWRF_USE_CLM -DNO_IEEE_MODULE  -DNETCDF -DUSE_ALLOCATABLES -DGRIB1 -DINTIO -DKEEP_INT_AROUND -DLIMIT_ARGS -DCONFIG_BUF_LEN=65536 -DMAX_DOMAINS_F=21 -DMAX_HISTORY=25 -DNMM_NEST=0  -I. -traditional  d1f2kb.F  > d1f2kb.f90
rm -f -f cmf4kb.f90
/lib/cpp -P -DEM_CORE=1 -DNMM_CORE=0 -DNMM_MAX_DIM=2600 -DCOAMPS_CORE=0 -DDA_CORE=0 -DEXP_CORE=0 -DIWORDSIZE=4 -DDWORDSIZE=8 -DRWORDSIZE=4 -DLWORDSIZE=4 -DNONSTANDARD_SYSTEM_SUBR  -DWRF_USE_CLM -DNO_IEEE_MODULE  -DNETCDF -DUSE_ALLOCATABLES -DGRIB1 -DINTIO -DKEEP_INT_AROUND -DLIMIT_ARGS -DCONFIG_BUF_LEN=65536 -DMAX_DOMAINS_F=21 -DMAX_HISTORY=25 -DNMM_NEST=0  -I. -traditional  dcosq1i.F  > dcosq1i.f90
gfortran -c -w -ffree-form -ffree-line-length-none -fconvert=big-endian -frecord-marker=4  d1f2kb.f90
gfortran -c -w -ffree-form -ffree-line-length-none -fconvert=big-endian -frecord-marker=4  dcosq1i.f90
rm -f -f dcosq1i.f90
rm -f -f d1f2kb.f90
/lib/cpp -P -DEM_CORE=1 -DNMM_CORE=0 -DNMM_MAX_DIM=2600 -DCOAMPS_CORE=0 -DDA_CORE=0 -DEXP_CORE=0 -DIWORDSIZE=4 -DDWORDSIZE=8 -DRWORDSIZE=4 -DLWORDSIZE=4 -DNONSTANDARD_SYSTEM_SUBR  -DWRF_USE_CLM -DNO_IEEE_MODULE  -DNETCDF -DUSE_ALLOCATABLES -DGRIB1 -DINTIO -DKEEP_INT_AROUND -DLIMIT_ARGS -DCONFIG_BUF_LEN=65536 -DMAX_DOMAINS_F=21 -DMAX_HISTORY=25 -DNMM_NEST=0  -I. -traditional  dfftf1.F  > dfftf1.f90
/lib/cpp -P -DEM_CORE=1 -DNMM_CORE=0 -DNMM_MAX_DIM=2600 -DCOAMPS_CORE=0 -DDA_CORE=0 -DEXP_CORE=0 -DIWORDSIZE=4 -DDWORDSIZE=8 -DRWORDSIZE=4 -DLWORDSIZE=4 -DNONSTANDARD_SYSTEM_SUBR  -DWRF_USE_CLM -DNO_IEEE_MODULE  -DNETCDF -DUSE_ALLOCATABLES -DGRIB1 -DINTIO -DKEEP_INT_AROUND -DLIMIT_ARGS -DCONFIG_BUF_LEN=65536 -DMAX_DOMAINS_F=21 -DMAX_HISTORY=25 -DNMM_NEST=0  -I. -traditional  mradb3.F  > mradb3.f90
gfortran -c -w -ffree-form -ffree-line-length-none -fconvert=big-endian -frecord-marker=4  dfftf1.f90
gfortran -c -w -ffree-form -ffree-line-length-none -fconvert=big-endian -frecord-marker=4  mradb3.f90
rm -f -f dfftf1.f90
/lib/cpp -P -DEM_CORE=1 -DNMM_CORE=0 -DNMM_MAX_DIM=2600 -DCOAMPS_CORE=0 -DDA_CORE=0 -DEXP_CORE=0 -DIWORDSIZE=4 -DDWORDSIZE=8 -DRWORDSIZE=4 -DLWORDSIZE=4 -DNONSTANDARD_SYSTEM_SUBR  -DWRF_USE_CLM -DNO_IEEE_MODULE  -DNETCDF -DUSE_ALLOCATABLES -DGRIB1 -DINTIO -DKEEP_INT_AROUND -DLIMIT_ARGS -DCONFIG_BUF_LEN=65536 -DMAX_DOMAINS_F=21 -DMAX_HISTORY=25 -DNMM_NEST=0  -I. -traditional  msntb1.F  > msntb1.f90
gfortran -c -w -ffree-form -ffree-line-length-none -fconvert=big-endian -frecord-marker=4  msntb1.f90
rm -f -f mradb3.f90
/lib/cpp -P -DEM_CORE=1 -DNMM_CORE=0 -DNMM_MAX_DIM=2600 -DCOAMPS_CORE=0 -DDA_CORE=0 -DEXP_CORE=0 -DIWORDSIZE=4 -DDWORDSIZE=8 -DRWORDSIZE=4 -DLWORDSIZE=4 -DNONSTANDARD_SYSTEM_SUBR  -DWRF_USE_CLM -DNO_IEEE_MODULE  -DNETCDF -DUSE_ALLOCATABLES -DGRIB1 -DINTIO -DKEEP_INT_AROUND -DLIMIT_ARGS -DCONFIG_BUF_LEN=65536 -DMAX_DOMAINS_F=21 -DMAX_HISTORY=25 -DNMM_NEST=0  -I. -traditional  r4_factor.F  > r4_factor.f90
gfortran -c -w -ffree-form -ffree-line-length-none -fconvert=big-endian -frecord-marker=4  r4_factor.f90
rm -f -f msntb1.f90
/lib/cpp -P -DEM_CORE=1 -DNMM_CORE=0 -DNMM_MAX_DIM=2600 -DCOAMPS_CORE=0 -DDA_CORE=0 -DEXP_CORE=0 -DIWORDSIZE=4 -DDWORDSIZE=8 -DRWORDSIZE=4 -DLWORDSIZE=4 -DNONSTANDARD_SYSTEM_SUBR  -DWRF_USE_CLM -DNO_IEEE_MODULE  -DNETCDF -DUSE_ALLOCATABLES -DGRIB1 -DINTIO -DKEEP_INT_AROUND -DLIMIT_ARGS -DCONFIG_BUF_LEN=65536 -DMAX_DOMAINS_F=21 -DMAX_HISTORY=25 -DNMM_NEST=0  -I. -traditional  rfftb1.F  > rfftb1.f90
rm -f -f r4_factor.f90
/lib/cpp -P -DEM_CORE=1 -DNMM_CORE=0 -DNMM_MAX_DIM=2600 -DCOAMPS_CORE=0 -DDA_CORE=0 -DEXP_CORE=0 -DIWORDSIZE=4 -DDWORDSIZE=8 -DRWORDSIZE=4 -DLWORDSIZE=4 -DNONSTANDARD_SYSTEM_SUBR  -DWRF_USE_CLM -DNO_IEEE_MODULE  -DNETCDF -DUSE_ALLOCATABLES -DGRIB1 -DINTIO -DKEEP_INT_AROUND -DLIMIT_ARGS -DCONFIG_BUF_LEN=65536 -DMAX_DOMAINS_F=21 -DMAX_HISTORY=25 -DNMM_NEST=0  -I. -traditional  sint1b.F  > sint1b.f90
gfortran -c -w -ffree-form -ffree-line-length-none -fconvert=big-endian -frecord-marker=4  rfftb1.f90
gfortran -c -w -ffree-form -ffree-line-length-none -fconvert=big-endian -frecord-marker=4  sint1b.f90
rm -f -f sint1b.f90
/lib/cpp -P -DEM_CORE=1 -DNMM_CORE=0 -DNMM_MAX_DIM=2600 -DCOAMPS_CORE=0 -DDA_CORE=0 -DEXP_CORE=0 -DIWORDSIZE=4 -DDWORDSIZE=8 -DRWORDSIZE=4 -DLWORDSIZE=4 -DNONSTANDARD_SYSTEM_SUBR  -DWRF_USE_CLM -DNO_IEEE_MODULE  -DNETCDF -DUSE_ALLOCATABLES -DGRIB1 -DINTIO -DKEEP_INT_AROUND -DLIMIT_ARGS -DCONFIG_BUF_LEN=65536 -DMAX_DOMAINS_F=21 -DMAX_HISTORY=25 -DNMM_NEST=0  -I. -traditional  z1f3kb.F  > z1f3kb.f90
rm -f -f rfftb1.f90
/lib/cpp -P -DEM_CORE=1 -DNMM_CORE=0 -DNMM_MAX_DIM=2600 -DCOAMPS_CORE=0 -DDA_CORE=0 -DEXP_CORE=0 -DIWORDSIZE=4 -DDWORDSIZE=8 -DRWORDSIZE=4 -DLWORDSIZE=4 -DNONSTANDARD_SYSTEM_SUBR  -DWRF_USE_CLM -DNO_IEEE_MODULE  -DNETCDF -DUSE_ALLOCATABLES -DGRIB1 -DINTIO -DKEEP_INT_AROUND -DLIMIT_ARGS -DCONFIG_BUF_LEN=65536 -DMAX_DOMAINS_F=21 -DMAX_HISTORY=25 -DNMM_NEST=0  -I. -traditional  zfft1i.F  > zfft1i.f90
gfortran -c -w -ffree-form -ffree-line-length-none -fconvert=big-endian -frecord-marker=4  z1f3kb.f90
gfortran -c -w -ffree-form -ffree-line-length-none -fconvert=big-endian -frecord-marker=4  zfft1i.f90
rm -f -f zfft1i.f90
/lib/cpp -P -DEM_CORE=1 -DNMM_CORE=0 -DNMM_MAX_DIM=2600 -DCOAMPS_CORE=0 -DDA_CORE=0 -DEXP_CORE=0 -DIWORDSIZE=4 -DDWORDSIZE=8 -DRWORDSIZE=4 -DLWORDSIZE=4 -DNONSTANDARD_SYSTEM_SUBR  -DWRF_USE_CLM -DNO_IEEE_MODULE  -DNETCDF -DUSE_ALLOCATABLES -DGRIB1 -DINTIO -DKEEP_INT_AROUND -DLIMIT_ARGS -DCONFIG_BUF_LEN=65536 -DMAX_DOMAINS_F=21 -DMAX_HISTORY=25 -DNMM_NEST=0  -I. -traditional  zmf4kf.F  > zmf4kf.f90
gfortran -c -w -ffree-form -ffree-line-length-none -fconvert=big-endian -frecord-marker=4  zmf4kf.f90
rm -f -f z1f3kb.f90
/lib/cpp -P -DEM_CORE=1 -DNMM_CORE=0 -DNMM_MAX_DIM=2600 -DCOAMPS_CORE=0 -DDA_CORE=0 -DEXP_CORE=0 -DIWORDSIZE=4 -DDWORDSIZE=8 -DRWORDSIZE=4 -DLWORDSIZE=4 -DNONSTANDARD_SYSTEM_SUBR  -DWRF_USE_CLM -DNO_IEEE_MODULE  -DNETCDF -DUSE_ALLOCATABLES -DGRIB1 -DINTIO -DKEEP_INT_AROUND -DLIMIT_ARGS -DCONFIG_BUF_LEN=65536 -DMAX_DOMAINS_F=21 -DMAX_HISTORY=25 -DNMM_NEST=0  -I. -traditional  c1f3kb.F  > c1f3kb.f90
gfortran -c -w -ffree-form -ffree-line-length-none -fconvert=big-endian -frecord-marker=4  c1f3kb.f90
rm -f -f zmf4kf.f90
/lib/cpp -P -DEM_CORE=1 -DNMM_CORE=0 -DNMM_MAX_DIM=2600 -DCOAMPS_CORE=0 -DDA_CORE=0 -DEXP_CORE=0 -DIWORDSIZE=4 -DDWORDSIZE=8 -DRWORDSIZE=4 -DLWORDSIZE=4 -DNONSTANDARD_SYSTEM_SUBR  -DWRF_USE_CLM -DNO_IEEE_MODULE  -DNETCDF -DUSE_ALLOCATABLES -DGRIB1 -DINTIO -DKEEP_INT_AROUND -DLIMIT_ARGS -DCONFIG_BUF_LEN=65536 -DMAX_DOMAINS_F=21 -DMAX_HISTORY=25 -DNMM_NEST=0  -I. -traditional  cfft1i.F  > cfft1i.f90
rm -f -f c1f3kb.f90
/lib/cpp -P -DEM_CORE=1 -DNMM_CORE=0 -DNMM_MAX_DIM=2600 -DCOAMPS_CORE=0 -DDA_CORE=0 -DEXP_CORE=0 -DIWORDSIZE=4 -DDWORDSIZE=8 -DRWORDSIZE=4 -DLWORDSIZE=4 -DNONSTANDARD_SYSTEM_SUBR  -DWRF_USE_CLM -DNO_IEEE_MODULE  -DNETCDF -DUSE_ALLOCATABLES -DGRIB1 -DINTIO -DKEEP_INT_AROUND -DLIMIT_ARGS -DCONFIG_BUF_LEN=65536 -DMAX_DOMAINS_F=21 -DMAX_HISTORY=25 -DNMM_NEST=0  -I. -traditional  cmf4kf.F  > cmf4kf.f90
gfortran -c -w -ffree-form -ffree-line-length-none -fconvert=big-endian -frecord-marker=4  cfft1i.f90
gfortran -c -w -ffree-form -ffree-line-length-none -fconvert=big-endian -frecord-marker=4  cmf4kf.f90
rm -f -f cfft1i.f90
/lib/cpp -P -DEM_CORE=1 -DNMM_CORE=0 -DNMM_MAX_DIM=2600 -DCOAMPS_CORE=0 -DDA_CORE=0 -DEXP_CORE=0 -DIWORDSIZE=4 -DDWORDSIZE=8 -DRWORDSIZE=4 -DLWORDSIZE=4 -DNONSTANDARD_SYSTEM_SUBR  -DWRF_USE_CLM -DNO_IEEE_MODULE  -DNETCDF -DUSE_ALLOCATABLES -DGRIB1 -DINTIO -DKEEP_INT_AROUND -DLIMIT_ARGS -DCONFIG_BUF_LEN=65536 -DMAX_DOMAINS_F=21 -DMAX_HISTORY=25 -DNMM_NEST=0  -I. -traditional  cosqmb.F  > cosqmb.f90
gfortran -c -w -ffree-form -ffree-line-length-none -fconvert=big-endian -frecord-marker=4  cosqmb.f90
rm -f -f cosqmb.f90
/lib/cpp -P -DEM_CORE=1 -DNMM_CORE=0 -DNMM_MAX_DIM=2600 -DCOAMPS_CORE=0 -DDA_CORE=0 -DEXP_CORE=0 -DIWORDSIZE=4 -DDWORDSIZE=8 -DRWORDSIZE=4 -DLWORDSIZE=4 -DNONSTANDARD_SYSTEM_SUBR  -DWRF_USE_CLM -DNO_IEEE_MODULE  -DNETCDF -DUSE_ALLOCATABLES -DGRIB1 -DINTIO -DKEEP_INT_AROUND -DLIMIT_ARGS -DCONFIG_BUF_LEN=65536 -DMAX_DOMAINS_F=21 -DMAX_HISTORY=25 -DNMM_NEST=0  -I. -traditional  d1f2kf.F  > d1f2kf.f90
rm -f -f cmf4kf.f90
/lib/cpp -P -DEM_CORE=1 -DNMM_CORE=0 -DNMM_MAX_DIM=2600 -DCOAMPS_CORE=0 -DDA_CORE=0 -DEXP_CORE=0 -DIWORDSIZE=4 -DDWORDSIZE=8 -DRWORDSIZE=4 -DLWORDSIZE=4 -DNONSTANDARD_SYSTEM_SUBR  -DWRF_USE_CLM -DNO_IEEE_MODULE  -DNETCDF -DUSE_ALLOCATABLES -DGRIB1 -DINTIO -DKEEP_INT_AROUND -DLIMIT_ARGS -DCONFIG_BUF_LEN=65536 -DMAX_DOMAINS_F=21 -DMAX_HISTORY=25 -DNMM_NEST=0  -I. -traditional  dcosqb1.F  > dcosqb1.f90
gfortran -c -w -ffree-form -ffree-line-length-none -fconvert=big-endian -frecord-marker=4  d1f2kf.f90
gfortran -c -w -ffree-form -ffree-line-length-none -fconvert=big-endian -frecord-marker=4  dcosqb1.f90
rm -f -f d1f2kf.f90
/lib/cpp -P -DEM_CORE=1 -DNMM_CORE=0 -DNMM_MAX_DIM=2600 -DCOAMPS_CORE=0 -DDA_CORE=0 -DEXP_CORE=0 -DIWORDSIZE=4 -DDWORDSIZE=8 -DRWORDSIZE=4 -DLWORDSIZE=4 -DNONSTANDARD_SYSTEM_SUBR  -DWRF_USE_CLM -DNO_IEEE_MODULE  -DNETCDF -DUSE_ALLOCATABLES -DGRIB1 -DINTIO -DKEEP_INT_AROUND -DLIMIT_ARGS -DCONFIG_BUF_LEN=65536 -DMAX_DOMAINS_F=21 -DMAX_HISTORY=25 -DNMM_NEST=0  -I. -traditional  dffti1.F  > dffti1.f90
rm -f -f dcosqb1.f90
/lib/cpp -P -DEM_CORE=1 -DNMM_CORE=0 -DNMM_MAX_DIM=2600 -DCOAMPS_CORE=0 -DDA_CORE=0 -DEXP_CORE=0 -DIWORDSIZE=4 -DDWORDSIZE=8 -DRWORDSIZE=4 -DLWORDSIZE=4 -DNONSTANDARD_SYSTEM_SUBR  -DWRF_USE_CLM -DNO_IEEE_MODULE  -DNETCDF -DUSE_ALLOCATABLES -DGRIB1 -DINTIO -DKEEP_INT_AROUND -DLIMIT_ARGS -DCONFIG_BUF_LEN=65536 -DMAX_DOMAINS_F=21 -DMAX_HISTORY=25 -DNMM_NEST=0  -I. -traditional  mradb4.F  > mradb4.f90
gfortran -c -w -ffree-form -ffree-line-length-none -fconvert=big-endian -frecord-marker=4  dffti1.f90
gfortran -c -w -ffree-form -ffree-line-length-none -fconvert=big-endian -frecord-marker=4  mradb4.f90
rm -f -f dffti1.f90
/lib/cpp -P -DEM_CORE=1 -DNMM_CORE=0 -DNMM_MAX_DIM=2600 -DCOAMPS_CORE=0 -DDA_CORE=0 -DEXP_CORE=0 -DIWORDSIZE=4 -DDWORDSIZE=8 -DRWORDSIZE=4 -DLWORDSIZE=4 -DNONSTANDARD_SYSTEM_SUBR  -DWRF_USE_CLM -DNO_IEEE_MODULE  -DNETCDF -DUSE_ALLOCATABLES -DGRIB1 -DINTIO -DKEEP_INT_AROUND -DLIMIT_ARGS -DCONFIG_BUF_LEN=65536 -DMAX_DOMAINS_F=21 -DMAX_HISTORY=25 -DNMM_NEST=0  -I. -traditional  msntf1.F  > msntf1.f90
gfortran -c -w -ffree-form -ffree-line-length-none -fconvert=big-endian -frecord-marker=4  msntf1.f90
rm -f -f mradb4.f90
rm -f -f msntf1.f90
/lib/cpp -P -DEM_CORE=1 -DNMM_CORE=0 -DNMM_MAX_DIM=2600 -DCOAMPS_CORE=0 -DDA_CORE=0 -DEXP_CORE=0 -DIWORDSIZE=4 -DDWORDSIZE=8 -DRWORDSIZE=4 -DLWORDSIZE=4 -DNONSTANDARD_SYSTEM_SUBR  -DWRF_USE_CLM -DNO_IEEE_MODULE  -DNETCDF -DUSE_ALLOCATABLES -DGRIB1 -DINTIO -DKEEP_INT_AROUND -DLIMIT_ARGS -DCONFIG_BUF_LEN=65536 -DMAX_DOMAINS_F=21 -DMAX_HISTORY=25 -DNMM_NEST=0  -I. -traditional  r4_mcfti1.F  > r4_mcfti1.f90
/lib/cpp -P -DEM_CORE=1 -DNMM_CORE=0 -DNMM_MAX_DIM=2600 -DCOAMPS_CORE=0 -DDA_CORE=0 -DEXP_CORE=0 -DIWORDSIZE=4 -DDWORDSIZE=8 -DRWORDSIZE=4 -DLWORDSIZE=4 -DNONSTANDARD_SYSTEM_SUBR  -DWRF_USE_CLM -DNO_IEEE_MODULE  -DNETCDF -DUSE_ALLOCATABLES -DGRIB1 -DINTIO -DKEEP_INT_AROUND -DLIMIT_ARGS -DCONFIG_BUF_LEN=65536 -DMAX_DOMAINS_F=21 -DMAX_HISTORY=25 -DNMM_NEST=0  -I. -traditional  rfftf1.F  > rfftf1.f90
gfortran -c -w -ffree-form -ffree-line-length-none -fconvert=big-endian -frecord-marker=4  r4_mcfti1.f90
gfortran -c -w -ffree-form -ffree-line-length-none -fconvert=big-endian -frecord-marker=4  rfftf1.f90
rm -f -f r4_mcfti1.f90
/lib/cpp -P -DEM_CORE=1 -DNMM_CORE=0 -DNMM_MAX_DIM=2600 -DCOAMPS_CORE=0 -DDA_CORE=0 -DEXP_CORE=0 -DIWORDSIZE=4 -DDWORDSIZE=8 -DRWORDSIZE=4 -DLWORDSIZE=4 -DNONSTANDARD_SYSTEM_SUBR  -DWRF_USE_CLM -DNO_IEEE_MODULE  -DNETCDF -DUSE_ALLOCATABLES -DGRIB1 -DINTIO -DKEEP_INT_AROUND -DLIMIT_ARGS -DCONFIG_BUF_LEN=65536 -DMAX_DOMAINS_F=21 -DMAX_HISTORY=25 -DNMM_NEST=0  -I. -traditional  sint1f.F  > sint1f.f90
rm -f -f rfftf1.f90
/lib/cpp -P -DEM_CORE=1 -DNMM_CORE=0 -DNMM_MAX_DIM=2600 -DCOAMPS_CORE=0 -DDA_CORE=0 -DEXP_CORE=0 -DIWORDSIZE=4 -DDWORDSIZE=8 -DRWORDSIZE=4 -DLWORDSIZE=4 -DNONSTANDARD_SYSTEM_SUBR  -DWRF_USE_CLM -DNO_IEEE_MODULE  -DNETCDF -DUSE_ALLOCATABLES -DGRIB1 -DINTIO -DKEEP_INT_AROUND -DLIMIT_ARGS -DCONFIG_BUF_LEN=65536 -DMAX_DOMAINS_F=21 -DMAX_HISTORY=25 -DNMM_NEST=0  -I. -traditional  z1f3kf.F  > z1f3kf.f90
gfortran -c -w -ffree-form -ffree-line-length-none -fconvert=big-endian -frecord-marker=4  sint1f.f90
gfortran -c -w -ffree-form -ffree-line-length-none -fconvert=big-endian -frecord-marker=4  z1f3kf.f90
rm -f -f sint1f.f90
/lib/cpp -P -DEM_CORE=1 -DNMM_CORE=0 -DNMM_MAX_DIM=2600 -DCOAMPS_CORE=0 -DDA_CORE=0 -DEXP_CORE=0 -DIWORDSIZE=4 -DDWORDSIZE=8 -DRWORDSIZE=4 -DLWORDSIZE=4 -DNONSTANDARD_SYSTEM_SUBR  -DWRF_USE_CLM -DNO_IEEE_MODULE  -DNETCDF -DUSE_ALLOCATABLES -DGRIB1 -DINTIO -DKEEP_INT_AROUND -DLIMIT_ARGS -DCONFIG_BUF_LEN=65536 -DMAX_DOMAINS_F=21 -DMAX_HISTORY=25 -DNMM_NEST=0  -I. -traditional  zfft2b.F  > zfft2b.f90
gfortran -c -w -ffree-form -ffree-line-length-none -fconvert=big-endian -frecord-marker=4  zfft2b.f90
rm -f -f z1f3kf.f90
/lib/cpp -P -DEM_CORE=1 -DNMM_CORE=0 -DNMM_MAX_DIM=2600 -DCOAMPS_CORE=0 -DDA_CORE=0 -DEXP_CORE=0 -DIWORDSIZE=4 -DDWORDSIZE=8 -DRWORDSIZE=4 -DLWORDSIZE=4 -DNONSTANDARD_SYSTEM_SUBR  -DWRF_USE_CLM -DNO_IEEE_MODULE  -DNETCDF -DUSE_ALLOCATABLES -DGRIB1 -DINTIO -DKEEP_INT_AROUND -DLIMIT_ARGS -DCONFIG_BUF_LEN=65536 -DMAX_DOMAINS_F=21 -DMAX_HISTORY=25 -DNMM_NEST=0  -I. -traditional  zmf5kb.F  > zmf5kb.f90
gfortran -c -w -ffree-form -ffree-line-length-none -fconvert=big-endian -frecord-marker=4  zmf5kb.f90
rm -f -f zfft2b.f90
/lib/cpp -P -DEM_CORE=1 -DNMM_CORE=0 -DNMM_MAX_DIM=2600 -DCOAMPS_CORE=0 -DDA_CORE=0 -DEXP_CORE=0 -DIWORDSIZE=4 -DDWORDSIZE=8 -DRWORDSIZE=4 -DLWORDSIZE=4 -DNONSTANDARD_SYSTEM_SUBR  -DWRF_USE_CLM -DNO_IEEE_MODULE  -DNETCDF -DUSE_ALLOCATABLES -DGRIB1 -DINTIO -DKEEP_INT_AROUND -DLIMIT_ARGS -DCONFIG_BUF_LEN=65536 -DMAX_DOMAINS_F=21 -DMAX_HISTORY=25 -DNMM_NEST=0  -I. -traditional  c1f3kf.F  > c1f3kf.f90
gfortran -c -w -ffree-form -ffree-line-length-none -fconvert=big-endian -frecord-marker=4  c1f3kf.f90
rm -f -f c1f3kf.f90
/lib/cpp -P -DEM_CORE=1 -DNMM_CORE=0 -DNMM_MAX_DIM=2600 -DCOAMPS_CORE=0 -DDA_CORE=0 -DEXP_CORE=0 -DIWORDSIZE=4 -DDWORDSIZE=8 -DRWORDSIZE=4 -DLWORDSIZE=4 -DNONSTANDARD_SYSTEM_SUBR  -DWRF_USE_CLM -DNO_IEEE_MODULE  -DNETCDF -DUSE_ALLOCATABLES -DGRIB1 -DINTIO -DKEEP_INT_AROUND -DLIMIT_ARGS -DCONFIG_BUF_LEN=65536 -DMAX_DOMAINS_F=21 -DMAX_HISTORY=25 -DNMM_NEST=0  -I. -traditional  cfft2b.F  > cfft2b.f90
rm -f -f zmf5kb.f90
/lib/cpp -P -DEM_CORE=1 -DNMM_CORE=0 -DNMM_MAX_DIM=2600 -DCOAMPS_CORE=0 -DDA_CORE=0 -DEXP_CORE=0 -DIWORDSIZE=4 -DDWORDSIZE=8 -DRWORDSIZE=4 -DLWORDSIZE=4 -DNONSTANDARD_SYSTEM_SUBR  -DWRF_USE_CLM -DNO_IEEE_MODULE  -DNETCDF -DUSE_ALLOCATABLES -DGRIB1 -DINTIO -DKEEP_INT_AROUND -DLIMIT_ARGS -DCONFIG_BUF_LEN=65536 -DMAX_DOMAINS_F=21 -DMAX_HISTORY=25 -DNMM_NEST=0  -I. -traditional  cmf5kb.F  > cmf5kb.f90
gfortran -c -w -ffree-form -ffree-line-length-none -fconvert=big-endian -frecord-marker=4  cfft2b.f90
gfortran -c -w -ffree-form -ffree-line-length-none -fconvert=big-endian -frecord-marker=4  cmf5kb.f90
rm -f -f cfft2b.f90
/lib/cpp -P -DEM_CORE=1 -DNMM_CORE=0 -DNMM_MAX_DIM=2600 -DCOAMPS_CORE=0 -DDA_CORE=0 -DEXP_CORE=0 -DIWORDSIZE=4 -DDWORDSIZE=8 -DRWORDSIZE=4 -DLWORDSIZE=4 -DNONSTANDARD_SYSTEM_SUBR  -DWRF_USE_CLM -DNO_IEEE_MODULE  -DNETCDF -DUSE_ALLOCATABLES -DGRIB1 -DINTIO -DKEEP_INT_AROUND -DLIMIT_ARGS -DCONFIG_BUF_LEN=65536 -DMAX_DOMAINS_F=21 -DMAX_HISTORY=25 -DNMM_NEST=0  -I. -traditional  cosqmf.F  > cosqmf.f90
gfortran -c -w -ffree-form -ffree-line-length-none -fconvert=big-endian -frecord-marker=4  cosqmf.f90
rm -f -f cmf5kb.f90
/lib/cpp -P -DEM_CORE=1 -DNMM_CORE=0 -DNMM_MAX_DIM=2600 -DCOAMPS_CORE=0 -DDA_CORE=0 -DEXP_CORE=0 -DIWORDSIZE=4 -DDWORDSIZE=8 -DRWORDSIZE=4 -DLWORDSIZE=4 -DNONSTANDARD_SYSTEM_SUBR  -DWRF_USE_CLM -DNO_IEEE_MODULE  -DNETCDF -DUSE_ALLOCATABLES -DGRIB1 -DINTIO -DKEEP_INT_AROUND -DLIMIT_ARGS -DCONFIG_BUF_LEN=65536 -DMAX_DOMAINS_F=21 -DMAX_HISTORY=25 -DNMM_NEST=0  -I. -traditional  d1f3kb.F  > d1f3kb.f90
gfortran -c -w -ffree-form -ffree-line-length-none -fconvert=big-endian -frecord-marker=4  d1f3kb.f90
rm -f -f cosqmf.f90
/lib/cpp -P -DEM_CORE=1 -DNMM_CORE=0 -DNMM_MAX_DIM=2600 -DCOAMPS_CORE=0 -DDA_CORE=0 -DEXP_CORE=0 -DIWORDSIZE=4 -DDWORDSIZE=8 -DRWORDSIZE=4 -DLWORDSIZE=4 -DNONSTANDARD_SYSTEM_SUBR  -DWRF_USE_CLM -DNO_IEEE_MODULE  -DNETCDF -DUSE_ALLOCATABLES -DGRIB1 -DINTIO -DKEEP_INT_AROUND -DLIMIT_ARGS -DCONFIG_BUF_LEN=65536 -DMAX_DOMAINS_F=21 -DMAX_HISTORY=25 -DNMM_NEST=0  -I. -traditional  dcosqf1.F  > dcosqf1.f90
gfortran -c -w -ffree-form -ffree-line-length-none -fconvert=big-endian -frecord-marker=4  dcosqf1.f90
rm -f -f d1f3kb.f90
/lib/cpp -P -DEM_CORE=1 -DNMM_CORE=0 -DNMM_MAX_DIM=2600 -DCOAMPS_CORE=0 -DDA_CORE=0 -DEXP_CORE=0 -DIWORDSIZE=4 -DDWORDSIZE=8 -DRWORDSIZE=4 -DLWORDSIZE=4 -DNONSTANDARD_SYSTEM_SUBR  -DWRF_USE_CLM -DNO_IEEE_MODULE  -DNETCDF -DUSE_ALLOCATABLES -DGRIB1 -DINTIO -DKEEP_INT_AROUND -DLIMIT_ARGS -DCONFIG_BUF_LEN=65536 -DMAX_DOMAINS_F=21 -DMAX_HISTORY=25 -DNMM_NEST=0  -I. -traditional  dsint1b.F  > dsint1b.f90
rm -f -f dcosqf1.f90
/lib/cpp -P -DEM_CORE=1 -DNMM_CORE=0 -DNMM_MAX_DIM=2600 -DCOAMPS_CORE=0 -DDA_CORE=0 -DEXP_CORE=0 -DIWORDSIZE=4 -DDWORDSIZE=8 -DRWORDSIZE=4 -DLWORDSIZE=4 -DNONSTANDARD_SYSTEM_SUBR  -DWRF_USE_CLM -DNO_IEEE_MODULE  -DNETCDF -DUSE_ALLOCATABLES -DGRIB1 -DINTIO -DKEEP_INT_AROUND -DLIMIT_ARGS -DCONFIG_BUF_LEN=65536 -DMAX_DOMAINS_F=21 -DMAX_HISTORY=25 -DNMM_NEST=0  -I. -traditional  mradb5.F  > mradb5.f90
gfortran -c -w -ffree-form -ffree-line-length-none -fconvert=big-endian -frecord-marker=4  dsint1b.f90
gfortran -c -w -ffree-form -ffree-line-length-none -fconvert=big-endian -frecord-marker=4  mradb5.f90
rm -f -f dsint1b.f90
/lib/cpp -P -DEM_CORE=1 -DNMM_CORE=0 -DNMM_MAX_DIM=2600 -DCOAMPS_CORE=0 -DDA_CORE=0 -DEXP_CORE=0 -DIWORDSIZE=4 -DDWORDSIZE=8 -DRWORDSIZE=4 -DLWORDSIZE=4 -DNONSTANDARD_SYSTEM_SUBR  -DWRF_USE_CLM -DNO_IEEE_MODULE  -DNETCDF -DUSE_ALLOCATABLES -DGRIB1 -DINTIO -DKEEP_INT_AROUND -DLIMIT_ARGS -DCONFIG_BUF_LEN=65536 -DMAX_DOMAINS_F=21 -DMAX_HISTORY=25 -DNMM_NEST=0  -I. -traditional  r1f2kb.F  > r1f2kb.f90
gfortran -c -w -ffree-form -ffree-line-length-none -fconvert=big-endian -frecord-marker=4  r1f2kb.f90
rm -f -f r1f2kb.f90
/lib/cpp -P -DEM_CORE=1 -DNMM_CORE=0 -DNMM_MAX_DIM=2600 -DCOAMPS_CORE=0 -DDA_CORE=0 -DEXP_CORE=0 -DIWORDSIZE=4 -DDWORDSIZE=8 -DRWORDSIZE=4 -DLWORDSIZE=4 -DNONSTANDARD_SYSTEM_SUBR  -DWRF_USE_CLM -DNO_IEEE_MODULE  -DNETCDF -DUSE_ALLOCATABLES -DGRIB1 -DINTIO -DKEEP_INT_AROUND -DLIMIT_ARGS -DCONFIG_BUF_LEN=65536 -DMAX_DOMAINS_F=21 -DMAX_HISTORY=25 -DNMM_NEST=0  -I. -traditional  r4_tables.F  > r4_tables.f90
rm -f -f mradb5.f90
/lib/cpp -P -DEM_CORE=1 -DNMM_CORE=0 -DNMM_MAX_DIM=2600 -DCOAMPS_CORE=0 -DDA_CORE=0 -DEXP_CORE=0 -DIWORDSIZE=4 -DDWORDSIZE=8 -DRWORDSIZE=4 -DLWORDSIZE=4 -DNONSTANDARD_SYSTEM_SUBR  -DWRF_USE_CLM -DNO_IEEE_MODULE  -DNETCDF -DUSE_ALLOCATABLES -DGRIB1 -DINTIO -DKEEP_INT_AROUND -DLIMIT_ARGS -DCONFIG_BUF_LEN=65536 -DMAX_DOMAINS_F=21 -DMAX_HISTORY=25 -DNMM_NEST=0  -I. -traditional  rffti1.F  > rffti1.f90
gfortran -c -w -ffree-form -ffree-line-length-none -fconvert=big-endian -frecord-marker=4  r4_tables.f90
gfortran -c -w -ffree-form -ffree-line-length-none -fconvert=big-endian -frecord-marker=4  rffti1.f90
rm -f -f r4_tables.f90
/lib/cpp -P -DEM_CORE=1 -DNMM_CORE=0 -DNMM_MAX_DIM=2600 -DCOAMPS_CORE=0 -DDA_CORE=0 -DEXP_CORE=0 -DIWORDSIZE=4 -DDWORDSIZE=8 -DRWORDSIZE=4 -DLWORDSIZE=4 -DNONSTANDARD_SYSTEM_SUBR  -DWRF_USE_CLM -DNO_IEEE_MODULE  -DNETCDF -DUSE_ALLOCATABLES -DGRIB1 -DINTIO -DKEEP_INT_AROUND -DLIMIT_ARGS -DCONFIG_BUF_LEN=65536 -DMAX_DOMAINS_F=21 -DMAX_HISTORY=25 -DNMM_NEST=0  -I. -traditional  sint1i.F  > sint1i.f90
rm -f -f rffti1.f90
/lib/cpp -P -DEM_CORE=1 -DNMM_CORE=0 -DNMM_MAX_DIM=2600 -DCOAMPS_CORE=0 -DDA_CORE=0 -DEXP_CORE=0 -DIWORDSIZE=4 -DDWORDSIZE=8 -DRWORDSIZE=4 -DLWORDSIZE=4 -DNONSTANDARD_SYSTEM_SUBR  -DWRF_USE_CLM -DNO_IEEE_MODULE  -DNETCDF -DUSE_ALLOCATABLES -DGRIB1 -DINTIO -DKEEP_INT_AROUND -DLIMIT_ARGS -DCONFIG_BUF_LEN=65536 -DMAX_DOMAINS_F=21 -DMAX_HISTORY=25 -DNMM_NEST=0  -I. -traditional  z1f4kb.F  > z1f4kb.f90
gfortran -c -w -ffree-form -ffree-line-length-none -fconvert=big-endian -frecord-marker=4  sint1i.f90
gfortran -c -w -ffree-form -ffree-line-length-none -fconvert=big-endian -frecord-marker=4  z1f4kb.f90
rm -f -f sint1i.f90
/lib/cpp -P -DEM_CORE=1 -DNMM_CORE=0 -DNMM_MAX_DIM=2600 -DCOAMPS_CORE=0 -DDA_CORE=0 -DEXP_CORE=0 -DIWORDSIZE=4 -DDWORDSIZE=8 -DRWORDSIZE=4 -DLWORDSIZE=4 -DNONSTANDARD_SYSTEM_SUBR  -DWRF_USE_CLM -DNO_IEEE_MODULE  -DNETCDF -DUSE_ALLOCATABLES -DGRIB1 -DINTIO -DKEEP_INT_AROUND -DLIMIT_ARGS -DCONFIG_BUF_LEN=65536 -DMAX_DOMAINS_F=21 -DMAX_HISTORY=25 -DNMM_NEST=0  -I. -traditional  zfft2f.F  > zfft2f.f90
rm -f -f z1f4kb.f90
/lib/cpp -P -DEM_CORE=1 -DNMM_CORE=0 -DNMM_MAX_DIM=2600 -DCOAMPS_CORE=0 -DDA_CORE=0 -DEXP_CORE=0 -DIWORDSIZE=4 -DDWORDSIZE=8 -DRWORDSIZE=4 -DLWORDSIZE=4 -DNONSTANDARD_SYSTEM_SUBR  -DWRF_USE_CLM -DNO_IEEE_MODULE  -DNETCDF -DUSE_ALLOCATABLES -DGRIB1 -DINTIO -DKEEP_INT_AROUND -DLIMIT_ARGS -DCONFIG_BUF_LEN=65536 -DMAX_DOMAINS_F=21 -DMAX_HISTORY=25 -DNMM_NEST=0  -I. -traditional  zmf5kf.F  > zmf5kf.f90
gfortran -c -w -ffree-form -ffree-line-length-none -fconvert=big-endian -frecord-marker=4  zfft2f.f90
gfortran -c -w -ffree-form -ffree-line-length-none -fconvert=big-endian -frecord-marker=4  zmf5kf.f90
rm -f -f zfft2f.f90
/lib/cpp -P -DEM_CORE=1 -DNMM_CORE=0 -DNMM_MAX_DIM=2600 -DCOAMPS_CORE=0 -DDA_CORE=0 -DEXP_CORE=0 -DIWORDSIZE=4 -DDWORDSIZE=8 -DRWORDSIZE=4 -DLWORDSIZE=4 -DNONSTANDARD_SYSTEM_SUBR  -DWRF_USE_CLM -DNO_IEEE_MODULE  -DNETCDF -DUSE_ALLOCATABLES -DGRIB1 -DINTIO -DKEEP_INT_AROUND -DLIMIT_ARGS -DCONFIG_BUF_LEN=65536 -DMAX_DOMAINS_F=21 -DMAX_HISTORY=25 -DNMM_NEST=0  -I. -traditional  c1f4kb.F  > c1f4kb.f90
gfortran -c -w -ffree-form -ffree-line-length-none -fconvert=big-endian -frecord-marker=4  c1f4kb.f90
rm -f -f zmf5kf.f90
/lib/cpp -P -DEM_CORE=1 -DNMM_CORE=0 -DNMM_MAX_DIM=2600 -DCOAMPS_CORE=0 -DDA_CORE=0 -DEXP_CORE=0 -DIWORDSIZE=4 -DDWORDSIZE=8 -DRWORDSIZE=4 -DLWORDSIZE=4 -DNONSTANDARD_SYSTEM_SUBR  -DWRF_USE_CLM -DNO_IEEE_MODULE  -DNETCDF -DUSE_ALLOCATABLES -DGRIB1 -DINTIO -DKEEP_INT_AROUND -DLIMIT_ARGS -DCONFIG_BUF_LEN=65536 -DMAX_DOMAINS_F=21 -DMAX_HISTORY=25 -DNMM_NEST=0  -I. -traditional  cfft2f.F  > cfft2f.f90
gfortran -c -w -ffree-form -ffree-line-length-none -fconvert=big-endian -frecord-marker=4  cfft2f.f90
rm -f -f c1f4kb.f90
/lib/cpp -P -DEM_CORE=1 -DNMM_CORE=0 -DNMM_MAX_DIM=2600 -DCOAMPS_CORE=0 -DDA_CORE=0 -DEXP_CORE=0 -DIWORDSIZE=4 -DDWORDSIZE=8 -DRWORDSIZE=4 -DLWORDSIZE=4 -DNONSTANDARD_SYSTEM_SUBR  -DWRF_USE_CLM -DNO_IEEE_MODULE  -DNETCDF -DUSE_ALLOCATABLES -DGRIB1 -DINTIO -DKEEP_INT_AROUND -DLIMIT_ARGS -DCONFIG_BUF_LEN=65536 -DMAX_DOMAINS_F=21 -DMAX_HISTORY=25 -DNMM_NEST=0  -I. -traditional  cmf5kf.F  > cmf5kf.f90
gfortran -c -w -ffree-form -ffree-line-length-none -fconvert=big-endian -frecord-marker=4  cmf5kf.f90
rm -f -f cfft2f.f90
/lib/cpp -P -DEM_CORE=1 -DNMM_CORE=0 -DNMM_MAX_DIM=2600 -DCOAMPS_CORE=0 -DDA_CORE=0 -DEXP_CORE=0 -DIWORDSIZE=4 -DDWORDSIZE=8 -DRWORDSIZE=4 -DLWORDSIZE=4 -DNONSTANDARD_SYSTEM_SUBR  -DWRF_USE_CLM -DNO_IEEE_MODULE  -DNETCDF -DUSE_ALLOCATABLES -DGRIB1 -DINTIO -DKEEP_INT_AROUND -DLIMIT_ARGS -DCONFIG_BUF_LEN=65536 -DMAX_DOMAINS_F=21 -DMAX_HISTORY=25 -DNMM_NEST=0  -I. -traditional  cosqmi.F  > cosqmi.f90
gfortran -c -w -ffree-form -ffree-line-length-none -fconvert=big-endian -frecord-marker=4  cosqmi.f90
rm -f -f cosqmi.f90
/lib/cpp -P -DEM_CORE=1 -DNMM_CORE=0 -DNMM_MAX_DIM=2600 -DCOAMPS_CORE=0 -DDA_CORE=0 -DEXP_CORE=0 -DIWORDSIZE=4 -DDWORDSIZE=8 -DRWORDSIZE=4 -DLWORDSIZE=4 -DNONSTANDARD_SYSTEM_SUBR  -DWRF_USE_CLM -DNO_IEEE_MODULE  -DNETCDF -DUSE_ALLOCATABLES -DGRIB1 -DINTIO -DKEEP_INT_AROUND -DLIMIT_ARGS -DCONFIG_BUF_LEN=65536 -DMAX_DOMAINS_F=21 -DMAX_HISTORY=25 -DNMM_NEST=0  -I. -traditional  d1f3kf.F  > d1f3kf.f90
gfortran -c -w -ffree-form -ffree-line-length-none -fconvert=big-endian -frecord-marker=4  d1f3kf.f90
rm -f -f cmf5kf.f90
/lib/cpp -P -DEM_CORE=1 -DNMM_CORE=0 -DNMM_MAX_DIM=2600 -DCOAMPS_CORE=0 -DDA_CORE=0 -DEXP_CORE=0 -DIWORDSIZE=4 -DDWORDSIZE=8 -DRWORDSIZE=4 -DLWORDSIZE=4 -DNONSTANDARD_SYSTEM_SUBR  -DWRF_USE_CLM -DNO_IEEE_MODULE  -DNETCDF -DUSE_ALLOCATABLES -DGRIB1 -DINTIO -DKEEP_INT_AROUND -DLIMIT_ARGS -DCONFIG_BUF_LEN=65536 -DMAX_DOMAINS_F=21 -DMAX_HISTORY=25 -DNMM_NEST=0  -I. -traditional  dcost1b.F  > dcost1b.f90
gfortran -c -w -ffree-form -ffree-line-length-none -fconvert=big-endian -frecord-marker=4  dcost1b.f90
rm -f -f d1f3kf.f90
/lib/cpp -P -DEM_CORE=1 -DNMM_CORE=0 -DNMM_MAX_DIM=2600 -DCOAMPS_CORE=0 -DDA_CORE=0 -DEXP_CORE=0 -DIWORDSIZE=4 -DDWORDSIZE=8 -DRWORDSIZE=4 -DLWORDSIZE=4 -DNONSTANDARD_SYSTEM_SUBR  -DWRF_USE_CLM -DNO_IEEE_MODULE  -DNETCDF -DUSE_ALLOCATABLES -DGRIB1 -DINTIO -DKEEP_INT_AROUND -DLIMIT_ARGS -DCONFIG_BUF_LEN=65536 -DMAX_DOMAINS_F=21 -DMAX_HISTORY=25 -DNMM_NEST=0  -I. -traditional  dsint1f.F  > dsint1f.f90
rm -f -f dcost1b.f90
/lib/cpp -P -DEM_CORE=1 -DNMM_CORE=0 -DNMM_MAX_DIM=2600 -DCOAMPS_CORE=0 -DDA_CORE=0 -DEXP_CORE=0 -DIWORDSIZE=4 -DDWORDSIZE=8 -DRWORDSIZE=4 -DLWORDSIZE=4 -DNONSTANDARD_SYSTEM_SUBR  -DWRF_USE_CLM -DNO_IEEE_MODULE  -DNETCDF -DUSE_ALLOCATABLES -DGRIB1 -DINTIO -DKEEP_INT_AROUND -DLIMIT_ARGS -DCONFIG_BUF_LEN=65536 -DMAX_DOMAINS_F=21 -DMAX_HISTORY=25 -DNMM_NEST=0  -I. -traditional  mradbg.F  > mradbg.f90
gfortran -c -w -ffree-form -ffree-line-length-none -fconvert=big-endian -frecord-marker=4  dsint1f.f90
gfortran -c -w -ffree-form -ffree-line-length-none -fconvert=big-endian -frecord-marker=4  mradbg.f90
rm -f -f dsint1f.f90
/lib/cpp -P -DEM_CORE=1 -DNMM_CORE=0 -DNMM_MAX_DIM=2600 -DCOAMPS_CORE=0 -DDA_CORE=0 -DEXP_CORE=0 -DIWORDSIZE=4 -DDWORDSIZE=8 -DRWORDSIZE=4 -DLWORDSIZE=4 -DNONSTANDARD_SYSTEM_SUBR  -DWRF_USE_CLM -DNO_IEEE_MODULE  -DNETCDF -DUSE_ALLOCATABLES -DGRIB1 -DINTIO -DKEEP_INT_AROUND -DLIMIT_ARGS -DCONFIG_BUF_LEN=65536 -DMAX_DOMAINS_F=21 -DMAX_HISTORY=25 -DNMM_NEST=0  -I. -traditional  r1f2kf.F  > r1f2kf.f90
gfortran -c -w -ffree-form -ffree-line-length-none -fconvert=big-endian -frecord-marker=4  r1f2kf.f90
rm -f -f mradbg.f90
rm -f -f r1f2kf.f90
/lib/cpp -P -DEM_CORE=1 -DNMM_CORE=0 -DNMM_MAX_DIM=2600 -DCOAMPS_CORE=0 -DDA_CORE=0 -DEXP_CORE=0 -DIWORDSIZE=4 -DDWORDSIZE=8 -DRWORDSIZE=4 -DLWORDSIZE=4 -DNONSTANDARD_SYSTEM_SUBR  -DWRF_USE_CLM -DNO_IEEE_MODULE  -DNETCDF -DUSE_ALLOCATABLES -DGRIB1 -DINTIO -DKEEP_INT_AROUND -DLIMIT_ARGS -DCONFIG_BUF_LEN=65536 -DMAX_DOMAINS_F=21 -DMAX_HISTORY=25 -DNMM_NEST=0  -I. -traditional  r8_factor.F  > r8_factor.f90
/lib/cpp -P -DEM_CORE=1 -DNMM_CORE=0 -DNMM_MAX_DIM=2600 -DCOAMPS_CORE=0 -DDA_CORE=0 -DEXP_CORE=0 -DIWORDSIZE=4 -DDWORDSIZE=8 -DRWORDSIZE=4 -DLWORDSIZE=4 -DNONSTANDARD_SYSTEM_SUBR  -DWRF_USE_CLM -DNO_IEEE_MODULE  -DNETCDF -DUSE_ALLOCATABLES -DGRIB1 -DINTIO -DKEEP_INT_AROUND -DLIMIT_ARGS -DCONFIG_BUF_LEN=65536 -DMAX_DOMAINS_F=21 -DMAX_HISTORY=25 -DNMM_NEST=0  -I. -traditional  rfftmb.F  > rfftmb.f90
gfortran -c -w -ffree-form -ffree-line-length-none -fconvert=big-endian -frecord-marker=4  rfftmb.f90
gfortran -c -w -ffree-form -ffree-line-length-none -fconvert=big-endian -frecord-marker=4  r8_factor.f90
rm -f -f rfftmb.f90
/lib/cpp -P -DEM_CORE=1 -DNMM_CORE=0 -DNMM_MAX_DIM=2600 -DCOAMPS_CORE=0 -DDA_CORE=0 -DEXP_CORE=0 -DIWORDSIZE=4 -DDWORDSIZE=8 -DRWORDSIZE=4 -DLWORDSIZE=4 -DNONSTANDARD_SYSTEM_SUBR  -DWRF_USE_CLM -DNO_IEEE_MODULE  -DNETCDF -DUSE_ALLOCATABLES -DGRIB1 -DINTIO -DKEEP_INT_AROUND -DLIMIT_ARGS -DCONFIG_BUF_LEN=65536 -DMAX_DOMAINS_F=21 -DMAX_HISTORY=25 -DNMM_NEST=0  -I. -traditional  sintb1.F  > sintb1.f90
rm -f -f r8_factor.f90
/lib/cpp -P -DEM_CORE=1 -DNMM_CORE=0 -DNMM_MAX_DIM=2600 -DCOAMPS_CORE=0 -DDA_CORE=0 -DEXP_CORE=0 -DIWORDSIZE=4 -DDWORDSIZE=8 -DRWORDSIZE=4 -DLWORDSIZE=4 -DNONSTANDARD_SYSTEM_SUBR  -DWRF_USE_CLM -DNO_IEEE_MODULE  -DNETCDF -DUSE_ALLOCATABLES -DGRIB1 -DINTIO -DKEEP_INT_AROUND -DLIMIT_ARGS -DCONFIG_BUF_LEN=65536 -DMAX_DOMAINS_F=21 -DMAX_HISTORY=25 -DNMM_NEST=0  -I. -traditional  z1f4kf.F  > z1f4kf.f90
gfortran -c -w -ffree-form -ffree-line-length-none -fconvert=big-endian -frecord-marker=4  sintb1.f90
gfortran -c -w -ffree-form -ffree-line-length-none -fconvert=big-endian -frecord-marker=4  z1f4kf.f90
rm -f -f sintb1.f90
/lib/cpp -P -DEM_CORE=1 -DNMM_CORE=0 -DNMM_MAX_DIM=2600 -DCOAMPS_CORE=0 -DDA_CORE=0 -DEXP_CORE=0 -DIWORDSIZE=4 -DDWORDSIZE=8 -DRWORDSIZE=4 -DLWORDSIZE=4 -DNONSTANDARD_SYSTEM_SUBR  -DWRF_USE_CLM -DNO_IEEE_MODULE  -DNETCDF -DUSE_ALLOCATABLES -DGRIB1 -DINTIO -DKEEP_INT_AROUND -DLIMIT_ARGS -DCONFIG_BUF_LEN=65536 -DMAX_DOMAINS_F=21 -DMAX_HISTORY=25 -DNMM_NEST=0  -I. -traditional  zfft2i.F  > zfft2i.f90
gfortran -c -w -ffree-form -ffree-line-length-none -fconvert=big-endian -frecord-marker=4  zfft2i.f90
rm -f -f z1f4kf.f90
/lib/cpp -P -DEM_CORE=1 -DNMM_CORE=0 -DNMM_MAX_DIM=2600 -DCOAMPS_CORE=0 -DDA_CORE=0 -DEXP_CORE=0 -DIWORDSIZE=4 -DDWORDSIZE=8 -DRWORDSIZE=4 -DLWORDSIZE=4 -DNONSTANDARD_SYSTEM_SUBR  -DWRF_USE_CLM -DNO_IEEE_MODULE  -DNETCDF -DUSE_ALLOCATABLES -DGRIB1 -DINTIO -DKEEP_INT_AROUND -DLIMIT_ARGS -DCONFIG_BUF_LEN=65536 -DMAX_DOMAINS_F=21 -DMAX_HISTORY=25 -DNMM_NEST=0  -I. -traditional  zmfgkb.F  > zmfgkb.f90
gfortran -c -w -ffree-form -ffree-line-length-none -fconvert=big-endian -frecord-marker=4  zmfgkb.f90
rm -f -f zfft2i.f90
/lib/cpp -P -DEM_CORE=1 -DNMM_CORE=0 -DNMM_MAX_DIM=2600 -DCOAMPS_CORE=0 -DDA_CORE=0 -DEXP_CORE=0 -DIWORDSIZE=4 -DDWORDSIZE=8 -DRWORDSIZE=4 -DLWORDSIZE=4 -DNONSTANDARD_SYSTEM_SUBR  -DWRF_USE_CLM -DNO_IEEE_MODULE  -DNETCDF -DUSE_ALLOCATABLES -DGRIB1 -DINTIO -DKEEP_INT_AROUND -DLIMIT_ARGS -DCONFIG_BUF_LEN=65536 -DMAX_DOMAINS_F=21 -DMAX_HISTORY=25 -DNMM_NEST=0  -I. -traditional  c1f4kf.F  > c1f4kf.f90
gfortran -c -w -ffree-form -ffree-line-length-none -fconvert=big-endian -frecord-marker=4  c1f4kf.f90
rm -f -f c1f4kf.f90
/lib/cpp -P -DEM_CORE=1 -DNMM_CORE=0 -DNMM_MAX_DIM=2600 -DCOAMPS_CORE=0 -DDA_CORE=0 -DEXP_CORE=0 -DIWORDSIZE=4 -DDWORDSIZE=8 -DRWORDSIZE=4 -DLWORDSIZE=4 -DNONSTANDARD_SYSTEM_SUBR  -DWRF_USE_CLM -DNO_IEEE_MODULE  -DNETCDF -DUSE_ALLOCATABLES -DGRIB1 -DINTIO -DKEEP_INT_AROUND -DLIMIT_ARGS -DCONFIG_BUF_LEN=65536 -DMAX_DOMAINS_F=21 -DMAX_HISTORY=25 -DNMM_NEST=0  -I. -traditional  cfft2i.F  > cfft2i.f90
rm -f -f zmfgkb.f90
/lib/cpp -P -DEM_CORE=1 -DNMM_CORE=0 -DNMM_MAX_DIM=2600 -DCOAMPS_CORE=0 -DDA_CORE=0 -DEXP_CORE=0 -DIWORDSIZE=4 -DDWORDSIZE=8 -DRWORDSIZE=4 -DLWORDSIZE=4 -DNONSTANDARD_SYSTEM_SUBR  -DWRF_USE_CLM -DNO_IEEE_MODULE  -DNETCDF -DUSE_ALLOCATABLES -DGRIB1 -DINTIO -DKEEP_INT_AROUND -DLIMIT_ARGS -DCONFIG_BUF_LEN=65536 -DMAX_DOMAINS_F=21 -DMAX_HISTORY=25 -DNMM_NEST=0  -I. -traditional  cmfgkb.F  > cmfgkb.f90
gfortran -c -w -ffree-form -ffree-line-length-none -fconvert=big-endian -frecord-marker=4  cfft2i.f90
gfortran -c -w -ffree-form -ffree-line-length-none -fconvert=big-endian -frecord-marker=4  cmfgkb.f90
rm -f -f cfft2i.f90
/lib/cpp -P -DEM_CORE=1 -DNMM_CORE=0 -DNMM_MAX_DIM=2600 -DCOAMPS_CORE=0 -DDA_CORE=0 -DEXP_CORE=0 -DIWORDSIZE=4 -DDWORDSIZE=8 -DRWORDSIZE=4 -DLWORDSIZE=4 -DNONSTANDARD_SYSTEM_SUBR  -DWRF_USE_CLM -DNO_IEEE_MODULE  -DNETCDF -DUSE_ALLOCATABLES -DGRIB1 -DINTIO -DKEEP_INT_AROUND -DLIMIT_ARGS -DCONFIG_BUF_LEN=65536 -DMAX_DOMAINS_F=21 -DMAX_HISTORY=25 -DNMM_NEST=0  -I. -traditional  cost1b.F  > cost1b.f90
gfortran -c -w -ffree-form -ffree-line-length-none -fconvert=big-endian -frecord-marker=4  cost1b.f90
rm -f -f cost1b.f90
/lib/cpp -P -DEM_CORE=1 -DNMM_CORE=0 -DNMM_MAX_DIM=2600 -DCOAMPS_CORE=0 -DDA_CORE=0 -DEXP_CORE=0 -DIWORDSIZE=4 -DDWORDSIZE=8 -DRWORDSIZE=4 -DLWORDSIZE=4 -DNONSTANDARD_SYSTEM_SUBR  -DWRF_USE_CLM -DNO_IEEE_MODULE  -DNETCDF -DUSE_ALLOCATABLES -DGRIB1 -DINTIO -DKEEP_INT_AROUND -DLIMIT_ARGS -DCONFIG_BUF_LEN=65536 -DMAX_DOMAINS_F=21 -DMAX_HISTORY=25 -DNMM_NEST=0  -I. -traditional  d1f4kb.F  > d1f4kb.f90
gfortran -c -w -ffree-form -ffree-line-length-none -fconvert=big-endian -frecord-marker=4  d1f4kb.f90
rm -f -f cmfgkb.f90
/lib/cpp -P -DEM_CORE=1 -DNMM_CORE=0 -DNMM_MAX_DIM=2600 -DCOAMPS_CORE=0 -DDA_CORE=0 -DEXP_CORE=0 -DIWORDSIZE=4 -DDWORDSIZE=8 -DRWORDSIZE=4 -DLWORDSIZE=4 -DNONSTANDARD_SYSTEM_SUBR  -DWRF_USE_CLM -DNO_IEEE_MODULE  -DNETCDF -DUSE_ALLOCATABLES -DGRIB1 -DINTIO -DKEEP_INT_AROUND -DLIMIT_ARGS -DCONFIG_BUF_LEN=65536 -DMAX_DOMAINS_F=21 -DMAX_HISTORY=25 -DNMM_NEST=0  -I. -traditional  dcost1f.F  > dcost1f.f90
gfortran -c -w -ffree-form -ffree-line-length-none -fconvert=big-endian -frecord-marker=4  dcost1f.f90
rm -f -f d1f4kb.f90
/lib/cpp -P -DEM_CORE=1 -DNMM_CORE=0 -DNMM_MAX_DIM=2600 -DCOAMPS_CORE=0 -DDA_CORE=0 -DEXP_CORE=0 -DIWORDSIZE=4 -DDWORDSIZE=8 -DRWORDSIZE=4 -DLWORDSIZE=4 -DNONSTANDARD_SYSTEM_SUBR  -DWRF_USE_CLM -DNO_IEEE_MODULE  -DNETCDF -DUSE_ALLOCATABLES -DGRIB1 -DINTIO -DKEEP_INT_AROUND -DLIMIT_ARGS -DCONFIG_BUF_LEN=65536 -DMAX_DOMAINS_F=21 -DMAX_HISTORY=25 -DNMM_NEST=0  -I. -traditional  dsint1i.F  > dsint1i.f90
rm -f -f dcost1f.f90
/lib/cpp -P -DEM_CORE=1 -DNMM_CORE=0 -DNMM_MAX_DIM=2600 -DCOAMPS_CORE=0 -DDA_CORE=0 -DEXP_CORE=0 -DIWORDSIZE=4 -DDWORDSIZE=8 -DRWORDSIZE=4 -DLWORDSIZE=4 -DNONSTANDARD_SYSTEM_SUBR  -DWRF_USE_CLM -DNO_IEEE_MODULE  -DNETCDF -DUSE_ALLOCATABLES -DGRIB1 -DINTIO -DKEEP_INT_AROUND -DLIMIT_ARGS -DCONFIG_BUF_LEN=65536 -DMAX_DOMAINS_F=21 -DMAX_HISTORY=25 -DNMM_NEST=0  -I. -traditional  mradf2.F  > mradf2.f90
gfortran -c -w -ffree-form -ffree-line-length-none -fconvert=big-endian -frecord-marker=4  dsint1i.f90
gfortran -c -w -ffree-form -ffree-line-length-none -fconvert=big-endian -frecord-marker=4  mradf2.f90
rm -f -f dsint1i.f90
/lib/cpp -P -DEM_CORE=1 -DNMM_CORE=0 -DNMM_MAX_DIM=2600 -DCOAMPS_CORE=0 -DDA_CORE=0 -DEXP_CORE=0 -DIWORDSIZE=4 -DDWORDSIZE=8 -DRWORDSIZE=4 -DLWORDSIZE=4 -DNONSTANDARD_SYSTEM_SUBR  -DWRF_USE_CLM -DNO_IEEE_MODULE  -DNETCDF -DUSE_ALLOCATABLES -DGRIB1 -DINTIO -DKEEP_INT_AROUND -DLIMIT_ARGS -DCONFIG_BUF_LEN=65536 -DMAX_DOMAINS_F=21 -DMAX_HISTORY=25 -DNMM_NEST=0  -I. -traditional  r1f3kb.F  > r1f3kb.f90
gfortran -c -w -ffree-form -ffree-line-length-none -fconvert=big-endian -frecord-marker=4  r1f3kb.f90
rm -f -f mradf2.f90
/lib/cpp -P -DEM_CORE=1 -DNMM_CORE=0 -DNMM_MAX_DIM=2600 -DCOAMPS_CORE=0 -DDA_CORE=0 -DEXP_CORE=0 -DIWORDSIZE=4 -DDWORDSIZE=8 -DRWORDSIZE=4 -DLWORDSIZE=4 -DNONSTANDARD_SYSTEM_SUBR  -DWRF_USE_CLM -DNO_IEEE_MODULE  -DNETCDF -DUSE_ALLOCATABLES -DGRIB1 -DINTIO -DKEEP_INT_AROUND -DLIMIT_ARGS -DCONFIG_BUF_LEN=65536 -DMAX_DOMAINS_F=21 -DMAX_HISTORY=25 -DNMM_NEST=0  -I. -traditional  r8_mcfti1.F  > r8_mcfti1.f90
gfortran -c -w -ffree-form -ffree-line-length-none -fconvert=big-endian -frecord-marker=4  r8_mcfti1.f90
rm -f -f r1f3kb.f90
/lib/cpp -P -DEM_CORE=1 -DNMM_CORE=0 -DNMM_MAX_DIM=2600 -DCOAMPS_CORE=0 -DDA_CORE=0 -DEXP_CORE=0 -DIWORDSIZE=4 -DDWORDSIZE=8 -DRWORDSIZE=4 -DLWORDSIZE=4 -DNONSTANDARD_SYSTEM_SUBR  -DWRF_USE_CLM -DNO_IEEE_MODULE  -DNETCDF -DUSE_ALLOCATABLES -DGRIB1 -DINTIO -DKEEP_INT_AROUND -DLIMIT_ARGS -DCONFIG_BUF_LEN=65536 -DMAX_DOMAINS_F=21 -DMAX_HISTORY=25 -DNMM_NEST=0  -I. -traditional  rfftmf.F  > rfftmf.f90
rm -f -f r8_mcfti1.f90
/lib/cpp -P -DEM_CORE=1 -DNMM_CORE=0 -DNMM_MAX_DIM=2600 -DCOAMPS_CORE=0 -DDA_CORE=0 -DEXP_CORE=0 -DIWORDSIZE=4 -DDWORDSIZE=8 -DRWORDSIZE=4 -DLWORDSIZE=4 -DNONSTANDARD_SYSTEM_SUBR  -DWRF_USE_CLM -DNO_IEEE_MODULE  -DNETCDF -DUSE_ALLOCATABLES -DGRIB1 -DINTIO -DKEEP_INT_AROUND -DLIMIT_ARGS -DCONFIG_BUF_LEN=65536 -DMAX_DOMAINS_F=21 -DMAX_HISTORY=25 -DNMM_NEST=0  -I. -traditional  sintf1.F  > sintf1.f90
gfortran -c -w -ffree-form -ffree-line-length-none -fconvert=big-endian -frecord-marker=4  sintf1.f90
gfortran -c -w -ffree-form -ffree-line-length-none -fconvert=big-endian -frecord-marker=4  rfftmf.f90
rm -f -f sintf1.f90
/lib/cpp -P -DEM_CORE=1 -DNMM_CORE=0 -DNMM_MAX_DIM=2600 -DCOAMPS_CORE=0 -DDA_CORE=0 -DEXP_CORE=0 -DIWORDSIZE=4 -DDWORDSIZE=8 -DRWORDSIZE=4 -DLWORDSIZE=4 -DNONSTANDARD_SYSTEM_SUBR  -DWRF_USE_CLM -DNO_IEEE_MODULE  -DNETCDF -DUSE_ALLOCATABLES -DGRIB1 -DINTIO -DKEEP_INT_AROUND -DLIMIT_ARGS -DCONFIG_BUF_LEN=65536 -DMAX_DOMAINS_F=21 -DMAX_HISTORY=25 -DNMM_NEST=0  -I. -traditional  z1f5kb.F  > z1f5kb.f90
rm -f -f rfftmf.f90
/lib/cpp -P -DEM_CORE=1 -DNMM_CORE=0 -DNMM_MAX_DIM=2600 -DCOAMPS_CORE=0 -DDA_CORE=0 -DEXP_CORE=0 -DIWORDSIZE=4 -DDWORDSIZE=8 -DRWORDSIZE=4 -DLWORDSIZE=4 -DNONSTANDARD_SYSTEM_SUBR  -DWRF_USE_CLM -DNO_IEEE_MODULE  -DNETCDF -DUSE_ALLOCATABLES -DGRIB1 -DINTIO -DKEEP_INT_AROUND -DLIMIT_ARGS -DCONFIG_BUF_LEN=65536 -DMAX_DOMAINS_F=21 -DMAX_HISTORY=25 -DNMM_NEST=0  -I. -traditional  zfftmb.F  > zfftmb.f90
gfortran -c -w -ffree-form -ffree-line-length-none -fconvert=big-endian -frecord-marker=4  z1f5kb.f90
gfortran -c -w -ffree-form -ffree-line-length-none -fconvert=big-endian -frecord-marker=4  zfftmb.f90
rm -f -f zfftmb.f90
/lib/cpp -P -DEM_CORE=1 -DNMM_CORE=0 -DNMM_MAX_DIM=2600 -DCOAMPS_CORE=0 -DDA_CORE=0 -DEXP_CORE=0 -DIWORDSIZE=4 -DDWORDSIZE=8 -DRWORDSIZE=4 -DLWORDSIZE=4 -DNONSTANDARD_SYSTEM_SUBR  -DWRF_USE_CLM -DNO_IEEE_MODULE  -DNETCDF -DUSE_ALLOCATABLES -DGRIB1 -DINTIO -DKEEP_INT_AROUND -DLIMIT_ARGS -DCONFIG_BUF_LEN=65536 -DMAX_DOMAINS_F=21 -DMAX_HISTORY=25 -DNMM_NEST=0  -I. -traditional  zmfgkf.F  > zmfgkf.f90
gfortran -c -w -ffree-form -ffree-line-length-none -fconvert=big-endian -frecord-marker=4  zmfgkf.f90
rm -f -f z1f5kb.f90
/lib/cpp -P -DEM_CORE=1 -DNMM_CORE=0 -DNMM_MAX_DIM=2600 -DCOAMPS_CORE=0 -DDA_CORE=0 -DEXP_CORE=0 -DIWORDSIZE=4 -DDWORDSIZE=8 -DRWORDSIZE=4 -DLWORDSIZE=4 -DNONSTANDARD_SYSTEM_SUBR  -DWRF_USE_CLM -DNO_IEEE_MODULE  -DNETCDF -DUSE_ALLOCATABLES -DGRIB1 -DINTIO -DKEEP_INT_AROUND -DLIMIT_ARGS -DCONFIG_BUF_LEN=65536 -DMAX_DOMAINS_F=21 -DMAX_HISTORY=25 -DNMM_NEST=0  -I. -traditional  c1f5kb.F  > c1f5kb.f90
gfortran -c -w -ffree-form -ffree-line-length-none -fconvert=big-endian -frecord-marker=4  c1f5kb.f90
rm -f -f c1f5kb.f90
/lib/cpp -P -DEM_CORE=1 -DNMM_CORE=0 -DNMM_MAX_DIM=2600 -DCOAMPS_CORE=0 -DDA_CORE=0 -DEXP_CORE=0 -DIWORDSIZE=4 -DDWORDSIZE=8 -DRWORDSIZE=4 -DLWORDSIZE=4 -DNONSTANDARD_SYSTEM_SUBR  -DWRF_USE_CLM -DNO_IEEE_MODULE  -DNETCDF -DUSE_ALLOCATABLES -DGRIB1 -DINTIO -DKEEP_INT_AROUND -DLIMIT_ARGS -DCONFIG_BUF_LEN=65536 -DMAX_DOMAINS_F=21 -DMAX_HISTORY=25 -DNMM_NEST=0  -I. -traditional  cfftmb.F  > cfftmb.f90
rm -f -f zmfgkf.f90
gfortran -c -w -ffree-form -ffree-line-length-none -fconvert=big-endian -frecord-marker=4  cfftmb.f90
/lib/cpp -P -DEM_CORE=1 -DNMM_CORE=0 -DNMM_MAX_DIM=2600 -DCOAMPS_CORE=0 -DDA_CORE=0 -DEXP_CORE=0 -DIWORDSIZE=4 -DDWORDSIZE=8 -DRWORDSIZE=4 -DLWORDSIZE=4 -DNONSTANDARD_SYSTEM_SUBR  -DWRF_USE_CLM -DNO_IEEE_MODULE  -DNETCDF -DUSE_ALLOCATABLES -DGRIB1 -DINTIO -DKEEP_INT_AROUND -DLIMIT_ARGS -DCONFIG_BUF_LEN=65536 -DMAX_DOMAINS_F=21 -DMAX_HISTORY=25 -DNMM_NEST=0  -I. -traditional  cmfgkf.F  > cmfgkf.f90
gfortran -c -w -ffree-form -ffree-line-length-none -fconvert=big-endian -frecord-marker=4  cmfgkf.f90
rm -f -f cfftmb.f90
/lib/cpp -P -DEM_CORE=1 -DNMM_CORE=0 -DNMM_MAX_DIM=2600 -DCOAMPS_CORE=0 -DDA_CORE=0 -DEXP_CORE=0 -DIWORDSIZE=4 -DDWORDSIZE=8 -DRWORDSIZE=4 -DLWORDSIZE=4 -DNONSTANDARD_SYSTEM_SUBR  -DWRF_USE_CLM -DNO_IEEE_MODULE  -DNETCDF -DUSE_ALLOCATABLES -DGRIB1 -DINTIO -DKEEP_INT_AROUND -DLIMIT_ARGS -DCONFIG_BUF_LEN=65536 -DMAX_DOMAINS_F=21 -DMAX_HISTORY=25 -DNMM_NEST=0  -I. -traditional  cost1f.F  > cost1f.f90
gfortran -c -w -ffree-form -ffree-line-length-none -fconvert=big-endian -frecord-marker=4  cost1f.f90
rm -f -f cost1f.f90
/lib/cpp -P -DEM_CORE=1 -DNMM_CORE=0 -DNMM_MAX_DIM=2600 -DCOAMPS_CORE=0 -DDA_CORE=0 -DEXP_CORE=0 -DIWORDSIZE=4 -DDWORDSIZE=8 -DRWORDSIZE=4 -DLWORDSIZE=4 -DNONSTANDARD_SYSTEM_SUBR  -DWRF_USE_CLM -DNO_IEEE_MODULE  -DNETCDF -DUSE_ALLOCATABLES -DGRIB1 -DINTIO -DKEEP_INT_AROUND -DLIMIT_ARGS -DCONFIG_BUF_LEN=65536 -DMAX_DOMAINS_F=21 -DMAX_HISTORY=25 -DNMM_NEST=0  -I. -traditional  d1f4kf.F  > d1f4kf.f90
gfortran -c -w -ffree-form -ffree-line-length-none -fconvert=big-endian -frecord-marker=4  d1f4kf.f90
rm -f -f cmfgkf.f90
/lib/cpp -P -DEM_CORE=1 -DNMM_CORE=0 -DNMM_MAX_DIM=2600 -DCOAMPS_CORE=0 -DDA_CORE=0 -DEXP_CORE=0 -DIWORDSIZE=4 -DDWORDSIZE=8 -DRWORDSIZE=4 -DLWORDSIZE=4 -DNONSTANDARD_SYSTEM_SUBR  -DWRF_USE_CLM -DNO_IEEE_MODULE  -DNETCDF -DUSE_ALLOCATABLES -DGRIB1 -DINTIO -DKEEP_INT_AROUND -DLIMIT_ARGS -DCONFIG_BUF_LEN=65536 -DMAX_DOMAINS_F=21 -DMAX_HISTORY=25 -DNMM_NEST=0  -I. -traditional  dcost1i.F  > dcost1i.f90
gfortran -c -w -ffree-form -ffree-line-length-none -fconvert=big-endian -frecord-marker=4  dcost1i.f90
rm -f -f dcost1i.f90
rm -f -f d1f4kf.f90
/lib/cpp -P -DEM_CORE=1 -DNMM_CORE=0 -DNMM_MAX_DIM=2600 -DCOAMPS_CORE=0 -DDA_CORE=0 -DEXP_CORE=0 -DIWORDSIZE=4 -DDWORDSIZE=8 -DRWORDSIZE=4 -DLWORDSIZE=4 -DNONSTANDARD_SYSTEM_SUBR  -DWRF_USE_CLM -DNO_IEEE_MODULE  -DNETCDF -DUSE_ALLOCATABLES -DGRIB1 -DINTIO -DKEEP_INT_AROUND -DLIMIT_ARGS -DCONFIG_BUF_LEN=65536 -DMAX_DOMAINS_F=21 -DMAX_HISTORY=25 -DNMM_NEST=0  -I. -traditional  dsintb1.F  > dsintb1.f90
/lib/cpp -P -DEM_CORE=1 -DNMM_CORE=0 -DNMM_MAX_DIM=2600 -DCOAMPS_CORE=0 -DDA_CORE=0 -DEXP_CORE=0 -DIWORDSIZE=4 -DDWORDSIZE=8 -DRWORDSIZE=4 -DLWORDSIZE=4 -DNONSTANDARD_SYSTEM_SUBR  -DWRF_USE_CLM -DNO_IEEE_MODULE  -DNETCDF -DUSE_ALLOCATABLES -DGRIB1 -DINTIO -DKEEP_INT_AROUND -DLIMIT_ARGS -DCONFIG_BUF_LEN=65536 -DMAX_DOMAINS_F=21 -DMAX_HISTORY=25 -DNMM_NEST=0  -I. -traditional  mradf3.F  > mradf3.f90
gfortran -c -w -ffree-form -ffree-line-length-none -fconvert=big-endian -frecord-marker=4  dsintb1.f90
gfortran -c -w -ffree-form -ffree-line-length-none -fconvert=big-endian -frecord-marker=4  mradf3.f90
rm -f -f dsintb1.f90
/lib/cpp -P -DEM_CORE=1 -DNMM_CORE=0 -DNMM_MAX_DIM=2600 -DCOAMPS_CORE=0 -DDA_CORE=0 -DEXP_CORE=0 -DIWORDSIZE=4 -DDWORDSIZE=8 -DRWORDSIZE=4 -DLWORDSIZE=4 -DNONSTANDARD_SYSTEM_SUBR  -DWRF_USE_CLM -DNO_IEEE_MODULE  -DNETCDF -DUSE_ALLOCATABLES -DGRIB1 -DINTIO -DKEEP_INT_AROUND -DLIMIT_ARGS -DCONFIG_BUF_LEN=65536 -DMAX_DOMAINS_F=21 -DMAX_HISTORY=25 -DNMM_NEST=0  -I. -traditional  r1f3kf.F  > r1f3kf.f90
rm -f -f mradf3.f90
gfortran -c -w -ffree-form -ffree-line-length-none -fconvert=big-endian -frecord-marker=4  r1f3kf.f90
/lib/cpp -P -DEM_CORE=1 -DNMM_CORE=0 -DNMM_MAX_DIM=2600 -DCOAMPS_CORE=0 -DDA_CORE=0 -DEXP_CORE=0 -DIWORDSIZE=4 -DDWORDSIZE=8 -DRWORDSIZE=4 -DLWORDSIZE=4 -DNONSTANDARD_SYSTEM_SUBR  -DWRF_USE_CLM -DNO_IEEE_MODULE  -DNETCDF -DUSE_ALLOCATABLES -DGRIB1 -DINTIO -DKEEP_INT_AROUND -DLIMIT_ARGS -DCONFIG_BUF_LEN=65536 -DMAX_DOMAINS_F=21 -DMAX_HISTORY=25 -DNMM_NEST=0  -I. -traditional  r8_tables.F  > r8_tables.f90
gfortran -c -w -ffree-form -ffree-line-length-none -fconvert=big-endian -frecord-marker=4  r8_tables.f90
rm -f -f r8_tables.f90
/lib/cpp -P -DEM_CORE=1 -DNMM_CORE=0 -DNMM_MAX_DIM=2600 -DCOAMPS_CORE=0 -DDA_CORE=0 -DEXP_CORE=0 -DIWORDSIZE=4 -DDWORDSIZE=8 -DRWORDSIZE=4 -DLWORDSIZE=4 -DNONSTANDARD_SYSTEM_SUBR  -DWRF_USE_CLM -DNO_IEEE_MODULE  -DNETCDF -DUSE_ALLOCATABLES -DGRIB1 -DINTIO -DKEEP_INT_AROUND -DLIMIT_ARGS -DCONFIG_BUF_LEN=65536 -DMAX_DOMAINS_F=21 -DMAX_HISTORY=25 -DNMM_NEST=0  -I. -traditional  rfftmi.F  > rfftmi.f90
rm -f -f r1f3kf.f90
/lib/cpp -P -DEM_CORE=1 -DNMM_CORE=0 -DNMM_MAX_DIM=2600 -DCOAMPS_CORE=0 -DDA_CORE=0 -DEXP_CORE=0 -DIWORDSIZE=4 -DDWORDSIZE=8 -DRWORDSIZE=4 -DLWORDSIZE=4 -DNONSTANDARD_SYSTEM_SUBR  -DWRF_USE_CLM -DNO_IEEE_MODULE  -DNETCDF -DUSE_ALLOCATABLES -DGRIB1 -DINTIO -DKEEP_INT_AROUND -DLIMIT_ARGS -DCONFIG_BUF_LEN=65536 -DMAX_DOMAINS_F=21 -DMAX_HISTORY=25 -DNMM_NEST=0  -I. -traditional  sintmb.F  > sintmb.f90
gfortran -c -w -ffree-form -ffree-line-length-none -fconvert=big-endian -frecord-marker=4  rfftmi.f90
gfortran -c -w -ffree-form -ffree-line-length-none -fconvert=big-endian -frecord-marker=4  sintmb.f90
rm -f -f rfftmi.f90
/lib/cpp -P -DEM_CORE=1 -DNMM_CORE=0 -DNMM_MAX_DIM=2600 -DCOAMPS_CORE=0 -DDA_CORE=0 -DEXP_CORE=0 -DIWORDSIZE=4 -DDWORDSIZE=8 -DRWORDSIZE=4 -DLWORDSIZE=4 -DNONSTANDARD_SYSTEM_SUBR  -DWRF_USE_CLM -DNO_IEEE_MODULE  -DNETCDF -DUSE_ALLOCATABLES -DGRIB1 -DINTIO -DKEEP_INT_AROUND -DLIMIT_ARGS -DCONFIG_BUF_LEN=65536 -DMAX_DOMAINS_F=21 -DMAX_HISTORY=25 -DNMM_NEST=0  -I. -traditional  z1f5kf.F  > z1f5kf.f90
rm -f -f sintmb.f90
/lib/cpp -P -DEM_CORE=1 -DNMM_CORE=0 -DNMM_MAX_DIM=2600 -DCOAMPS_CORE=0 -DDA_CORE=0 -DEXP_CORE=0 -DIWORDSIZE=4 -DDWORDSIZE=8 -DRWORDSIZE=4 -DLWORDSIZE=4 -DNONSTANDARD_SYSTEM_SUBR  -DWRF_USE_CLM -DNO_IEEE_MODULE  -DNETCDF -DUSE_ALLOCATABLES -DGRIB1 -DINTIO -DKEEP_INT_AROUND -DLIMIT_ARGS -DCONFIG_BUF_LEN=65536 -DMAX_DOMAINS_F=21 -DMAX_HISTORY=25 -DNMM_NEST=0  -I. -traditional  zfftmf.F  > zfftmf.f90
gfortran -c -w -ffree-form -ffree-line-length-none -fconvert=big-endian -frecord-marker=4  z1f5kf.f90
gfortran -c -w -ffree-form -ffree-line-length-none -fconvert=big-endian -frecord-marker=4  zfftmf.f90
rm -f -f zfftmf.f90
/lib/cpp -P -DEM_CORE=1 -DNMM_CORE=0 -DNMM_MAX_DIM=2600 -DCOAMPS_CORE=0 -DDA_CORE=0 -DEXP_CORE=0 -DIWORDSIZE=4 -DDWORDSIZE=8 -DRWORDSIZE=4 -DLWORDSIZE=4 -DNONSTANDARD_SYSTEM_SUBR  -DWRF_USE_CLM -DNO_IEEE_MODULE  -DNETCDF -DUSE_ALLOCATABLES -DGRIB1 -DINTIO -DKEEP_INT_AROUND -DLIMIT_ARGS -DCONFIG_BUF_LEN=65536 -DMAX_DOMAINS_F=21 -DMAX_HISTORY=25 -DNMM_NEST=0  -I. -traditional  zmfm1b.F  > zmfm1b.f90
rm -f -f z1f5kf.f90
gfortran -c -w -ffree-form -ffree-line-length-none -fconvert=big-endian -frecord-marker=4  zmfm1b.f90
/lib/cpp -P -DEM_CORE=1 -DNMM_CORE=0 -DNMM_MAX_DIM=2600 -DCOAMPS_CORE=0 -DDA_CORE=0 -DEXP_CORE=0 -DIWORDSIZE=4 -DDWORDSIZE=8 -DRWORDSIZE=4 -DLWORDSIZE=4 -DNONSTANDARD_SYSTEM_SUBR  -DWRF_USE_CLM -DNO_IEEE_MODULE  -DNETCDF -DUSE_ALLOCATABLES -DGRIB1 -DINTIO -DKEEP_INT_AROUND -DLIMIT_ARGS -DCONFIG_BUF_LEN=65536 -DMAX_DOMAINS_F=21 -DMAX_HISTORY=25 -DNMM_NEST=0  -I. -traditional  c1f5kf.F  > c1f5kf.f90
gfortran -c -w -ffree-form -ffree-line-length-none -fconvert=big-endian -frecord-marker=4  c1f5kf.f90
rm -f -f zmfm1b.f90
/lib/cpp -P -DEM_CORE=1 -DNMM_CORE=0 -DNMM_MAX_DIM=2600 -DCOAMPS_CORE=0 -DDA_CORE=0 -DEXP_CORE=0 -DIWORDSIZE=4 -DDWORDSIZE=8 -DRWORDSIZE=4 -DLWORDSIZE=4 -DNONSTANDARD_SYSTEM_SUBR  -DWRF_USE_CLM -DNO_IEEE_MODULE  -DNETCDF -DUSE_ALLOCATABLES -DGRIB1 -DINTIO -DKEEP_INT_AROUND -DLIMIT_ARGS -DCONFIG_BUF_LEN=65536 -DMAX_DOMAINS_F=21 -DMAX_HISTORY=25 -DNMM_NEST=0  -I. -traditional  cfftmf.F  > cfftmf.f90
gfortran -c -w -ffree-form -ffree-line-length-none -fconvert=big-endian -frecord-marker=4  cfftmf.f90
rm -f -f c1f5kf.f90
/lib/cpp -P -DEM_CORE=1 -DNMM_CORE=0 -DNMM_MAX_DIM=2600 -DCOAMPS_CORE=0 -DDA_CORE=0 -DEXP_CORE=0 -DIWORDSIZE=4 -DDWORDSIZE=8 -DRWORDSIZE=4 -DLWORDSIZE=4 -DNONSTANDARD_SYSTEM_SUBR  -DWRF_USE_CLM -DNO_IEEE_MODULE  -DNETCDF -DUSE_ALLOCATABLES -DGRIB1 -DINTIO -DKEEP_INT_AROUND -DLIMIT_ARGS -DCONFIG_BUF_LEN=65536 -DMAX_DOMAINS_F=21 -DMAX_HISTORY=25 -DNMM_NEST=0  -I. -traditional  cmfm1b.F  > cmfm1b.f90
rm -f -f cfftmf.f90
/lib/cpp -P -DEM_CORE=1 -DNMM_CORE=0 -DNMM_MAX_DIM=2600 -DCOAMPS_CORE=0 -DDA_CORE=0 -DEXP_CORE=0 -DIWORDSIZE=4 -DDWORDSIZE=8 -DRWORDSIZE=4 -DLWORDSIZE=4 -DNONSTANDARD_SYSTEM_SUBR  -DWRF_USE_CLM -DNO_IEEE_MODULE  -DNETCDF -DUSE_ALLOCATABLES -DGRIB1 -DINTIO -DKEEP_INT_AROUND -DLIMIT_ARGS -DCONFIG_BUF_LEN=65536 -DMAX_DOMAINS_F=21 -DMAX_HISTORY=25 -DNMM_NEST=0  -I. -traditional  cost1i.F  > cost1i.f90
gfortran -c -w -ffree-form -ffree-line-length-none -fconvert=big-endian -frecord-marker=4  cmfm1b.f90
gfortran -c -w -ffree-form -ffree-line-length-none -fconvert=big-endian -frecord-marker=4  cost1i.f90
rm -f -f cmfm1b.f90
rm -f -f cost1i.f90
/lib/cpp -P -DEM_CORE=1 -DNMM_CORE=0 -DNMM_MAX_DIM=2600 -DCOAMPS_CORE=0 -DDA_CORE=0 -DEXP_CORE=0 -DIWORDSIZE=4 -DDWORDSIZE=8 -DRWORDSIZE=4 -DLWORDSIZE=4 -DNONSTANDARD_SYSTEM_SUBR  -DWRF_USE_CLM -DNO_IEEE_MODULE  -DNETCDF -DUSE_ALLOCATABLES -DGRIB1 -DINTIO -DKEEP_INT_AROUND -DLIMIT_ARGS -DCONFIG_BUF_LEN=65536 -DMAX_DOMAINS_F=21 -DMAX_HISTORY=25 -DNMM_NEST=0  -I. -traditional  d1f5kb.F  > d1f5kb.f90
/lib/cpp -P -DEM_CORE=1 -DNMM_CORE=0 -DNMM_MAX_DIM=2600 -DCOAMPS_CORE=0 -DDA_CORE=0 -DEXP_CORE=0 -DIWORDSIZE=4 -DDWORDSIZE=8 -DRWORDSIZE=4 -DLWORDSIZE=4 -DNONSTANDARD_SYSTEM_SUBR  -DWRF_USE_CLM -DNO_IEEE_MODULE  -DNETCDF -DUSE_ALLOCATABLES -DGRIB1 -DINTIO -DKEEP_INT_AROUND -DLIMIT_ARGS -DCONFIG_BUF_LEN=65536 -DMAX_DOMAINS_F=21 -DMAX_HISTORY=25 -DNMM_NEST=0  -I. -traditional  dcostb1.F  > dcostb1.f90
gfortran -c -w -ffree-form -ffree-line-length-none -fconvert=big-endian -frecord-marker=4  d1f5kb.f90
gfortran -c -w -ffree-form -ffree-line-length-none -fconvert=big-endian -frecord-marker=4  dcostb1.f90
rm -f -f dcostb1.f90
/lib/cpp -P -DEM_CORE=1 -DNMM_CORE=0 -DNMM_MAX_DIM=2600 -DCOAMPS_CORE=0 -DDA_CORE=0 -DEXP_CORE=0 -DIWORDSIZE=4 -DDWORDSIZE=8 -DRWORDSIZE=4 -DLWORDSIZE=4 -DNONSTANDARD_SYSTEM_SUBR  -DWRF_USE_CLM -DNO_IEEE_MODULE  -DNETCDF -DUSE_ALLOCATABLES -DGRIB1 -DINTIO -DKEEP_INT_AROUND -DLIMIT_ARGS -DCONFIG_BUF_LEN=65536 -DMAX_DOMAINS_F=21 -DMAX_HISTORY=25 -DNMM_NEST=0  -I. -traditional  dsintf1.F  > dsintf1.f90
gfortran -c -w -ffree-form -ffree-line-length-none -fconvert=big-endian -frecord-marker=4  dsintf1.f90
rm -f -f d1f5kb.f90
/lib/cpp -P -DEM_CORE=1 -DNMM_CORE=0 -DNMM_MAX_DIM=2600 -DCOAMPS_CORE=0 -DDA_CORE=0 -DEXP_CORE=0 -DIWORDSIZE=4 -DDWORDSIZE=8 -DRWORDSIZE=4 -DLWORDSIZE=4 -DNONSTANDARD_SYSTEM_SUBR  -DWRF_USE_CLM -DNO_IEEE_MODULE  -DNETCDF -DUSE_ALLOCATABLES -DGRIB1 -DINTIO -DKEEP_INT_AROUND -DLIMIT_ARGS -DCONFIG_BUF_LEN=65536 -DMAX_DOMAINS_F=21 -DMAX_HISTORY=25 -DNMM_NEST=0  -I. -traditional  mradf4.F  > mradf4.f90
gfortran -c -w -ffree-form -ffree-line-length-none -fconvert=big-endian -frecord-marker=4  mradf4.f90
rm -f -f dsintf1.f90
/lib/cpp -P -DEM_CORE=1 -DNMM_CORE=0 -DNMM_MAX_DIM=2600 -DCOAMPS_CORE=0 -DDA_CORE=0 -DEXP_CORE=0 -DIWORDSIZE=4 -DDWORDSIZE=8 -DRWORDSIZE=4 -DLWORDSIZE=4 -DNONSTANDARD_SYSTEM_SUBR  -DWRF_USE_CLM -DNO_IEEE_MODULE  -DNETCDF -DUSE_ALLOCATABLES -DGRIB1 -DINTIO -DKEEP_INT_AROUND -DLIMIT_ARGS -DCONFIG_BUF_LEN=65536 -DMAX_DOMAINS_F=21 -DMAX_HISTORY=25 -DNMM_NEST=0  -I. -traditional  r1f4kb.F  > r1f4kb.f90
gfortran -c -w -ffree-form -ffree-line-length-none -fconvert=big-endian -frecord-marker=4  r1f4kb.f90
rm -f -f mradf4.f90
/lib/cpp -P -DEM_CORE=1 -DNMM_CORE=0 -DNMM_MAX_DIM=2600 -DCOAMPS_CORE=0 -DDA_CORE=0 -DEXP_CORE=0 -DIWORDSIZE=4 -DDWORDSIZE=8 -DRWORDSIZE=4 -DLWORDSIZE=4 -DNONSTANDARD_SYSTEM_SUBR  -DWRF_USE_CLM -DNO_IEEE_MODULE  -DNETCDF -DUSE_ALLOCATABLES -DGRIB1 -DINTIO -DKEEP_INT_AROUND -DLIMIT_ARGS -DCONFIG_BUF_LEN=65536 -DMAX_DOMAINS_F=21 -DMAX_HISTORY=25 -DNMM_NEST=0  -I. -traditional  rfft1b.F  > rfft1b.f90
gfortran -c -w -ffree-form -ffree-line-length-none -fconvert=big-endian -frecord-marker=4  rfft1b.f90
rm -f -f r1f4kb.f90
/lib/cpp -P -DEM_CORE=1 -DNMM_CORE=0 -DNMM_MAX_DIM=2600 -DCOAMPS_CORE=0 -DDA_CORE=0 -DEXP_CORE=0 -DIWORDSIZE=4 -DDWORDSIZE=8 -DRWORDSIZE=4 -DLWORDSIZE=4 -DNONSTANDARD_SYSTEM_SUBR  -DWRF_USE_CLM -DNO_IEEE_MODULE  -DNETCDF -DUSE_ALLOCATABLES -DGRIB1 -DINTIO -DKEEP_INT_AROUND -DLIMIT_ARGS -DCONFIG_BUF_LEN=65536 -DMAX_DOMAINS_F=21 -DMAX_HISTORY=25 -DNMM_NEST=0  -I. -traditional  sinq1b.F  > sinq1b.f90
gfortran -c -w -ffree-form -ffree-line-length-none -fconvert=big-endian -frecord-marker=4  sinq1b.f90
rm -f -f rfft1b.f90
/lib/cpp -P -DEM_CORE=1 -DNMM_CORE=0 -DNMM_MAX_DIM=2600 -DCOAMPS_CORE=0 -DDA_CORE=0 -DEXP_CORE=0 -DIWORDSIZE=4 -DDWORDSIZE=8 -DRWORDSIZE=4 -DLWORDSIZE=4 -DNONSTANDARD_SYSTEM_SUBR  -DWRF_USE_CLM -DNO_IEEE_MODULE  -DNETCDF -DUSE_ALLOCATABLES -DGRIB1 -DINTIO -DKEEP_INT_AROUND -DLIMIT_ARGS -DCONFIG_BUF_LEN=65536 -DMAX_DOMAINS_F=21 -DMAX_HISTORY=25 -DNMM_NEST=0  -I. -traditional  sintmf.F  > sintmf.f90
gfortran -c -w -ffree-form -ffree-line-length-none -fconvert=big-endian -frecord-marker=4  sintmf.f90
rm -f -f sinq1b.f90
/lib/cpp -P -DEM_CORE=1 -DNMM_CORE=0 -DNMM_MAX_DIM=2600 -DCOAMPS_CORE=0 -DDA_CORE=0 -DEXP_CORE=0 -DIWORDSIZE=4 -DDWORDSIZE=8 -DRWORDSIZE=4 -DLWORDSIZE=4 -DNONSTANDARD_SYSTEM_SUBR  -DWRF_USE_CLM -DNO_IEEE_MODULE  -DNETCDF -DUSE_ALLOCATABLES -DGRIB1 -DINTIO -DKEEP_INT_AROUND -DLIMIT_ARGS -DCONFIG_BUF_LEN=65536 -DMAX_DOMAINS_F=21 -DMAX_HISTORY=25 -DNMM_NEST=0  -I. -traditional  z1fgkb.F  > z1fgkb.f90
gfortran -c -w -ffree-form -ffree-line-length-none -fconvert=big-endian -frecord-marker=4  z1fgkb.f90
rm -f -f sintmf.f90
/lib/cpp -P -DEM_CORE=1 -DNMM_CORE=0 -DNMM_MAX_DIM=2600 -DCOAMPS_CORE=0 -DDA_CORE=0 -DEXP_CORE=0 -DIWORDSIZE=4 -DDWORDSIZE=8 -DRWORDSIZE=4 -DLWORDSIZE=4 -DNONSTANDARD_SYSTEM_SUBR  -DWRF_USE_CLM -DNO_IEEE_MODULE  -DNETCDF -DUSE_ALLOCATABLES -DGRIB1 -DINTIO -DKEEP_INT_AROUND -DLIMIT_ARGS -DCONFIG_BUF_LEN=65536 -DMAX_DOMAINS_F=21 -DMAX_HISTORY=25 -DNMM_NEST=0  -I. -traditional  zfftmi.F  > zfftmi.f90
gfortran -c -w -ffree-form -ffree-line-length-none -fconvert=big-endian -frecord-marker=4  zfftmi.f90
rm -f -f z1fgkb.f90
/lib/cpp -P -DEM_CORE=1 -DNMM_CORE=0 -DNMM_MAX_DIM=2600 -DCOAMPS_CORE=0 -DDA_CORE=0 -DEXP_CORE=0 -DIWORDSIZE=4 -DDWORDSIZE=8 -DRWORDSIZE=4 -DLWORDSIZE=4 -DNONSTANDARD_SYSTEM_SUBR  -DWRF_USE_CLM -DNO_IEEE_MODULE  -DNETCDF -DUSE_ALLOCATABLES -DGRIB1 -DINTIO -DKEEP_INT_AROUND -DLIMIT_ARGS -DCONFIG_BUF_LEN=65536 -DMAX_DOMAINS_F=21 -DMAX_HISTORY=25 -DNMM_NEST=0  -I. -traditional  zmfm1f.F  > zmfm1f.f90
gfortran -c -w -ffree-form -ffree-line-length-none -fconvert=big-endian -frecord-marker=4  zmfm1f.f90
rm -f -f zfftmi.f90
/lib/cpp -P -DEM_CORE=1 -DNMM_CORE=0 -DNMM_MAX_DIM=2600 -DCOAMPS_CORE=0 -DDA_CORE=0 -DEXP_CORE=0 -DIWORDSIZE=4 -DDWORDSIZE=8 -DRWORDSIZE=4 -DLWORDSIZE=4 -DNONSTANDARD_SYSTEM_SUBR  -DWRF_USE_CLM -DNO_IEEE_MODULE  -DNETCDF -DUSE_ALLOCATABLES -DGRIB1 -DINTIO -DKEEP_INT_AROUND -DLIMIT_ARGS -DCONFIG_BUF_LEN=65536 -DMAX_DOMAINS_F=21 -DMAX_HISTORY=25 -DNMM_NEST=0  -I. -traditional  c1fgkb.F  > c1fgkb.f90
gfortran -c -w -ffree-form -ffree-line-length-none -fconvert=big-endian -frecord-marker=4  c1fgkb.f90
rm -f -f zmfm1f.f90
/lib/cpp -P -DEM_CORE=1 -DNMM_CORE=0 -DNMM_MAX_DIM=2600 -DCOAMPS_CORE=0 -DDA_CORE=0 -DEXP_CORE=0 -DIWORDSIZE=4 -DDWORDSIZE=8 -DRWORDSIZE=4 -DLWORDSIZE=4 -DNONSTANDARD_SYSTEM_SUBR  -DWRF_USE_CLM -DNO_IEEE_MODULE  -DNETCDF -DUSE_ALLOCATABLES -DGRIB1 -DINTIO -DKEEP_INT_AROUND -DLIMIT_ARGS -DCONFIG_BUF_LEN=65536 -DMAX_DOMAINS_F=21 -DMAX_HISTORY=25 -DNMM_NEST=0  -I. -traditional  cfftmi.F  > cfftmi.f90
gfortran -c -w -ffree-form -ffree-line-length-none -fconvert=big-endian -frecord-marker=4  cfftmi.f90
rm -f -f c1fgkb.f90
/lib/cpp -P -DEM_CORE=1 -DNMM_CORE=0 -DNMM_MAX_DIM=2600 -DCOAMPS_CORE=0 -DDA_CORE=0 -DEXP_CORE=0 -DIWORDSIZE=4 -DDWORDSIZE=8 -DRWORDSIZE=4 -DLWORDSIZE=4 -DNONSTANDARD_SYSTEM_SUBR  -DWRF_USE_CLM -DNO_IEEE_MODULE  -DNETCDF -DUSE_ALLOCATABLES -DGRIB1 -DINTIO -DKEEP_INT_AROUND -DLIMIT_ARGS -DCONFIG_BUF_LEN=65536 -DMAX_DOMAINS_F=21 -DMAX_HISTORY=25 -DNMM_NEST=0  -I. -traditional  cmfm1f.F  > cmfm1f.f90
rm -f -f cfftmi.f90
/lib/cpp -P -DEM_CORE=1 -DNMM_CORE=0 -DNMM_MAX_DIM=2600 -DCOAMPS_CORE=0 -DDA_CORE=0 -DEXP_CORE=0 -DIWORDSIZE=4 -DDWORDSIZE=8 -DRWORDSIZE=4 -DLWORDSIZE=4 -DNONSTANDARD_SYSTEM_SUBR  -DWRF_USE_CLM -DNO_IEEE_MODULE  -DNETCDF -DUSE_ALLOCATABLES -DGRIB1 -DINTIO -DKEEP_INT_AROUND -DLIMIT_ARGS -DCONFIG_BUF_LEN=65536 -DMAX_DOMAINS_F=21 -DMAX_HISTORY=25 -DNMM_NEST=0  -I. -traditional  costb1.F  > costb1.f90
gfortran -c -w -ffree-form -ffree-line-length-none -fconvert=big-endian -frecord-marker=4  cmfm1f.f90
gfortran -c -w -ffree-form -ffree-line-length-none -fconvert=big-endian -frecord-marker=4  costb1.f90
rm -f -f cmfm1f.f90
/lib/cpp -P -DEM_CORE=1 -DNMM_CORE=0 -DNMM_MAX_DIM=2600 -DCOAMPS_CORE=0 -DDA_CORE=0 -DEXP_CORE=0 -DIWORDSIZE=4 -DDWORDSIZE=8 -DRWORDSIZE=4 -DLWORDSIZE=4 -DNONSTANDARD_SYSTEM_SUBR  -DWRF_USE_CLM -DNO_IEEE_MODULE  -DNETCDF -DUSE_ALLOCATABLES -DGRIB1 -DINTIO -DKEEP_INT_AROUND -DLIMIT_ARGS -DCONFIG_BUF_LEN=65536 -DMAX_DOMAINS_F=21 -DMAX_HISTORY=25 -DNMM_NEST=0  -I. -traditional  d1f5kf.F  > d1f5kf.f90
rm -f -f costb1.f90
/lib/cpp -P -DEM_CORE=1 -DNMM_CORE=0 -DNMM_MAX_DIM=2600 -DCOAMPS_CORE=0 -DDA_CORE=0 -DEXP_CORE=0 -DIWORDSIZE=4 -DDWORDSIZE=8 -DRWORDSIZE=4 -DLWORDSIZE=4 -DNONSTANDARD_SYSTEM_SUBR  -DWRF_USE_CLM -DNO_IEEE_MODULE  -DNETCDF -DUSE_ALLOCATABLES -DGRIB1 -DINTIO -DKEEP_INT_AROUND -DLIMIT_ARGS -DCONFIG_BUF_LEN=65536 -DMAX_DOMAINS_F=21 -DMAX_HISTORY=25 -DNMM_NEST=0  -I. -traditional  dcostf1.F  > dcostf1.f90
gfortran -c -w -ffree-form -ffree-line-length-none -fconvert=big-endian -frecord-marker=4  d1f5kf.f90
gfortran -c -w -ffree-form -ffree-line-length-none -fconvert=big-endian -frecord-marker=4  dcostf1.f90
rm -f -f dcostf1.f90
/lib/cpp -P -DEM_CORE=1 -DNMM_CORE=0 -DNMM_MAX_DIM=2600 -DCOAMPS_CORE=0 -DDA_CORE=0 -DEXP_CORE=0 -DIWORDSIZE=4 -DDWORDSIZE=8 -DRWORDSIZE=4 -DLWORDSIZE=4 -DNONSTANDARD_SYSTEM_SUBR  -DWRF_USE_CLM -DNO_IEEE_MODULE  -DNETCDF -DUSE_ALLOCATABLES -DGRIB1 -DINTIO -DKEEP_INT_AROUND -DLIMIT_ARGS -DCONFIG_BUF_LEN=65536 -DMAX_DOMAINS_F=21 -DMAX_HISTORY=25 -DNMM_NEST=0  -I. -traditional  mcsqb1.F  > mcsqb1.f90
gfortran -c -w -ffree-form -ffree-line-length-none -fconvert=big-endian -frecord-marker=4  mcsqb1.f90
rm -f -f mcsqb1.f90
/lib/cpp -P -DEM_CORE=1 -DNMM_CORE=0 -DNMM_MAX_DIM=2600 -DCOAMPS_CORE=0 -DDA_CORE=0 -DEXP_CORE=0 -DIWORDSIZE=4 -DDWORDSIZE=8 -DRWORDSIZE=4 -DLWORDSIZE=4 -DNONSTANDARD_SYSTEM_SUBR  -DWRF_USE_CLM -DNO_IEEE_MODULE  -DNETCDF -DUSE_ALLOCATABLES -DGRIB1 -DINTIO -DKEEP_INT_AROUND -DLIMIT_ARGS -DCONFIG_BUF_LEN=65536 -DMAX_DOMAINS_F=21 -DMAX_HISTORY=25 -DNMM_NEST=0  -I. -traditional  mradf5.F  > mradf5.f90
rm -f -f d1f5kf.f90
/lib/cpp -P -DEM_CORE=1 -DNMM_CORE=0 -DNMM_MAX_DIM=2600 -DCOAMPS_CORE=0 -DDA_CORE=0 -DEXP_CORE=0 -DIWORDSIZE=4 -DDWORDSIZE=8 -DRWORDSIZE=4 -DLWORDSIZE=4 -DNONSTANDARD_SYSTEM_SUBR  -DWRF_USE_CLM -DNO_IEEE_MODULE  -DNETCDF -DUSE_ALLOCATABLES -DGRIB1 -DINTIO -DKEEP_INT_AROUND -DLIMIT_ARGS -DCONFIG_BUF_LEN=65536 -DMAX_DOMAINS_F=21 -DMAX_HISTORY=25 -DNMM_NEST=0  -I. -traditional  r1f4kf.F  > r1f4kf.f90
gfortran -c -w -ffree-form -ffree-line-length-none -fconvert=big-endian -frecord-marker=4  mradf5.f90
gfortran -c -w -ffree-form -ffree-line-length-none -fconvert=big-endian -frecord-marker=4  r1f4kf.f90
rm -f -f r1f4kf.f90
/lib/cpp -P -DEM_CORE=1 -DNMM_CORE=0 -DNMM_MAX_DIM=2600 -DCOAMPS_CORE=0 -DDA_CORE=0 -DEXP_CORE=0 -DIWORDSIZE=4 -DDWORDSIZE=8 -DRWORDSIZE=4 -DLWORDSIZE=4 -DNONSTANDARD_SYSTEM_SUBR  -DWRF_USE_CLM -DNO_IEEE_MODULE  -DNETCDF -DUSE_ALLOCATABLES -DGRIB1 -DINTIO -DKEEP_INT_AROUND -DLIMIT_ARGS -DCONFIG_BUF_LEN=65536 -DMAX_DOMAINS_F=21 -DMAX_HISTORY=25 -DNMM_NEST=0  -I. -traditional  rfft1f.F  > rfft1f.f90
rm -f -f mradf5.f90
/lib/cpp -P -DEM_CORE=1 -DNMM_CORE=0 -DNMM_MAX_DIM=2600 -DCOAMPS_CORE=0 -DDA_CORE=0 -DEXP_CORE=0 -DIWORDSIZE=4 -DDWORDSIZE=8 -DRWORDSIZE=4 -DLWORDSIZE=4 -DNONSTANDARD_SYSTEM_SUBR  -DWRF_USE_CLM -DNO_IEEE_MODULE  -DNETCDF -DUSE_ALLOCATABLES -DGRIB1 -DINTIO -DKEEP_INT_AROUND -DLIMIT_ARGS -DCONFIG_BUF_LEN=65536 -DMAX_DOMAINS_F=21 -DMAX_HISTORY=25 -DNMM_NEST=0  -I. -traditional  sinq1f.F  > sinq1f.f90
gfortran -c -w -ffree-form -ffree-line-length-none -fconvert=big-endian -frecord-marker=4  rfft1f.f90
gfortran -c -w -ffree-form -ffree-line-length-none -fconvert=big-endian -frecord-marker=4  sinq1f.f90
rm -f -f rfft1f.f90
/lib/cpp -P -DEM_CORE=1 -DNMM_CORE=0 -DNMM_MAX_DIM=2600 -DCOAMPS_CORE=0 -DDA_CORE=0 -DEXP_CORE=0 -DIWORDSIZE=4 -DDWORDSIZE=8 -DRWORDSIZE=4 -DLWORDSIZE=4 -DNONSTANDARD_SYSTEM_SUBR  -DWRF_USE_CLM -DNO_IEEE_MODULE  -DNETCDF -DUSE_ALLOCATABLES -DGRIB1 -DINTIO -DKEEP_INT_AROUND -DLIMIT_ARGS -DCONFIG_BUF_LEN=65536 -DMAX_DOMAINS_F=21 -DMAX_HISTORY=25 -DNMM_NEST=0  -I. -traditional  sintmi.F  > sintmi.f90
gfortran -c -w -ffree-form -ffree-line-length-none -fconvert=big-endian -frecord-marker=4  sintmi.f90
rm -f -f sinq1f.f90
/lib/cpp -P -DEM_CORE=1 -DNMM_CORE=0 -DNMM_MAX_DIM=2600 -DCOAMPS_CORE=0 -DDA_CORE=0 -DEXP_CORE=0 -DIWORDSIZE=4 -DDWORDSIZE=8 -DRWORDSIZE=4 -DLWORDSIZE=4 -DNONSTANDARD_SYSTEM_SUBR  -DWRF_USE_CLM -DNO_IEEE_MODULE  -DNETCDF -DUSE_ALLOCATABLES -DGRIB1 -DINTIO -DKEEP_INT_AROUND -DLIMIT_ARGS -DCONFIG_BUF_LEN=65536 -DMAX_DOMAINS_F=21 -DMAX_HISTORY=25 -DNMM_NEST=0  -I. -traditional  z1fgkf.F  > z1fgkf.f90
gfortran -c -w -ffree-form -ffree-line-length-none -fconvert=big-endian -frecord-marker=4  z1fgkf.f90
rm -f -f sintmi.f90
/lib/cpp -P -DEM_CORE=1 -DNMM_CORE=0 -DNMM_MAX_DIM=2600 -DCOAMPS_CORE=0 -DDA_CORE=0 -DEXP_CORE=0 -DIWORDSIZE=4 -DDWORDSIZE=8 -DRWORDSIZE=4 -DLWORDSIZE=4 -DNONSTANDARD_SYSTEM_SUBR  -DWRF_USE_CLM -DNO_IEEE_MODULE  -DNETCDF -DUSE_ALLOCATABLES -DGRIB1 -DINTIO -DKEEP_INT_AROUND -DLIMIT_ARGS -DCONFIG_BUF_LEN=65536 -DMAX_DOMAINS_F=21 -DMAX_HISTORY=25 -DNMM_NEST=0  -I. -traditional  zmf2kb.F  > zmf2kb.f90
gfortran -c -w -ffree-form -ffree-line-length-none -fconvert=big-endian -frecord-marker=4  zmf2kb.f90
rm -f -f z1fgkf.f90
/lib/cpp -P -DEM_CORE=1 -DNMM_CORE=0 -DNMM_MAX_DIM=2600 -DCOAMPS_CORE=0 -DDA_CORE=0 -DEXP_CORE=0 -DIWORDSIZE=4 -DDWORDSIZE=8 -DRWORDSIZE=4 -DLWORDSIZE=4 -DNONSTANDARD_SYSTEM_SUBR  -DWRF_USE_CLM -DNO_IEEE_MODULE  -DNETCDF -DUSE_ALLOCATABLES -DGRIB1 -DINTIO -DKEEP_INT_AROUND -DLIMIT_ARGS -DCONFIG_BUF_LEN=65536 -DMAX_DOMAINS_F=21 -DMAX_HISTORY=25 -DNMM_NEST=0  -I. -traditional  c1fgkf.F  > c1fgkf.f90
gfortran -c -w -ffree-form -ffree-line-length-none -fconvert=big-endian -frecord-marker=4  c1fgkf.f90
rm -f -f zmf2kb.f90
/lib/cpp -P -DEM_CORE=1 -DNMM_CORE=0 -DNMM_MAX_DIM=2600 -DCOAMPS_CORE=0 -DDA_CORE=0 -DEXP_CORE=0 -DIWORDSIZE=4 -DDWORDSIZE=8 -DRWORDSIZE=4 -DLWORDSIZE=4 -DNONSTANDARD_SYSTEM_SUBR  -DWRF_USE_CLM -DNO_IEEE_MODULE  -DNETCDF -DUSE_ALLOCATABLES -DGRIB1 -DINTIO -DKEEP_INT_AROUND -DLIMIT_ARGS -DCONFIG_BUF_LEN=65536 -DMAX_DOMAINS_F=21 -DMAX_HISTORY=25 -DNMM_NEST=0  -I. -traditional  cmf2kb.F  > cmf2kb.f90
gfortran -c -w -ffree-form -ffree-line-length-none -fconvert=big-endian -frecord-marker=4  cmf2kb.f90
rm -f -f cmf2kb.f90
rm -f -f c1fgkf.f90
/lib/cpp -P -DEM_CORE=1 -DNMM_CORE=0 -DNMM_MAX_DIM=2600 -DCOAMPS_CORE=0 -DDA_CORE=0 -DEXP_CORE=0 -DIWORDSIZE=4 -DDWORDSIZE=8 -DRWORDSIZE=4 -DLWORDSIZE=4 -DNONSTANDARD_SYSTEM_SUBR  -DWRF_USE_CLM -DNO_IEEE_MODULE  -DNETCDF -DUSE_ALLOCATABLES -DGRIB1 -DINTIO -DKEEP_INT_AROUND -DLIMIT_ARGS -DCONFIG_BUF_LEN=65536 -DMAX_DOMAINS_F=21 -DMAX_HISTORY=25 -DNMM_NEST=0  -I. -traditional  cosq1b.F  > cosq1b.f90
/lib/cpp -P -DEM_CORE=1 -DNMM_CORE=0 -DNMM_MAX_DIM=2600 -DCOAMPS_CORE=0 -DDA_CORE=0 -DEXP_CORE=0 -DIWORDSIZE=4 -DDWORDSIZE=8 -DRWORDSIZE=4 -DLWORDSIZE=4 -DNONSTANDARD_SYSTEM_SUBR  -DWRF_USE_CLM -DNO_IEEE_MODULE  -DNETCDF -DUSE_ALLOCATABLES -DGRIB1 -DINTIO -DKEEP_INT_AROUND -DLIMIT_ARGS -DCONFIG_BUF_LEN=65536 -DMAX_DOMAINS_F=21 -DMAX_HISTORY=25 -DNMM_NEST=0  -I. -traditional  costf1.F  > costf1.f90
gfortran -c -w -ffree-form -ffree-line-length-none -fconvert=big-endian -frecord-marker=4  cosq1b.f90
gfortran -c -w -ffree-form -ffree-line-length-none -fconvert=big-endian -frecord-marker=4  costf1.f90
rm -f -f cosq1b.f90
/lib/cpp -P -DEM_CORE=1 -DNMM_CORE=0 -DNMM_MAX_DIM=2600 -DCOAMPS_CORE=0 -DDA_CORE=0 -DEXP_CORE=0 -DIWORDSIZE=4 -DDWORDSIZE=8 -DRWORDSIZE=4 -DLWORDSIZE=4 -DNONSTANDARD_SYSTEM_SUBR  -DWRF_USE_CLM -DNO_IEEE_MODULE  -DNETCDF -DUSE_ALLOCATABLES -DGRIB1 -DINTIO -DKEEP_INT_AROUND -DLIMIT_ARGS -DCONFIG_BUF_LEN=65536 -DMAX_DOMAINS_F=21 -DMAX_HISTORY=25 -DNMM_NEST=0  -I. -traditional  d1fgkb.F  > d1fgkb.f90
rm -f -f costf1.f90
/lib/cpp -P -DEM_CORE=1 -DNMM_CORE=0 -DNMM_MAX_DIM=2600 -DCOAMPS_CORE=0 -DDA_CORE=0 -DEXP_CORE=0 -DIWORDSIZE=4 -DDWORDSIZE=8 -DRWORDSIZE=4 -DLWORDSIZE=4 -DNONSTANDARD_SYSTEM_SUBR  -DWRF_USE_CLM -DNO_IEEE_MODULE  -DNETCDF -DUSE_ALLOCATABLES -DGRIB1 -DINTIO -DKEEP_INT_AROUND -DLIMIT_ARGS -DCONFIG_BUF_LEN=65536 -DMAX_DOMAINS_F=21 -DMAX_HISTORY=25 -DNMM_NEST=0  -I. -traditional  dfft1b.F  > dfft1b.f90
gfortran -c -w -ffree-form -ffree-line-length-none -fconvert=big-endian -frecord-marker=4  d1fgkb.f90
gfortran -c -w -ffree-form -ffree-line-length-none -fconvert=big-endian -frecord-marker=4  dfft1b.f90
rm -f -f dfft1b.f90
/lib/cpp -P -DEM_CORE=1 -DNMM_CORE=0 -DNMM_MAX_DIM=2600 -DCOAMPS_CORE=0 -DDA_CORE=0 -DEXP_CORE=0 -DIWORDSIZE=4 -DDWORDSIZE=8 -DRWORDSIZE=4 -DLWORDSIZE=4 -DNONSTANDARD_SYSTEM_SUBR  -DWRF_USE_CLM -DNO_IEEE_MODULE  -DNETCDF -DUSE_ALLOCATABLES -DGRIB1 -DINTIO -DKEEP_INT_AROUND -DLIMIT_ARGS -DCONFIG_BUF_LEN=65536 -DMAX_DOMAINS_F=21 -DMAX_HISTORY=25 -DNMM_NEST=0  -I. -traditional  mcsqf1.F  > mcsqf1.f90
gfortran -c -w -ffree-form -ffree-line-length-none -fconvert=big-endian -frecord-marker=4  mcsqf1.f90
rm -f -f d1fgkb.f90
/lib/cpp -P -DEM_CORE=1 -DNMM_CORE=0 -DNMM_MAX_DIM=2600 -DCOAMPS_CORE=0 -DDA_CORE=0 -DEXP_CORE=0 -DIWORDSIZE=4 -DDWORDSIZE=8 -DRWORDSIZE=4 -DLWORDSIZE=4 -DNONSTANDARD_SYSTEM_SUBR  -DWRF_USE_CLM -DNO_IEEE_MODULE  -DNETCDF -DUSE_ALLOCATABLES -DGRIB1 -DINTIO -DKEEP_INT_AROUND -DLIMIT_ARGS -DCONFIG_BUF_LEN=65536 -DMAX_DOMAINS_F=21 -DMAX_HISTORY=25 -DNMM_NEST=0  -I. -traditional  mradfg.F  > mradfg.f90
gfortran -c -w -ffree-form -ffree-line-length-none -fconvert=big-endian -frecord-marker=4  mradfg.f90
rm -f -f mcsqf1.f90
/lib/cpp -P -DEM_CORE=1 -DNMM_CORE=0 -DNMM_MAX_DIM=2600 -DCOAMPS_CORE=0 -DDA_CORE=0 -DEXP_CORE=0 -DIWORDSIZE=4 -DDWORDSIZE=8 -DRWORDSIZE=4 -DLWORDSIZE=4 -DNONSTANDARD_SYSTEM_SUBR  -DWRF_USE_CLM -DNO_IEEE_MODULE  -DNETCDF -DUSE_ALLOCATABLES -DGRIB1 -DINTIO -DKEEP_INT_AROUND -DLIMIT_ARGS -DCONFIG_BUF_LEN=65536 -DMAX_DOMAINS_F=21 -DMAX_HISTORY=25 -DNMM_NEST=0  -I. -traditional  r1f5kb.F  > r1f5kb.f90
gfortran -c -w -ffree-form -ffree-line-length-none -fconvert=big-endian -frecord-marker=4  r1f5kb.f90
rm -f -f mradfg.f90
/lib/cpp -P -DEM_CORE=1 -DNMM_CORE=0 -DNMM_MAX_DIM=2600 -DCOAMPS_CORE=0 -DDA_CORE=0 -DEXP_CORE=0 -DIWORDSIZE=4 -DDWORDSIZE=8 -DRWORDSIZE=4 -DLWORDSIZE=4 -DNONSTANDARD_SYSTEM_SUBR  -DWRF_USE_CLM -DNO_IEEE_MODULE  -DNETCDF -DUSE_ALLOCATABLES -DGRIB1 -DINTIO -DKEEP_INT_AROUND -DLIMIT_ARGS -DCONFIG_BUF_LEN=65536 -DMAX_DOMAINS_F=21 -DMAX_HISTORY=25 -DNMM_NEST=0  -I. -traditional  rfft1i.F  > rfft1i.f90
gfortran -c -w -ffree-form -ffree-line-length-none -fconvert=big-endian -frecord-marker=4  rfft1i.f90
rm -f -f r1f5kb.f90
/lib/cpp -P -DEM_CORE=1 -DNMM_CORE=0 -DNMM_MAX_DIM=2600 -DCOAMPS_CORE=0 -DDA_CORE=0 -DEXP_CORE=0 -DIWORDSIZE=4 -DDWORDSIZE=8 -DRWORDSIZE=4 -DLWORDSIZE=4 -DNONSTANDARD_SYSTEM_SUBR  -DWRF_USE_CLM -DNO_IEEE_MODULE  -DNETCDF -DUSE_ALLOCATABLES -DGRIB1 -DINTIO -DKEEP_INT_AROUND -DLIMIT_ARGS -DCONFIG_BUF_LEN=65536 -DMAX_DOMAINS_F=21 -DMAX_HISTORY=25 -DNMM_NEST=0  -I. -traditional  sinq1i.F  > sinq1i.f90
rm -f -f rfft1i.f90
gfortran -c -w -ffree-form -ffree-line-length-none -fconvert=big-endian -frecord-marker=4  sinq1i.f90
/lib/cpp -P -DEM_CORE=1 -DNMM_CORE=0 -DNMM_MAX_DIM=2600 -DCOAMPS_CORE=0 -DDA_CORE=0 -DEXP_CORE=0 -DIWORDSIZE=4 -DDWORDSIZE=8 -DRWORDSIZE=4 -DLWORDSIZE=4 -DNONSTANDARD_SYSTEM_SUBR  -DWRF_USE_CLM -DNO_IEEE_MODULE  -DNETCDF -DUSE_ALLOCATABLES -DGRIB1 -DINTIO -DKEEP_INT_AROUND -DLIMIT_ARGS -DCONFIG_BUF_LEN=65536 -DMAX_DOMAINS_F=21 -DMAX_HISTORY=25 -DNMM_NEST=0  -I. -traditional  xercon.F  > xercon.f90
gfortran -c -w -ffree-form -ffree-line-length-none -fconvert=big-endian -frecord-marker=4  xercon.f90
rm -f -f sinq1i.f90
/lib/cpp -P -DEM_CORE=1 -DNMM_CORE=0 -DNMM_MAX_DIM=2600 -DCOAMPS_CORE=0 -DDA_CORE=0 -DEXP_CORE=0 -DIWORDSIZE=4 -DDWORDSIZE=8 -DRWORDSIZE=4 -DLWORDSIZE=4 -DNONSTANDARD_SYSTEM_SUBR  -DWRF_USE_CLM -DNO_IEEE_MODULE  -DNETCDF -DUSE_ALLOCATABLES -DGRIB1 -DINTIO -DKEEP_INT_AROUND -DLIMIT_ARGS -DCONFIG_BUF_LEN=65536 -DMAX_DOMAINS_F=21 -DMAX_HISTORY=25 -DNMM_NEST=0  -I. -traditional  z1fm1b.F  > z1fm1b.f90
rm -f -f xercon.f90
gfortran -c -w -ffree-form -ffree-line-length-none -fconvert=big-endian -frecord-marker=4  z1fm1b.f90
/lib/cpp -P -DEM_CORE=1 -DNMM_CORE=0 -DNMM_MAX_DIM=2600 -DCOAMPS_CORE=0 -DDA_CORE=0 -DEXP_CORE=0 -DIWORDSIZE=4 -DDWORDSIZE=8 -DRWORDSIZE=4 -DLWORDSIZE=4 -DNONSTANDARD_SYSTEM_SUBR  -DWRF_USE_CLM -DNO_IEEE_MODULE  -DNETCDF -DUSE_ALLOCATABLES -DGRIB1 -DINTIO -DKEEP_INT_AROUND -DLIMIT_ARGS -DCONFIG_BUF_LEN=65536 -DMAX_DOMAINS_F=21 -DMAX_HISTORY=25 -DNMM_NEST=0  -I. -traditional  zmf2kf.F  > zmf2kf.f90
gfortran -c -w -ffree-form -ffree-line-length-none -fconvert=big-endian -frecord-marker=4  zmf2kf.f90
rm -f -f z1fm1b.f90
/lib/cpp -P -DEM_CORE=1 -DNMM_CORE=0 -DNMM_MAX_DIM=2600 -DCOAMPS_CORE=0 -DDA_CORE=0 -DEXP_CORE=0 -DIWORDSIZE=4 -DDWORDSIZE=8 -DRWORDSIZE=4 -DLWORDSIZE=4 -DNONSTANDARD_SYSTEM_SUBR  -DWRF_USE_CLM -DNO_IEEE_MODULE  -DNETCDF -DUSE_ALLOCATABLES -DGRIB1 -DINTIO -DKEEP_INT_AROUND -DLIMIT_ARGS -DCONFIG_BUF_LEN=65536 -DMAX_DOMAINS_F=21 -DMAX_HISTORY=25 -DNMM_NEST=0  -I. -traditional  c1fm1b.F  > c1fm1b.f90
gfortran -c -w -ffree-form -ffree-line-length-none -fconvert=big-endian -frecord-marker=4  c1fm1b.f90
rm -f -f zmf2kf.f90
/lib/cpp -P -DEM_CORE=1 -DNMM_CORE=0 -DNMM_MAX_DIM=2600 -DCOAMPS_CORE=0 -DDA_CORE=0 -DEXP_CORE=0 -DIWORDSIZE=4 -DDWORDSIZE=8 -DRWORDSIZE=4 -DLWORDSIZE=4 -DNONSTANDARD_SYSTEM_SUBR  -DWRF_USE_CLM -DNO_IEEE_MODULE  -DNETCDF -DUSE_ALLOCATABLES -DGRIB1 -DINTIO -DKEEP_INT_AROUND -DLIMIT_ARGS -DCONFIG_BUF_LEN=65536 -DMAX_DOMAINS_F=21 -DMAX_HISTORY=25 -DNMM_NEST=0  -I. -traditional  cmf2kf.F  > cmf2kf.f90
gfortran -c -w -ffree-form -ffree-line-length-none -fconvert=big-endian -frecord-marker=4  cmf2kf.f90
rm -f -f c1fm1b.f90
/lib/cpp -P -DEM_CORE=1 -DNMM_CORE=0 -DNMM_MAX_DIM=2600 -DCOAMPS_CORE=0 -DDA_CORE=0 -DEXP_CORE=0 -DIWORDSIZE=4 -DDWORDSIZE=8 -DRWORDSIZE=4 -DLWORDSIZE=4 -DNONSTANDARD_SYSTEM_SUBR  -DWRF_USE_CLM -DNO_IEEE_MODULE  -DNETCDF -DUSE_ALLOCATABLES -DGRIB1 -DINTIO -DKEEP_INT_AROUND -DLIMIT_ARGS -DCONFIG_BUF_LEN=65536 -DMAX_DOMAINS_F=21 -DMAX_HISTORY=25 -DNMM_NEST=0  -I. -traditional  cosq1f.F  > cosq1f.f90
gfortran -c -w -ffree-form -ffree-line-length-none -fconvert=big-endian -frecord-marker=4  cosq1f.f90
rm -f -f cmf2kf.f90
rm -f -f cosq1f.f90
/lib/cpp -P -DEM_CORE=1 -DNMM_CORE=0 -DNMM_MAX_DIM=2600 -DCOAMPS_CORE=0 -DDA_CORE=0 -DEXP_CORE=0 -DIWORDSIZE=4 -DDWORDSIZE=8 -DRWORDSIZE=4 -DLWORDSIZE=4 -DNONSTANDARD_SYSTEM_SUBR  -DWRF_USE_CLM -DNO_IEEE_MODULE  -DNETCDF -DUSE_ALLOCATABLES -DGRIB1 -DINTIO -DKEEP_INT_AROUND -DLIMIT_ARGS -DCONFIG_BUF_LEN=65536 -DMAX_DOMAINS_F=21 -DMAX_HISTORY=25 -DNMM_NEST=0  -I. -traditional  costmb.F  > costmb.f90
/lib/cpp -P -DEM_CORE=1 -DNMM_CORE=0 -DNMM_MAX_DIM=2600 -DCOAMPS_CORE=0 -DDA_CORE=0 -DEXP_CORE=0 -DIWORDSIZE=4 -DDWORDSIZE=8 -DRWORDSIZE=4 -DLWORDSIZE=4 -DNONSTANDARD_SYSTEM_SUBR  -DWRF_USE_CLM -DNO_IEEE_MODULE  -DNETCDF -DUSE_ALLOCATABLES -DGRIB1 -DINTIO -DKEEP_INT_AROUND -DLIMIT_ARGS -DCONFIG_BUF_LEN=65536 -DMAX_DOMAINS_F=21 -DMAX_HISTORY=25 -DNMM_NEST=0  -I. -traditional  d1fgkf.F  > d1fgkf.f90
gfortran -c -w -ffree-form -ffree-line-length-none -fconvert=big-endian -frecord-marker=4  d1fgkf.f90
gfortran -c -w -ffree-form -ffree-line-length-none -fconvert=big-endian -frecord-marker=4  costmb.f90
rm -f -f costmb.f90
/lib/cpp -P -DEM_CORE=1 -DNMM_CORE=0 -DNMM_MAX_DIM=2600 -DCOAMPS_CORE=0 -DDA_CORE=0 -DEXP_CORE=0 -DIWORDSIZE=4 -DDWORDSIZE=8 -DRWORDSIZE=4 -DLWORDSIZE=4 -DNONSTANDARD_SYSTEM_SUBR  -DWRF_USE_CLM -DNO_IEEE_MODULE  -DNETCDF -DUSE_ALLOCATABLES -DGRIB1 -DINTIO -DKEEP_INT_AROUND -DLIMIT_ARGS -DCONFIG_BUF_LEN=65536 -DMAX_DOMAINS_F=21 -DMAX_HISTORY=25 -DNMM_NEST=0  -I. -traditional  dfft1f.F  > dfft1f.f90
gfortran -c -w -ffree-form -ffree-line-length-none -fconvert=big-endian -frecord-marker=4  dfft1f.f90
rm -f -f d1fgkf.f90
/lib/cpp -P -DEM_CORE=1 -DNMM_CORE=0 -DNMM_MAX_DIM=2600 -DCOAMPS_CORE=0 -DDA_CORE=0 -DEXP_CORE=0 -DIWORDSIZE=4 -DDWORDSIZE=8 -DRWORDSIZE=4 -DLWORDSIZE=4 -DNONSTANDARD_SYSTEM_SUBR  -DWRF_USE_CLM -DNO_IEEE_MODULE  -DNETCDF -DUSE_ALLOCATABLES -DGRIB1 -DINTIO -DKEEP_INT_AROUND -DLIMIT_ARGS -DCONFIG_BUF_LEN=65536 -DMAX_DOMAINS_F=21 -DMAX_HISTORY=25 -DNMM_NEST=0  -I. -traditional  mcstb1.F  > mcstb1.f90
gfortran -c -w -ffree-form -ffree-line-length-none -fconvert=big-endian -frecord-marker=4  mcstb1.f90
rm -f -f dfft1f.f90
/lib/cpp -P -DEM_CORE=1 -DNMM_CORE=0 -DNMM_MAX_DIM=2600 -DCOAMPS_CORE=0 -DDA_CORE=0 -DEXP_CORE=0 -DIWORDSIZE=4 -DDWORDSIZE=8 -DRWORDSIZE=4 -DLWORDSIZE=4 -DNONSTANDARD_SYSTEM_SUBR  -DWRF_USE_CLM -DNO_IEEE_MODULE  -DNETCDF -DUSE_ALLOCATABLES -DGRIB1 -DINTIO -DKEEP_INT_AROUND -DLIMIT_ARGS -DCONFIG_BUF_LEN=65536 -DMAX_DOMAINS_F=21 -DMAX_HISTORY=25 -DNMM_NEST=0  -I. -traditional  mrftb1.F  > mrftb1.f90
gfortran -c -w -ffree-form -ffree-line-length-none -fconvert=big-endian -frecord-marker=4  mrftb1.f90
rm -f -f mcstb1.f90
/lib/cpp -P -DEM_CORE=1 -DNMM_CORE=0 -DNMM_MAX_DIM=2600 -DCOAMPS_CORE=0 -DDA_CORE=0 -DEXP_CORE=0 -DIWORDSIZE=4 -DDWORDSIZE=8 -DRWORDSIZE=4 -DLWORDSIZE=4 -DNONSTANDARD_SYSTEM_SUBR  -DWRF_USE_CLM -DNO_IEEE_MODULE  -DNETCDF -DUSE_ALLOCATABLES -DGRIB1 -DINTIO -DKEEP_INT_AROUND -DLIMIT_ARGS -DCONFIG_BUF_LEN=65536 -DMAX_DOMAINS_F=21 -DMAX_HISTORY=25 -DNMM_NEST=0  -I. -traditional  r1f5kf.F  > r1f5kf.f90
rm -f -f mrftb1.f90
/lib/cpp -P -DEM_CORE=1 -DNMM_CORE=0 -DNMM_MAX_DIM=2600 -DCOAMPS_CORE=0 -DDA_CORE=0 -DEXP_CORE=0 -DIWORDSIZE=4 -DDWORDSIZE=8 -DRWORDSIZE=4 -DLWORDSIZE=4 -DNONSTANDARD_SYSTEM_SUBR  -DWRF_USE_CLM -DNO_IEEE_MODULE  -DNETCDF -DUSE_ALLOCATABLES -DGRIB1 -DINTIO -DKEEP_INT_AROUND -DLIMIT_ARGS -DCONFIG_BUF_LEN=65536 -DMAX_DOMAINS_F=21 -DMAX_HISTORY=25 -DNMM_NEST=0  -I. -traditional  rfft2b.F  > rfft2b.f90
gfortran -c -w -ffree-form -ffree-line-length-none -fconvert=big-endian -frecord-marker=4  r1f5kf.f90
gfortran -c -w -ffree-form -ffree-line-length-none -fconvert=big-endian -frecord-marker=4  rfft2b.f90
rm -f -f rfft2b.f90
/lib/cpp -P -DEM_CORE=1 -DNMM_CORE=0 -DNMM_MAX_DIM=2600 -DCOAMPS_CORE=0 -DDA_CORE=0 -DEXP_CORE=0 -DIWORDSIZE=4 -DDWORDSIZE=8 -DRWORDSIZE=4 -DLWORDSIZE=4 -DNONSTANDARD_SYSTEM_SUBR  -DWRF_USE_CLM -DNO_IEEE_MODULE  -DNETCDF -DUSE_ALLOCATABLES -DGRIB1 -DINTIO -DKEEP_INT_AROUND -DLIMIT_ARGS -DCONFIG_BUF_LEN=65536 -DMAX_DOMAINS_F=21 -DMAX_HISTORY=25 -DNMM_NEST=0  -I. -traditional  sinqmb.F  > sinqmb.f90
gfortran -c -w -ffree-form -ffree-line-length-none -fconvert=big-endian -frecord-marker=4  sinqmb.f90
rm -f -f sinqmb.f90
/lib/cpp -P -DEM_CORE=1 -DNMM_CORE=0 -DNMM_MAX_DIM=2600 -DCOAMPS_CORE=0 -DDA_CORE=0 -DEXP_CORE=0 -DIWORDSIZE=4 -DDWORDSIZE=8 -DRWORDSIZE=4 -DLWORDSIZE=4 -DNONSTANDARD_SYSTEM_SUBR  -DWRF_USE_CLM -DNO_IEEE_MODULE  -DNETCDF -DUSE_ALLOCATABLES -DGRIB1 -DINTIO -DKEEP_INT_AROUND -DLIMIT_ARGS -DCONFIG_BUF_LEN=65536 -DMAX_DOMAINS_F=21 -DMAX_HISTORY=25 -DNMM_NEST=0  -I. -traditional  xerfft.F  > xerfft.f90
rm -f -f r1f5kf.f90
/lib/cpp -P -DEM_CORE=1 -DNMM_CORE=0 -DNMM_MAX_DIM=2600 -DCOAMPS_CORE=0 -DDA_CORE=0 -DEXP_CORE=0 -DIWORDSIZE=4 -DDWORDSIZE=8 -DRWORDSIZE=4 -DLWORDSIZE=4 -DNONSTANDARD_SYSTEM_SUBR  -DWRF_USE_CLM -DNO_IEEE_MODULE  -DNETCDF -DUSE_ALLOCATABLES -DGRIB1 -DINTIO -DKEEP_INT_AROUND -DLIMIT_ARGS -DCONFIG_BUF_LEN=65536 -DMAX_DOMAINS_F=21 -DMAX_HISTORY=25 -DNMM_NEST=0  -I. -traditional  z1fm1f.F  > z1fm1f.f90
gfortran -c -w -ffree-form -ffree-line-length-none -fconvert=big-endian -frecord-marker=4  xerfft.f90
gfortran -c -w -ffree-form -ffree-line-length-none -fconvert=big-endian -frecord-marker=4  z1fm1f.f90
rm -f -f xerfft.f90
/lib/cpp -P -DEM_CORE=1 -DNMM_CORE=0 -DNMM_MAX_DIM=2600 -DCOAMPS_CORE=0 -DDA_CORE=0 -DEXP_CORE=0 -DIWORDSIZE=4 -DDWORDSIZE=8 -DRWORDSIZE=4 -DLWORDSIZE=4 -DNONSTANDARD_SYSTEM_SUBR  -DWRF_USE_CLM -DNO_IEEE_MODULE  -DNETCDF -DUSE_ALLOCATABLES -DGRIB1 -DINTIO -DKEEP_INT_AROUND -DLIMIT_ARGS -DCONFIG_BUF_LEN=65536 -DMAX_DOMAINS_F=21 -DMAX_HISTORY=25 -DNMM_NEST=0  -I. -traditional  zmf3kb.F  > zmf3kb.f90
rm -f -f z1fm1f.f90
/lib/cpp -P -DEM_CORE=1 -DNMM_CORE=0 -DNMM_MAX_DIM=2600 -DCOAMPS_CORE=0 -DDA_CORE=0 -DEXP_CORE=0 -DIWORDSIZE=4 -DDWORDSIZE=8 -DRWORDSIZE=4 -DLWORDSIZE=4 -DNONSTANDARD_SYSTEM_SUBR  -DWRF_USE_CLM -DNO_IEEE_MODULE  -DNETCDF -DUSE_ALLOCATABLES -DGRIB1 -DINTIO -DKEEP_INT_AROUND -DLIMIT_ARGS -DCONFIG_BUF_LEN=65536 -DMAX_DOMAINS_F=21 -DMAX_HISTORY=25 -DNMM_NEST=0  -I. -traditional  c1fm1f.F  > c1fm1f.f90
gfortran -c -w -ffree-form -ffree-line-length-none -fconvert=big-endian -frecord-marker=4  zmf3kb.f90
gfortran -c -w -ffree-form -ffree-line-length-none -fconvert=big-endian -frecord-marker=4  c1fm1f.f90
rm -f -f c1fm1f.f90
/lib/cpp -P -DEM_CORE=1 -DNMM_CORE=0 -DNMM_MAX_DIM=2600 -DCOAMPS_CORE=0 -DDA_CORE=0 -DEXP_CORE=0 -DIWORDSIZE=4 -DDWORDSIZE=8 -DRWORDSIZE=4 -DLWORDSIZE=4 -DNONSTANDARD_SYSTEM_SUBR  -DWRF_USE_CLM -DNO_IEEE_MODULE  -DNETCDF -DUSE_ALLOCATABLES -DGRIB1 -DINTIO -DKEEP_INT_AROUND -DLIMIT_ARGS -DCONFIG_BUF_LEN=65536 -DMAX_DOMAINS_F=21 -DMAX_HISTORY=25 -DNMM_NEST=0  -I. -traditional  cmf3kb.F  > cmf3kb.f90
gfortran -c -w -ffree-form -ffree-line-length-none -fconvert=big-endian -frecord-marker=4  cmf3kb.f90
rm -f -f zmf3kb.f90
/lib/cpp -P -DEM_CORE=1 -DNMM_CORE=0 -DNMM_MAX_DIM=2600 -DCOAMPS_CORE=0 -DDA_CORE=0 -DEXP_CORE=0 -DIWORDSIZE=4 -DDWORDSIZE=8 -DRWORDSIZE=4 -DLWORDSIZE=4 -DNONSTANDARD_SYSTEM_SUBR  -DWRF_USE_CLM -DNO_IEEE_MODULE  -DNETCDF -DUSE_ALLOCATABLES -DGRIB1 -DINTIO -DKEEP_INT_AROUND -DLIMIT_ARGS -DCONFIG_BUF_LEN=65536 -DMAX_DOMAINS_F=21 -DMAX_HISTORY=25 -DNMM_NEST=0  -I. -traditional  cosq1i.F  > cosq1i.f90
gfortran -c -w -ffree-form -ffree-line-length-none -fconvert=big-endian -frecord-marker=4  cosq1i.f90
rm -f -f cosq1i.f90
/lib/cpp -P -DEM_CORE=1 -DNMM_CORE=0 -DNMM_MAX_DIM=2600 -DCOAMPS_CORE=0 -DDA_CORE=0 -DEXP_CORE=0 -DIWORDSIZE=4 -DDWORDSIZE=8 -DRWORDSIZE=4 -DLWORDSIZE=4 -DNONSTANDARD_SYSTEM_SUBR  -DWRF_USE_CLM -DNO_IEEE_MODULE  -DNETCDF -DUSE_ALLOCATABLES -DGRIB1 -DINTIO -DKEEP_INT_AROUND -DLIMIT_ARGS -DCONFIG_BUF_LEN=65536 -DMAX_DOMAINS_F=21 -DMAX_HISTORY=25 -DNMM_NEST=0  -I. -traditional  costmf.F  > costmf.f90
gfortran -c -w -ffree-form -ffree-line-length-none -fconvert=big-endian -frecord-marker=4  costmf.f90
rm -f -f cmf3kb.f90
/lib/cpp -P -DEM_CORE=1 -DNMM_CORE=0 -DNMM_MAX_DIM=2600 -DCOAMPS_CORE=0 -DDA_CORE=0 -DEXP_CORE=0 -DIWORDSIZE=4 -DDWORDSIZE=8 -DRWORDSIZE=4 -DLWORDSIZE=4 -DNONSTANDARD_SYSTEM_SUBR  -DWRF_USE_CLM -DNO_IEEE_MODULE  -DNETCDF -DUSE_ALLOCATABLES -DGRIB1 -DINTIO -DKEEP_INT_AROUND -DLIMIT_ARGS -DCONFIG_BUF_LEN=65536 -DMAX_DOMAINS_F=21 -DMAX_HISTORY=25 -DNMM_NEST=0  -I. -traditional  dcosq1b.F  > dcosq1b.f90
gfortran -c -w -ffree-form -ffree-line-length-none -fconvert=big-endian -frecord-marker=4  dcosq1b.f90
rm -f -f costmf.f90
/lib/cpp -P -DEM_CORE=1 -DNMM_CORE=0 -DNMM_MAX_DIM=2600 -DCOAMPS_CORE=0 -DDA_CORE=0 -DEXP_CORE=0 -DIWORDSIZE=4 -DDWORDSIZE=8 -DRWORDSIZE=4 -DLWORDSIZE=4 -DNONSTANDARD_SYSTEM_SUBR  -DWRF_USE_CLM -DNO_IEEE_MODULE  -DNETCDF -DUSE_ALLOCATABLES -DGRIB1 -DINTIO -DKEEP_INT_AROUND -DLIMIT_ARGS -DCONFIG_BUF_LEN=65536 -DMAX_DOMAINS_F=21 -DMAX_HISTORY=25 -DNMM_NEST=0  -I. -traditional  dfft1i.F  > dfft1i.f90
gfortran -c -w -ffree-form -ffree-line-length-none -fconvert=big-endian -frecord-marker=4  dfft1i.f90
rm -f -f dcosq1b.f90
/lib/cpp -P -DEM_CORE=1 -DNMM_CORE=0 -DNMM_MAX_DIM=2600 -DCOAMPS_CORE=0 -DDA_CORE=0 -DEXP_CORE=0 -DIWORDSIZE=4 -DDWORDSIZE=8 -DRWORDSIZE=4 -DLWORDSIZE=4 -DNONSTANDARD_SYSTEM_SUBR  -DWRF_USE_CLM -DNO_IEEE_MODULE  -DNETCDF -DUSE_ALLOCATABLES -DGRIB1 -DINTIO -DKEEP_INT_AROUND -DLIMIT_ARGS -DCONFIG_BUF_LEN=65536 -DMAX_DOMAINS_F=21 -DMAX_HISTORY=25 -DNMM_NEST=0  -I. -traditional  mcstf1.F  > mcstf1.f90
rm -f -f dfft1i.f90
/lib/cpp -P -DEM_CORE=1 -DNMM_CORE=0 -DNMM_MAX_DIM=2600 -DCOAMPS_CORE=0 -DDA_CORE=0 -DEXP_CORE=0 -DIWORDSIZE=4 -DDWORDSIZE=8 -DRWORDSIZE=4 -DLWORDSIZE=4 -DNONSTANDARD_SYSTEM_SUBR  -DWRF_USE_CLM -DNO_IEEE_MODULE  -DNETCDF -DUSE_ALLOCATABLES -DGRIB1 -DINTIO -DKEEP_INT_AROUND -DLIMIT_ARGS -DCONFIG_BUF_LEN=65536 -DMAX_DOMAINS_F=21 -DMAX_HISTORY=25 -DNMM_NEST=0  -I. -traditional  mrftf1.F  > mrftf1.f90
gfortran -c -w -ffree-form -ffree-line-length-none -fconvert=big-endian -frecord-marker=4  mcstf1.f90
gfortran -c -w -ffree-form -ffree-line-length-none -fconvert=big-endian -frecord-marker=4  mrftf1.f90
rm -f -f mrftf1.f90
rm -f -f mcstf1.f90
/lib/cpp -P -DEM_CORE=1 -DNMM_CORE=0 -DNMM_MAX_DIM=2600 -DCOAMPS_CORE=0 -DDA_CORE=0 -DEXP_CORE=0 -DIWORDSIZE=4 -DDWORDSIZE=8 -DRWORDSIZE=4 -DLWORDSIZE=4 -DNONSTANDARD_SYSTEM_SUBR  -DWRF_USE_CLM -DNO_IEEE_MODULE  -DNETCDF -DUSE_ALLOCATABLES -DGRIB1 -DINTIO -DKEEP_INT_AROUND -DLIMIT_ARGS -DCONFIG_BUF_LEN=65536 -DMAX_DOMAINS_F=21 -DMAX_HISTORY=25 -DNMM_NEST=0  -I. -traditional  r1fgkb.F  > r1fgkb.f90
/lib/cpp -P -DEM_CORE=1 -DNMM_CORE=0 -DNMM_MAX_DIM=2600 -DCOAMPS_CORE=0 -DDA_CORE=0 -DEXP_CORE=0 -DIWORDSIZE=4 -DDWORDSIZE=8 -DRWORDSIZE=4 -DLWORDSIZE=4 -DNONSTANDARD_SYSTEM_SUBR  -DWRF_USE_CLM -DNO_IEEE_MODULE  -DNETCDF -DUSE_ALLOCATABLES -DGRIB1 -DINTIO -DKEEP_INT_AROUND -DLIMIT_ARGS -DCONFIG_BUF_LEN=65536 -DMAX_DOMAINS_F=21 -DMAX_HISTORY=25 -DNMM_NEST=0  -I. -traditional  rfft2f.F  > rfft2f.f90
gfortran -c -w -ffree-form -ffree-line-length-none -fconvert=big-endian -frecord-marker=4  rfft2f.f90
gfortran -c -w -ffree-form -ffree-line-length-none -fconvert=big-endian -frecord-marker=4  r1fgkb.f90
rm -f -f rfft2f.f90
/lib/cpp -P -DEM_CORE=1 -DNMM_CORE=0 -DNMM_MAX_DIM=2600 -DCOAMPS_CORE=0 -DDA_CORE=0 -DEXP_CORE=0 -DIWORDSIZE=4 -DDWORDSIZE=8 -DRWORDSIZE=4 -DLWORDSIZE=4 -DNONSTANDARD_SYSTEM_SUBR  -DWRF_USE_CLM -DNO_IEEE_MODULE  -DNETCDF -DUSE_ALLOCATABLES -DGRIB1 -DINTIO -DKEEP_INT_AROUND -DLIMIT_ARGS -DCONFIG_BUF_LEN=65536 -DMAX_DOMAINS_F=21 -DMAX_HISTORY=25 -DNMM_NEST=0  -I. -traditional  sinqmf.F  > sinqmf.f90
gfortran -c -w -ffree-form -ffree-line-length-none -fconvert=big-endian -frecord-marker=4  sinqmf.f90
rm -f -f r1fgkb.f90
/lib/cpp -P -DEM_CORE=1 -DNMM_CORE=0 -DNMM_MAX_DIM=2600 -DCOAMPS_CORE=0 -DDA_CORE=0 -DEXP_CORE=0 -DIWORDSIZE=4 -DDWORDSIZE=8 -DRWORDSIZE=4 -DLWORDSIZE=4 -DNONSTANDARD_SYSTEM_SUBR  -DWRF_USE_CLM -DNO_IEEE_MODULE  -DNETCDF -DUSE_ALLOCATABLES -DGRIB1 -DINTIO -DKEEP_INT_AROUND -DLIMIT_ARGS -DCONFIG_BUF_LEN=65536 -DMAX_DOMAINS_F=21 -DMAX_HISTORY=25 -DNMM_NEST=0  -I. -traditional  z1f2kb.F  > z1f2kb.f90
rm -f -f sinqmf.f90
/lib/cpp -P -DEM_CORE=1 -DNMM_CORE=0 -DNMM_MAX_DIM=2600 -DCOAMPS_CORE=0 -DDA_CORE=0 -DEXP_CORE=0 -DIWORDSIZE=4 -DDWORDSIZE=8 -DRWORDSIZE=4 -DLWORDSIZE=4 -DNONSTANDARD_SYSTEM_SUBR  -DWRF_USE_CLM -DNO_IEEE_MODULE  -DNETCDF -DUSE_ALLOCATABLES -DGRIB1 -DINTIO -DKEEP_INT_AROUND -DLIMIT_ARGS -DCONFIG_BUF_LEN=65536 -DMAX_DOMAINS_F=21 -DMAX_HISTORY=25 -DNMM_NEST=0  -I. -traditional  zfft1b.F  > zfft1b.f90
gfortran -c -w -ffree-form -ffree-line-length-none -fconvert=big-endian -frecord-marker=4  z1f2kb.f90
gfortran -c -w -ffree-form -ffree-line-length-none -fconvert=big-endian -frecord-marker=4  zfft1b.f90
rm -f -f z1f2kb.f90
/lib/cpp -P -DEM_CORE=1 -DNMM_CORE=0 -DNMM_MAX_DIM=2600 -DCOAMPS_CORE=0 -DDA_CORE=0 -DEXP_CORE=0 -DIWORDSIZE=4 -DDWORDSIZE=8 -DRWORDSIZE=4 -DLWORDSIZE=4 -DNONSTANDARD_SYSTEM_SUBR  -DWRF_USE_CLM -DNO_IEEE_MODULE  -DNETCDF -DUSE_ALLOCATABLES -DGRIB1 -DINTIO -DKEEP_INT_AROUND -DLIMIT_ARGS -DCONFIG_BUF_LEN=65536 -DMAX_DOMAINS_F=21 -DMAX_HISTORY=25 -DNMM_NEST=0  -I. -traditional  zmf3kf.F  > zmf3kf.f90
gfortran -c -w -ffree-form -ffree-line-length-none -fconvert=big-endian -frecord-marker=4  zmf3kf.f90
rm -f -f zfft1b.f90
rm -f -f zmf3kf.f90
ar ru libfftpack.a c1f2kb.o  cfft1b.o  cmf3kf.o  cosqb1.o  costmi.o   dcosq1f.o  dfftb1.o   mradb2.o  mrfti1.o  r1fgkf.o     rfft2i.o  sinqmi.o  z1f2kf.o  zfft1f.o  zmf4kb.o c1f2kf.o  cfft1f.o  cmf4kb.o  cosqf1.o  d1f2kb.o   dcosq1i.o  dfftf1.o   mradb3.o  msntb1.o  r4_factor.o  rfftb1.o  sint1b.o  z1f3kb.o  zfft1i.o  zmf4kf.o c1f3kb.o  cfft1i.o  cmf4kf.o  cosqmb.o  d1f2kf.o   dcosqb1.o  dffti1.o   mradb4.o  msntf1.o  r4_mcfti1.o  rfftf1.o  sint1f.o  z1f3kf.o  zfft2b.o  zmf5kb.o c1f3kf.o  cfft2b.o  cmf5kb.o  cosqmf.o  d1f3kb.o   dcosqf1.o  dsint1b.o  mradb5.o  r1f2kb.o  r4_tables.o  rffti1.o  sint1i.o  z1f4kb.o  zfft2f.o  zmf5kf.o c1f4kb.o  cfft2f.o  cmf5kf.o  cosqmi.o  d1f3kf.o   dcost1b.o  dsint1f.o  mradbg.o  r1f2kf.o  r8_factor.o  rfftmb.o  sintb1.o  z1f4kf.o  zfft2i.o  zmfgkb.o c1f4kf.o  cfft2i.o  cmfgkb.o  cost1b.o  d1f4kb.o   dcost1f.o  dsint1i.o  mradf2.o  r1f3kb.o  r8_mcfti1.o  rfftmf.o  sintf1.o  z1f5kb.o  zfftmb.o  zmfgkf.o c1f5kb.o  cfftmb.o  cmfgkf.o  cost1f.o  d1f4kf.o   dcost1i.o  dsintb1.o  mradf3.o  r1f3kf.o  r8_tables.o  rfftmi.o  sintmb.o  z1f5kf.o  zfftmf.o  zmfm1b.o c1f5kf.o  cfftmf.o  cmfm1b.o  cost1i.o  d1f5kb.o   dcostb1.o  dsintf1.o  mradf4.o  r1f4kb.o  rfft1b.o     sinq1b.o  sintmf.o  z1fgkb.o  zfftmi.o  zmfm1f.o c1fgkb.o  cfftmi.o  cmfm1f.o  costb1.o  d1f5kf.o   dcostf1.o  mcsqb1.o   mradf5.o  r1f4kf.o  rfft1f.o     sinq1f.o  sintmi.o  z1fgkf.o  zmf2kb.o c1fgkf.o  cmf2kb.o  cosq1b.o  costf1.o  d1fgkb.o   dfft1b.o   mcsqf1.o   mradfg.o  r1f5kb.o  rfft1i.o     sinq1i.o  xercon.o  z1fm1b.o  zmf2kf.o c1fm1b.o  cmf2kf.o  cosq1f.o  costmb.o  d1fgkf.o   dfft1f.o   mcstb1.o   mrftb1.o  r1f5kf.o  rfft2b.o     sinqmb.o  xerfft.o  z1fm1f.o  zmf3kb.o c1fm1f.o  cmf3kb.o  cosq1i.o  costmf.o  dcosq1b.o  dfft1i.o   mcstf1.o   mrftf1.o  r1fgkb.o  rfft2f.o     sinqmf.o  z1f2kb.o  zfft1b.o  zmf3kf.o 
ar: creating libfftpack.a
ranlib libfftpack.a
make[3]: Leaving directory `/pixel/project02/tcchen/WRFV3/external/fftpack/fftpack5'
( /bin/rm -f /pixel/project02/tcchen/WRFV3/tools/gen_comms.c )
( if [ ! -e module_dm.F ] ; then /bin/cp module_dm_warning module_dm.F ; cat module_dm_stubs.F >> module_dm.F ; fi )
make[2]: Leaving directory `/pixel/project02/tcchen/WRFV3/frame'
make[1]: Leaving directory `/pixel/project02/tcchen/WRFV3'
make -i -r MODULE_DIRS="-I../dyn_em -I../dyn_nmm   -I/pixel/project02/tcchen/WRFV3/external/esmf_time_f90  -I/pixel/project02/tcchen/WRFV3/main -I/pixel/project02/tcchen/WRFV3/external/io_netcdf -I/pixel/project02/tcchen/WRFV3/external/io_int -I/pixel/project02/tcchen/WRFV3/frame -I/pixel/project02/tcchen/WRFV3/share -I/pixel/project02/tcchen/WRFV3/phys -I/pixel/project02/tcchen/WRFV3/chem -I/pixel/project02/tcchen/WRFV3/inc -I/pixel/project02/tcchen/netcdf/netcdf_gnu//include " toolsdir
make[1]: Entering directory `/pixel/project02/tcchen/WRFV3'
--------------------------------------
( cd tools ; make -i -r CC_TOOLS_CFLAGS="-DNMM_CORE=0" CC_TOOLS="gcc  -DIWORDSIZE=4 -DMAX_HISTORY=25" )
make[2]: Entering directory `/pixel/project02/tcchen/WRFV3/tools'
gcc  -DIWORDSIZE=4 -DMAX_HISTORY=25 -DNMM_CORE=0  -c -g  registry.c
gcc  -DIWORDSIZE=4 -DMAX_HISTORY=25 -DNMM_CORE=0  -c -g  my_strtok.c
gcc  -DIWORDSIZE=4 -DMAX_HISTORY=25 -DNMM_CORE=0  -c -g  reg_parse.c
gcc  -DIWORDSIZE=4 -DMAX_HISTORY=25 -DNMM_CORE=0  -c -g  data.c
gcc  -DIWORDSIZE=4 -DMAX_HISTORY=25 -DNMM_CORE=0  -c -g  type.c
gcc  -DIWORDSIZE=4 -DMAX_HISTORY=25 -DNMM_CORE=0  -c -g  misc.c
gcc  -DIWORDSIZE=4 -DMAX_HISTORY=25 -DNMM_CORE=0  -c -g  gen_defs.c
gcc  -DIWORDSIZE=4 -DMAX_HISTORY=25 -DNMM_CORE=0  -c -g  gen_allocs.c
gcc  -DIWORDSIZE=4 -DMAX_HISTORY=25 -DNMM_CORE=0  -c -g  gen_mod_state_descr.c
gcc  -DIWORDSIZE=4 -DMAX_HISTORY=25 -DNMM_CORE=0  -c -g  gen_scalar_indices.c
gcc  -DIWORDSIZE=4 -DMAX_HISTORY=25 -DNMM_CORE=0  -c -g  gen_args.c
gcc  -DIWORDSIZE=4 -DMAX_HISTORY=25 -DNMM_CORE=0  -c -g  gen_config.c
gcc  -DIWORDSIZE=4 -DMAX_HISTORY=25 -DNMM_CORE=0  -c -g  sym.c
sym.c: In function ‘sym_init’:
sym.c:77:2: warning: incompatible implicit declaration of built-in function ‘exit’ [enabled by default]
  exit(1) ;
  ^
sym.c: In function ‘sym_forget’:
sym.c:157:7: warning: incompatible implicit declaration of built-in function ‘exit’ [enabled by default]
       exit(1) ;
       ^
gcc  -DIWORDSIZE=4 -DMAX_HISTORY=25 -DNMM_CORE=0  -c -g  symtab_gen.c
gcc  -DIWORDSIZE=4 -DMAX_HISTORY=25 -DNMM_CORE=0  -c -g  gen_model_data_ord.c
gcc  -DIWORDSIZE=4 -DMAX_HISTORY=25 -DNMM_CORE=0  -c -g  gen_interp.c
/bin/cp gen_comms.stub gen_comms.c
gcc  -DIWORDSIZE=4 -DMAX_HISTORY=25 -DNMM_CORE=0  -c -g  gen_comms.c
gcc  -DIWORDSIZE=4 -DMAX_HISTORY=25 -DNMM_CORE=0  -c -g  gen_scalar_derefs.c
gcc  -DIWORDSIZE=4 -DMAX_HISTORY=25 -DNMM_CORE=0  -c -g  set_dim_strs.c
gcc  -DIWORDSIZE=4 -DMAX_HISTORY=25 -DNMM_CORE=0  -c -g  gen_wrf_io.c
gcc  -DIWORDSIZE=4 -DMAX_HISTORY=25 -DNMM_CORE=0  -c -g  gen_streams.c
gcc  -DIWORDSIZE=4 -DMAX_HISTORY=25 -DNMM_CORE=0  -c -g  standard.c
gcc  -DIWORDSIZE=4 -DMAX_HISTORY=25 -o standard.exe -g   standard.o
gcc  -DIWORDSIZE=4 -DMAX_HISTORY=25 -o registry -g   registry.o my_strtok.o reg_parse.o data.o type.o misc.o gen_defs.o gen_allocs.o gen_mod_state_descr.o gen_scalar_indices.o gen_args.o gen_config.o sym.o symtab_gen.o gen_model_data_ord.o gen_interp.o gen_comms.o gen_scalar_derefs.o set_dim_strs.o gen_wrf_io.o gen_streams.o
make[2]: Leaving directory `/pixel/project02/tcchen/WRFV3/tools'
make[1]: Leaving directory `/pixel/project02/tcchen/WRFV3'
/bin/rm -f main/libwrflib.a main/libwrflib.lib
make -i -r MODULE_DIRS="-I../dyn_em -I../dyn_nmm   -I/pixel/project02/tcchen/WRFV3/external/esmf_time_f90  -I/pixel/project02/tcchen/WRFV3/main -I/pixel/project02/tcchen/WRFV3/external/io_netcdf -I/pixel/project02/tcchen/WRFV3/external/io_int -I/pixel/project02/tcchen/WRFV3/frame -I/pixel/project02/tcchen/WRFV3/share -I/pixel/project02/tcchen/WRFV3/phys -I/pixel/project02/tcchen/WRFV3/chem -I/pixel/project02/tcchen/WRFV3/inc -I/pixel/project02/tcchen/netcdf/netcdf_gnu//include " framework
make[1]: Entering directory `/pixel/project02/tcchen/WRFV3'
--------------------------------------
( cd frame ; make -i -r -j 2 framework; \
          cd ../external/io_netcdf ; \
          make -i -r NETCDFPATH="/pixel/project02/tcchen/netcdf/netcdf_gnu/" FC="time gfortran -w -ffree-form -ffree-line-length-none -fconvert=big-endian -frecord-marker=4 " RANLIB="ranlib" \
               CPP="/lib/cpp -P" LDFLAGS="-fopenmp -O2 -ftree-vectorize -funroll-loops -w -ffree-form -ffree-line-length-none -fconvert=big-endian -frecord-marker=4   " TRADFLAG="-traditional" ESMF_IO_LIB_EXT="-L/pixel/project02/tcchen/WRFV3/external/esmf_time_f90 -lesmf_time" \
       LIB_LOCAL="" \
               ESMF_MOD_DEPENDENCE="/pixel/project02/tcchen/WRFV3/external/esmf_time_f90/module_utility.o" AR="INTERNAL_BUILD_ERROR_SHOULD_NOT_NEED_AR" diffwrf; \
          cd ../io_netcdf ; \
          make -i -r NETCDFPATH="/pixel/project02/tcchen/netcdf/netcdf_gnu/" FC="gfortran -w -ffree-form -ffree-line-length-none -fconvert=big-endian -frecord-marker=4 " RANLIB="ranlib" \
               CPP="/lib/cpp -P" LDFLAGS="-fopenmp -O2 -ftree-vectorize -funroll-loops -w -ffree-form -ffree-line-length-none -fconvert=big-endian -frecord-marker=4   " TRADFLAG="-traditional" ESMF_IO_LIB_EXT="-L/pixel/project02/tcchen/WRFV3/external/esmf_time_f90 -lesmf_time" \
       LIB_LOCAL="" \
               ESMF_MOD_DEPENDENCE="/pixel/project02/tcchen/WRFV3/external/esmf_time_f90/module_utility.o" AR="INTERNAL_BUILD_ERROR_SHOULD_NOT_NEED_AR"; \
          cd ../io_pio ; \
          echo SKIPPING PIO BUILD make -i -r NETCDFPATH="" FC="gfortran -w -ffree-form -ffree-line-length-none -fconvert=big-endian -frecord-marker=4 " RANLIB="ranlib" \
               CPP="/lib/cpp -P" LDFLAGS="-fopenmp -O2 -ftree-vectorize -funroll-loops -w -ffree-form -ffree-line-length-none -fconvert=big-endian -frecord-marker=4   " TRADFLAG="-traditional" ESMF_IO_LIB_EXT="-L/pixel/project02/tcchen/WRFV3/external/esmf_time_f90 -lesmf_time" \
       LIB_LOCAL="" \
               ESMF_MOD_DEPENDENCE="/pixel/project02/tcchen/WRFV3/external/esmf_time_f90/module_utility.o" AR="INTERNAL_BUILD_ERROR_SHOULD_NOT_NEED_AR"; \
          cd ../io_int ; \
          make -i -r SFC="gfortran -w -ffree-form -ffree-line-length-none -fconvert=big-endian -frecord-marker=4 " FC="gfortran -w -ffree-form -ffree-line-length-none -fconvert=big-endian -frecord-marker=4 " RANLIB="ranlib" CPP="/lib/cpp -P -DNONSTANDARD_SYSTEM_SUBR  -DWRF_USE_CLM -DNO_IEEE_MODULE" DM_FC="mpif90 -f90=gfortran -w -ffree-form -ffree-line-length-none -fconvert=big-endian -frecord-marker=4 "\
               TRADFLAG="-traditional" ESMF_IO_LIB_EXT="-L/pixel/project02/tcchen/WRFV3/external/esmf_time_f90 -lesmf_time" \
               ESMF_MOD_DEPENDENCE="/pixel/project02/tcchen/WRFV3/external/esmf_time_f90/module_utility.o" AR="INTERNAL_BUILD_ERROR_SHOULD_NOT_NEED_AR" diffwrf ; \
          cd ../../frame )
make[2]: Entering directory `/pixel/project02/tcchen/WRFV3/frame'
( cd .. ; tools/registry -DEM_CORE=1 -DNMM_CORE=0 -DNMM_MAX_DIM=2600 -DCOAMPS_CORE=0 -DDA_CORE=0 -DEXP_CORE=0 -DIWORDSIZE=4 -DDWORDSIZE=8 -DRWORDSIZE=4 -DLWORDSIZE=4 -DNONSTANDARD_SYSTEM_SUBR  -DWRF_USE_CLM -DNO_IEEE_MODULE  -DNETCDF -DUSE_ALLOCATABLES -DGRIB1 -DINTIO -DKEEP_INT_AROUND -DLIMIT_ARGS -DCONFIG_BUF_LEN=65536 -DMAX_DOMAINS_F=21 -DMAX_HISTORY=25 -DNMM_NEST=0  -DNEW_BDYS Registry/Registry ) ; 
rm -f wrf_shutdown.o
/lib/cpp -P -I/pixel/project02/tcchen/WRFV3/inc -DEM_CORE=1 -DNMM_CORE=0 -DNMM_MAX_DIM=2600 -DCOAMPS_CORE=0 -DDA_CORE=0 -DEXP_CORE=0 -DIWORDSIZE=4 -DDWORDSIZE=8 -DRWORDSIZE=4 -DLWORDSIZE=4 -DNONSTANDARD_SYSTEM_SUBR  -DWRF_USE_CLM -DNO_IEEE_MODULE  -DNETCDF -DUSE_ALLOCATABLES -DGRIB1 -DINTIO -DKEEP_INT_AROUND -DLIMIT_ARGS -DCONFIG_BUF_LEN=65536 -DMAX_DOMAINS_F=21 -DMAX_HISTORY=25 -DNMM_NEST=0  -I. -traditional  -D_OPENMP wrf_shutdown.F  > wrf_shutdown.bb
opening Registry/registry.dimspec
including Registry/registry.dimspec
opening Registry/Registry.EM_COMMON
including Registry/Registry.EM_COMMON
/pixel/project02/tcchen/WRFV3/tools/standard.exe wrf_shutdown.bb | /lib/cpp -P -traditional > wrf_shutdown.f90
rm -f wrf_shutdown.b wrf_shutdown.bb
time gfortran -o wrf_shutdown.o -c -O2 -ftree-vectorize -funroll-loops -w -ffree-form -ffree-line-length-none -fconvert=big-endian -frecord-marker=4  -fopenmp -I../dyn_em -I../dyn_nmm   -I/pixel/project02/tcchen/WRFV3/external/esmf_time_f90  -I/pixel/project02/tcchen/WRFV3/main -I/pixel/project02/tcchen/WRFV3/external/io_netcdf -I/pixel/project02/tcchen/WRFV3/external/io_int -I/pixel/project02/tcchen/WRFV3/frame -I/pixel/project02/tcchen/WRFV3/share -I/pixel/project02/tcchen/WRFV3/phys -I/pixel/project02/tcchen/WRFV3/chem -I/pixel/project02/tcchen/WRFV3/inc -I/pixel/project02/tcchen/netcdf/netcdf_gnu//include    wrf_shutdown.f90
Warning: Nonexistent include directory "/pixel/project02/tcchen/WRFV3/chem"
0.01user 0.02system 0:00.04elapsed 95%CPU (0avgtext+0avgdata 9476maxresident)k
0inputs+16outputs (0major+4719minor)pagefaults 0swaps
rm -f clog.o
gcc -DFSEEKO64_OK  -o clog.o -c -w -O3 -c  -DMAX_HISTORY=25 -DNMM_CORE=0 clog.c
rm -f hires_timer.o
gcc -DFSEEKO64_OK  -o hires_timer.o -c -w -O3 -c  -DMAX_HISTORY=25 -DNMM_CORE=0 hires_timer.c
opening Registry/registry.io_boilerplate
including Registry/registry.io_boilerplate
opening Registry/io_boilerplate_temporary.inc
including Registry/io_boilerplate_temporary.inc
rm -f ../share/module_model_constants.o
/lib/cpp -P -I/pixel/project02/tcchen/WRFV3/inc -DEM_CORE=1 -DNMM_CORE=0 -DNMM_MAX_DIM=2600 -DCOAMPS_CORE=0 -DDA_CORE=0 -DEXP_CORE=0 -DIWORDSIZE=4 -DDWORDSIZE=8 -DRWORDSIZE=4 -DLWORDSIZE=4 -DNONSTANDARD_SYSTEM_SUBR  -DWRF_USE_CLM -DNO_IEEE_MODULE  -DNETCDF -DUSE_ALLOCATABLES -DGRIB1 -DINTIO -DKEEP_INT_AROUND -DLIMIT_ARGS -DCONFIG_BUF_LEN=65536 -DMAX_DOMAINS_F=21 -DMAX_HISTORY=25 -DNMM_NEST=0  -I. -traditional  -D_OPENMP ../share/module_model_constants.F  > ../share/module_model_constants.bb
/pixel/project02/tcchen/WRFV3/tools/standard.exe ../share/module_model_constants.bb | /lib/cpp -P -traditional > ../share/module_model_constants.f90
opening Registry/registry.fire
including Registry/registry.fire
rm -f ../share/module_model_constants.b ../share/module_model_constants.bb
opening Registry/registry.avgflx
including Registry/registry.avgflx
opening Registry/registry.stoch
including Registry/registry.stoch
opening Registry/registry.les
including Registry/registry.les
opening Registry/registry.cam
including Registry/registry.cam
time gfortran -o ../share/module_model_constants.o -c -O2 -ftree-vectorize -funroll-loops -w -ffree-form -ffree-line-length-none -fconvert=big-endian -frecord-marker=4  -fopenmp -I../dyn_em -I../dyn_nmm   -I/pixel/project02/tcchen/WRFV3/external/esmf_time_f90  -I/pixel/project02/tcchen/WRFV3/main -I/pixel/project02/tcchen/WRFV3/external/io_netcdf -I/pixel/project02/tcchen/WRFV3/external/io_int -I/pixel/project02/tcchen/WRFV3/frame -I/pixel/project02/tcchen/WRFV3/share -I/pixel/project02/tcchen/WRFV3/phys -I/pixel/project02/tcchen/WRFV3/chem -I/pixel/project02/tcchen/WRFV3/inc -I/pixel/project02/tcchen/netcdf/netcdf_gnu//include    ../share/module_model_constants.f90
Warning: Nonexistent include directory "/pixel/project02/tcchen/WRFV3/chem"
opening Registry/registry.clm
including Registry/registry.clm
opening Registry/registry.ssib
including Registry/registry.ssib
opening Registry/registry.lake
including Registry/registry.lake
opening Registry/registry.diags
including Registry/registry.diags
opening Registry/registry.afwa
including Registry/registry.afwa
opening Registry/registry.sbm
including Registry/registry.sbm
0.02user 0.02system 0:00.05elapsed 90%CPU (0avgtext+0avgdata 9148maxresident)k
0inputs+64outputs (0major+4645minor)pagefaults 0swaps
if [ "m4 -G" = NA ] ; then \
  /bin/cp ../arch/md_calls.inc . ; \
else \
  m4 -G md_calls.m4 > md_calls.inc ; \
fi
opening Registry/registry.elec
including Registry/registry.elec
opening Registry/registry.bdy_perturb
including Registry/registry.bdy_perturb
/lib/cpp -P -DEM_CORE=1 -DNMM_CORE=0 -DNMM_MAX_DIM=2600 -DCOAMPS_CORE=0 -DDA_CORE=0 -DEXP_CORE=0 -DIWORDSIZE=4 -DDWORDSIZE=8 -DRWORDSIZE=4 -DLWORDSIZE=4 -DNONSTANDARD_SYSTEM_SUBR  -DWRF_USE_CLM -DNO_IEEE_MODULE  -DNETCDF -DUSE_ALLOCATABLES -DGRIB1 -DINTIO -DKEEP_INT_AROUND -DLIMIT_ARGS -DCONFIG_BUF_LEN=65536 -DMAX_DOMAINS_F=21 -DMAX_HISTORY=25 -DNMM_NEST=0  -I. -traditional  -I../inc module_internal_header_util.F > module_internal_header_util.f90
gfortran -c    -w -ffree-form -ffree-line-length-none -fconvert=big-endian -frecord-marker=4  module_internal_header_util.f90
gcc -DFSEEKO64_OK  -c -w -O3 -c  -DMAX_HISTORY=25 -DNMM_CORE=0 wrf_num_bytes_between.c
rm -f libmassv.o
/lib/cpp -P -I/pixel/project02/tcchen/WRFV3/inc -DEM_CORE=1 -DNMM_CORE=0 -DNMM_MAX_DIM=2600 -DCOAMPS_CORE=0 -DDA_CORE=0 -DEXP_CORE=0 -DIWORDSIZE=4 -DDWORDSIZE=8 -DRWORDSIZE=4 -DLWORDSIZE=4 -DNONSTANDARD_SYSTEM_SUBR  -DWRF_USE_CLM -DNO_IEEE_MODULE  -DNETCDF -DUSE_ALLOCATABLES -DGRIB1 -DINTIO -DKEEP_INT_AROUND -DLIMIT_ARGS -DCONFIG_BUF_LEN=65536 -DMAX_DOMAINS_F=21 -DMAX_HISTORY=25 -DNMM_NEST=0  -I. -traditional  -D_OPENMP libmassv.F  > libmassv.bb
/pixel/project02/tcchen/WRFV3/tools/standard.exe libmassv.bb | /lib/cpp -P -traditional > libmassv.f90
rm -f libmassv.b libmassv.bb
time gfortran -o libmassv.o -c -O2 -ftree-vectorize -funroll-loops -w -ffree-form -ffree-line-length-none -fconvert=big-endian -frecord-marker=4  -fopenmp -I../dyn_em -I../dyn_nmm   -I/pixel/project02/tcchen/WRFV3/external/esmf_time_f90  -I/pixel/project02/tcchen/WRFV3/main -I/pixel/project02/tcchen/WRFV3/external/io_netcdf -I/pixel/project02/tcchen/WRFV3/external/io_int -I/pixel/project02/tcchen/WRFV3/frame -I/pixel/project02/tcchen/WRFV3/share -I/pixel/project02/tcchen/WRFV3/phys -I/pixel/project02/tcchen/WRFV3/chem -I/pixel/project02/tcchen/WRFV3/inc -I/pixel/project02/tcchen/netcdf/netcdf_gnu//include    libmassv.f90
Warning: Nonexistent include directory "/pixel/project02/tcchen/WRFV3/chem"
0.40user 0.02system 0:00.42elapsed 99%CPU (0avgtext+0avgdata 21520maxresident)k
48inputs+328outputs (0major+8278minor)pagefaults 0swaps
rm -f collect_on_comm.o
gcc -DFSEEKO64_OK  -o collect_on_comm.o -c -w -O3 -c  -DMAX_HISTORY=25 -DNMM_CORE=0 collect_on_comm.c
gcc -DFSEEKO64_OK  -c -w -O3 -c  -DMAX_HISTORY=25 -DNMM_CORE=0 -DIWORDSIZE=4 pack_utils.c
rm -f module_wrf_error.o
/lib/cpp -P -I/pixel/project02/tcchen/WRFV3/inc -DEM_CORE=1 -DNMM_CORE=0 -DNMM_MAX_DIM=2600 -DCOAMPS_CORE=0 -DDA_CORE=0 -DEXP_CORE=0 -DIWORDSIZE=4 -DDWORDSIZE=8 -DRWORDSIZE=4 -DLWORDSIZE=4 -DNONSTANDARD_SYSTEM_SUBR  -DWRF_USE_CLM -DNO_IEEE_MODULE  -DNETCDF -DUSE_ALLOCATABLES -DGRIB1 -DINTIO -DKEEP_INT_AROUND -DLIMIT_ARGS -DCONFIG_BUF_LEN=65536 -DMAX_DOMAINS_F=21 -DMAX_HISTORY=25 -DNMM_NEST=0  -I. -traditional  -D_OPENMP module_wrf_error.F  > module_wrf_error.bb
/pixel/project02/tcchen/WRFV3/tools/standard.exe module_wrf_error.bb | /lib/cpp -P -traditional > module_wrf_error.f90
rm -f module_wrf_error.b module_wrf_error.bb
time gfortran -o module_wrf_error.o -c -O2 -ftree-vectorize -funroll-loops -w -ffree-form -ffree-line-length-none -fconvert=big-endian -frecord-marker=4  -fopenmp -I../dyn_em -I../dyn_nmm   -I/pixel/project02/tcchen/WRFV3/external/esmf_time_f90  -I/pixel/project02/tcchen/WRFV3/main -I/pixel/project02/tcchen/WRFV3/external/io_netcdf -I/pixel/project02/tcchen/WRFV3/external/io_int -I/pixel/project02/tcchen/WRFV3/frame -I/pixel/project02/tcchen/WRFV3/share -I/pixel/project02/tcchen/WRFV3/phys -I/pixel/project02/tcchen/WRFV3/chem -I/pixel/project02/tcchen/WRFV3/inc -I/pixel/project02/tcchen/netcdf/netcdf_gnu//include    module_wrf_error.f90
Warning: Nonexistent include directory "/pixel/project02/tcchen/WRFV3/chem"
0.06user 0.01system 0:00.08elapsed 94%CPU (0avgtext+0avgdata 12944maxresident)k
0inputs+72outputs (0major+5623minor)pagefaults 0swaps
rm -f module_sm.o
/lib/cpp -P -I/pixel/project02/tcchen/WRFV3/inc -DEM_CORE=1 -DNMM_CORE=0 -DNMM_MAX_DIM=2600 -DCOAMPS_CORE=0 -DDA_CORE=0 -DEXP_CORE=0 -DIWORDSIZE=4 -DDWORDSIZE=8 -DRWORDSIZE=4 -DLWORDSIZE=4 -DNONSTANDARD_SYSTEM_SUBR  -DWRF_USE_CLM -DNO_IEEE_MODULE  -DNETCDF -DUSE_ALLOCATABLES -DGRIB1 -DINTIO -DKEEP_INT_AROUND -DLIMIT_ARGS -DCONFIG_BUF_LEN=65536 -DMAX_DOMAINS_F=21 -DMAX_HISTORY=25 -DNMM_NEST=0  -I. -traditional  -D_OPENMP module_sm.F  > module_sm.bb
/pixel/project02/tcchen/WRFV3/tools/standard.exe module_sm.bb | /lib/cpp -P -traditional > module_sm.f90
rm -f module_sm.b module_sm.bb
time gfortran -o module_sm.o -c -O2 -ftree-vectorize -funroll-loops -w -ffree-form -ffree-line-length-none -fconvert=big-endian -frecord-marker=4  -fopenmp -I../dyn_em -I../dyn_nmm   -I/pixel/project02/tcchen/WRFV3/external/esmf_time_f90  -I/pixel/project02/tcchen/WRFV3/main -I/pixel/project02/tcchen/WRFV3/external/io_netcdf -I/pixel/project02/tcchen/WRFV3/external/io_int -I/pixel/project02/tcchen/WRFV3/frame -I/pixel/project02/tcchen/WRFV3/share -I/pixel/project02/tcchen/WRFV3/phys -I/pixel/project02/tcchen/WRFV3/chem -I/pixel/project02/tcchen/WRFV3/inc -I/pixel/project02/tcchen/netcdf/netcdf_gnu//include    module_sm.f90
Warning: Nonexistent include directory "/pixel/project02/tcchen/WRFV3/chem"
0.04user 0.01system 0:00.06elapsed 93%CPU (0avgtext+0avgdata 10820maxresident)k
0inputs+40outputs (0major+5066minor)pagefaults 0swaps
rm -f wrf_debug.o
/lib/cpp -P -I/pixel/project02/tcchen/WRFV3/inc -DEM_CORE=1 -DNMM_CORE=0 -DNMM_MAX_DIM=2600 -DCOAMPS_CORE=0 -DDA_CORE=0 -DEXP_CORE=0 -DIWORDSIZE=4 -DDWORDSIZE=8 -DRWORDSIZE=4 -DLWORDSIZE=4 -DNONSTANDARD_SYSTEM_SUBR  -DWRF_USE_CLM -DNO_IEEE_MODULE  -DNETCDF -DUSE_ALLOCATABLES -DGRIB1 -DINTIO -DKEEP_INT_AROUND -DLIMIT_ARGS -DCONFIG_BUF_LEN=65536 -DMAX_DOMAINS_F=21 -DMAX_HISTORY=25 -DNMM_NEST=0  -I. -traditional  -D_OPENMP wrf_debug.F  > wrf_debug.bb
/pixel/project02/tcchen/WRFV3/tools/standard.exe wrf_debug.bb | /lib/cpp -P -traditional > wrf_debug.f90
rm -f wrf_debug.b wrf_debug.bb
time gfortran -o wrf_debug.o -c -O2 -ftree-vectorize -funroll-loops -w -ffree-form -ffree-line-length-none -fconvert=big-endian -frecord-marker=4  -fopenmp -I../dyn_em -I../dyn_nmm   -I/pixel/project02/tcchen/WRFV3/external/esmf_time_f90  -I/pixel/project02/tcchen/WRFV3/main -I/pixel/project02/tcchen/WRFV3/external/io_netcdf -I/pixel/project02/tcchen/WRFV3/external/io_int -I/pixel/project02/tcchen/WRFV3/frame -I/pixel/project02/tcchen/WRFV3/share -I/pixel/project02/tcchen/WRFV3/phys -I/pixel/project02/tcchen/WRFV3/chem -I/pixel/project02/tcchen/WRFV3/inc -I/pixel/project02/tcchen/netcdf/netcdf_gnu//include    wrf_debug.f90
Warning: Nonexistent include directory "/pixel/project02/tcchen/WRFV3/chem"
0.02user 0.01system 0:00.04elapsed 93%CPU (0avgtext+0avgdata 10540maxresident)k
0inputs+16outputs (0major+4982minor)pagefaults 0swaps
Registry INFO variable counts: 0d 2224 1d 111 2d 1008 3d 776
REGISTRY WARNING: o3rad: o3rad_b is not a variable or number; ignoring it
REGISTRY WARNING: o3rad: o3rad_bt is not a variable or number; ignoring it
REGISTRY WARNING: aerod(grid%sm31,grid%sm32,grid%sm33,itrace): aerod_b is not a variable or number; ignoring it
REGISTRY WARNING: aerod(grid%sm31,grid%sm32,grid%sm33,itrace): aerod_bt is not a variable or number; ignoring it
REGISTRY WARNING: om_tmp: om_tmp_b is not a variable or number; ignoring it
REGISTRY WARNING: om_tmp: om_tmp_bt is not a variable or number; ignoring it
REGISTRY WARNING: om_s: om_s_b is not a variable or number; ignoring it
REGISTRY WARNING: om_s: om_s_bt is not a variable or number; ignoring it
REGISTRY WARNING: om_u: om_u_b is not a variable or number; ignoring it
REGISTRY WARNING: om_u: om_u_bt is not a variable or number; ignoring it
REGISTRY WARNING: om_v: om_v_b is not a variable or number; ignoring it
REGISTRY WARNING: om_v: om_v_bt is not a variable or number; ignoring it
REGISTRY WARNING: om_ml: om_ml_b is not a variable or number; ignoring it
REGISTRY WARNING: om_ml: om_ml_bt is not a variable or number; ignoring it
REGISTRY WARNING: ru_tendf_stoch: ru_tendf_stoch_b is not a variable or number; ignoring it
REGISTRY WARNING: ru_tendf_stoch: ru_tendf_stoch_bt is not a variable or number; ignoring it
REGISTRY WARNING: rv_tendf_stoch: rv_tendf_stoch_b is not a variable or number; ignoring it
REGISTRY WARNING: rv_tendf_stoch: rv_tendf_stoch_bt is not a variable or number; ignoring it
REGISTRY WARNING: rt_tendf_stoch: rt_tendf_stoch_b is not a variable or number; ignoring it
REGISTRY WARNING: rt_tendf_stoch: rt_tendf_stoch_bt is not a variable or number; ignoring it
REGISTRY WARNING: rand_pert: rand_pert_b is not a variable or number; ignoring it
REGISTRY WARNING: rand_pert: rand_pert_bt is not a variable or number; ignoring it
REGISTRY WARNING: rstoch: rstoch_b is not a variable or number; ignoring it
REGISTRY WARNING: rstoch: rstoch_bt is not a variable or number; ignoring it
REGISTRY WARNING: field_u_tend_perturb: field_u_tend_perturb_b is not a variable or number; ignoring it
REGISTRY WARNING: field_u_tend_perturb: field_u_tend_perturb_bt is not a variable or number; ignoring it
REGISTRY WARNING: field_v_tend_perturb: field_v_tend_perturb_b is not a variable or number; ignoring it
REGISTRY WARNING: field_v_tend_perturb: field_v_tend_perturb_bt is not a variable or number; ignoring it
REGISTRY WARNING: field_t_tend_perturb: field_t_tend_perturb_b is not a variable or number; ignoring it
REGISTRY WARNING: field_t_tend_perturb: field_t_tend_perturb_bt is not a variable or number; ignoring it
rm -f module_state_description.o
/lib/cpp -P -I/pixel/project02/tcchen/WRFV3/inc -DEM_CORE=1 -DNMM_CORE=0 -DNMM_MAX_DIM=2600 -DCOAMPS_CORE=0 -DDA_CORE=0 -DEXP_CORE=0 -DIWORDSIZE=4 -DDWORDSIZE=8 -DRWORDSIZE=4 -DLWORDSIZE=4 -DNONSTANDARD_SYSTEM_SUBR  -DWRF_USE_CLM -DNO_IEEE_MODULE  -DNETCDF -DUSE_ALLOCATABLES -DGRIB1 -DINTIO -DKEEP_INT_AROUND -DLIMIT_ARGS -DCONFIG_BUF_LEN=65536 -DMAX_DOMAINS_F=21 -DMAX_HISTORY=25 -DNMM_NEST=0  -I. -traditional  -D_OPENMP module_state_description.F  > module_state_description.bb
/pixel/project02/tcchen/WRFV3/tools/standard.exe module_state_description.bb | /lib/cpp -P -traditional > module_state_description.f90
rm -f module_state_description.b module_state_description.bb
time gfortran -c   -O0 -w -ffree-form -ffree-line-length-none -fconvert=big-endian -frecord-marker=4  -I../dyn_em -I../dyn_nmm   -I/pixel/project02/tcchen/WRFV3/external/esmf_time_f90  -I/pixel/project02/tcchen/WRFV3/main -I/pixel/project02/tcchen/WRFV3/external/io_netcdf -I/pixel/project02/tcchen/WRFV3/external/io_int -I/pixel/project02/tcchen/WRFV3/frame -I/pixel/project02/tcchen/WRFV3/share -I/pixel/project02/tcchen/WRFV3/phys -I/pixel/project02/tcchen/WRFV3/chem -I/pixel/project02/tcchen/WRFV3/inc -I/pixel/project02/tcchen/netcdf/netcdf_gnu//include  module_state_description.f90
Warning: Nonexistent include directory "/pixel/project02/tcchen/WRFV3/chem"
0.05user 0.01system 0:00.07elapsed 90%CPU (0avgtext+0avgdata 9604maxresident)k
32inputs+1048outputs (0major+4927minor)pagefaults 0swaps
rm -f module_driver_constants.o
rm -f module_streams.o
/lib/cpp -P -I/pixel/project02/tcchen/WRFV3/inc -DEM_CORE=1 -DNMM_CORE=0 -DNMM_MAX_DIM=2600 -DCOAMPS_CORE=0 -DDA_CORE=0 -DEXP_CORE=0 -DIWORDSIZE=4 -DDWORDSIZE=8 -DRWORDSIZE=4 -DLWORDSIZE=4 -DNONSTANDARD_SYSTEM_SUBR  -DWRF_USE_CLM -DNO_IEEE_MODULE  -DNETCDF -DUSE_ALLOCATABLES -DGRIB1 -DINTIO -DKEEP_INT_AROUND -DLIMIT_ARGS -DCONFIG_BUF_LEN=65536 -DMAX_DOMAINS_F=21 -DMAX_HISTORY=25 -DNMM_NEST=0  -I. -traditional  -D_OPENMP module_driver_constants.F  > module_driver_constants.bb
/lib/cpp -P -I/pixel/project02/tcchen/WRFV3/inc -DEM_CORE=1 -DNMM_CORE=0 -DNMM_MAX_DIM=2600 -DCOAMPS_CORE=0 -DDA_CORE=0 -DEXP_CORE=0 -DIWORDSIZE=4 -DDWORDSIZE=8 -DRWORDSIZE=4 -DLWORDSIZE=4 -DNONSTANDARD_SYSTEM_SUBR  -DWRF_USE_CLM -DNO_IEEE_MODULE  -DNETCDF -DUSE_ALLOCATABLES -DGRIB1 -DINTIO -DKEEP_INT_AROUND -DLIMIT_ARGS -DCONFIG_BUF_LEN=65536 -DMAX_DOMAINS_F=21 -DMAX_HISTORY=25 -DNMM_NEST=0  -I. -traditional  -D_OPENMP module_streams.F  > module_streams.bb
/pixel/project02/tcchen/WRFV3/tools/standard.exe module_driver_constants.bb | /lib/cpp -P -traditional > module_driver_constants.f90
/pixel/project02/tcchen/WRFV3/tools/standard.exe module_streams.bb | /lib/cpp -P -traditional > module_streams.f90
rm -f module_driver_constants.b module_driver_constants.bb
time gfortran -o module_driver_constants.o -c -O2 -ftree-vectorize -funroll-loops -w -ffree-form -ffree-line-length-none -fconvert=big-endian -frecord-marker=4  -fopenmp -I../dyn_em -I../dyn_nmm   -I/pixel/project02/tcchen/WRFV3/external/esmf_time_f90  -I/pixel/project02/tcchen/WRFV3/main -I/pixel/project02/tcchen/WRFV3/external/io_netcdf -I/pixel/project02/tcchen/WRFV3/external/io_int -I/pixel/project02/tcchen/WRFV3/frame -I/pixel/project02/tcchen/WRFV3/share -I/pixel/project02/tcchen/WRFV3/phys -I/pixel/project02/tcchen/WRFV3/chem -I/pixel/project02/tcchen/WRFV3/inc -I/pixel/project02/tcchen/netcdf/netcdf_gnu//include    module_driver_constants.f90
rm -f module_streams.b module_streams.bb
Warning: Nonexistent include directory "/pixel/project02/tcchen/WRFV3/chem"
time gfortran -o module_streams.o -c -O2 -ftree-vectorize -funroll-loops -w -ffree-form -ffree-line-length-none -fconvert=big-endian -frecord-marker=4  -fopenmp -I../dyn_em -I../dyn_nmm   -I/pixel/project02/tcchen/WRFV3/external/esmf_time_f90  -I/pixel/project02/tcchen/WRFV3/main -I/pixel/project02/tcchen/WRFV3/external/io_netcdf -I/pixel/project02/tcchen/WRFV3/external/io_int -I/pixel/project02/tcchen/WRFV3/frame -I/pixel/project02/tcchen/WRFV3/share -I/pixel/project02/tcchen/WRFV3/phys -I/pixel/project02/tcchen/WRFV3/chem -I/pixel/project02/tcchen/WRFV3/inc -I/pixel/project02/tcchen/netcdf/netcdf_gnu//include    module_streams.f90
Warning: Nonexistent include directory "/pixel/project02/tcchen/WRFV3/chem"
0.01user 0.02system 0:00.04elapsed 86%CPU (0avgtext+0avgdata 9984maxresident)k
0inputs+40outputs (0major+4864minor)pagefaults 0swaps
rm -f module_timing.o
/lib/cpp -P -I/pixel/project02/tcchen/WRFV3/inc -DEM_CORE=1 -DNMM_CORE=0 -DNMM_MAX_DIM=2600 -DCOAMPS_CORE=0 -DDA_CORE=0 -DEXP_CORE=0 -DIWORDSIZE=4 -DDWORDSIZE=8 -DRWORDSIZE=4 -DLWORDSIZE=4 -DNONSTANDARD_SYSTEM_SUBR  -DWRF_USE_CLM -DNO_IEEE_MODULE  -DNETCDF -DUSE_ALLOCATABLES -DGRIB1 -DINTIO -DKEEP_INT_AROUND -DLIMIT_ARGS -DCONFIG_BUF_LEN=65536 -DMAX_DOMAINS_F=21 -DMAX_HISTORY=25 -DNMM_NEST=0  -I. -traditional  -D_OPENMP module_timing.F  > module_timing.bb
0.01user 0.01system 0:00.03elapsed 85%CPU (0avgtext+0avgdata 9120maxresident)k
0inputs+72outputs (0major+4620minor)pagefaults 0swaps
rm -f module_domain_type.o
/lib/cpp -P -I/pixel/project02/tcchen/WRFV3/inc -DEM_CORE=1 -DNMM_CORE=0 -DNMM_MAX_DIM=2600 -DCOAMPS_CORE=0 -DDA_CORE=0 -DEXP_CORE=0 -DIWORDSIZE=4 -DDWORDSIZE=8 -DRWORDSIZE=4 -DLWORDSIZE=4 -DNONSTANDARD_SYSTEM_SUBR  -DWRF_USE_CLM -DNO_IEEE_MODULE  -DNETCDF -DUSE_ALLOCATABLES -DGRIB1 -DINTIO -DKEEP_INT_AROUND -DLIMIT_ARGS -DCONFIG_BUF_LEN=65536 -DMAX_DOMAINS_F=21 -DMAX_HISTORY=25 -DNMM_NEST=0  -I. -traditional  -D_OPENMP module_domain_type.F  > module_domain_type.bb
/pixel/project02/tcchen/WRFV3/tools/standard.exe module_timing.bb | /lib/cpp -P -traditional > module_timing.f90
rm -f module_timing.b module_timing.bb
/pixel/project02/tcchen/WRFV3/tools/standard.exe module_domain_type.bb | /lib/cpp -P -traditional > module_domain_type.f90
time gfortran -o module_timing.o -c -O2 -ftree-vectorize -funroll-loops -w -ffree-form -ffree-line-length-none -fconvert=big-endian -frecord-marker=4  -fopenmp -I../dyn_em -I../dyn_nmm   -I/pixel/project02/tcchen/WRFV3/external/esmf_time_f90  -I/pixel/project02/tcchen/WRFV3/main -I/pixel/project02/tcchen/WRFV3/external/io_netcdf -I/pixel/project02/tcchen/WRFV3/external/io_int -I/pixel/project02/tcchen/WRFV3/frame -I/pixel/project02/tcchen/WRFV3/share -I/pixel/project02/tcchen/WRFV3/phys -I/pixel/project02/tcchen/WRFV3/chem -I/pixel/project02/tcchen/WRFV3/inc -I/pixel/project02/tcchen/netcdf/netcdf_gnu//include    module_timing.f90
Warning: Nonexistent include directory "/pixel/project02/tcchen/WRFV3/chem"
rm -f module_domain_type.b module_domain_type.bb
time gfortran -c   -O0 -w -ffree-form -ffree-line-length-none -fconvert=big-endian -frecord-marker=4  -I../dyn_em -I../dyn_nmm   -I/pixel/project02/tcchen/WRFV3/external/esmf_time_f90  -I/pixel/project02/tcchen/WRFV3/main -I/pixel/project02/tcchen/WRFV3/external/io_netcdf -I/pixel/project02/tcchen/WRFV3/external/io_int -I/pixel/project02/tcchen/WRFV3/frame -I/pixel/project02/tcchen/WRFV3/share -I/pixel/project02/tcchen/WRFV3/phys -I/pixel/project02/tcchen/WRFV3/chem -I/pixel/project02/tcchen/WRFV3/inc -I/pixel/project02/tcchen/netcdf/netcdf_gnu//include  module_domain_type.f90
Warning: Nonexistent include directory "/pixel/project02/tcchen/WRFV3/chem"
0.04user 0.02system 0:00.08elapsed 93%CPU (0avgtext+0avgdata 11704maxresident)k
0inputs+48outputs (0major+5285minor)pagefaults 0swaps
rm -f module_machine.o
/lib/cpp -P -I/pixel/project02/tcchen/WRFV3/inc -DEM_CORE=1 -DNMM_CORE=0 -DNMM_MAX_DIM=2600 -DCOAMPS_CORE=0 -DDA_CORE=0 -DEXP_CORE=0 -DIWORDSIZE=4 -DDWORDSIZE=8 -DRWORDSIZE=4 -DLWORDSIZE=4 -DNONSTANDARD_SYSTEM_SUBR  -DWRF_USE_CLM -DNO_IEEE_MODULE  -DNETCDF -DUSE_ALLOCATABLES -DGRIB1 -DINTIO -DKEEP_INT_AROUND -DLIMIT_ARGS -DCONFIG_BUF_LEN=65536 -DMAX_DOMAINS_F=21 -DMAX_HISTORY=25 -DNMM_NEST=0  -I. -traditional  -D_OPENMP module_machine.F  > module_machine.bb
/pixel/project02/tcchen/WRFV3/tools/standard.exe module_machine.bb | /lib/cpp -P -traditional > module_machine.f90
rm -f module_machine.b module_machine.bb
time gfortran -o module_machine.o -c -O2 -ftree-vectorize -funroll-loops -w -ffree-form -ffree-line-length-none -fconvert=big-endian -frecord-marker=4  -fopenmp -I../dyn_em -I../dyn_nmm   -I/pixel/project02/tcchen/WRFV3/external/esmf_time_f90  -I/pixel/project02/tcchen/WRFV3/main -I/pixel/project02/tcchen/WRFV3/external/io_netcdf -I/pixel/project02/tcchen/WRFV3/external/io_int -I/pixel/project02/tcchen/WRFV3/frame -I/pixel/project02/tcchen/WRFV3/share -I/pixel/project02/tcchen/WRFV3/phys -I/pixel/project02/tcchen/WRFV3/chem -I/pixel/project02/tcchen/WRFV3/inc -I/pixel/project02/tcchen/netcdf/netcdf_gnu//include    module_machine.f90
Warning: Nonexistent include directory "/pixel/project02/tcchen/WRFV3/chem"
0.14user 0.02system 0:00.17elapsed 95%CPU (0avgtext+0avgdata 10260maxresident)k
0inputs+1608outputs (0major+4961minor)pagefaults 0swaps
rm -f module_quilt_outbuf_ops.o
/lib/cpp -P -I/pixel/project02/tcchen/WRFV3/inc -DEM_CORE=1 -DNMM_CORE=0 -DNMM_MAX_DIM=2600 -DCOAMPS_CORE=0 -DDA_CORE=0 -DEXP_CORE=0 -DIWORDSIZE=4 -DDWORDSIZE=8 -DRWORDSIZE=4 -DLWORDSIZE=4 -DNONSTANDARD_SYSTEM_SUBR  -DWRF_USE_CLM -DNO_IEEE_MODULE  -DNETCDF -DUSE_ALLOCATABLES -DGRIB1 -DINTIO -DKEEP_INT_AROUND -DLIMIT_ARGS -DCONFIG_BUF_LEN=65536 -DMAX_DOMAINS_F=21 -DMAX_HISTORY=25 -DNMM_NEST=0  -I. -traditional  -D_OPENMP module_quilt_outbuf_ops.F  > module_quilt_outbuf_ops.bb
0.07user 0.01system 0:00.09elapsed 94%CPU (0avgtext+0avgdata 13252maxresident)k
0inputs+88outputs (0major+5772minor)pagefaults 0swaps
rm -f module_configure.o
/lib/cpp -P -I/pixel/project02/tcchen/WRFV3/inc -DEM_CORE=1 -DNMM_CORE=0 -DNMM_MAX_DIM=2600 -DCOAMPS_CORE=0 -DDA_CORE=0 -DEXP_CORE=0 -DIWORDSIZE=4 -DDWORDSIZE=8 -DRWORDSIZE=4 -DLWORDSIZE=4 -DNONSTANDARD_SYSTEM_SUBR  -DWRF_USE_CLM -DNO_IEEE_MODULE  -DNETCDF -DUSE_ALLOCATABLES -DGRIB1 -DINTIO -DKEEP_INT_AROUND -DLIMIT_ARGS -DCONFIG_BUF_LEN=65536 -DMAX_DOMAINS_F=21 -DMAX_HISTORY=25 -DNMM_NEST=0  -I. -traditional  -D_OPENMP module_configure.F  > module_configure.bb
/pixel/project02/tcchen/WRFV3/tools/standard.exe module_quilt_outbuf_ops.bb | /lib/cpp -P -traditional > module_quilt_outbuf_ops.f90
rm -f module_quilt_outbuf_ops.b module_quilt_outbuf_ops.bb
time gfortran -o module_quilt_outbuf_ops.o -c -O2 -ftree-vectorize -funroll-loops -w -ffree-form -ffree-line-length-none -fconvert=big-endian -frecord-marker=4  -fopenmp -I../dyn_em -I../dyn_nmm   -I/pixel/project02/tcchen/WRFV3/external/esmf_time_f90  -I/pixel/project02/tcchen/WRFV3/main -I/pixel/project02/tcchen/WRFV3/external/io_netcdf -I/pixel/project02/tcchen/WRFV3/external/io_int -I/pixel/project02/tcchen/WRFV3/frame -I/pixel/project02/tcchen/WRFV3/share -I/pixel/project02/tcchen/WRFV3/phys -I/pixel/project02/tcchen/WRFV3/chem -I/pixel/project02/tcchen/WRFV3/inc -I/pixel/project02/tcchen/netcdf/netcdf_gnu//include    module_quilt_outbuf_ops.f90
Warning: Nonexistent include directory "/pixel/project02/tcchen/WRFV3/chem"
/pixel/project02/tcchen/WRFV3/tools/standard.exe module_configure.bb | /lib/cpp -P -traditional > module_configure.f90
rm -f module_configure.b module_configure.bb
time gfortran -c   -O0 -w -ffree-form -ffree-line-length-none -fconvert=big-endian -frecord-marker=4  -I../dyn_em -I../dyn_nmm   -I/pixel/project02/tcchen/WRFV3/external/esmf_time_f90  -I/pixel/project02/tcchen/WRFV3/main -I/pixel/project02/tcchen/WRFV3/external/io_netcdf -I/pixel/project02/tcchen/WRFV3/external/io_int -I/pixel/project02/tcchen/WRFV3/frame -I/pixel/project02/tcchen/WRFV3/share -I/pixel/project02/tcchen/WRFV3/phys -I/pixel/project02/tcchen/WRFV3/chem -I/pixel/project02/tcchen/WRFV3/inc -I/pixel/project02/tcchen/netcdf/netcdf_gnu//include  module_configure.f90
Warning: Nonexistent include directory "/pixel/project02/tcchen/WRFV3/chem"
0.74user 0.04system 0:00.79elapsed 99%CPU (0avgtext+0avgdata 34296maxresident)k
664inputs+416outputs (0major+11398minor)pagefaults 0swaps
6.22user 0.50system 0:06.75elapsed 99%CPU (0avgtext+0avgdata 651276maxresident)k
2936inputs+30920outputs (0major+313276minor)pagefaults 0swaps
rm -f module_alloc_space_0.o
rm -f module_alloc_space_1.o
/lib/cpp -P -I/pixel/project02/tcchen/WRFV3/inc -DEM_CORE=1 -DNMM_CORE=0 -DNMM_MAX_DIM=2600 -DCOAMPS_CORE=0 -DDA_CORE=0 -DEXP_CORE=0 -DIWORDSIZE=4 -DDWORDSIZE=8 -DRWORDSIZE=4 -DLWORDSIZE=4 -DNONSTANDARD_SYSTEM_SUBR  -DWRF_USE_CLM -DNO_IEEE_MODULE  -DNETCDF -DUSE_ALLOCATABLES -DGRIB1 -DINTIO -DKEEP_INT_AROUND -DLIMIT_ARGS -DCONFIG_BUF_LEN=65536 -DMAX_DOMAINS_F=21 -DMAX_HISTORY=25 -DNMM_NEST=0  -I. -traditional  -D_OPENMP module_alloc_space_0.F  > module_alloc_space_0.bb
/lib/cpp -P -I/pixel/project02/tcchen/WRFV3/inc -DEM_CORE=1 -DNMM_CORE=0 -DNMM_MAX_DIM=2600 -DCOAMPS_CORE=0 -DDA_CORE=0 -DEXP_CORE=0 -DIWORDSIZE=4 -DDWORDSIZE=8 -DRWORDSIZE=4 -DLWORDSIZE=4 -DNONSTANDARD_SYSTEM_SUBR  -DWRF_USE_CLM -DNO_IEEE_MODULE  -DNETCDF -DUSE_ALLOCATABLES -DGRIB1 -DINTIO -DKEEP_INT_AROUND -DLIMIT_ARGS -DCONFIG_BUF_LEN=65536 -DMAX_DOMAINS_F=21 -DMAX_HISTORY=25 -DNMM_NEST=0  -I. -traditional  -D_OPENMP module_alloc_space_1.F  > module_alloc_space_1.bb
/pixel/project02/tcchen/WRFV3/tools/standard.exe module_alloc_space_0.bb | /lib/cpp -P -traditional > module_alloc_space_0.f90
/pixel/project02/tcchen/WRFV3/tools/standard.exe module_alloc_space_1.bb | /lib/cpp -P -traditional > module_alloc_space_1.f90
rm -f module_alloc_space_0.b module_alloc_space_0.bb
time gfortran -c   -O0 -w -ffree-form -ffree-line-length-none -fconvert=big-endian -frecord-marker=4  -I../dyn_em -I../dyn_nmm   -I/pixel/project02/tcchen/WRFV3/external/esmf_time_f90  -I/pixel/project02/tcchen/WRFV3/main -I/pixel/project02/tcchen/WRFV3/external/io_netcdf -I/pixel/project02/tcchen/WRFV3/external/io_int -I/pixel/project02/tcchen/WRFV3/frame -I/pixel/project02/tcchen/WRFV3/share -I/pixel/project02/tcchen/WRFV3/phys -I/pixel/project02/tcchen/WRFV3/chem -I/pixel/project02/tcchen/WRFV3/inc -I/pixel/project02/tcchen/netcdf/netcdf_gnu//include  module_alloc_space_0.f90
Warning: Nonexistent include directory "/pixel/project02/tcchen/WRFV3/chem"
rm -f module_alloc_space_1.b module_alloc_space_1.bb
time gfortran -c   -O0 -w -ffree-form -ffree-line-length-none -fconvert=big-endian -frecord-marker=4  -I../dyn_em -I../dyn_nmm   -I/pixel/project02/tcchen/WRFV3/external/esmf_time_f90  -I/pixel/project02/tcchen/WRFV3/main -I/pixel/project02/tcchen/WRFV3/external/io_netcdf -I/pixel/project02/tcchen/WRFV3/external/io_int -I/pixel/project02/tcchen/WRFV3/frame -I/pixel/project02/tcchen/WRFV3/share -I/pixel/project02/tcchen/WRFV3/phys -I/pixel/project02/tcchen/WRFV3/chem -I/pixel/project02/tcchen/WRFV3/inc -I/pixel/project02/tcchen/netcdf/netcdf_gnu//include  module_alloc_space_1.f90
Warning: Nonexistent include directory "/pixel/project02/tcchen/WRFV3/chem"
5.06user 0.46system 0:05.55elapsed 99%CPU (0avgtext+0avgdata 683852maxresident)k
64inputs+21400outputs (0major+307017minor)pagefaults 0swaps
rm -f module_alloc_space_2.o
/lib/cpp -P -I/pixel/project02/tcchen/WRFV3/inc -DEM_CORE=1 -DNMM_CORE=0 -DNMM_MAX_DIM=2600 -DCOAMPS_CORE=0 -DDA_CORE=0 -DEXP_CORE=0 -DIWORDSIZE=4 -DDWORDSIZE=8 -DRWORDSIZE=4 -DLWORDSIZE=4 -DNONSTANDARD_SYSTEM_SUBR  -DWRF_USE_CLM -DNO_IEEE_MODULE  -DNETCDF -DUSE_ALLOCATABLES -DGRIB1 -DINTIO -DKEEP_INT_AROUND -DLIMIT_ARGS -DCONFIG_BUF_LEN=65536 -DMAX_DOMAINS_F=21 -DMAX_HISTORY=25 -DNMM_NEST=0  -I. -traditional  -D_OPENMP module_alloc_space_2.F  > module_alloc_space_2.bb
/pixel/project02/tcchen/WRFV3/tools/standard.exe module_alloc_space_2.bb | /lib/cpp -P -traditional > module_alloc_space_2.f90
rm -f module_alloc_space_2.b module_alloc_space_2.bb
time gfortran -c   -O0 -w -ffree-form -ffree-line-length-none -fconvert=big-endian -frecord-marker=4  -I../dyn_em -I../dyn_nmm   -I/pixel/project02/tcchen/WRFV3/external/esmf_time_f90  -I/pixel/project02/tcchen/WRFV3/main -I/pixel/project02/tcchen/WRFV3/external/io_netcdf -I/pixel/project02/tcchen/WRFV3/external/io_int -I/pixel/project02/tcchen/WRFV3/frame -I/pixel/project02/tcchen/WRFV3/share -I/pixel/project02/tcchen/WRFV3/phys -I/pixel/project02/tcchen/WRFV3/chem -I/pixel/project02/tcchen/WRFV3/inc -I/pixel/project02/tcchen/netcdf/netcdf_gnu//include  module_alloc_space_2.f90
Warning: Nonexistent include directory "/pixel/project02/tcchen/WRFV3/chem"
5.22user 0.51system 0:05.75elapsed 99%CPU (0avgtext+0avgdata 697060maxresident)k
64inputs+21864outputs (0major+315576minor)pagefaults 0swaps
rm -f module_alloc_space_3.o
/lib/cpp -P -I/pixel/project02/tcchen/WRFV3/inc -DEM_CORE=1 -DNMM_CORE=0 -DNMM_MAX_DIM=2600 -DCOAMPS_CORE=0 -DDA_CORE=0 -DEXP_CORE=0 -DIWORDSIZE=4 -DDWORDSIZE=8 -DRWORDSIZE=4 -DLWORDSIZE=4 -DNONSTANDARD_SYSTEM_SUBR  -DWRF_USE_CLM -DNO_IEEE_MODULE  -DNETCDF -DUSE_ALLOCATABLES -DGRIB1 -DINTIO -DKEEP_INT_AROUND -DLIMIT_ARGS -DCONFIG_BUF_LEN=65536 -DMAX_DOMAINS_F=21 -DMAX_HISTORY=25 -DNMM_NEST=0  -I. -traditional  -D_OPENMP module_alloc_space_3.F  > module_alloc_space_3.bb
/pixel/project02/tcchen/WRFV3/tools/standard.exe module_alloc_space_3.bb | /lib/cpp -P -traditional > module_alloc_space_3.f90
rm -f module_alloc_space_3.b module_alloc_space_3.bb
time gfortran -c   -O0 -w -ffree-form -ffree-line-length-none -fconvert=big-endian -frecord-marker=4  -I../dyn_em -I../dyn_nmm   -I/pixel/project02/tcchen/WRFV3/external/esmf_time_f90  -I/pixel/project02/tcchen/WRFV3/main -I/pixel/project02/tcchen/WRFV3/external/io_netcdf -I/pixel/project02/tcchen/WRFV3/external/io_int -I/pixel/project02/tcchen/WRFV3/frame -I/pixel/project02/tcchen/WRFV3/share -I/pixel/project02/tcchen/WRFV3/phys -I/pixel/project02/tcchen/WRFV3/chem -I/pixel/project02/tcchen/WRFV3/inc -I/pixel/project02/tcchen/netcdf/netcdf_gnu//include  module_alloc_space_3.f90
Warning: Nonexistent include directory "/pixel/project02/tcchen/WRFV3/chem"
0.75user 0.08system 0:00.85elapsed 98%CPU (0avgtext+0avgdata 89812maxresident)k
64inputs+3576outputs (0major+27939minor)pagefaults 0swaps
rm -f module_alloc_space_4.o
/lib/cpp -P -I/pixel/project02/tcchen/WRFV3/inc -DEM_CORE=1 -DNMM_CORE=0 -DNMM_MAX_DIM=2600 -DCOAMPS_CORE=0 -DDA_CORE=0 -DEXP_CORE=0 -DIWORDSIZE=4 -DDWORDSIZE=8 -DRWORDSIZE=4 -DLWORDSIZE=4 -DNONSTANDARD_SYSTEM_SUBR  -DWRF_USE_CLM -DNO_IEEE_MODULE  -DNETCDF -DUSE_ALLOCATABLES -DGRIB1 -DINTIO -DKEEP_INT_AROUND -DLIMIT_ARGS -DCONFIG_BUF_LEN=65536 -DMAX_DOMAINS_F=21 -DMAX_HISTORY=25 -DNMM_NEST=0  -I. -traditional  -D_OPENMP module_alloc_space_4.F  > module_alloc_space_4.bb
/pixel/project02/tcchen/WRFV3/tools/standard.exe module_alloc_space_4.bb | /lib/cpp -P -traditional > module_alloc_space_4.f90
rm -f module_alloc_space_4.b module_alloc_space_4.bb
time gfortran -c   -O0 -w -ffree-form -ffree-line-length-none -fconvert=big-endian -frecord-marker=4  -I../dyn_em -I../dyn_nmm   -I/pixel/project02/tcchen/WRFV3/external/esmf_time_f90  -I/pixel/project02/tcchen/WRFV3/main -I/pixel/project02/tcchen/WRFV3/external/io_netcdf -I/pixel/project02/tcchen/WRFV3/external/io_int -I/pixel/project02/tcchen/WRFV3/frame -I/pixel/project02/tcchen/WRFV3/share -I/pixel/project02/tcchen/WRFV3/phys -I/pixel/project02/tcchen/WRFV3/chem -I/pixel/project02/tcchen/WRFV3/inc -I/pixel/project02/tcchen/netcdf/netcdf_gnu//include  module_alloc_space_4.f90
Warning: Nonexistent include directory "/pixel/project02/tcchen/WRFV3/chem"
0.20user 0.02system 0:00.23elapsed 96%CPU (0avgtext+0avgdata 26900maxresident)k
16inputs+1488outputs (0major+9167minor)pagefaults 0swaps
rm -f module_alloc_space_5.o
/lib/cpp -P -I/pixel/project02/tcchen/WRFV3/inc -DEM_CORE=1 -DNMM_CORE=0 -DNMM_MAX_DIM=2600 -DCOAMPS_CORE=0 -DDA_CORE=0 -DEXP_CORE=0 -DIWORDSIZE=4 -DDWORDSIZE=8 -DRWORDSIZE=4 -DLWORDSIZE=4 -DNONSTANDARD_SYSTEM_SUBR  -DWRF_USE_CLM -DNO_IEEE_MODULE  -DNETCDF -DUSE_ALLOCATABLES -DGRIB1 -DINTIO -DKEEP_INT_AROUND -DLIMIT_ARGS -DCONFIG_BUF_LEN=65536 -DMAX_DOMAINS_F=21 -DMAX_HISTORY=25 -DNMM_NEST=0  -I. -traditional  -D_OPENMP module_alloc_space_5.F  > module_alloc_space_5.bb
/pixel/project02/tcchen/WRFV3/tools/standard.exe module_alloc_space_5.bb | /lib/cpp -P -traditional > module_alloc_space_5.f90
rm -f module_alloc_space_5.b module_alloc_space_5.bb
time gfortran -c   -O0 -w -ffree-form -ffree-line-length-none -fconvert=big-endian -frecord-marker=4  -I../dyn_em -I../dyn_nmm   -I/pixel/project02/tcchen/WRFV3/external/esmf_time_f90  -I/pixel/project02/tcchen/WRFV3/main -I/pixel/project02/tcchen/WRFV3/external/io_netcdf -I/pixel/project02/tcchen/WRFV3/external/io_int -I/pixel/project02/tcchen/WRFV3/frame -I/pixel/project02/tcchen/WRFV3/share -I/pixel/project02/tcchen/WRFV3/phys -I/pixel/project02/tcchen/WRFV3/chem -I/pixel/project02/tcchen/WRFV3/inc -I/pixel/project02/tcchen/netcdf/netcdf_gnu//include  module_alloc_space_5.f90
Warning: Nonexistent include directory "/pixel/project02/tcchen/WRFV3/chem"
1.37user 0.14system 0:01.52elapsed 99%CPU (0avgtext+0avgdata 194240maxresident)k
64inputs+6608outputs (0major+58749minor)pagefaults 0swaps
rm -f module_alloc_space_6.o
/lib/cpp -P -I/pixel/project02/tcchen/WRFV3/inc -DEM_CORE=1 -DNMM_CORE=0 -DNMM_MAX_DIM=2600 -DCOAMPS_CORE=0 -DDA_CORE=0 -DEXP_CORE=0 -DIWORDSIZE=4 -DDWORDSIZE=8 -DRWORDSIZE=4 -DLWORDSIZE=4 -DNONSTANDARD_SYSTEM_SUBR  -DWRF_USE_CLM -DNO_IEEE_MODULE  -DNETCDF -DUSE_ALLOCATABLES -DGRIB1 -DINTIO -DKEEP_INT_AROUND -DLIMIT_ARGS -DCONFIG_BUF_LEN=65536 -DMAX_DOMAINS_F=21 -DMAX_HISTORY=25 -DNMM_NEST=0  -I. -traditional  -D_OPENMP module_alloc_space_6.F  > module_alloc_space_6.bb
/pixel/project02/tcchen/WRFV3/tools/standard.exe module_alloc_space_6.bb | /lib/cpp -P -traditional > module_alloc_space_6.f90
rm -f module_alloc_space_6.b module_alloc_space_6.bb
time gfortran -c   -O0 -w -ffree-form -ffree-line-length-none -fconvert=big-endian -frecord-marker=4  -I../dyn_em -I../dyn_nmm   -I/pixel/project02/tcchen/WRFV3/external/esmf_time_f90  -I/pixel/project02/tcchen/WRFV3/main -I/pixel/project02/tcchen/WRFV3/external/io_netcdf -I/pixel/project02/tcchen/WRFV3/external/io_int -I/pixel/project02/tcchen/WRFV3/frame -I/pixel/project02/tcchen/WRFV3/share -I/pixel/project02/tcchen/WRFV3/phys -I/pixel/project02/tcchen/WRFV3/chem -I/pixel/project02/tcchen/WRFV3/inc -I/pixel/project02/tcchen/netcdf/netcdf_gnu//include  module_alloc_space_6.f90
Warning: Nonexistent include directory "/pixel/project02/tcchen/WRFV3/chem"
3.49user 0.34system 0:03.85elapsed 99%CPU (0avgtext+0avgdata 506612maxresident)k
64inputs+16064outputs (0major+202915minor)pagefaults 0swaps
rm -f module_alloc_space_7.o
/lib/cpp -P -I/pixel/project02/tcchen/WRFV3/inc -DEM_CORE=1 -DNMM_CORE=0 -DNMM_MAX_DIM=2600 -DCOAMPS_CORE=0 -DDA_CORE=0 -DEXP_CORE=0 -DIWORDSIZE=4 -DDWORDSIZE=8 -DRWORDSIZE=4 -DLWORDSIZE=4 -DNONSTANDARD_SYSTEM_SUBR  -DWRF_USE_CLM -DNO_IEEE_MODULE  -DNETCDF -DUSE_ALLOCATABLES -DGRIB1 -DINTIO -DKEEP_INT_AROUND -DLIMIT_ARGS -DCONFIG_BUF_LEN=65536 -DMAX_DOMAINS_F=21 -DMAX_HISTORY=25 -DNMM_NEST=0  -I. -traditional  -D_OPENMP module_alloc_space_7.F  > module_alloc_space_7.bb
/pixel/project02/tcchen/WRFV3/tools/standard.exe module_alloc_space_7.bb | /lib/cpp -P -traditional > module_alloc_space_7.f90
rm -f module_alloc_space_7.b module_alloc_space_7.bb
time gfortran -c   -O0 -w -ffree-form -ffree-line-length-none -fconvert=big-endian -frecord-marker=4  -I../dyn_em -I../dyn_nmm   -I/pixel/project02/tcchen/WRFV3/external/esmf_time_f90  -I/pixel/project02/tcchen/WRFV3/main -I/pixel/project02/tcchen/WRFV3/external/io_netcdf -I/pixel/project02/tcchen/WRFV3/external/io_int -I/pixel/project02/tcchen/WRFV3/frame -I/pixel/project02/tcchen/WRFV3/share -I/pixel/project02/tcchen/WRFV3/phys -I/pixel/project02/tcchen/WRFV3/chem -I/pixel/project02/tcchen/WRFV3/inc -I/pixel/project02/tcchen/netcdf/netcdf_gnu//include  module_alloc_space_7.f90
Warning: Nonexistent include directory "/pixel/project02/tcchen/WRFV3/chem"
0.16user 0.03system 0:00.21elapsed 94%CPU (0avgtext+0avgdata 23224maxresident)k
0inputs+1368outputs (0major+8172minor)pagefaults 0swaps
rm -f module_alloc_space_8.o
/lib/cpp -P -I/pixel/project02/tcchen/WRFV3/inc -DEM_CORE=1 -DNMM_CORE=0 -DNMM_MAX_DIM=2600 -DCOAMPS_CORE=0 -DDA_CORE=0 -DEXP_CORE=0 -DIWORDSIZE=4 -DDWORDSIZE=8 -DRWORDSIZE=4 -DLWORDSIZE=4 -DNONSTANDARD_SYSTEM_SUBR  -DWRF_USE_CLM -DNO_IEEE_MODULE  -DNETCDF -DUSE_ALLOCATABLES -DGRIB1 -DINTIO -DKEEP_INT_AROUND -DLIMIT_ARGS -DCONFIG_BUF_LEN=65536 -DMAX_DOMAINS_F=21 -DMAX_HISTORY=25 -DNMM_NEST=0  -I. -traditional  -D_OPENMP module_alloc_space_8.F  > module_alloc_space_8.bb
/pixel/project02/tcchen/WRFV3/tools/standard.exe module_alloc_space_8.bb | /lib/cpp -P -traditional > module_alloc_space_8.f90
rm -f module_alloc_space_8.b module_alloc_space_8.bb
time gfortran -c   -O0 -w -ffree-form -ffree-line-length-none -fconvert=big-endian -frecord-marker=4  -I../dyn_em -I../dyn_nmm   -I/pixel/project02/tcchen/WRFV3/external/esmf_time_f90  -I/pixel/project02/tcchen/WRFV3/main -I/pixel/project02/tcchen/WRFV3/external/io_netcdf -I/pixel/project02/tcchen/WRFV3/external/io_int -I/pixel/project02/tcchen/WRFV3/frame -I/pixel/project02/tcchen/WRFV3/share -I/pixel/project02/tcchen/WRFV3/phys -I/pixel/project02/tcchen/WRFV3/chem -I/pixel/project02/tcchen/WRFV3/inc -I/pixel/project02/tcchen/netcdf/netcdf_gnu//include  module_alloc_space_8.f90
Warning: Nonexistent include directory "/pixel/project02/tcchen/WRFV3/chem"
0.14user 0.03system 0:00.18elapsed 96%CPU (0avgtext+0avgdata 23280maxresident)k
0inputs+1368outputs (0major+8185minor)pagefaults 0swaps
rm -f module_alloc_space_9.o
/lib/cpp -P -I/pixel/project02/tcchen/WRFV3/inc -DEM_CORE=1 -DNMM_CORE=0 -DNMM_MAX_DIM=2600 -DCOAMPS_CORE=0 -DDA_CORE=0 -DEXP_CORE=0 -DIWORDSIZE=4 -DDWORDSIZE=8 -DRWORDSIZE=4 -DLWORDSIZE=4 -DNONSTANDARD_SYSTEM_SUBR  -DWRF_USE_CLM -DNO_IEEE_MODULE  -DNETCDF -DUSE_ALLOCATABLES -DGRIB1 -DINTIO -DKEEP_INT_AROUND -DLIMIT_ARGS -DCONFIG_BUF_LEN=65536 -DMAX_DOMAINS_F=21 -DMAX_HISTORY=25 -DNMM_NEST=0  -I. -traditional  -D_OPENMP module_alloc_space_9.F  > module_alloc_space_9.bb
/pixel/project02/tcchen/WRFV3/tools/standard.exe module_alloc_space_9.bb | /lib/cpp -P -traditional > module_alloc_space_9.f90
rm -f module_alloc_space_9.b module_alloc_space_9.bb
time gfortran -c   -O0 -w -ffree-form -ffree-line-length-none -fconvert=big-endian -frecord-marker=4  -I../dyn_em -I../dyn_nmm   -I/pixel/project02/tcchen/WRFV3/external/esmf_time_f90  -I/pixel/project02/tcchen/WRFV3/main -I/pixel/project02/tcchen/WRFV3/external/io_netcdf -I/pixel/project02/tcchen/WRFV3/external/io_int -I/pixel/project02/tcchen/WRFV3/frame -I/pixel/project02/tcchen/WRFV3/share -I/pixel/project02/tcchen/WRFV3/phys -I/pixel/project02/tcchen/WRFV3/chem -I/pixel/project02/tcchen/WRFV3/inc -I/pixel/project02/tcchen/netcdf/netcdf_gnu//include  module_alloc_space_9.f90
Warning: Nonexistent include directory "/pixel/project02/tcchen/WRFV3/chem"
0.20user 0.03system 0:00.24elapsed 97%CPU (0avgtext+0avgdata 23252maxresident)k
0inputs+1368outputs (0major+8181minor)pagefaults 0swaps
/lib/cpp -P -DNNN=0 -I../inc -DNL_get_ROUTINES nl_access_routines.F > yy0.f90
time gfortran -o nl_get_0_routines.o -c  -O0 -w -ffree-form -ffree-line-length-none -fconvert=big-endian -frecord-marker=4 -I../dyn_em -I../dyn_nmm   -I/pixel/project02/tcchen/WRFV3/external/esmf_time_f90  -I/pixel/project02/tcchen/WRFV3/main -I/pixel/project02/tcchen/WRFV3/external/io_netcdf -I/pixel/project02/tcchen/WRFV3/external/io_int -I/pixel/project02/tcchen/WRFV3/frame -I/pixel/project02/tcchen/WRFV3/share -I/pixel/project02/tcchen/WRFV3/phys -I/pixel/project02/tcchen/WRFV3/chem -I/pixel/project02/tcchen/WRFV3/inc -I/pixel/project02/tcchen/netcdf/netcdf_gnu//include   yy0.f90
Warning: Nonexistent include directory "/pixel/project02/tcchen/WRFV3/chem"
5.43user 0.52system 0:05.97elapsed 99%CPU (0avgtext+0avgdata 701164maxresident)k
216inputs+21928outputs (0major+315941minor)pagefaults 0swaps
/lib/cpp -P -DNNN=1 -I../inc -DNL_get_ROUTINES nl_access_routines.F > yy1.f90
time gfortran -o nl_get_1_routines.o -c  -O0 -w -ffree-form -ffree-line-length-none -fconvert=big-endian -frecord-marker=4 -I../dyn_em -I../dyn_nmm   -I/pixel/project02/tcchen/WRFV3/external/esmf_time_f90  -I/pixel/project02/tcchen/WRFV3/main -I/pixel/project02/tcchen/WRFV3/external/io_netcdf -I/pixel/project02/tcchen/WRFV3/external/io_int -I/pixel/project02/tcchen/WRFV3/frame -I/pixel/project02/tcchen/WRFV3/share -I/pixel/project02/tcchen/WRFV3/phys -I/pixel/project02/tcchen/WRFV3/chem -I/pixel/project02/tcchen/WRFV3/inc -I/pixel/project02/tcchen/netcdf/netcdf_gnu//include   yy1.f90
Warning: Nonexistent include directory "/pixel/project02/tcchen/WRFV3/chem"
6.13user 0.45system 0:06.64elapsed 99%CPU (0avgtext+0avgdata 327168maxresident)k
48inputs+352outputs (0major+134942minor)pagefaults 0swaps
rm -f yy0.f90
/lib/cpp -P -DNNN=2 -I../inc -DNL_get_ROUTINES nl_access_routines.F > yy2.f90
time gfortran -o nl_get_2_routines.o -c  -O0 -w -ffree-form -ffree-line-length-none -fconvert=big-endian -frecord-marker=4 -I../dyn_em -I../dyn_nmm   -I/pixel/project02/tcchen/WRFV3/external/esmf_time_f90  -I/pixel/project02/tcchen/WRFV3/main -I/pixel/project02/tcchen/WRFV3/external/io_netcdf -I/pixel/project02/tcchen/WRFV3/external/io_int -I/pixel/project02/tcchen/WRFV3/frame -I/pixel/project02/tcchen/WRFV3/share -I/pixel/project02/tcchen/WRFV3/phys -I/pixel/project02/tcchen/WRFV3/chem -I/pixel/project02/tcchen/WRFV3/inc -I/pixel/project02/tcchen/netcdf/netcdf_gnu//include   yy2.f90
Warning: Nonexistent include directory "/pixel/project02/tcchen/WRFV3/chem"
5.14user 0.40system 0:05.60elapsed 98%CPU (0avgtext+0avgdata 326364maxresident)k
32inputs+336outputs (0major+145964minor)pagefaults 0swaps
rm -f yy1.f90
/lib/cpp -P -DNNN=3 -I../inc -DNL_get_ROUTINES nl_access_routines.F > yy3.f90
time gfortran -o nl_get_3_routines.o -c  -O0 -w -ffree-form -ffree-line-length-none -fconvert=big-endian -frecord-marker=4 -I../dyn_em -I../dyn_nmm   -I/pixel/project02/tcchen/WRFV3/external/esmf_time_f90  -I/pixel/project02/tcchen/WRFV3/main -I/pixel/project02/tcchen/WRFV3/external/io_netcdf -I/pixel/project02/tcchen/WRFV3/external/io_int -I/pixel/project02/tcchen/WRFV3/frame -I/pixel/project02/tcchen/WRFV3/share -I/pixel/project02/tcchen/WRFV3/phys -I/pixel/project02/tcchen/WRFV3/chem -I/pixel/project02/tcchen/WRFV3/inc -I/pixel/project02/tcchen/netcdf/netcdf_gnu//include   yy3.f90
Warning: Nonexistent include directory "/pixel/project02/tcchen/WRFV3/chem"
4.99user 0.37system 0:05.42elapsed 98%CPU (0avgtext+0avgdata 327788maxresident)k
48inputs+384outputs (0major+150142minor)pagefaults 0swaps
rm -f yy2.f90
/lib/cpp -P -DNNN=4 -I../inc -DNL_get_ROUTINES nl_access_routines.F > yy4.f90
time gfortran -o nl_get_4_routines.o -c  -O0 -w -ffree-form -ffree-line-length-none -fconvert=big-endian -frecord-marker=4 -I../dyn_em -I../dyn_nmm   -I/pixel/project02/tcchen/WRFV3/external/esmf_time_f90  -I/pixel/project02/tcchen/WRFV3/main -I/pixel/project02/tcchen/WRFV3/external/io_netcdf -I/pixel/project02/tcchen/WRFV3/external/io_int -I/pixel/project02/tcchen/WRFV3/frame -I/pixel/project02/tcchen/WRFV3/share -I/pixel/project02/tcchen/WRFV3/phys -I/pixel/project02/tcchen/WRFV3/chem -I/pixel/project02/tcchen/WRFV3/inc -I/pixel/project02/tcchen/netcdf/netcdf_gnu//include   yy4.f90
Warning: Nonexistent include directory "/pixel/project02/tcchen/WRFV3/chem"
5.19user 0.42system 0:05.68elapsed 98%CPU (0avgtext+0avgdata 328220maxresident)k
48inputs+424outputs (0major+146365minor)pagefaults 0swaps
rm -f yy3.f90
/lib/cpp -P -DNNN=5 -I../inc -DNL_get_ROUTINES nl_access_routines.F > yy5.f90
time gfortran -o nl_get_5_routines.o -c  -O0 -w -ffree-form -ffree-line-length-none -fconvert=big-endian -frecord-marker=4 -I../dyn_em -I../dyn_nmm   -I/pixel/project02/tcchen/WRFV3/external/esmf_time_f90  -I/pixel/project02/tcchen/WRFV3/main -I/pixel/project02/tcchen/WRFV3/external/io_netcdf -I/pixel/project02/tcchen/WRFV3/external/io_int -I/pixel/project02/tcchen/WRFV3/frame -I/pixel/project02/tcchen/WRFV3/share -I/pixel/project02/tcchen/WRFV3/phys -I/pixel/project02/tcchen/WRFV3/chem -I/pixel/project02/tcchen/WRFV3/inc -I/pixel/project02/tcchen/netcdf/netcdf_gnu//include   yy5.f90
Warning: Nonexistent include directory "/pixel/project02/tcchen/WRFV3/chem"
6.06user 0.47system 0:06.59elapsed 99%CPU (0avgtext+0avgdata 328280maxresident)k
48inputs+424outputs (0major+135792minor)pagefaults 0swaps
rm -f yy4.f90
/lib/cpp -P -DNNN=6 -I../inc -DNL_get_ROUTINES nl_access_routines.F > yy6.f90
time gfortran -o nl_get_6_routines.o -c  -O0 -w -ffree-form -ffree-line-length-none -fconvert=big-endian -frecord-marker=4 -I../dyn_em -I../dyn_nmm   -I/pixel/project02/tcchen/WRFV3/external/esmf_time_f90  -I/pixel/project02/tcchen/WRFV3/main -I/pixel/project02/tcchen/WRFV3/external/io_netcdf -I/pixel/project02/tcchen/WRFV3/external/io_int -I/pixel/project02/tcchen/WRFV3/frame -I/pixel/project02/tcchen/WRFV3/share -I/pixel/project02/tcchen/WRFV3/phys -I/pixel/project02/tcchen/WRFV3/chem -I/pixel/project02/tcchen/WRFV3/inc -I/pixel/project02/tcchen/netcdf/netcdf_gnu//include   yy6.f90
Warning: Nonexistent include directory "/pixel/project02/tcchen/WRFV3/chem"
5.37user 0.44system 0:05.88elapsed 98%CPU (0avgtext+0avgdata 328220maxresident)k
48inputs+424outputs (0major+147893minor)pagefaults 0swaps
rm -f yy5.f90
/lib/cpp -P -DNNN=7 -I../inc -DNL_get_ROUTINES nl_access_routines.F > yy7.f90
time gfortran -o nl_get_7_routines.o -c  -O0 -w -ffree-form -ffree-line-length-none -fconvert=big-endian -frecord-marker=4 -I../dyn_em -I../dyn_nmm   -I/pixel/project02/tcchen/WRFV3/external/esmf_time_f90  -I/pixel/project02/tcchen/WRFV3/main -I/pixel/project02/tcchen/WRFV3/external/io_netcdf -I/pixel/project02/tcchen/WRFV3/external/io_int -I/pixel/project02/tcchen/WRFV3/frame -I/pixel/project02/tcchen/WRFV3/share -I/pixel/project02/tcchen/WRFV3/phys -I/pixel/project02/tcchen/WRFV3/chem -I/pixel/project02/tcchen/WRFV3/inc -I/pixel/project02/tcchen/netcdf/netcdf_gnu//include   yy7.f90
Warning: Nonexistent include directory "/pixel/project02/tcchen/WRFV3/chem"
4.90user 0.40system 0:05.36elapsed 98%CPU (0avgtext+0avgdata 328056maxresident)k
48inputs+416outputs (0major+151898minor)pagefaults 0swaps
rm -f yy6.f90
/lib/cpp -P -DNNN=0 -I../inc -DNL_set_ROUTINES nl_access_routines.F > xx0.f90
time gfortran -o nl_set_0_routines.o -c  -O0 -w -ffree-form -ffree-line-length-none -fconvert=big-endian -frecord-marker=4 -I../dyn_em -I../dyn_nmm   -I/pixel/project02/tcchen/WRFV3/external/esmf_time_f90  -I/pixel/project02/tcchen/WRFV3/main -I/pixel/project02/tcchen/WRFV3/external/io_netcdf -I/pixel/project02/tcchen/WRFV3/external/io_int -I/pixel/project02/tcchen/WRFV3/frame -I/pixel/project02/tcchen/WRFV3/share -I/pixel/project02/tcchen/WRFV3/phys -I/pixel/project02/tcchen/WRFV3/chem -I/pixel/project02/tcchen/WRFV3/inc -I/pixel/project02/tcchen/netcdf/netcdf_gnu//include   xx0.f90
Warning: Nonexistent include directory "/pixel/project02/tcchen/WRFV3/chem"
5.32user 0.45system 0:05.84elapsed 98%CPU (0avgtext+0avgdata 320948maxresident)k
32inputs+360outputs (0major+144931minor)pagefaults 0swaps
rm -f yy7.f90
/lib/cpp -P -DNNN=1 -I../inc -DNL_set_ROUTINES nl_access_routines.F > xx1.f90
time gfortran -o nl_set_1_routines.o -c  -O0 -w -ffree-form -ffree-line-length-none -fconvert=big-endian -frecord-marker=4 -I../dyn_em -I../dyn_nmm   -I/pixel/project02/tcchen/WRFV3/external/esmf_time_f90  -I/pixel/project02/tcchen/WRFV3/main -I/pixel/project02/tcchen/WRFV3/external/io_netcdf -I/pixel/project02/tcchen/WRFV3/external/io_int -I/pixel/project02/tcchen/WRFV3/frame -I/pixel/project02/tcchen/WRFV3/share -I/pixel/project02/tcchen/WRFV3/phys -I/pixel/project02/tcchen/WRFV3/chem -I/pixel/project02/tcchen/WRFV3/inc -I/pixel/project02/tcchen/netcdf/netcdf_gnu//include   xx1.f90
Warning: Nonexistent include directory "/pixel/project02/tcchen/WRFV3/chem"
5.22user 0.39system 0:05.67elapsed 98%CPU (0avgtext+0avgdata 327168maxresident)k
48inputs+360outputs (0major+145505minor)pagefaults 0swaps
rm -f xx0.f90
/lib/cpp -P -DNNN=2 -I../inc -DNL_set_ROUTINES nl_access_routines.F > xx2.f90
time gfortran -o nl_set_2_routines.o -c  -O0 -w -ffree-form -ffree-line-length-none -fconvert=big-endian -frecord-marker=4 -I../dyn_em -I../dyn_nmm   -I/pixel/project02/tcchen/WRFV3/external/esmf_time_f90  -I/pixel/project02/tcchen/WRFV3/main -I/pixel/project02/tcchen/WRFV3/external/io_netcdf -I/pixel/project02/tcchen/WRFV3/external/io_int -I/pixel/project02/tcchen/WRFV3/frame -I/pixel/project02/tcchen/WRFV3/share -I/pixel/project02/tcchen/WRFV3/phys -I/pixel/project02/tcchen/WRFV3/chem -I/pixel/project02/tcchen/WRFV3/inc -I/pixel/project02/tcchen/netcdf/netcdf_gnu//include   xx2.f90
Warning: Nonexistent include directory "/pixel/project02/tcchen/WRFV3/chem"
5.23user 0.41system 0:05.71elapsed 98%CPU (0avgtext+0avgdata 326388maxresident)k
32inputs+336outputs (0major+143987minor)pagefaults 0swaps
rm -f xx1.f90
/lib/cpp -P -DNNN=3 -I../inc -DNL_set_ROUTINES nl_access_routines.F > xx3.f90
time gfortran -o nl_set_3_routines.o -c  -O0 -w -ffree-form -ffree-line-length-none -fconvert=big-endian -frecord-marker=4 -I../dyn_em -I../dyn_nmm   -I/pixel/project02/tcchen/WRFV3/external/esmf_time_f90  -I/pixel/project02/tcchen/WRFV3/main -I/pixel/project02/tcchen/WRFV3/external/io_netcdf -I/pixel/project02/tcchen/WRFV3/external/io_int -I/pixel/project02/tcchen/WRFV3/frame -I/pixel/project02/tcchen/WRFV3/share -I/pixel/project02/tcchen/WRFV3/phys -I/pixel/project02/tcchen/WRFV3/chem -I/pixel/project02/tcchen/WRFV3/inc -I/pixel/project02/tcchen/netcdf/netcdf_gnu//include   xx3.f90
Warning: Nonexistent include directory "/pixel/project02/tcchen/WRFV3/chem"
4.83user 0.39system 0:05.28elapsed 98%CPU (0avgtext+0avgdata 327820maxresident)k
48inputs+392outputs (0major+152901minor)pagefaults 0swaps
rm -f xx2.f90
/lib/cpp -P -DNNN=4 -I../inc -DNL_set_ROUTINES nl_access_routines.F > xx4.f90
time gfortran -o nl_set_4_routines.o -c  -O0 -w -ffree-form -ffree-line-length-none -fconvert=big-endian -frecord-marker=4 -I../dyn_em -I../dyn_nmm   -I/pixel/project02/tcchen/WRFV3/external/esmf_time_f90  -I/pixel/project02/tcchen/WRFV3/main -I/pixel/project02/tcchen/WRFV3/external/io_netcdf -I/pixel/project02/tcchen/WRFV3/external/io_int -I/pixel/project02/tcchen/WRFV3/frame -I/pixel/project02/tcchen/WRFV3/share -I/pixel/project02/tcchen/WRFV3/phys -I/pixel/project02/tcchen/WRFV3/chem -I/pixel/project02/tcchen/WRFV3/inc -I/pixel/project02/tcchen/netcdf/netcdf_gnu//include   xx4.f90
Warning: Nonexistent include directory "/pixel/project02/tcchen/WRFV3/chem"
5.20user 0.44system 0:05.71elapsed 98%CPU (0avgtext+0avgdata 328256maxresident)k
48inputs+424outputs (0major+146787minor)pagefaults 0swaps
rm -f xx3.f90
/lib/cpp -P -DNNN=5 -I../inc -DNL_set_ROUTINES nl_access_routines.F > xx5.f90
time gfortran -o nl_set_5_routines.o -c  -O0 -w -ffree-form -ffree-line-length-none -fconvert=big-endian -frecord-marker=4 -I../dyn_em -I../dyn_nmm   -I/pixel/project02/tcchen/WRFV3/external/esmf_time_f90  -I/pixel/project02/tcchen/WRFV3/main -I/pixel/project02/tcchen/WRFV3/external/io_netcdf -I/pixel/project02/tcchen/WRFV3/external/io_int -I/pixel/project02/tcchen/WRFV3/frame -I/pixel/project02/tcchen/WRFV3/share -I/pixel/project02/tcchen/WRFV3/phys -I/pixel/project02/tcchen/WRFV3/chem -I/pixel/project02/tcchen/WRFV3/inc -I/pixel/project02/tcchen/netcdf/netcdf_gnu//include   xx5.f90
Warning: Nonexistent include directory "/pixel/project02/tcchen/WRFV3/chem"
5.13user 0.44system 0:05.65elapsed 98%CPU (0avgtext+0avgdata 328292maxresident)k
48inputs+432outputs (0major+151494minor)pagefaults 0swaps
rm -f xx4.f90
/lib/cpp -P -DNNN=6 -I../inc -DNL_set_ROUTINES nl_access_routines.F > xx6.f90
time gfortran -o nl_set_6_routines.o -c  -O0 -w -ffree-form -ffree-line-length-none -fconvert=big-endian -frecord-marker=4 -I../dyn_em -I../dyn_nmm   -I/pixel/project02/tcchen/WRFV3/external/esmf_time_f90  -I/pixel/project02/tcchen/WRFV3/main -I/pixel/project02/tcchen/WRFV3/external/io_netcdf -I/pixel/project02/tcchen/WRFV3/external/io_int -I/pixel/project02/tcchen/WRFV3/frame -I/pixel/project02/tcchen/WRFV3/share -I/pixel/project02/tcchen/WRFV3/phys -I/pixel/project02/tcchen/WRFV3/chem -I/pixel/project02/tcchen/WRFV3/inc -I/pixel/project02/tcchen/netcdf/netcdf_gnu//include   xx6.f90
Warning: Nonexistent include directory "/pixel/project02/tcchen/WRFV3/chem"
4.97user 0.38system 0:05.42elapsed 98%CPU (0avgtext+0avgdata 328256maxresident)k
48inputs+432outputs (0major+150163minor)pagefaults 0swaps
rm -f xx5.f90
/lib/cpp -P -DNNN=7 -I../inc -DNL_set_ROUTINES nl_access_routines.F > xx7.f90
time gfortran -o nl_set_7_routines.o -c  -O0 -w -ffree-form -ffree-line-length-none -fconvert=big-endian -frecord-marker=4 -I../dyn_em -I../dyn_nmm   -I/pixel/project02/tcchen/WRFV3/external/esmf_time_f90  -I/pixel/project02/tcchen/WRFV3/main -I/pixel/project02/tcchen/WRFV3/external/io_netcdf -I/pixel/project02/tcchen/WRFV3/external/io_int -I/pixel/project02/tcchen/WRFV3/frame -I/pixel/project02/tcchen/WRFV3/share -I/pixel/project02/tcchen/WRFV3/phys -I/pixel/project02/tcchen/WRFV3/chem -I/pixel/project02/tcchen/WRFV3/inc -I/pixel/project02/tcchen/netcdf/netcdf_gnu//include   xx7.f90
Warning: Nonexistent include directory "/pixel/project02/tcchen/WRFV3/chem"
4.93user 0.38system 0:05.38elapsed 98%CPU (0avgtext+0avgdata 328084maxresident)k
48inputs+424outputs (0major+151060minor)pagefaults 0swaps
rm -f xx6.f90
rm -f module_domain.o
/lib/cpp -P -I/pixel/project02/tcchen/WRFV3/inc -DEM_CORE=1 -DNMM_CORE=0 -DNMM_MAX_DIM=2600 -DCOAMPS_CORE=0 -DDA_CORE=0 -DEXP_CORE=0 -DIWORDSIZE=4 -DDWORDSIZE=8 -DRWORDSIZE=4 -DLWORDSIZE=4 -DNONSTANDARD_SYSTEM_SUBR  -DWRF_USE_CLM -DNO_IEEE_MODULE  -DNETCDF -DUSE_ALLOCATABLES -DGRIB1 -DINTIO -DKEEP_INT_AROUND -DLIMIT_ARGS -DCONFIG_BUF_LEN=65536 -DMAX_DOMAINS_F=21 -DMAX_HISTORY=25 -DNMM_NEST=0  -I. -traditional  -D_OPENMP module_domain.F  > module_domain.bb
/pixel/project02/tcchen/WRFV3/tools/standard.exe module_domain.bb | /lib/cpp -P -traditional > module_domain.f90
rm -f module_domain.b module_domain.bb
time gfortran -c   -O0 -w -ffree-form -ffree-line-length-none -fconvert=big-endian -frecord-marker=4  -I../dyn_em -I../dyn_nmm   -I/pixel/project02/tcchen/WRFV3/external/esmf_time_f90  -I/pixel/project02/tcchen/WRFV3/main -I/pixel/project02/tcchen/WRFV3/external/io_netcdf -I/pixel/project02/tcchen/WRFV3/external/io_int -I/pixel/project02/tcchen/WRFV3/frame -I/pixel/project02/tcchen/WRFV3/share -I/pixel/project02/tcchen/WRFV3/phys -I/pixel/project02/tcchen/WRFV3/chem -I/pixel/project02/tcchen/WRFV3/inc -I/pixel/project02/tcchen/netcdf/netcdf_gnu//include  module_domain.f90
Warning: Nonexistent include directory "/pixel/project02/tcchen/WRFV3/chem"
2.05user 0.16system 0:02.24elapsed 98%CPU (0avgtext+0avgdata 155832maxresident)k
9232inputs+8992outputs (0major+50634minor)pagefaults 0swaps
rm -f module_nesting.o
/lib/cpp -P -I/pixel/project02/tcchen/WRFV3/inc -DEM_CORE=1 -DNMM_CORE=0 -DNMM_MAX_DIM=2600 -DCOAMPS_CORE=0 -DDA_CORE=0 -DEXP_CORE=0 -DIWORDSIZE=4 -DDWORDSIZE=8 -DRWORDSIZE=4 -DLWORDSIZE=4 -DNONSTANDARD_SYSTEM_SUBR  -DWRF_USE_CLM -DNO_IEEE_MODULE  -DNETCDF -DUSE_ALLOCATABLES -DGRIB1 -DINTIO -DKEEP_INT_AROUND -DLIMIT_ARGS -DCONFIG_BUF_LEN=65536 -DMAX_DOMAINS_F=21 -DMAX_HISTORY=25 -DNMM_NEST=0  -I. -traditional  -D_OPENMP module_nesting.F  > module_nesting.bb
/pixel/project02/tcchen/WRFV3/tools/standard.exe module_nesting.bb | /lib/cpp -P -traditional > module_nesting.f90
rm -f module_nesting.b module_nesting.bb
time gfortran -o module_nesting.o -c -O2 -ftree-vectorize -funroll-loops -w -ffree-form -ffree-line-length-none -fconvert=big-endian -frecord-marker=4  -fopenmp -I../dyn_em -I../dyn_nmm   -I/pixel/project02/tcchen/WRFV3/external/esmf_time_f90  -I/pixel/project02/tcchen/WRFV3/main -I/pixel/project02/tcchen/WRFV3/external/io_netcdf -I/pixel/project02/tcchen/WRFV3/external/io_int -I/pixel/project02/tcchen/WRFV3/frame -I/pixel/project02/tcchen/WRFV3/share -I/pixel/project02/tcchen/WRFV3/phys -I/pixel/project02/tcchen/WRFV3/chem -I/pixel/project02/tcchen/WRFV3/inc -I/pixel/project02/tcchen/netcdf/netcdf_gnu//include    module_nesting.f90
Warning: Nonexistent include directory "/pixel/project02/tcchen/WRFV3/chem"
0.28user 0.02system 0:00.31elapsed 96%CPU (0avgtext+0avgdata 24320maxresident)k
0inputs+3792outputs (0major+8450minor)pagefaults 0swaps
rm -f module_cpl_oasis3.o
/lib/cpp -P -I/pixel/project02/tcchen/WRFV3/inc -DEM_CORE=1 -DNMM_CORE=0 -DNMM_MAX_DIM=2600 -DCOAMPS_CORE=0 -DDA_CORE=0 -DEXP_CORE=0 -DIWORDSIZE=4 -DDWORDSIZE=8 -DRWORDSIZE=4 -DLWORDSIZE=4 -DNONSTANDARD_SYSTEM_SUBR  -DWRF_USE_CLM -DNO_IEEE_MODULE  -DNETCDF -DUSE_ALLOCATABLES -DGRIB1 -DINTIO -DKEEP_INT_AROUND -DLIMIT_ARGS -DCONFIG_BUF_LEN=65536 -DMAX_DOMAINS_F=21 -DMAX_HISTORY=25 -DNMM_NEST=0  -I. -traditional  -D_OPENMP module_cpl_oasis3.F  > module_cpl_oasis3.bb
/pixel/project02/tcchen/WRFV3/tools/standard.exe module_cpl_oasis3.bb | /lib/cpp -P -traditional > module_cpl_oasis3.f90
rm -f module_cpl_oasis3.b module_cpl_oasis3.bb
time gfortran -o module_cpl_oasis3.o -c -O2 -ftree-vectorize -funroll-loops -w -ffree-form -ffree-line-length-none -fconvert=big-endian -frecord-marker=4  -fopenmp -I../dyn_em -I../dyn_nmm   -I/pixel/project02/tcchen/WRFV3/external/esmf_time_f90  -I/pixel/project02/tcchen/WRFV3/main -I/pixel/project02/tcchen/WRFV3/external/io_netcdf -I/pixel/project02/tcchen/WRFV3/external/io_int -I/pixel/project02/tcchen/WRFV3/frame -I/pixel/project02/tcchen/WRFV3/share -I/pixel/project02/tcchen/WRFV3/phys -I/pixel/project02/tcchen/WRFV3/chem -I/pixel/project02/tcchen/WRFV3/inc -I/pixel/project02/tcchen/netcdf/netcdf_gnu//include    module_cpl_oasis3.f90
Warning: Nonexistent include directory "/pixel/project02/tcchen/WRFV3/chem"
0.15user 0.02system 0:00.19elapsed 96%CPU (0avgtext+0avgdata 18828maxresident)k
0inputs+1360outputs (0major+7073minor)pagefaults 0swaps
rm -f module_comm_nesting_dm.o
/lib/cpp -P -I/pixel/project02/tcchen/WRFV3/inc -DEM_CORE=1 -DNMM_CORE=0 -DNMM_MAX_DIM=2600 -DCOAMPS_CORE=0 -DDA_CORE=0 -DEXP_CORE=0 -DIWORDSIZE=4 -DDWORDSIZE=8 -DRWORDSIZE=4 -DLWORDSIZE=4 -DNONSTANDARD_SYSTEM_SUBR  -DWRF_USE_CLM -DNO_IEEE_MODULE  -DNETCDF -DUSE_ALLOCATABLES -DGRIB1 -DINTIO -DKEEP_INT_AROUND -DLIMIT_ARGS -DCONFIG_BUF_LEN=65536 -DMAX_DOMAINS_F=21 -DMAX_HISTORY=25 -DNMM_NEST=0  -I. -traditional  -D_OPENMP module_comm_nesting_dm.F  > module_comm_nesting_dm.bb
/pixel/project02/tcchen/WRFV3/tools/standard.exe module_comm_nesting_dm.bb | /lib/cpp -P -traditional > module_comm_nesting_dm.f90
rm -f module_comm_nesting_dm.b module_comm_nesting_dm.bb
time gfortran -c   -O0 -w -ffree-form -ffree-line-length-none -fconvert=big-endian -frecord-marker=4  -I../dyn_em -I../dyn_nmm   -I/pixel/project02/tcchen/WRFV3/external/esmf_time_f90  -I/pixel/project02/tcchen/WRFV3/main -I/pixel/project02/tcchen/WRFV3/external/io_netcdf -I/pixel/project02/tcchen/WRFV3/external/io_int -I/pixel/project02/tcchen/WRFV3/frame -I/pixel/project02/tcchen/WRFV3/share -I/pixel/project02/tcchen/WRFV3/phys -I/pixel/project02/tcchen/WRFV3/chem -I/pixel/project02/tcchen/WRFV3/inc -I/pixel/project02/tcchen/netcdf/netcdf_gnu//include  module_comm_nesting_dm.f90
Warning: Nonexistent include directory "/pixel/project02/tcchen/WRFV3/chem"
0.07user 0.02system 0:00.11elapsed 95%CPU (0avgtext+0avgdata 10456maxresident)k
0inputs+24outputs (0major+5038minor)pagefaults 0swaps
rm -f module_comm_dm_0.o
/lib/cpp -P -I/pixel/project02/tcchen/WRFV3/inc -DEM_CORE=1 -DNMM_CORE=0 -DNMM_MAX_DIM=2600 -DCOAMPS_CORE=0 -DDA_CORE=0 -DEXP_CORE=0 -DIWORDSIZE=4 -DDWORDSIZE=8 -DRWORDSIZE=4 -DLWORDSIZE=4 -DNONSTANDARD_SYSTEM_SUBR  -DWRF_USE_CLM -DNO_IEEE_MODULE  -DNETCDF -DUSE_ALLOCATABLES -DGRIB1 -DINTIO -DKEEP_INT_AROUND -DLIMIT_ARGS -DCONFIG_BUF_LEN=65536 -DMAX_DOMAINS_F=21 -DMAX_HISTORY=25 -DNMM_NEST=0  -I. -traditional  -D_OPENMP module_comm_dm_0.F  > module_comm_dm_0.bb
/pixel/project02/tcchen/WRFV3/tools/standard.exe module_comm_dm_0.bb | /lib/cpp -P -traditional > module_comm_dm_0.f90
rm -f module_comm_dm_0.b module_comm_dm_0.bb
time gfortran -c   -O0 -w -ffree-form -ffree-line-length-none -fconvert=big-endian -frecord-marker=4  -I../dyn_em -I../dyn_nmm   -I/pixel/project02/tcchen/WRFV3/external/esmf_time_f90  -I/pixel/project02/tcchen/WRFV3/main -I/pixel/project02/tcchen/WRFV3/external/io_netcdf -I/pixel/project02/tcchen/WRFV3/external/io_int -I/pixel/project02/tcchen/WRFV3/frame -I/pixel/project02/tcchen/WRFV3/share -I/pixel/project02/tcchen/WRFV3/phys -I/pixel/project02/tcchen/WRFV3/chem -I/pixel/project02/tcchen/WRFV3/inc -I/pixel/project02/tcchen/netcdf/netcdf_gnu//include  module_comm_dm_0.f90
Warning: Nonexistent include directory "/pixel/project02/tcchen/WRFV3/chem"
0.10user 0.01system 0:00.12elapsed 96%CPU (0avgtext+0avgdata 10468maxresident)k
0inputs+24outputs (0major+5041minor)pagefaults 0swaps
rm -f module_comm_dm_1.o
/lib/cpp -P -I/pixel/project02/tcchen/WRFV3/inc -DEM_CORE=1 -DNMM_CORE=0 -DNMM_MAX_DIM=2600 -DCOAMPS_CORE=0 -DDA_CORE=0 -DEXP_CORE=0 -DIWORDSIZE=4 -DDWORDSIZE=8 -DRWORDSIZE=4 -DLWORDSIZE=4 -DNONSTANDARD_SYSTEM_SUBR  -DWRF_USE_CLM -DNO_IEEE_MODULE  -DNETCDF -DUSE_ALLOCATABLES -DGRIB1 -DINTIO -DKEEP_INT_AROUND -DLIMIT_ARGS -DCONFIG_BUF_LEN=65536 -DMAX_DOMAINS_F=21 -DMAX_HISTORY=25 -DNMM_NEST=0  -I. -traditional  -D_OPENMP module_comm_dm_1.F  > module_comm_dm_1.bb
/pixel/project02/tcchen/WRFV3/tools/standard.exe module_comm_dm_1.bb | /lib/cpp -P -traditional > module_comm_dm_1.f90
rm -f module_comm_dm_1.b module_comm_dm_1.bb
time gfortran -c   -O0 -w -ffree-form -ffree-line-length-none -fconvert=big-endian -frecord-marker=4  -I../dyn_em -I../dyn_nmm   -I/pixel/project02/tcchen/WRFV3/external/esmf_time_f90  -I/pixel/project02/tcchen/WRFV3/main -I/pixel/project02/tcchen/WRFV3/external/io_netcdf -I/pixel/project02/tcchen/WRFV3/external/io_int -I/pixel/project02/tcchen/WRFV3/frame -I/pixel/project02/tcchen/WRFV3/share -I/pixel/project02/tcchen/WRFV3/phys -I/pixel/project02/tcchen/WRFV3/chem -I/pixel/project02/tcchen/WRFV3/inc -I/pixel/project02/tcchen/netcdf/netcdf_gnu//include  module_comm_dm_1.f90
Warning: Nonexistent include directory "/pixel/project02/tcchen/WRFV3/chem"
0.08user 0.02system 0:00.11elapsed 95%CPU (0avgtext+0avgdata 10456maxresident)k
0inputs+24outputs (0major+5037minor)pagefaults 0swaps
rm -f module_comm_dm_2.o
/lib/cpp -P -I/pixel/project02/tcchen/WRFV3/inc -DEM_CORE=1 -DNMM_CORE=0 -DNMM_MAX_DIM=2600 -DCOAMPS_CORE=0 -DDA_CORE=0 -DEXP_CORE=0 -DIWORDSIZE=4 -DDWORDSIZE=8 -DRWORDSIZE=4 -DLWORDSIZE=4 -DNONSTANDARD_SYSTEM_SUBR  -DWRF_USE_CLM -DNO_IEEE_MODULE  -DNETCDF -DUSE_ALLOCATABLES -DGRIB1 -DINTIO -DKEEP_INT_AROUND -DLIMIT_ARGS -DCONFIG_BUF_LEN=65536 -DMAX_DOMAINS_F=21 -DMAX_HISTORY=25 -DNMM_NEST=0  -I. -traditional  -D_OPENMP module_comm_dm_2.F  > module_comm_dm_2.bb
/pixel/project02/tcchen/WRFV3/tools/standard.exe module_comm_dm_2.bb | /lib/cpp -P -traditional > module_comm_dm_2.f90
rm -f module_comm_dm_2.b module_comm_dm_2.bb
time gfortran -c   -O0 -w -ffree-form -ffree-line-length-none -fconvert=big-endian -frecord-marker=4  -I../dyn_em -I../dyn_nmm   -I/pixel/project02/tcchen/WRFV3/external/esmf_time_f90  -I/pixel/project02/tcchen/WRFV3/main -I/pixel/project02/tcchen/WRFV3/external/io_netcdf -I/pixel/project02/tcchen/WRFV3/external/io_int -I/pixel/project02/tcchen/WRFV3/frame -I/pixel/project02/tcchen/WRFV3/share -I/pixel/project02/tcchen/WRFV3/phys -I/pixel/project02/tcchen/WRFV3/chem -I/pixel/project02/tcchen/WRFV3/inc -I/pixel/project02/tcchen/netcdf/netcdf_gnu//include  module_comm_dm_2.f90
Warning: Nonexistent include directory "/pixel/project02/tcchen/WRFV3/chem"
0.07user 0.02system 0:00.10elapsed 93%CPU (0avgtext+0avgdata 10456maxresident)k
0inputs+24outputs (0major+5035minor)pagefaults 0swaps
rm -f module_comm_dm_3.o
/lib/cpp -P -I/pixel/project02/tcchen/WRFV3/inc -DEM_CORE=1 -DNMM_CORE=0 -DNMM_MAX_DIM=2600 -DCOAMPS_CORE=0 -DDA_CORE=0 -DEXP_CORE=0 -DIWORDSIZE=4 -DDWORDSIZE=8 -DRWORDSIZE=4 -DLWORDSIZE=4 -DNONSTANDARD_SYSTEM_SUBR  -DWRF_USE_CLM -DNO_IEEE_MODULE  -DNETCDF -DUSE_ALLOCATABLES -DGRIB1 -DINTIO -DKEEP_INT_AROUND -DLIMIT_ARGS -DCONFIG_BUF_LEN=65536 -DMAX_DOMAINS_F=21 -DMAX_HISTORY=25 -DNMM_NEST=0  -I. -traditional  -D_OPENMP module_comm_dm_3.F  > module_comm_dm_3.bb
/pixel/project02/tcchen/WRFV3/tools/standard.exe module_comm_dm_3.bb | /lib/cpp -P -traditional > module_comm_dm_3.f90
rm -f module_comm_dm_3.b module_comm_dm_3.bb
time gfortran -c   -O0 -w -ffree-form -ffree-line-length-none -fconvert=big-endian -frecord-marker=4  -I../dyn_em -I../dyn_nmm   -I/pixel/project02/tcchen/WRFV3/external/esmf_time_f90  -I/pixel/project02/tcchen/WRFV3/main -I/pixel/project02/tcchen/WRFV3/external/io_netcdf -I/pixel/project02/tcchen/WRFV3/external/io_int -I/pixel/project02/tcchen/WRFV3/frame -I/pixel/project02/tcchen/WRFV3/share -I/pixel/project02/tcchen/WRFV3/phys -I/pixel/project02/tcchen/WRFV3/chem -I/pixel/project02/tcchen/WRFV3/inc -I/pixel/project02/tcchen/netcdf/netcdf_gnu//include  module_comm_dm_3.f90
Warning: Nonexistent include directory "/pixel/project02/tcchen/WRFV3/chem"
0.08user 0.01system 0:00.10elapsed 95%CPU (0avgtext+0avgdata 10452maxresident)k
0inputs+24outputs (0major+5037minor)pagefaults 0swaps
rm -f module_comm_dm_4.o
/lib/cpp -P -I/pixel/project02/tcchen/WRFV3/inc -DEM_CORE=1 -DNMM_CORE=0 -DNMM_MAX_DIM=2600 -DCOAMPS_CORE=0 -DDA_CORE=0 -DEXP_CORE=0 -DIWORDSIZE=4 -DDWORDSIZE=8 -DRWORDSIZE=4 -DLWORDSIZE=4 -DNONSTANDARD_SYSTEM_SUBR  -DWRF_USE_CLM -DNO_IEEE_MODULE  -DNETCDF -DUSE_ALLOCATABLES -DGRIB1 -DINTIO -DKEEP_INT_AROUND -DLIMIT_ARGS -DCONFIG_BUF_LEN=65536 -DMAX_DOMAINS_F=21 -DMAX_HISTORY=25 -DNMM_NEST=0  -I. -traditional  -D_OPENMP module_comm_dm_4.F  > module_comm_dm_4.bb
/pixel/project02/tcchen/WRFV3/tools/standard.exe module_comm_dm_4.bb | /lib/cpp -P -traditional > module_comm_dm_4.f90
rm -f module_comm_dm_4.b module_comm_dm_4.bb
time gfortran -o module_comm_dm_4.o -c -O2 -ftree-vectorize -funroll-loops -w -ffree-form -ffree-line-length-none -fconvert=big-endian -frecord-marker=4  -fopenmp -I../dyn_em -I../dyn_nmm   -I/pixel/project02/tcchen/WRFV3/external/esmf_time_f90  -I/pixel/project02/tcchen/WRFV3/main -I/pixel/project02/tcchen/WRFV3/external/io_netcdf -I/pixel/project02/tcchen/WRFV3/external/io_int -I/pixel/project02/tcchen/WRFV3/frame -I/pixel/project02/tcchen/WRFV3/share -I/pixel/project02/tcchen/WRFV3/phys -I/pixel/project02/tcchen/WRFV3/chem -I/pixel/project02/tcchen/WRFV3/inc -I/pixel/project02/tcchen/netcdf/netcdf_gnu//include    module_comm_dm_4.f90
Warning: Nonexistent include directory "/pixel/project02/tcchen/WRFV3/chem"
5.29user 0.40system 0:05.76elapsed 98%CPU (0avgtext+0avgdata 320972maxresident)k
48inputs+360outputs (0major+140694minor)pagefaults 0swaps
rm -f xx7.f90
rm -f module_tiles.o
/pixel/project02/tcchen/WRFV3/tools/standard.exe module_tiles.F > module_tiles.b 
/lib/cpp -P -I/pixel/project02/tcchen/WRFV3/inc -DEM_CORE=1 -DNMM_CORE=0 -DNMM_MAX_DIM=2600 -DCOAMPS_CORE=0 -DDA_CORE=0 -DEXP_CORE=0 -DIWORDSIZE=4 -DDWORDSIZE=8 -DRWORDSIZE=4 -DLWORDSIZE=4 -DNONSTANDARD_SYSTEM_SUBR  -DWRF_USE_CLM -DNO_IEEE_MODULE  -DNETCDF -DUSE_ALLOCATABLES -DGRIB1 -DINTIO -DKEEP_INT_AROUND -DLIMIT_ARGS -DCONFIG_BUF_LEN=65536 -DMAX_DOMAINS_F=21 -DMAX_HISTORY=25 -DNMM_NEST=0  -I. -traditional  -D_OPENMP module_tiles.b  > module_tiles.f90
0.08user 0.01system 0:00.10elapsed 94%CPU (0avgtext+0avgdata 9188maxresident)k
0inputs+24outputs (0major+4666minor)pagefaults 0swaps
rm -f module_clear_halos.o
/lib/cpp -P -I/pixel/project02/tcchen/WRFV3/inc -DEM_CORE=1 -DNMM_CORE=0 -DNMM_MAX_DIM=2600 -DCOAMPS_CORE=0 -DDA_CORE=0 -DEXP_CORE=0 -DIWORDSIZE=4 -DDWORDSIZE=8 -DRWORDSIZE=4 -DLWORDSIZE=4 -DNONSTANDARD_SYSTEM_SUBR  -DWRF_USE_CLM -DNO_IEEE_MODULE  -DNETCDF -DUSE_ALLOCATABLES -DGRIB1 -DINTIO -DKEEP_INT_AROUND -DLIMIT_ARGS -DCONFIG_BUF_LEN=65536 -DMAX_DOMAINS_F=21 -DMAX_HISTORY=25 -DNMM_NEST=0  -I. -traditional  -D_OPENMP module_clear_halos.F  > module_clear_halos.bb
rm -f module_tiles.b
/pixel/project02/tcchen/WRFV3/tools/standard.exe module_clear_halos.bb | /lib/cpp -P -traditional > module_clear_halos.f90
if fgrep -iq '!$OMP' module_tiles.f90 ; then \
          if [ -n "-fopenmp" ] ; then echo COMPILING module_tiles.F WITH OMP ; fi ; \
  time gfortran -c  -O0 -w -ffree-form -ffree-line-length-none -fconvert=big-endian -frecord-marker=4  -I../dyn_em -I../dyn_nmm   -I/pixel/project02/tcchen/WRFV3/external/esmf_time_f90  -I/pixel/project02/tcchen/WRFV3/main -I/pixel/project02/tcchen/WRFV3/external/io_netcdf -I/pixel/project02/tcchen/WRFV3/external/io_int -I/pixel/project02/tcchen/WRFV3/frame -I/pixel/project02/tcchen/WRFV3/share -I/pixel/project02/tcchen/WRFV3/phys -I/pixel/project02/tcchen/WRFV3/chem -I/pixel/project02/tcchen/WRFV3/inc -I/pixel/project02/tcchen/netcdf/netcdf_gnu//include   -fopenmp module_tiles.f90 ; \
        else \
          if [ -n "-fopenmp" ] ; then echo COMPILING module_tiles.F WITHOUT OMP ; fi ; \
  time gfortran -c  -O0 -w -ffree-form -ffree-line-length-none -fconvert=big-endian -frecord-marker=4  -I../dyn_em -I../dyn_nmm   -I/pixel/project02/tcchen/WRFV3/external/esmf_time_f90  -I/pixel/project02/tcchen/WRFV3/main -I/pixel/project02/tcchen/WRFV3/external/io_netcdf -I/pixel/project02/tcchen/WRFV3/external/io_int -I/pixel/project02/tcchen/WRFV3/frame -I/pixel/project02/tcchen/WRFV3/share -I/pixel/project02/tcchen/WRFV3/phys -I/pixel/project02/tcchen/WRFV3/chem -I/pixel/project02/tcchen/WRFV3/inc -I/pixel/project02/tcchen/netcdf/netcdf_gnu//include   module_tiles.f90 ; \
        fi
rm -f module_clear_halos.b module_clear_halos.bb
COMPILING module_tiles.F WITHOUT OMP
Warning: Nonexistent include directory "/pixel/project02/tcchen/WRFV3/chem"
time gfortran -o module_clear_halos.o -c -O2 -ftree-vectorize -funroll-loops -w -ffree-form -ffree-line-length-none -fconvert=big-endian -frecord-marker=4  -fopenmp -I../dyn_em -I../dyn_nmm   -I/pixel/project02/tcchen/WRFV3/external/esmf_time_f90  -I/pixel/project02/tcchen/WRFV3/main -I/pixel/project02/tcchen/WRFV3/external/io_netcdf -I/pixel/project02/tcchen/WRFV3/external/io_int -I/pixel/project02/tcchen/WRFV3/frame -I/pixel/project02/tcchen/WRFV3/share -I/pixel/project02/tcchen/WRFV3/phys -I/pixel/project02/tcchen/WRFV3/chem -I/pixel/project02/tcchen/WRFV3/inc -I/pixel/project02/tcchen/netcdf/netcdf_gnu//include    module_clear_halos.f90
Warning: Nonexistent include directory "/pixel/project02/tcchen/WRFV3/chem"

real	0m0.638s
user	0m0.567s
sys	0m0.056s
rm -f module_cpl.o
/lib/cpp -P -I/pixel/project02/tcchen/WRFV3/inc -DEM_CORE=1 -DNMM_CORE=0 -DNMM_MAX_DIM=2600 -DCOAMPS_CORE=0 -DDA_CORE=0 -DEXP_CORE=0 -DIWORDSIZE=4 -DDWORDSIZE=8 -DRWORDSIZE=4 -DLWORDSIZE=4 -DNONSTANDARD_SYSTEM_SUBR  -DWRF_USE_CLM -DNO_IEEE_MODULE  -DNETCDF -DUSE_ALLOCATABLES -DGRIB1 -DINTIO -DKEEP_INT_AROUND -DLIMIT_ARGS -DCONFIG_BUF_LEN=65536 -DMAX_DOMAINS_F=21 -DMAX_HISTORY=25 -DNMM_NEST=0  -I. -traditional  -D_OPENMP module_cpl.F  > module_cpl.bb
/pixel/project02/tcchen/WRFV3/tools/standard.exe module_cpl.bb | /lib/cpp -P -traditional > module_cpl.f90
rm -f module_cpl.b module_cpl.bb
time gfortran -o module_cpl.o -c -O2 -ftree-vectorize -funroll-loops -w -ffree-form -ffree-line-length-none -fconvert=big-endian -frecord-marker=4  -fopenmp -I../dyn_em -I../dyn_nmm   -I/pixel/project02/tcchen/WRFV3/external/esmf_time_f90  -I/pixel/project02/tcchen/WRFV3/main -I/pixel/project02/tcchen/WRFV3/external/io_netcdf -I/pixel/project02/tcchen/WRFV3/external/io_int -I/pixel/project02/tcchen/WRFV3/frame -I/pixel/project02/tcchen/WRFV3/share -I/pixel/project02/tcchen/WRFV3/phys -I/pixel/project02/tcchen/WRFV3/chem -I/pixel/project02/tcchen/WRFV3/inc -I/pixel/project02/tcchen/netcdf/netcdf_gnu//include    module_cpl.f90
Warning: Nonexistent include directory "/pixel/project02/tcchen/WRFV3/chem"
0.74user 0.05system 0:00.80elapsed 98%CPU (0avgtext+0avgdata 41804maxresident)k
1408inputs+2280outputs (0major+14172minor)pagefaults 0swaps
rm -f module_comm_dm.o
/lib/cpp -P -I/pixel/project02/tcchen/WRFV3/inc -DEM_CORE=1 -DNMM_CORE=0 -DNMM_MAX_DIM=2600 -DCOAMPS_CORE=0 -DDA_CORE=0 -DEXP_CORE=0 -DIWORDSIZE=4 -DDWORDSIZE=8 -DRWORDSIZE=4 -DLWORDSIZE=4 -DNONSTANDARD_SYSTEM_SUBR  -DWRF_USE_CLM -DNO_IEEE_MODULE  -DNETCDF -DUSE_ALLOCATABLES -DGRIB1 -DINTIO -DKEEP_INT_AROUND -DLIMIT_ARGS -DCONFIG_BUF_LEN=65536 -DMAX_DOMAINS_F=21 -DMAX_HISTORY=25 -DNMM_NEST=0  -I. -traditional  -D_OPENMP module_comm_dm.F  > module_comm_dm.bb
/pixel/project02/tcchen/WRFV3/tools/standard.exe module_comm_dm.bb | /lib/cpp -P -traditional > module_comm_dm.f90
rm -f module_comm_dm.b module_comm_dm.bb
time gfortran -c   -O0 -w -ffree-form -ffree-line-length-none -fconvert=big-endian -frecord-marker=4  -I../dyn_em -I../dyn_nmm   -I/pixel/project02/tcchen/WRFV3/external/esmf_time_f90  -I/pixel/project02/tcchen/WRFV3/main -I/pixel/project02/tcchen/WRFV3/external/io_netcdf -I/pixel/project02/tcchen/WRFV3/external/io_int -I/pixel/project02/tcchen/WRFV3/frame -I/pixel/project02/tcchen/WRFV3/share -I/pixel/project02/tcchen/WRFV3/phys -I/pixel/project02/tcchen/WRFV3/chem -I/pixel/project02/tcchen/WRFV3/inc -I/pixel/project02/tcchen/netcdf/netcdf_gnu//include  module_comm_dm.f90
Warning: Nonexistent include directory "/pixel/project02/tcchen/WRFV3/chem"
0.06user 0.02system 0:00.09elapsed 92%CPU (0avgtext+0avgdata 10460maxresident)k
8inputs+24outputs (0major+5043minor)pagefaults 0swaps
rm -f module_dm.o
/pixel/project02/tcchen/WRFV3/tools/standard.exe module_dm.F > module_dm.b 
/lib/cpp -P -I/pixel/project02/tcchen/WRFV3/inc -DEM_CORE=1 -DNMM_CORE=0 -DNMM_MAX_DIM=2600 -DCOAMPS_CORE=0 -DDA_CORE=0 -DEXP_CORE=0 -DIWORDSIZE=4 -DDWORDSIZE=8 -DRWORDSIZE=4 -DLWORDSIZE=4 -DNONSTANDARD_SYSTEM_SUBR  -DWRF_USE_CLM -DNO_IEEE_MODULE  -DNETCDF -DUSE_ALLOCATABLES -DGRIB1 -DINTIO -DKEEP_INT_AROUND -DLIMIT_ARGS -DCONFIG_BUF_LEN=65536 -DMAX_DOMAINS_F=21 -DMAX_HISTORY=25 -DNMM_NEST=0  -I. -traditional  -D_OPENMP module_dm.b  > module_dm.f90
rm -f module_dm.b
if fgrep -iq '!$OMP' module_dm.f90 ; then \
          if [ -n "-fopenmp" ] ; then echo COMPILING module_dm.F WITH OMP ; fi ; \
  time gfortran -c  -O0 -w -ffree-form -ffree-line-length-none -fconvert=big-endian -frecord-marker=4  -I../dyn_em -I../dyn_nmm   -I/pixel/project02/tcchen/WRFV3/external/esmf_time_f90  -I/pixel/project02/tcchen/WRFV3/main -I/pixel/project02/tcchen/WRFV3/external/io_netcdf -I/pixel/project02/tcchen/WRFV3/external/io_int -I/pixel/project02/tcchen/WRFV3/frame -I/pixel/project02/tcchen/WRFV3/share -I/pixel/project02/tcchen/WRFV3/phys -I/pixel/project02/tcchen/WRFV3/chem -I/pixel/project02/tcchen/WRFV3/inc -I/pixel/project02/tcchen/netcdf/netcdf_gnu//include   -fopenmp module_dm.f90 ; \
        else \
          if [ -n "-fopenmp" ] ; then echo COMPILING module_dm.F WITHOUT OMP ; fi ; \
  time gfortran -c  -O0 -w -ffree-form -ffree-line-length-none -fconvert=big-endian -frecord-marker=4  -I../dyn_em -I../dyn_nmm   -I/pixel/project02/tcchen/WRFV3/external/esmf_time_f90  -I/pixel/project02/tcchen/WRFV3/main -I/pixel/project02/tcchen/WRFV3/external/io_netcdf -I/pixel/project02/tcchen/WRFV3/external/io_int -I/pixel/project02/tcchen/WRFV3/frame -I/pixel/project02/tcchen/WRFV3/share -I/pixel/project02/tcchen/WRFV3/phys -I/pixel/project02/tcchen/WRFV3/chem -I/pixel/project02/tcchen/WRFV3/inc -I/pixel/project02/tcchen/netcdf/netcdf_gnu//include   module_dm.f90 ; \
        fi
COMPILING module_dm.F WITHOUT OMP
Warning: Nonexistent include directory "/pixel/project02/tcchen/WRFV3/chem"

real	0m0.287s
user	0m0.245s
sys	0m0.035s
rm -f module_integrate.o
/pixel/project02/tcchen/WRFV3/tools/standard.exe module_integrate.F > module_integrate.b 
/lib/cpp -P -I/pixel/project02/tcchen/WRFV3/inc -DEM_CORE=1 -DNMM_CORE=0 -DNMM_MAX_DIM=2600 -DCOAMPS_CORE=0 -DDA_CORE=0 -DEXP_CORE=0 -DIWORDSIZE=4 -DDWORDSIZE=8 -DRWORDSIZE=4 -DLWORDSIZE=4 -DNONSTANDARD_SYSTEM_SUBR  -DWRF_USE_CLM -DNO_IEEE_MODULE  -DNETCDF -DUSE_ALLOCATABLES -DGRIB1 -DINTIO -DKEEP_INT_AROUND -DLIMIT_ARGS -DCONFIG_BUF_LEN=65536 -DMAX_DOMAINS_F=21 -DMAX_HISTORY=25 -DNMM_NEST=0  -I. -traditional  -D_OPENMP module_integrate.b  > module_integrate.f90
rm -f module_integrate.b
if fgrep -iq '!$OMP' module_integrate.f90 ; then \
          if [ -n "-fopenmp" ] ; then echo COMPILING module_integrate.F WITH OMP ; fi ; \
  time gfortran -c  -O0 -w -ffree-form -ffree-line-length-none -fconvert=big-endian -frecord-marker=4  -I../dyn_em -I../dyn_nmm   -I/pixel/project02/tcchen/WRFV3/external/esmf_time_f90  -I/pixel/project02/tcchen/WRFV3/main -I/pixel/project02/tcchen/WRFV3/external/io_netcdf -I/pixel/project02/tcchen/WRFV3/external/io_int -I/pixel/project02/tcchen/WRFV3/frame -I/pixel/project02/tcchen/WRFV3/share -I/pixel/project02/tcchen/WRFV3/phys -I/pixel/project02/tcchen/WRFV3/chem -I/pixel/project02/tcchen/WRFV3/inc -I/pixel/project02/tcchen/netcdf/netcdf_gnu//include   -fopenmp module_integrate.f90 ; \
        else \
          if [ -n "-fopenmp" ] ; then echo COMPILING module_integrate.F WITHOUT OMP ; fi ; \
  time gfortran -c  -O0 -w -ffree-form -ffree-line-length-none -fconvert=big-endian -frecord-marker=4  -I../dyn_em -I../dyn_nmm   -I/pixel/project02/tcchen/WRFV3/external/esmf_time_f90  -I/pixel/project02/tcchen/WRFV3/main -I/pixel/project02/tcchen/WRFV3/external/io_netcdf -I/pixel/project02/tcchen/WRFV3/external/io_int -I/pixel/project02/tcchen/WRFV3/frame -I/pixel/project02/tcchen/WRFV3/share -I/pixel/project02/tcchen/WRFV3/phys -I/pixel/project02/tcchen/WRFV3/chem -I/pixel/project02/tcchen/WRFV3/inc -I/pixel/project02/tcchen/netcdf/netcdf_gnu//include   module_integrate.f90 ; \
        fi
COMPILING module_integrate.F WITHOUT OMP
Warning: Nonexistent include directory "/pixel/project02/tcchen/WRFV3/chem"
2.31user 0.12system 0:02.44elapsed 99%CPU (0avgtext+0avgdata 134136maxresident)k
64inputs+3416outputs (0major+63236minor)pagefaults 0swaps
rm -f module_io.o
/lib/cpp -P -I/pixel/project02/tcchen/WRFV3/inc -DEM_CORE=1 -DNMM_CORE=0 -DNMM_MAX_DIM=2600 -DCOAMPS_CORE=0 -DDA_CORE=0 -DEXP_CORE=0 -DIWORDSIZE=4 -DDWORDSIZE=8 -DRWORDSIZE=4 -DLWORDSIZE=4 -DNONSTANDARD_SYSTEM_SUBR  -DWRF_USE_CLM -DNO_IEEE_MODULE  -DNETCDF -DUSE_ALLOCATABLES -DGRIB1 -DINTIO -DKEEP_INT_AROUND -DLIMIT_ARGS -DCONFIG_BUF_LEN=65536 -DMAX_DOMAINS_F=21 -DMAX_HISTORY=25 -DNMM_NEST=0  -I. -traditional  -D_OPENMP module_io.F  > module_io.bb
/pixel/project02/tcchen/WRFV3/tools/standard.exe module_io.bb | /lib/cpp -P -traditional > module_io.f90
rm -f module_io.b module_io.bb
time gfortran -c   -O0 -w -ffree-form -ffree-line-length-none -fconvert=big-endian -frecord-marker=4  -I../dyn_em -I../dyn_nmm   -I/pixel/project02/tcchen/WRFV3/external/esmf_time_f90  -I/pixel/project02/tcchen/WRFV3/main -I/pixel/project02/tcchen/WRFV3/external/io_netcdf -I/pixel/project02/tcchen/WRFV3/external/io_int -I/pixel/project02/tcchen/WRFV3/frame -I/pixel/project02/tcchen/WRFV3/share -I/pixel/project02/tcchen/WRFV3/phys -I/pixel/project02/tcchen/WRFV3/chem -I/pixel/project02/tcchen/WRFV3/inc -I/pixel/project02/tcchen/netcdf/netcdf_gnu//include  module_io.f90
Warning: Nonexistent include directory "/pixel/project02/tcchen/WRFV3/chem"

real	0m1.845s
user	0m1.698s
sys	0m0.133s
rm -f module_io_quilt.o
/lib/cpp -P -I/pixel/project02/tcchen/WRFV3/inc -DEM_CORE=1 -DNMM_CORE=0 -DNMM_MAX_DIM=2600 -DCOAMPS_CORE=0 -DDA_CORE=0 -DEXP_CORE=0 -DIWORDSIZE=4 -DDWORDSIZE=8 -DRWORDSIZE=4 -DLWORDSIZE=4 -DNONSTANDARD_SYSTEM_SUBR  -DWRF_USE_CLM -DNO_IEEE_MODULE  -DNETCDF -DUSE_ALLOCATABLES -DGRIB1 -DINTIO -DKEEP_INT_AROUND -DLIMIT_ARGS -DCONFIG_BUF_LEN=65536 -DMAX_DOMAINS_F=21 -DMAX_HISTORY=25 -DNMM_NEST=0  -I. -traditional  -D_OPENMP module_io_quilt.F  > module_io_quilt.bb
/pixel/project02/tcchen/WRFV3/tools/standard.exe module_io_quilt.bb | /lib/cpp -P -traditional > module_io_quilt.f90
rm -f module_io_quilt.b module_io_quilt.bb
time gfortran -o module_io_quilt.o -c -O2 -ftree-vectorize -funroll-loops -w -ffree-form -ffree-line-length-none -fconvert=big-endian -frecord-marker=4  -fopenmp -I../dyn_em -I../dyn_nmm   -I/pixel/project02/tcchen/WRFV3/external/esmf_time_f90  -I/pixel/project02/tcchen/WRFV3/main -I/pixel/project02/tcchen/WRFV3/external/io_netcdf -I/pixel/project02/tcchen/WRFV3/external/io_int -I/pixel/project02/tcchen/WRFV3/frame -I/pixel/project02/tcchen/WRFV3/share -I/pixel/project02/tcchen/WRFV3/phys -I/pixel/project02/tcchen/WRFV3/chem -I/pixel/project02/tcchen/WRFV3/inc -I/pixel/project02/tcchen/netcdf/netcdf_gnu//include    module_io_quilt.f90
Warning: Nonexistent include directory "/pixel/project02/tcchen/WRFV3/chem"
0.20user 0.03system 0:00.24elapsed 96%CPU (0avgtext+0avgdata 14444maxresident)k
80inputs+176outputs (0major+6057minor)pagefaults 0swaps
rm -f module_intermediate_nmm.o
/lib/cpp -P -I/pixel/project02/tcchen/WRFV3/inc -DEM_CORE=1 -DNMM_CORE=0 -DNMM_MAX_DIM=2600 -DCOAMPS_CORE=0 -DDA_CORE=0 -DEXP_CORE=0 -DIWORDSIZE=4 -DDWORDSIZE=8 -DRWORDSIZE=4 -DLWORDSIZE=4 -DNONSTANDARD_SYSTEM_SUBR  -DWRF_USE_CLM -DNO_IEEE_MODULE  -DNETCDF -DUSE_ALLOCATABLES -DGRIB1 -DINTIO -DKEEP_INT_AROUND -DLIMIT_ARGS -DCONFIG_BUF_LEN=65536 -DMAX_DOMAINS_F=21 -DMAX_HISTORY=25 -DNMM_NEST=0  -I. -traditional  -D_OPENMP module_intermediate_nmm.F  > module_intermediate_nmm.bb
/pixel/project02/tcchen/WRFV3/tools/standard.exe module_intermediate_nmm.bb | /lib/cpp -P -traditional > module_intermediate_nmm.f90
rm -f module_intermediate_nmm.b module_intermediate_nmm.bb
time gfortran -o module_intermediate_nmm.o -c -O2 -ftree-vectorize -funroll-loops -w -ffree-form -ffree-line-length-none -fconvert=big-endian -frecord-marker=4  -fopenmp -I../dyn_em -I../dyn_nmm   -I/pixel/project02/tcchen/WRFV3/external/esmf_time_f90  -I/pixel/project02/tcchen/WRFV3/main -I/pixel/project02/tcchen/WRFV3/external/io_netcdf -I/pixel/project02/tcchen/WRFV3/external/io_int -I/pixel/project02/tcchen/WRFV3/frame -I/pixel/project02/tcchen/WRFV3/share -I/pixel/project02/tcchen/WRFV3/phys -I/pixel/project02/tcchen/WRFV3/chem -I/pixel/project02/tcchen/WRFV3/inc -I/pixel/project02/tcchen/netcdf/netcdf_gnu//include    module_intermediate_nmm.f90
Warning: Nonexistent include directory "/pixel/project02/tcchen/WRFV3/chem"
0.01user 0.01system 0:00.03elapsed 84%CPU (0avgtext+0avgdata 6996maxresident)k
0inputs+24outputs (0major+3905minor)pagefaults 0swaps
3.10user 0.29system 0:03.43elapsed 98%CPU (0avgtext+0avgdata 169036maxresident)k
6352inputs+7912outputs (0major+69026minor)pagefaults 0swaps
ar ru ../main/libwrflib.a module_driver_constants.o module_domain_type.o module_streams.o module_domain.o module_integrate.o module_timing.o module_configure.o module_tiles.o module_machine.o module_nesting.o module_wrf_error.o module_state_description.o module_sm.o module_io.o module_comm_dm.o module_comm_dm_0.o module_comm_dm_1.o module_comm_dm_2.o module_comm_dm_3.o module_comm_dm_4.o module_comm_nesting_dm.o module_dm.o module_quilt_outbuf_ops.o module_io_quilt.o module_intermediate_nmm.o module_cpl.o module_cpl_oasis3.o module_clear_halos.o wrf_num_bytes_between.o wrf_shutdown.o wrf_debug.o libmassv.o collect_on_comm.o hires_timer.o clog.o nl_get_0_routines.o nl_get_1_routines.o nl_get_2_routines.o nl_get_3_routines.o nl_get_4_routines.o nl_get_5_routines.o nl_get_6_routines.o nl_get_7_routines.o nl_set_0_routines.o nl_set_1_routines.o nl_set_2_routines.o nl_set_3_routines.o nl_set_4_routines.o nl_set_5_routines.o nl_set_6_routines.o nl_set_7_routines.o  module_alloc_space_0.o module_alloc_space_1.o module_alloc_space_2.o module_alloc_space_3.o module_alloc_space_4.o module_alloc_space_5.o module_alloc_space_6.o module_alloc_space_7.o module_alloc_space_8.o module_alloc_space_9.o
ar: creating ../main/libwrflib.a
ranlib ../main/libwrflib.a
make[2]: Leaving directory `/pixel/project02/tcchen/WRFV3/frame'
make[2]: Entering directory `/pixel/project02/tcchen/WRFV3/external/io_netcdf'
x=`echo "time gfortran -w -ffree-form -ffree-line-length-none -fconvert=big-endian -frecord-marker=4 " | awk '{print $1}'` ; export x ; \
if [ $x = "gfortran" ] ; then \
           echo removing external declaration of iargc for gfortran ; \
   /lib/cpp -P -P -traditional -I/pixel/project02/tcchen/netcdf/netcdf_gnu//include -I../ioapi_share diffwrf.F90 | sed '/integer *, *external.*iargc/d' > diffwrf.f ;\
        else \
   /lib/cpp -P -P -traditional -I/pixel/project02/tcchen/netcdf/netcdf_gnu//include -I../ioapi_share diffwrf.F90 > diffwrf.f ; \
        fi
time gfortran -w -ffree-form -ffree-line-length-none -fconvert=big-endian -frecord-marker=4  -c  -I/pixel/project02/tcchen/netcdf/netcdf_gnu//include -I../ioapi_share diffwrf.f
0.15user 0.03system 0:00.19elapsed 96%CPU (0avgtext+0avgdata 18428maxresident)k
48inputs+296outputs (0major+7576minor)pagefaults 0swaps
diffwrf io_netcdf is being built now. 
/usr/bin/ld: warning: libnetcdf.so.7, needed by /pixel/project02/tcchen/netcdf/netcdf_gnu//lib/libnetcdff.so, may conflict with libnetcdf.so.11

real	0m0.162s
user	0m0.101s
sys	0m0.049s
make[2]: Leaving directory `/pixel/project02/tcchen/WRFV3/external/io_netcdf'
make[2]: Entering directory `/pixel/project02/tcchen/WRFV3/external/io_netcdf'
make[2]: Nothing to be done for `all'.
make[2]: Leaving directory `/pixel/project02/tcchen/WRFV3/external/io_netcdf'
SKIPPING PIO BUILD make -i -r NETCDFPATH= FC=gfortran -w -ffree-form -ffree-line-length-none -fconvert=big-endian -frecord-marker=4  RANLIB=ranlib CPP=/lib/cpp -P LDFLAGS=-fopenmp -O2 -ftree-vectorize -funroll-loops -w -ffree-form -ffree-line-length-none -fconvert=big-endian -frecord-marker=4    TRADFLAG=-traditional ESMF_IO_LIB_EXT=-L/pixel/project02/tcchen/WRFV3/external/esmf_time_f90 -lesmf_time LIB_LOCAL= ESMF_MOD_DEPENDENCE=/pixel/project02/tcchen/WRFV3/external/esmf_time_f90/module_utility.o AR=INTERNAL_BUILD_ERROR_SHOULD_NOT_NEED_AR
make[2]: Entering directory `/pixel/project02/tcchen/WRFV3/external/io_int'
if [ -f ../../frame/pack_utils.o -a -f ../../frame/clog.o ] ; then \
  gfortran -w -ffree-form -ffree-line-length-none -fconvert=big-endian -frecord-marker=4    -I../ioapi_share -o diffwrf diffwrf.f \
	../../frame/pack_utils.o ../../frame/module_internal_header_util.o ../../frame/module_driver_constants.o ../../frame/module_machine.o ../../frame/module_wrf_error.o ../../frame/wrf_debug.o -L/pixel/project02/tcchen/WRFV3/external/esmf_time_f90 -lesmf_time libwrfio_int.a ; \
fi
../../frame/module_wrf_error.o: In function `wrf_message2_':
module_wrf_error.f90:(.text+0x47c): undefined reference to `omp_get_thread_num'
../../frame/module_wrf_error.o: In function `wrf_message_':
module_wrf_error.f90:(.text+0x4ac): undefined reference to `omp_get_thread_num'
collect2: error: ld returned 1 exit status
make[2]: [diffwrf] Error 1 (ignored)
make[2]: Leaving directory `/pixel/project02/tcchen/WRFV3/external/io_int'
make[1]: Leaving directory `/pixel/project02/tcchen/WRFV3'
make -i -r MODULE_DIRS="-I../dyn_em -I../dyn_nmm   -I/pixel/project02/tcchen/WRFV3/external/esmf_time_f90  -I/pixel/project02/tcchen/WRFV3/main -I/pixel/project02/tcchen/WRFV3/external/io_netcdf -I/pixel/project02/tcchen/WRFV3/external/io_int -I/pixel/project02/tcchen/WRFV3/frame -I/pixel/project02/tcchen/WRFV3/share -I/pixel/project02/tcchen/WRFV3/phys -I/pixel/project02/tcchen/WRFV3/chem -I/pixel/project02/tcchen/WRFV3/inc -I/pixel/project02/tcchen/netcdf/netcdf_gnu//include " shared
make[1]: Entering directory `/pixel/project02/tcchen/WRFV3'
--------------------------------------
if [ "`echo -j 2 | sed -e 's/-j//g' -e 's/ \+//g'`" -gt "6" ] ; then \
  ( cd share ; make -i -r -j 6 ) ;  \
else \
  ( cd share ; make -i -r -j 2 ) ;  \
fi
make[2]: Entering directory `/pixel/project02/tcchen/WRFV3/share'
rm -f module_bc_time_utilities.o
/lib/cpp -P -I/pixel/project02/tcchen/WRFV3/inc -DEM_CORE=1 -DNMM_CORE=0 -DNMM_MAX_DIM=2600 -DCOAMPS_CORE=0 -DDA_CORE=0 -DEXP_CORE=0 -DIWORDSIZE=4 -DDWORDSIZE=8 -DRWORDSIZE=4 -DLWORDSIZE=4 -DNONSTANDARD_SYSTEM_SUBR  -DWRF_USE_CLM -DNO_IEEE_MODULE  -DNETCDF -DUSE_ALLOCATABLES -DGRIB1 -DINTIO -DKEEP_INT_AROUND -DLIMIT_ARGS -DCONFIG_BUF_LEN=65536 -DMAX_DOMAINS_F=21 -DMAX_HISTORY=25 -DNMM_NEST=0  -I. -traditional  -D_OPENMP module_bc_time_utilities.F  > module_bc_time_utilities.bb
rm -f module_get_file_names.o
/lib/cpp -P -I/pixel/project02/tcchen/WRFV3/inc -DEM_CORE=1 -DNMM_CORE=0 -DNMM_MAX_DIM=2600 -DCOAMPS_CORE=0 -DDA_CORE=0 -DEXP_CORE=0 -DIWORDSIZE=4 -DDWORDSIZE=8 -DRWORDSIZE=4 -DLWORDSIZE=4 -DNONSTANDARD_SYSTEM_SUBR  -DWRF_USE_CLM -DNO_IEEE_MODULE  -DNETCDF -DUSE_ALLOCATABLES -DGRIB1 -DINTIO -DKEEP_INT_AROUND -DLIMIT_ARGS -DCONFIG_BUF_LEN=65536 -DMAX_DOMAINS_F=21 -DMAX_HISTORY=25 -DNMM_NEST=0  -I. -traditional  -D_OPENMP module_get_file_names.F  > module_get_file_names.bb
/pixel/project02/tcchen/WRFV3/tools/standard.exe module_bc_time_utilities.bb | /lib/cpp -P -traditional > module_bc_time_utilities.f90
/pixel/project02/tcchen/WRFV3/tools/standard.exe module_get_file_names.bb | /lib/cpp -P -traditional > module_get_file_names.f90
rm -f module_get_file_names.b module_get_file_names.bb
rm -f module_bc_time_utilities.b module_bc_time_utilities.bb
time gfortran -o module_get_file_names.o -c -O2 -ftree-vectorize -funroll-loops -w -ffree-form -ffree-line-length-none -fconvert=big-endian -frecord-marker=4  -fopenmp -I../dyn_em -I../dyn_nmm   -I/pixel/project02/tcchen/WRFV3/external/esmf_time_f90  -I/pixel/project02/tcchen/WRFV3/main -I/pixel/project02/tcchen/WRFV3/external/io_netcdf -I/pixel/project02/tcchen/WRFV3/external/io_int -I/pixel/project02/tcchen/WRFV3/frame -I/pixel/project02/tcchen/WRFV3/share -I/pixel/project02/tcchen/WRFV3/phys -I/pixel/project02/tcchen/WRFV3/chem -I/pixel/project02/tcchen/WRFV3/inc -I/pixel/project02/tcchen/netcdf/netcdf_gnu//include    module_get_file_names.f90
time gfortran -o module_bc_time_utilities.o -c -O2 -ftree-vectorize -funroll-loops -w -ffree-form -ffree-line-length-none -fconvert=big-endian -frecord-marker=4  -fopenmp -I../dyn_em -I../dyn_nmm   -I/pixel/project02/tcchen/WRFV3/external/esmf_time_f90  -I/pixel/project02/tcchen/WRFV3/main -I/pixel/project02/tcchen/WRFV3/external/io_netcdf -I/pixel/project02/tcchen/WRFV3/external/io_int -I/pixel/project02/tcchen/WRFV3/frame -I/pixel/project02/tcchen/WRFV3/share -I/pixel/project02/tcchen/WRFV3/phys -I/pixel/project02/tcchen/WRFV3/chem -I/pixel/project02/tcchen/WRFV3/inc -I/pixel/project02/tcchen/netcdf/netcdf_gnu//include    module_bc_time_utilities.f90
Warning: Nonexistent include directory "/pixel/project02/tcchen/WRFV3/chem"
Warning: Nonexistent include directory "/pixel/project02/tcchen/WRFV3/chem"
0.05user 0.02system 0:00.08elapsed 92%CPU (0avgtext+0avgdata 10732maxresident)k
0inputs+224outputs (0major+5113minor)pagefaults 0swaps
rm -f module_compute_geop.o
/lib/cpp -P -I/pixel/project02/tcchen/WRFV3/inc -DEM_CORE=1 -DNMM_CORE=0 -DNMM_MAX_DIM=2600 -DCOAMPS_CORE=0 -DDA_CORE=0 -DEXP_CORE=0 -DIWORDSIZE=4 -DDWORDSIZE=8 -DRWORDSIZE=4 -DLWORDSIZE=4 -DNONSTANDARD_SYSTEM_SUBR  -DWRF_USE_CLM -DNO_IEEE_MODULE  -DNETCDF -DUSE_ALLOCATABLES -DGRIB1 -DINTIO -DKEEP_INT_AROUND -DLIMIT_ARGS -DCONFIG_BUF_LEN=65536 -DMAX_DOMAINS_F=21 -DMAX_HISTORY=25 -DNMM_NEST=0  -I. -traditional  -D_OPENMP module_compute_geop.F  > module_compute_geop.bb
0.07user 0.02system 0:00.10elapsed 96%CPU (0avgtext+0avgdata 13820maxresident)k
0inputs+72outputs (0major+5933minor)pagefaults 0swaps
rm -f module_check_a_mundo.o
/lib/cpp -P -I/pixel/project02/tcchen/WRFV3/inc -DEM_CORE=1 -DNMM_CORE=0 -DNMM_MAX_DIM=2600 -DCOAMPS_CORE=0 -DDA_CORE=0 -DEXP_CORE=0 -DIWORDSIZE=4 -DDWORDSIZE=8 -DRWORDSIZE=4 -DLWORDSIZE=4 -DNONSTANDARD_SYSTEM_SUBR  -DWRF_USE_CLM -DNO_IEEE_MODULE  -DNETCDF -DUSE_ALLOCATABLES -DGRIB1 -DINTIO -DKEEP_INT_AROUND -DLIMIT_ARGS -DCONFIG_BUF_LEN=65536 -DMAX_DOMAINS_F=21 -DMAX_HISTORY=25 -DNMM_NEST=0  -I. -traditional  -D_OPENMP module_check_a_mundo.F  > module_check_a_mundo.bb
/pixel/project02/tcchen/WRFV3/tools/standard.exe module_compute_geop.bb | /lib/cpp -P -traditional > module_compute_geop.f90
/pixel/project02/tcchen/WRFV3/tools/standard.exe module_check_a_mundo.bb | /lib/cpp -P -traditional > module_check_a_mundo.f90
rm -f module_compute_geop.b module_compute_geop.bb
time gfortran -o module_compute_geop.o -c -O2 -ftree-vectorize -funroll-loops -w -ffree-form -ffree-line-length-none -fconvert=big-endian -frecord-marker=4  -fopenmp -I../dyn_em -I../dyn_nmm   -I/pixel/project02/tcchen/WRFV3/external/esmf_time_f90  -I/pixel/project02/tcchen/WRFV3/main -I/pixel/project02/tcchen/WRFV3/external/io_netcdf -I/pixel/project02/tcchen/WRFV3/external/io_int -I/pixel/project02/tcchen/WRFV3/frame -I/pixel/project02/tcchen/WRFV3/share -I/pixel/project02/tcchen/WRFV3/phys -I/pixel/project02/tcchen/WRFV3/chem -I/pixel/project02/tcchen/WRFV3/inc -I/pixel/project02/tcchen/netcdf/netcdf_gnu//include    module_compute_geop.f90
rm -f module_check_a_mundo.b module_check_a_mundo.bb
Warning: Nonexistent include directory "/pixel/project02/tcchen/WRFV3/chem"
time gfortran -o module_check_a_mundo.o -c -O2 -ftree-vectorize -funroll-loops -w -ffree-form -ffree-line-length-none -fconvert=big-endian -frecord-marker=4  -fopenmp -I../dyn_em -I../dyn_nmm   -I/pixel/project02/tcchen/WRFV3/external/esmf_time_f90  -I/pixel/project02/tcchen/WRFV3/main -I/pixel/project02/tcchen/WRFV3/external/io_netcdf -I/pixel/project02/tcchen/WRFV3/external/io_int -I/pixel/project02/tcchen/WRFV3/frame -I/pixel/project02/tcchen/WRFV3/share -I/pixel/project02/tcchen/WRFV3/phys -I/pixel/project02/tcchen/WRFV3/chem -I/pixel/project02/tcchen/WRFV3/inc -I/pixel/project02/tcchen/netcdf/netcdf_gnu//include    module_check_a_mundo.f90
Warning: Nonexistent include directory "/pixel/project02/tcchen/WRFV3/chem"
0.06user 0.02system 0:00.09elapsed 95%CPU (0avgtext+0avgdata 13896maxresident)k
0inputs+72outputs (0major+5875minor)pagefaults 0swaps
rm -f bobrand.o
gcc -DFSEEKO64_OK  -o bobrand.o -c -w -O3 -c  -DMAX_HISTORY=25 -DNMM_CORE=0 bobrand.c
rm -f module_llxy.o
/lib/cpp -P -I/pixel/project02/tcchen/WRFV3/inc -DEM_CORE=1 -DNMM_CORE=0 -DNMM_MAX_DIM=2600 -DCOAMPS_CORE=0 -DDA_CORE=0 -DEXP_CORE=0 -DIWORDSIZE=4 -DDWORDSIZE=8 -DRWORDSIZE=4 -DLWORDSIZE=4 -DNONSTANDARD_SYSTEM_SUBR  -DWRF_USE_CLM -DNO_IEEE_MODULE  -DNETCDF -DUSE_ALLOCATABLES -DGRIB1 -DINTIO -DKEEP_INT_AROUND -DLIMIT_ARGS -DCONFIG_BUF_LEN=65536 -DMAX_DOMAINS_F=21 -DMAX_HISTORY=25 -DNMM_NEST=0  -I. -traditional  -D_OPENMP module_llxy.F  > module_llxy.bb
/pixel/project02/tcchen/WRFV3/tools/standard.exe module_llxy.bb | /lib/cpp -P -traditional > module_llxy.f90
rm -f module_llxy.b module_llxy.bb
time gfortran -o module_llxy.o -c -O2 -ftree-vectorize -funroll-loops -w -ffree-form -ffree-line-length-none -fconvert=big-endian -frecord-marker=4  -fopenmp -I../dyn_em -I../dyn_nmm   -I/pixel/project02/tcchen/WRFV3/external/esmf_time_f90  -I/pixel/project02/tcchen/WRFV3/main -I/pixel/project02/tcchen/WRFV3/external/io_netcdf -I/pixel/project02/tcchen/WRFV3/external/io_int -I/pixel/project02/tcchen/WRFV3/frame -I/pixel/project02/tcchen/WRFV3/share -I/pixel/project02/tcchen/WRFV3/phys -I/pixel/project02/tcchen/WRFV3/chem -I/pixel/project02/tcchen/WRFV3/inc -I/pixel/project02/tcchen/netcdf/netcdf_gnu//include    module_llxy.f90
Warning: Nonexistent include directory "/pixel/project02/tcchen/WRFV3/chem"
0.50user 0.02system 0:00.53elapsed 98%CPU (0avgtext+0avgdata 27364maxresident)k
64inputs+536outputs (0major+9724minor)pagefaults 0swaps
rm -f module_interp_store.o
/lib/cpp -P -I/pixel/project02/tcchen/WRFV3/inc -DEM_CORE=1 -DNMM_CORE=0 -DNMM_MAX_DIM=2600 -DCOAMPS_CORE=0 -DDA_CORE=0 -DEXP_CORE=0 -DIWORDSIZE=4 -DDWORDSIZE=8 -DRWORDSIZE=4 -DLWORDSIZE=4 -DNONSTANDARD_SYSTEM_SUBR  -DWRF_USE_CLM -DNO_IEEE_MODULE  -DNETCDF -DUSE_ALLOCATABLES -DGRIB1 -DINTIO -DKEEP_INT_AROUND -DLIMIT_ARGS -DCONFIG_BUF_LEN=65536 -DMAX_DOMAINS_F=21 -DMAX_HISTORY=25 -DNMM_NEST=0  -I. -traditional  -D_OPENMP module_interp_store.F  > module_interp_store.bb
/pixel/project02/tcchen/WRFV3/tools/standard.exe module_interp_store.bb | /lib/cpp -P -traditional > module_interp_store.f90
rm -f module_interp_store.b module_interp_store.bb
time gfortran -o module_interp_store.o -c -O2 -ftree-vectorize -funroll-loops -w -ffree-form -ffree-line-length-none -fconvert=big-endian -frecord-marker=4  -fopenmp -I../dyn_em -I../dyn_nmm   -I/pixel/project02/tcchen/WRFV3/external/esmf_time_f90  -I/pixel/project02/tcchen/WRFV3/main -I/pixel/project02/tcchen/WRFV3/external/io_netcdf -I/pixel/project02/tcchen/WRFV3/external/io_int -I/pixel/project02/tcchen/WRFV3/frame -I/pixel/project02/tcchen/WRFV3/share -I/pixel/project02/tcchen/WRFV3/phys -I/pixel/project02/tcchen/WRFV3/chem -I/pixel/project02/tcchen/WRFV3/inc -I/pixel/project02/tcchen/netcdf/netcdf_gnu//include    module_interp_store.f90
Warning: Nonexistent include directory "/pixel/project02/tcchen/WRFV3/chem"
0.05user 0.01system 0:00.07elapsed 92%CPU (0avgtext+0avgdata 17288maxresident)k
0inputs+40outputs (0major+6674minor)pagefaults 0swaps
rm -f module_MPP.o
/lib/cpp -P -I/pixel/project02/tcchen/WRFV3/inc -DEM_CORE=1 -DNMM_CORE=0 -DNMM_MAX_DIM=2600 -DCOAMPS_CORE=0 -DDA_CORE=0 -DEXP_CORE=0 -DIWORDSIZE=4 -DDWORDSIZE=8 -DRWORDSIZE=4 -DLWORDSIZE=4 -DNONSTANDARD_SYSTEM_SUBR  -DWRF_USE_CLM -DNO_IEEE_MODULE  -DNETCDF -DUSE_ALLOCATABLES -DGRIB1 -DINTIO -DKEEP_INT_AROUND -DLIMIT_ARGS -DCONFIG_BUF_LEN=65536 -DMAX_DOMAINS_F=21 -DMAX_HISTORY=25 -DNMM_NEST=0  -I. -traditional  -D_OPENMP module_MPP.F  > module_MPP.bb
/pixel/project02/tcchen/WRFV3/tools/standard.exe module_MPP.bb | /lib/cpp -P -traditional > module_MPP.f90
rm -f module_MPP.b module_MPP.bb
time gfortran -o module_MPP.o -c -O2 -ftree-vectorize -funroll-loops -w -ffree-form -ffree-line-length-none -fconvert=big-endian -frecord-marker=4  -fopenmp -I../dyn_em -I../dyn_nmm   -I/pixel/project02/tcchen/WRFV3/external/esmf_time_f90  -I/pixel/project02/tcchen/WRFV3/main -I/pixel/project02/tcchen/WRFV3/external/io_netcdf -I/pixel/project02/tcchen/WRFV3/external/io_int -I/pixel/project02/tcchen/WRFV3/frame -I/pixel/project02/tcchen/WRFV3/share -I/pixel/project02/tcchen/WRFV3/phys -I/pixel/project02/tcchen/WRFV3/chem -I/pixel/project02/tcchen/WRFV3/inc -I/pixel/project02/tcchen/netcdf/netcdf_gnu//include    module_MPP.f90
Warning: Nonexistent include directory "/pixel/project02/tcchen/WRFV3/chem"
0.01user 0.01system 0:00.03elapsed 85%CPU (0avgtext+0avgdata 7156maxresident)k
0inputs+128outputs (0major+4006minor)pagefaults 0swaps
rm -f solve_interface.o
/pixel/project02/tcchen/WRFV3/tools/standard.exe solve_interface.F > solve_interface.b 
/lib/cpp -P -I/pixel/project02/tcchen/WRFV3/inc -DEM_CORE=1 -DNMM_CORE=0 -DNMM_MAX_DIM=2600 -DCOAMPS_CORE=0 -DDA_CORE=0 -DEXP_CORE=0 -DIWORDSIZE=4 -DDWORDSIZE=8 -DRWORDSIZE=4 -DLWORDSIZE=4 -DNONSTANDARD_SYSTEM_SUBR  -DWRF_USE_CLM -DNO_IEEE_MODULE  -DNETCDF -DUSE_ALLOCATABLES -DGRIB1 -DINTIO -DKEEP_INT_AROUND -DLIMIT_ARGS -DCONFIG_BUF_LEN=65536 -DMAX_DOMAINS_F=21 -DMAX_HISTORY=25 -DNMM_NEST=0  -I. -traditional  -D_OPENMP solve_interface.b  > solve_interface.f90
rm -f solve_interface.b
if fgrep -iq '!$OMP' solve_interface.f90 ; then \
          if [ -n "-fopenmp" ] ; then echo COMPILING solve_interface.F WITH OMP ; fi ; \
  time gfortran -c  -O0 -w -ffree-form -ffree-line-length-none -fconvert=big-endian -frecord-marker=4  -I../dyn_em -I../dyn_nmm   -I/pixel/project02/tcchen/WRFV3/external/esmf_time_f90  -I/pixel/project02/tcchen/WRFV3/main -I/pixel/project02/tcchen/WRFV3/external/io_netcdf -I/pixel/project02/tcchen/WRFV3/external/io_int -I/pixel/project02/tcchen/WRFV3/frame -I/pixel/project02/tcchen/WRFV3/share -I/pixel/project02/tcchen/WRFV3/phys -I/pixel/project02/tcchen/WRFV3/chem -I/pixel/project02/tcchen/WRFV3/inc -I/pixel/project02/tcchen/netcdf/netcdf_gnu//include   -fopenmp solve_interface.f90 ; \
        else \
          if [ -n "-fopenmp" ] ; then echo COMPILING solve_interface.F WITHOUT OMP ; fi ; \
  time gfortran -c  -O0 -w -ffree-form -ffree-line-length-none -fconvert=big-endian -frecord-marker=4  -I../dyn_em -I../dyn_nmm   -I/pixel/project02/tcchen/WRFV3/external/esmf_time_f90  -I/pixel/project02/tcchen/WRFV3/main -I/pixel/project02/tcchen/WRFV3/external/io_netcdf -I/pixel/project02/tcchen/WRFV3/external/io_int -I/pixel/project02/tcchen/WRFV3/frame -I/pixel/project02/tcchen/WRFV3/share -I/pixel/project02/tcchen/WRFV3/phys -I/pixel/project02/tcchen/WRFV3/chem -I/pixel/project02/tcchen/WRFV3/inc -I/pixel/project02/tcchen/netcdf/netcdf_gnu//include   solve_interface.f90 ; \
        fi
COMPILING solve_interface.F WITHOUT OMP
Warning: Nonexistent include directory "/pixel/project02/tcchen/WRFV3/chem"
1.43user 0.08system 0:01.52elapsed 99%CPU (0avgtext+0avgdata 69996maxresident)k
64inputs+2888outputs (0major+28702minor)pagefaults 0swaps
rm -f mediation_interp_domain.o
/lib/cpp -P -I/pixel/project02/tcchen/WRFV3/inc -DEM_CORE=1 -DNMM_CORE=0 -DNMM_MAX_DIM=2600 -DCOAMPS_CORE=0 -DDA_CORE=0 -DEXP_CORE=0 -DIWORDSIZE=4 -DDWORDSIZE=8 -DRWORDSIZE=4 -DLWORDSIZE=4 -DNONSTANDARD_SYSTEM_SUBR  -DWRF_USE_CLM -DNO_IEEE_MODULE  -DNETCDF -DUSE_ALLOCATABLES -DGRIB1 -DINTIO -DKEEP_INT_AROUND -DLIMIT_ARGS -DCONFIG_BUF_LEN=65536 -DMAX_DOMAINS_F=21 -DMAX_HISTORY=25 -DNMM_NEST=0  -I. -traditional  -D_OPENMP mediation_interp_domain.F  > mediation_interp_domain.bb
/pixel/project02/tcchen/WRFV3/tools/standard.exe mediation_interp_domain.bb | /lib/cpp -P -traditional > mediation_interp_domain.f90
rm -f mediation_interp_domain.b mediation_interp_domain.bb
time gfortran -o mediation_interp_domain.o -c -O2 -ftree-vectorize -funroll-loops -w -ffree-form -ffree-line-length-none -fconvert=big-endian -frecord-marker=4  -fopenmp -I../dyn_em -I../dyn_nmm   -I/pixel/project02/tcchen/WRFV3/external/esmf_time_f90  -I/pixel/project02/tcchen/WRFV3/main -I/pixel/project02/tcchen/WRFV3/external/io_netcdf -I/pixel/project02/tcchen/WRFV3/external/io_int -I/pixel/project02/tcchen/WRFV3/frame -I/pixel/project02/tcchen/WRFV3/share -I/pixel/project02/tcchen/WRFV3/phys -I/pixel/project02/tcchen/WRFV3/chem -I/pixel/project02/tcchen/WRFV3/inc -I/pixel/project02/tcchen/netcdf/netcdf_gnu//include    mediation_interp_domain.f90
Warning: Nonexistent include directory "/pixel/project02/tcchen/WRFV3/chem"

real	0m0.431s
user	0m0.369s
sys	0m0.056s
rm -f mediation_force_domain.o
/lib/cpp -P -I/pixel/project02/tcchen/WRFV3/inc -DEM_CORE=1 -DNMM_CORE=0 -DNMM_MAX_DIM=2600 -DCOAMPS_CORE=0 -DDA_CORE=0 -DEXP_CORE=0 -DIWORDSIZE=4 -DDWORDSIZE=8 -DRWORDSIZE=4 -DLWORDSIZE=4 -DNONSTANDARD_SYSTEM_SUBR  -DWRF_USE_CLM -DNO_IEEE_MODULE  -DNETCDF -DUSE_ALLOCATABLES -DGRIB1 -DINTIO -DKEEP_INT_AROUND -DLIMIT_ARGS -DCONFIG_BUF_LEN=65536 -DMAX_DOMAINS_F=21 -DMAX_HISTORY=25 -DNMM_NEST=0  -I. -traditional  -D_OPENMP mediation_force_domain.F  > mediation_force_domain.bb
/pixel/project02/tcchen/WRFV3/tools/standard.exe mediation_force_domain.bb | /lib/cpp -P -traditional > mediation_force_domain.f90
rm -f mediation_force_domain.b mediation_force_domain.bb
time gfortran -o mediation_force_domain.o -c -O2 -ftree-vectorize -funroll-loops -w -ffree-form -ffree-line-length-none -fconvert=big-endian -frecord-marker=4  -fopenmp -I../dyn_em -I../dyn_nmm   -I/pixel/project02/tcchen/WRFV3/external/esmf_time_f90  -I/pixel/project02/tcchen/WRFV3/main -I/pixel/project02/tcchen/WRFV3/external/io_netcdf -I/pixel/project02/tcchen/WRFV3/external/io_int -I/pixel/project02/tcchen/WRFV3/frame -I/pixel/project02/tcchen/WRFV3/share -I/pixel/project02/tcchen/WRFV3/phys -I/pixel/project02/tcchen/WRFV3/chem -I/pixel/project02/tcchen/WRFV3/inc -I/pixel/project02/tcchen/netcdf/netcdf_gnu//include    mediation_force_domain.f90
Warning: Nonexistent include directory "/pixel/project02/tcchen/WRFV3/chem"
0.81user 0.07system 0:00.89elapsed 99%CPU (0avgtext+0avgdata 45356maxresident)k
0inputs+16outputs (0major+13824minor)pagefaults 0swaps
rm -f mediation_feedback_domain.o
/lib/cpp -P -I/pixel/project02/tcchen/WRFV3/inc -DEM_CORE=1 -DNMM_CORE=0 -DNMM_MAX_DIM=2600 -DCOAMPS_CORE=0 -DDA_CORE=0 -DEXP_CORE=0 -DIWORDSIZE=4 -DDWORDSIZE=8 -DRWORDSIZE=4 -DLWORDSIZE=4 -DNONSTANDARD_SYSTEM_SUBR  -DWRF_USE_CLM -DNO_IEEE_MODULE  -DNETCDF -DUSE_ALLOCATABLES -DGRIB1 -DINTIO -DKEEP_INT_AROUND -DLIMIT_ARGS -DCONFIG_BUF_LEN=65536 -DMAX_DOMAINS_F=21 -DMAX_HISTORY=25 -DNMM_NEST=0  -I. -traditional  -D_OPENMP mediation_feedback_domain.F  > mediation_feedback_domain.bb
/pixel/project02/tcchen/WRFV3/tools/standard.exe mediation_feedback_domain.bb | /lib/cpp -P -traditional > mediation_feedback_domain.f90
0.48user 0.04rm -f mediation_feedback_domain.b mediation_feedback_domain.bb
system 0:00.53elapsed 98%CPU (0avgtext+0avgdata 35728maxresident)k
0inputs+16outputs (0major+11405minor)pagefaults 0swaps
rm -f module_date_time.o
/lib/cpp -P -I/pixel/project02/tcchen/WRFV3/inc -DEM_CORE=1 -DNMM_CORE=0 -DNMM_MAX_DIM=2600 -DCOAMPS_CORE=0 -DDA_CORE=0 -DEXP_CORE=0 -DIWORDSIZE=4 -DDWORDSIZE=8 -DRWORDSIZE=4 -DLWORDSIZE=4 -DNONSTANDARD_SYSTEM_SUBR  -DWRF_USE_CLM -DNO_IEEE_MODULE  -DNETCDF -DUSE_ALLOCATABLES -DGRIB1 -DINTIO -DKEEP_INT_AROUND -DLIMIT_ARGS -DCONFIG_BUF_LEN=65536 -DMAX_DOMAINS_F=21 -DMAX_HISTORY=25 -DNMM_NEST=0  -I. -traditional  -D_OPENMP module_date_time.F  > module_date_time.bb
time gfortran -o mediation_feedback_domain.o -c -O2 -ftree-vectorize -funroll-loops -w -ffree-form -ffree-line-length-none -fconvert=big-endian -frecord-marker=4  -fopenmp -I../dyn_em -I../dyn_nmm   -I/pixel/project02/tcchen/WRFV3/external/esmf_time_f90  -I/pixel/project02/tcchen/WRFV3/main -I/pixel/project02/tcchen/WRFV3/external/io_netcdf -I/pixel/project02/tcchen/WRFV3/external/io_int -I/pixel/project02/tcchen/WRFV3/frame -I/pixel/project02/tcchen/WRFV3/share -I/pixel/project02/tcchen/WRFV3/phys -I/pixel/project02/tcchen/WRFV3/chem -I/pixel/project02/tcchen/WRFV3/inc -I/pixel/project02/tcchen/netcdf/netcdf_gnu//include    mediation_feedback_domain.f90
Warning: Nonexistent include directory "/pixel/project02/tcchen/WRFV3/chem"
/pixel/project02/tcchen/WRFV3/tools/standard.exe module_date_time.bb | /lib/cpp -P -traditional > module_date_time.f90
rm -f module_date_time.b module_date_time.bb
time gfortran -o module_date_time.o -c -O2 -ftree-vectorize -funroll-loops -w -ffree-form -ffree-line-length-none -fconvert=big-endian -frecord-marker=4  -fopenmp -I../dyn_em -I../dyn_nmm   -I/pixel/project02/tcchen/WRFV3/external/esmf_time_f90  -I/pixel/project02/tcchen/WRFV3/main -I/pixel/project02/tcchen/WRFV3/external/io_netcdf -I/pixel/project02/tcchen/WRFV3/external/io_int -I/pixel/project02/tcchen/WRFV3/frame -I/pixel/project02/tcchen/WRFV3/share -I/pixel/project02/tcchen/WRFV3/phys -I/pixel/project02/tcchen/WRFV3/chem -I/pixel/project02/tcchen/WRFV3/inc -I/pixel/project02/tcchen/netcdf/netcdf_gnu//include    module_date_time.f90
Warning: Nonexistent include directory "/pixel/project02/tcchen/WRFV3/chem"
0.43user 0.04system 0:00.48elapsed 98%CPU (0avgtext+0avgdata 35756maxresident)k
0inputs+24outputs (0major+11411minor)pagefaults 0swaps
rm -f module_bc.o
/lib/cpp -P -I/pixel/project02/tcchen/WRFV3/inc -DEM_CORE=1 -DNMM_CORE=0 -DNMM_MAX_DIM=2600 -DCOAMPS_CORE=0 -DDA_CORE=0 -DEXP_CORE=0 -DIWORDSIZE=4 -DDWORDSIZE=8 -DRWORDSIZE=4 -DLWORDSIZE=4 -DNONSTANDARD_SYSTEM_SUBR  -DWRF_USE_CLM -DNO_IEEE_MODULE  -DNETCDF -DUSE_ALLOCATABLES -DGRIB1 -DINTIO -DKEEP_INT_AROUND -DLIMIT_ARGS -DCONFIG_BUF_LEN=65536 -DMAX_DOMAINS_F=21 -DMAX_HISTORY=25 -DNMM_NEST=0  -I. -traditional  -D_OPENMP module_bc.F  > module_bc.bb
/pixel/project02/tcchen/WRFV3/tools/standard.exe module_bc.bb | /lib/cpp -P -traditional > module_bc.f90
rm -f module_bc.b module_bc.bb
time gfortran -o module_bc.o -c -O2 -ftree-vectorize -funroll-loops -w -ffree-form -ffree-line-length-none -fconvert=big-endian -frecord-marker=4  -fopenmp -I../dyn_em -I../dyn_nmm   -I/pixel/project02/tcchen/WRFV3/external/esmf_time_f90  -I/pixel/project02/tcchen/WRFV3/main -I/pixel/project02/tcchen/WRFV3/external/io_netcdf -I/pixel/project02/tcchen/WRFV3/external/io_int -I/pixel/project02/tcchen/WRFV3/frame -I/pixel/project02/tcchen/WRFV3/share -I/pixel/project02/tcchen/WRFV3/phys -I/pixel/project02/tcchen/WRFV3/chem -I/pixel/project02/tcchen/WRFV3/inc -I/pixel/project02/tcchen/netcdf/netcdf_gnu//include    module_bc.f90
Warning: Nonexistent include directory "/pixel/project02/tcchen/WRFV3/chem"
0.52user 0.04system 0:00.58elapsed 98%CPU (0avgtext+0avgdata 26344maxresident)k
48inputs+2376outputs (0major+9108minor)pagefaults 0swaps
rm -f wrf_tsin.o
/pixel/project02/tcchen/WRFV3/tools/standard.exe wrf_tsin.F > wrf_tsin.b 
/lib/cpp -P -I/pixel/project02/tcchen/WRFV3/inc -DEM_CORE=1 -DNMM_CORE=0 -DNMM_MAX_DIM=2600 -DCOAMPS_CORE=0 -DDA_CORE=0 -DEXP_CORE=0 -DIWORDSIZE=4 -DDWORDSIZE=8 -DRWORDSIZE=4 -DLWORDSIZE=4 -DNONSTANDARD_SYSTEM_SUBR  -DWRF_USE_CLM -DNO_IEEE_MODULE  -DNETCDF -DUSE_ALLOCATABLES -DGRIB1 -DINTIO -DKEEP_INT_AROUND -DLIMIT_ARGS -DCONFIG_BUF_LEN=65536 -DMAX_DOMAINS_F=21 -DMAX_HISTORY=25 -DNMM_NEST=0  -I. -traditional  -D_OPENMP wrf_tsin.b  > wrf_tsin.f90
rm -f wrf_tsin.b
if fgrep -iq '!$OMP' wrf_tsin.f90 ; then \
          if [ -n "-fopenmp" ] ; then echo COMPILING wrf_tsin.F WITH OMP ; fi ; \
  time gfortran -c  -O0 -w -ffree-form -ffree-line-length-none -fconvert=big-endian -frecord-marker=4  -I../dyn_em -I../dyn_nmm   -I/pixel/project02/tcchen/WRFV3/external/esmf_time_f90  -I/pixel/project02/tcchen/WRFV3/main -I/pixel/project02/tcchen/WRFV3/external/io_netcdf -I/pixel/project02/tcchen/WRFV3/external/io_int -I/pixel/project02/tcchen/WRFV3/frame -I/pixel/project02/tcchen/WRFV3/share -I/pixel/project02/tcchen/WRFV3/phys -I/pixel/project02/tcchen/WRFV3/chem -I/pixel/project02/tcchen/WRFV3/inc -I/pixel/project02/tcchen/netcdf/netcdf_gnu//include   -fopenmp wrf_tsin.f90 ; \
        else \
          if [ -n "-fopenmp" ] ; then echo COMPILING wrf_tsin.F WITHOUT OMP ; fi ; \
  time gfortran -c  -O0 -w -ffree-form -ffree-line-length-none -fconvert=big-endian -frecord-marker=4  -I../dyn_em -I../dyn_nmm   -I/pixel/project02/tcchen/WRFV3/external/esmf_time_f90  -I/pixel/project02/tcchen/WRFV3/main -I/pixel/project02/tcchen/WRFV3/external/io_netcdf -I/pixel/project02/tcchen/WRFV3/external/io_int -I/pixel/project02/tcchen/WRFV3/frame -I/pixel/project02/tcchen/WRFV3/share -I/pixel/project02/tcchen/WRFV3/phys -I/pixel/project02/tcchen/WRFV3/chem -I/pixel/project02/tcchen/WRFV3/inc -I/pixel/project02/tcchen/netcdf/netcdf_gnu//include   wrf_tsin.f90 ; \
        fi
COMPILING wrf_tsin.F WITHOUT OMP
Warning: Nonexistent include directory "/pixel/project02/tcchen/WRFV3/chem"

real	0m0.170s
user	0m0.135s
sys	0m0.033s
rm -f track_input.o
/lib/cpp -P -I/pixel/project02/tcchen/WRFV3/inc -DEM_CORE=1 -DNMM_CORE=0 -DNMM_MAX_DIM=2600 -DCOAMPS_CORE=0 -DDA_CORE=0 -DEXP_CORE=0 -DIWORDSIZE=4 -DDWORDSIZE=8 -DRWORDSIZE=4 -DLWORDSIZE=4 -DNONSTANDARD_SYSTEM_SUBR  -DWRF_USE_CLM -DNO_IEEE_MODULE  -DNETCDF -DUSE_ALLOCATABLES -DGRIB1 -DINTIO -DKEEP_INT_AROUND -DLIMIT_ARGS -DCONFIG_BUF_LEN=65536 -DMAX_DOMAINS_F=21 -DMAX_HISTORY=25 -DNMM_NEST=0  -I. -traditional  -D_OPENMP track_input.F  > track_input.bb
/pixel/project02/tcchen/WRFV3/tools/standard.exe track_input.bb | /lib/cpp -P -traditional > track_input.f90
rm -f track_input.b track_input.bb
time gfortran -o track_input.o -c -O2 -ftree-vectorize -funroll-loops -w -ffree-form -ffree-line-length-none -fconvert=big-endian -frecord-marker=4  -fopenmp -I../dyn_em -I../dyn_nmm   -I/pixel/project02/tcchen/WRFV3/external/esmf_time_f90  -I/pixel/project02/tcchen/WRFV3/main -I/pixel/project02/tcchen/WRFV3/external/io_netcdf -I/pixel/project02/tcchen/WRFV3/external/io_int -I/pixel/project02/tcchen/WRFV3/frame -I/pixel/project02/tcchen/WRFV3/share -I/pixel/project02/tcchen/WRFV3/phys -I/pixel/project02/tcchen/WRFV3/chem -I/pixel/project02/tcchen/WRFV3/inc -I/pixel/project02/tcchen/netcdf/netcdf_gnu//include    track_input.f90
Warning: Nonexistent include directory "/pixel/project02/tcchen/WRFV3/chem"
0.12user 0.02system 0:00.15elapsed 97%CPU (0avgtext+0avgdata 24392maxresident)k
0inputs+32outputs (0major+8463minor)pagefaults 0swaps
rm -f set_timekeeping.o
/lib/cpp -P -I/pixel/project02/tcchen/WRFV3/inc -DEM_CORE=1 -DNMM_CORE=0 -DNMM_MAX_DIM=2600 -DCOAMPS_CORE=0 -DDA_CORE=0 -DEXP_CORE=0 -DIWORDSIZE=4 -DDWORDSIZE=8 -DRWORDSIZE=4 -DLWORDSIZE=4 -DNONSTANDARD_SYSTEM_SUBR  -DWRF_USE_CLM -DNO_IEEE_MODULE  -DNETCDF -DUSE_ALLOCATABLES -DGRIB1 -DINTIO -DKEEP_INT_AROUND -DLIMIT_ARGS -DCONFIG_BUF_LEN=65536 -DMAX_DOMAINS_F=21 -DMAX_HISTORY=25 -DNMM_NEST=0  -I. -traditional  -D_OPENMP set_timekeeping.F  > set_timekeeping.bb
/pixel/project02/tcchen/WRFV3/tools/standard.exe set_timekeeping.bb | /lib/cpp -P -traditional > set_timekeeping.f90
rm -f set_timekeeping.b set_timekeeping.bb
time gfortran -o set_timekeeping.o -c -O2 -ftree-vectorize -funroll-loops -w -ffree-form -ffree-line-length-none -fconvert=big-endian -frecord-marker=4  -fopenmp -I../dyn_em -I../dyn_nmm   -I/pixel/project02/tcchen/WRFV3/external/esmf_time_f90  -I/pixel/project02/tcchen/WRFV3/main -I/pixel/project02/tcchen/WRFV3/external/io_netcdf -I/pixel/project02/tcchen/WRFV3/external/io_int -I/pixel/project02/tcchen/WRFV3/frame -I/pixel/project02/tcchen/WRFV3/share -I/pixel/project02/tcchen/WRFV3/phys -I/pixel/project02/tcchen/WRFV3/chem -I/pixel/project02/tcchen/WRFV3/inc -I/pixel/project02/tcchen/netcdf/netcdf_gnu//include    set_timekeeping.f90
Warning: Nonexistent include directory "/pixel/project02/tcchen/WRFV3/chem"
1.66user 0.07system 0:01.74elapsed 99%CPU (0avgtext+0avgdata 74948maxresident)k
104inputs+1208outputs (0major+27448minor)pagefaults 0swaps
rm -f sint.o
/lib/cpp -P -I/pixel/project02/tcchen/WRFV3/inc -DEM_CORE=1 -DNMM_CORE=0 -DNMM_MAX_DIM=2600 -DCOAMPS_CORE=0 -DDA_CORE=0 -DEXP_CORE=0 -DIWORDSIZE=4 -DDWORDSIZE=8 -DRWORDSIZE=4 -DLWORDSIZE=4 -DNONSTANDARD_SYSTEM_SUBR  -DWRF_USE_CLM -DNO_IEEE_MODULE  -DNETCDF -DUSE_ALLOCATABLES -DGRIB1 -DINTIO -DKEEP_INT_AROUND -DLIMIT_ARGS -DCONFIG_BUF_LEN=65536 -DMAX_DOMAINS_F=21 -DMAX_HISTORY=25 -DNMM_NEST=0  -I. -traditional  -D_OPENMP sint.F  > sint.bb
/pixel/project02/tcchen/WRFV3/tools/standard.exe sint.bb | /lib/cpp -P -traditional > sint.f90
rm -f sint.b sint.bb
time gfortran -o sint.o -c -O2 -ftree-vectorize -funroll-loops -w -ffree-form -ffree-line-length-none -fconvert=big-endian -frecord-marker=4  -fopenmp -I../dyn_em -I../dyn_nmm   -I/pixel/project02/tcchen/WRFV3/external/esmf_time_f90  -I/pixel/project02/tcchen/WRFV3/main -I/pixel/project02/tcchen/WRFV3/external/io_netcdf -I/pixel/project02/tcchen/WRFV3/external/io_int -I/pixel/project02/tcchen/WRFV3/frame -I/pixel/project02/tcchen/WRFV3/share -I/pixel/project02/tcchen/WRFV3/phys -I/pixel/project02/tcchen/WRFV3/chem -I/pixel/project02/tcchen/WRFV3/inc -I/pixel/project02/tcchen/netcdf/netcdf_gnu//include    sint.f90
Warning: Nonexistent include directory "/pixel/project02/tcchen/WRFV3/chem"
0.58user 0.04system 0:00.62elapsed 99%CPU (0avgtext+0avgdata 34872maxresident)k
48inputs+280outputs (0major+12653minor)pagefaults 0swaps
rm -f wrf_ext_write_field.o
/lib/cpp -P -I/pixel/project02/tcchen/WRFV3/inc -DEM_CORE=1 -DNMM_CORE=0 -DNMM_MAX_DIM=2600 -DCOAMPS_CORE=0 -DDA_CORE=0 -DEXP_CORE=0 -DIWORDSIZE=4 -DDWORDSIZE=8 -DRWORDSIZE=4 -DLWORDSIZE=4 -DNONSTANDARD_SYSTEM_SUBR  -DWRF_USE_CLM -DNO_IEEE_MODULE  -DNETCDF -DUSE_ALLOCATABLES -DGRIB1 -DINTIO -DKEEP_INT_AROUND -DLIMIT_ARGS -DCONFIG_BUF_LEN=65536 -DMAX_DOMAINS_F=21 -DMAX_HISTORY=25 -DNMM_NEST=0  -I. -traditional  -D_OPENMP wrf_ext_write_field.F  > wrf_ext_write_field.bb
/pixel/project02/tcchen/WRFV3/tools/standard.exe wrf_ext_write_field.bb | /lib/cpp -P -traditional > wrf_ext_write_field.f90
rm -f wrf_ext_write_field.b wrf_ext_write_field.bb
time gfortran -c   -O0 -w -ffree-form -ffree-line-length-none -fconvert=big-endian -frecord-marker=4  -I../dyn_em -I../dyn_nmm   -I/pixel/project02/tcchen/WRFV3/external/esmf_time_f90  -I/pixel/project02/tcchen/WRFV3/main -I/pixel/project02/tcchen/WRFV3/external/io_netcdf -I/pixel/project02/tcchen/WRFV3/external/io_int -I/pixel/project02/tcchen/WRFV3/frame -I/pixel/project02/tcchen/WRFV3/share -I/pixel/project02/tcchen/WRFV3/phys -I/pixel/project02/tcchen/WRFV3/chem -I/pixel/project02/tcchen/WRFV3/inc -I/pixel/project02/tcchen/netcdf/netcdf_gnu//include  wrf_ext_write_field.f90
Warning: Nonexistent include directory "/pixel/project02/tcchen/WRFV3/chem"
0.52user 0.02system 0:00.55elapsed 98%CPU (0avgtext+0avgdata 35648maxresident)k
0inputs+72outputs (0major+11413minor)pagefaults 0swaps
rm -f wrf_ext_read_field.o
/lib/cpp -P -I/pixel/project02/tcchen/WRFV3/inc -DEM_CORE=1 -DNMM_CORE=0 -DNMM_MAX_DIM=2600 -DCOAMPS_CORE=0 -DDA_CORE=0 -DEXP_CORE=0 -DIWORDSIZE=4 -DDWORDSIZE=8 -DRWORDSIZE=4 -DLWORDSIZE=4 -DNONSTANDARD_SYSTEM_SUBR  -DWRF_USE_CLM -DNO_IEEE_MODULE  -DNETCDF -DUSE_ALLOCATABLES -DGRIB1 -DINTIO -DKEEP_INT_AROUND -DLIMIT_ARGS -DCONFIG_BUF_LEN=65536 -DMAX_DOMAINS_F=21 -DMAX_HISTORY=25 -DNMM_NEST=0  -I. -traditional  -D_OPENMP wrf_ext_read_field.F  > wrf_ext_read_field.bb
/pixel/project02/tcchen/WRFV3/tools/standard.exe wrf_ext_read_field.bb | /lib/cpp -P -traditional > wrf_ext_read_field.f90
rm -f wrf_ext_read_field.b wrf_ext_read_field.bb
time gfortran -c   -O0 -w -ffree-form -ffree-line-length-none -fconvert=big-endian -frecord-marker=4  -I../dyn_em -I../dyn_nmm   -I/pixel/project02/tcchen/WRFV3/external/esmf_time_f90  -I/pixel/project02/tcchen/WRFV3/main -I/pixel/project02/tcchen/WRFV3/external/io_netcdf -I/pixel/project02/tcchen/WRFV3/external/io_int -I/pixel/project02/tcchen/WRFV3/frame -I/pixel/project02/tcchen/WRFV3/share -I/pixel/project02/tcchen/WRFV3/phys -I/pixel/project02/tcchen/WRFV3/chem -I/pixel/project02/tcchen/WRFV3/inc -I/pixel/project02/tcchen/netcdf/netcdf_gnu//include  wrf_ext_read_field.f90
Warning: Nonexistent include directory "/pixel/project02/tcchen/WRFV3/chem"
0.34user 0.03system 0:00.38elapsed 98%CPU (0avgtext+0avgdata 34916maxresident)k
0inputs+40outputs (0major+11207minor)pagefaults 0swaps
rm -f landread.o
gcc -DFSEEKO64_OK  -o landread.o -c -w -O3 -c  -DMAX_HISTORY=25 -DNMM_CORE=0 landread.c
rm -f wrf_fddaobs_in.o
/pixel/project02/tcchen/WRFV3/tools/standard.exe wrf_fddaobs_in.F > wrf_fddaobs_in.b 
/lib/cpp -P -I/pixel/project02/tcchen/WRFV3/inc -DEM_CORE=1 -DNMM_CORE=0 -DNMM_MAX_DIM=2600 -DCOAMPS_CORE=0 -DDA_CORE=0 -DEXP_CORE=0 -DIWORDSIZE=4 -DDWORDSIZE=8 -DRWORDSIZE=4 -DLWORDSIZE=4 -DNONSTANDARD_SYSTEM_SUBR  -DWRF_USE_CLM -DNO_IEEE_MODULE  -DNETCDF -DUSE_ALLOCATABLES -DGRIB1 -DINTIO -DKEEP_INT_AROUND -DLIMIT_ARGS -DCONFIG_BUF_LEN=65536 -DMAX_DOMAINS_F=21 -DMAX_HISTORY=25 -DNMM_NEST=0  -I. -traditional  -D_OPENMP wrf_fddaobs_in.b  > wrf_fddaobs_in.f90
rm -f wrf_fddaobs_in.b
if fgrep -iq '!$OMP' wrf_fddaobs_in.f90 ; then \
          if [ -n "-fopenmp" ] ; then echo COMPILING wrf_fddaobs_in.F WITH OMP ; fi ; \
  time gfortran -c  -O0 -w -ffree-form -ffree-line-length-none -fconvert=big-endian -frecord-marker=4  -I../dyn_em -I../dyn_nmm   -I/pixel/project02/tcchen/WRFV3/external/esmf_time_f90  -I/pixel/project02/tcchen/WRFV3/main -I/pixel/project02/tcchen/WRFV3/external/io_netcdf -I/pixel/project02/tcchen/WRFV3/external/io_int -I/pixel/project02/tcchen/WRFV3/frame -I/pixel/project02/tcchen/WRFV3/share -I/pixel/project02/tcchen/WRFV3/phys -I/pixel/project02/tcchen/WRFV3/chem -I/pixel/project02/tcchen/WRFV3/inc -I/pixel/project02/tcchen/netcdf/netcdf_gnu//include   -fopenmp wrf_fddaobs_in.f90 ; \
        else \
          if [ -n "-fopenmp" ] ; then echo COMPILING wrf_fddaobs_in.F WITHOUT OMP ; fi ; \
  time gfortran -c  -O0 -w -ffree-form -ffree-line-length-none -fconvert=big-endian -frecord-marker=4  -I../dyn_em -I../dyn_nmm   -I/pixel/project02/tcchen/WRFV3/external/esmf_time_f90  -I/pixel/project02/tcchen/WRFV3/main -I/pixel/project02/tcchen/WRFV3/external/io_netcdf -I/pixel/project02/tcchen/WRFV3/external/io_int -I/pixel/project02/tcchen/WRFV3/frame -I/pixel/project02/tcchen/WRFV3/share -I/pixel/project02/tcchen/WRFV3/phys -I/pixel/project02/tcchen/WRFV3/chem -I/pixel/project02/tcchen/WRFV3/inc -I/pixel/project02/tcchen/netcdf/netcdf_gnu//include   wrf_fddaobs_in.f90 ; \
        fi
COMPILING wrf_fddaobs_in.F WITH OMP
Warning: Nonexistent include directory "/pixel/project02/tcchen/WRFV3/chem"
4.35user 0.15system 0:04.52elapsed 99%CPU (0avgtext+0avgdata 170828maxresident)k
2400inputs+5088outputs (0major+64297minor)pagefaults 0swaps
rm -f setfeenv.o
gcc -o setfeenv.o -c -w -O3 -c  -DMAX_HISTORY=25 -DNMM_CORE=0 -fopenmp setfeenv.c
rm -f module_random.o
/lib/cpp -P -I/pixel/project02/tcchen/WRFV3/inc -DEM_CORE=1 -DNMM_CORE=0 -DNMM_MAX_DIM=2600 -DCOAMPS_CORE=0 -DDA_CORE=0 -DEXP_CORE=0 -DIWORDSIZE=4 -DDWORDSIZE=8 -DRWORDSIZE=4 -DLWORDSIZE=4 -DNONSTANDARD_SYSTEM_SUBR  -DWRF_USE_CLM -DNO_IEEE_MODULE  -DNETCDF -DUSE_ALLOCATABLES -DGRIB1 -DINTIO -DKEEP_INT_AROUND -DLIMIT_ARGS -DCONFIG_BUF_LEN=65536 -DMAX_DOMAINS_F=21 -DMAX_HISTORY=25 -DNMM_NEST=0  -I. -traditional  -D_OPENMP module_random.F  > module_random.bb
/pixel/project02/tcchen/WRFV3/tools/standard.exe module_random.bb | /lib/cpp -P -traditional > module_random.f90
rm -f module_random.b module_random.bb
time gfortran -o module_random.o -c -O2 -ftree-vectorize -funroll-loops -w -ffree-form -ffree-line-length-none -fconvert=big-endian -frecord-marker=4  -fopenmp -I../dyn_em -I../dyn_nmm   -I/pixel/project02/tcchen/WRFV3/external/esmf_time_f90  -I/pixel/project02/tcchen/WRFV3/main -I/pixel/project02/tcchen/WRFV3/external/io_netcdf -I/pixel/project02/tcchen/WRFV3/external/io_int -I/pixel/project02/tcchen/WRFV3/frame -I/pixel/project02/tcchen/WRFV3/share -I/pixel/project02/tcchen/WRFV3/phys -I/pixel/project02/tcchen/WRFV3/chem -I/pixel/project02/tcchen/WRFV3/inc -I/pixel/project02/tcchen/netcdf/netcdf_gnu//include    module_random.f90
Warning: Nonexistent include directory "/pixel/project02/tcchen/WRFV3/chem"
0.11user 0.01system 0:00.13elapsed 96%CPU (0avgtext+0avgdata 15668maxresident)k
0inputs+120outputs (0major+6338minor)pagefaults 0swaps
rm -f module_interp_nmm.o
/lib/cpp -P -I/pixel/project02/tcchen/WRFV3/inc -DEM_CORE=1 -DNMM_CORE=0 -DNMM_MAX_DIM=2600 -DCOAMPS_CORE=0 -DDA_CORE=0 -DEXP_CORE=0 -DIWORDSIZE=4 -DDWORDSIZE=8 -DRWORDSIZE=4 -DLWORDSIZE=4 -DNONSTANDARD_SYSTEM_SUBR  -DWRF_USE_CLM -DNO_IEEE_MODULE  -DNETCDF -DUSE_ALLOCATABLES -DGRIB1 -DINTIO -DKEEP_INT_AROUND -DLIMIT_ARGS -DCONFIG_BUF_LEN=65536 -DMAX_DOMAINS_F=21 -DMAX_HISTORY=25 -DNMM_NEST=0  -I. -traditional  -D_OPENMP module_interp_nmm.F  > module_interp_nmm.bb
/pixel/project02/tcchen/WRFV3/tools/standard.exe module_interp_nmm.bb | /lib/cpp -P -traditional > module_interp_nmm.f90
rm -f module_interp_nmm.b module_interp_nmm.bb
time gfortran -o module_interp_nmm.o -c -O2 -ftree-vectorize -funroll-loops -w -ffree-form -ffree-line-length-none -fconvert=big-endian -frecord-marker=4  -fopenmp -I../dyn_em -I../dyn_nmm   -I/pixel/project02/tcchen/WRFV3/external/esmf_time_f90  -I/pixel/project02/tcchen/WRFV3/main -I/pixel/project02/tcchen/WRFV3/external/io_netcdf -I/pixel/project02/tcchen/WRFV3/external/io_int -I/pixel/project02/tcchen/WRFV3/frame -I/pixel/project02/tcchen/WRFV3/share -I/pixel/project02/tcchen/WRFV3/phys -I/pixel/project02/tcchen/WRFV3/chem -I/pixel/project02/tcchen/WRFV3/inc -I/pixel/project02/tcchen/netcdf/netcdf_gnu//include    module_interp_nmm.f90
Warning: Nonexistent include directory "/pixel/project02/tcchen/WRFV3/chem"

real	0m0.511s
user	0m0.461s
sys	0m0.045s
rm -f module_io_wrf.o
/pixel/project02/tcchen/WRFV3/tools/standard.exe module_io_wrf.F > module_io_wrf.b 
/lib/cpp -P -I/pixel/project02/tcchen/WRFV3/inc -DEM_CORE=1 -DNMM_CORE=0 -DNMM_MAX_DIM=2600 -DCOAMPS_CORE=0 -DDA_CORE=0 -DEXP_CORE=0 -DIWORDSIZE=4 -DDWORDSIZE=8 -DRWORDSIZE=4 -DLWORDSIZE=4 -DNONSTANDARD_SYSTEM_SUBR  -DWRF_USE_CLM -DNO_IEEE_MODULE  -DNETCDF -DUSE_ALLOCATABLES -DGRIB1 -DINTIO -DKEEP_INT_AROUND -DLIMIT_ARGS -DCONFIG_BUF_LEN=65536 -DMAX_DOMAINS_F=21 -DMAX_HISTORY=25 -DNMM_NEST=0  -I. -traditional  -D_OPENMP module_io_wrf.b  > module_io_wrf.f90
rm -f module_io_wrf.b
if fgrep -iq '!$OMP' module_io_wrf.f90 ; then \
          if [ -n "-fopenmp" ] ; then echo COMPILING module_io_wrf.F WITH OMP ; fi ; \
  time gfortran -c  -O0 -w -ffree-form -ffree-line-length-none -fconvert=big-endian -frecord-marker=4  -I../dyn_em -I../dyn_nmm   -I/pixel/project02/tcchen/WRFV3/external/esmf_time_f90  -I/pixel/project02/tcchen/WRFV3/main -I/pixel/project02/tcchen/WRFV3/external/io_netcdf -I/pixel/project02/tcchen/WRFV3/external/io_int -I/pixel/project02/tcchen/WRFV3/frame -I/pixel/project02/tcchen/WRFV3/share -I/pixel/project02/tcchen/WRFV3/phys -I/pixel/project02/tcchen/WRFV3/chem -I/pixel/project02/tcchen/WRFV3/inc -I/pixel/project02/tcchen/netcdf/netcdf_gnu//include   -fopenmp module_io_wrf.f90 ; \
        else \
          if [ -n "-fopenmp" ] ; then echo COMPILING module_io_wrf.F WITHOUT OMP ; fi ; \
  time gfortran -c  -O0 -w -ffree-form -ffree-line-length-none -fconvert=big-endian -frecord-marker=4  -I../dyn_em -I../dyn_nmm   -I/pixel/project02/tcchen/WRFV3/external/esmf_time_f90  -I/pixel/project02/tcchen/WRFV3/main -I/pixel/project02/tcchen/WRFV3/external/io_netcdf -I/pixel/project02/tcchen/WRFV3/external/io_int -I/pixel/project02/tcchen/WRFV3/frame -I/pixel/project02/tcchen/WRFV3/share -I/pixel/project02/tcchen/WRFV3/phys -I/pixel/project02/tcchen/WRFV3/chem -I/pixel/project02/tcchen/WRFV3/inc -I/pixel/project02/tcchen/netcdf/netcdf_gnu//include   module_io_wrf.f90 ; \
        fi
COMPILING module_io_wrf.F WITHOUT OMP
Warning: Nonexistent include directory "/pixel/project02/tcchen/WRFV3/chem"

real	0m0.172s
user	0m0.143s
sys	0m0.021s
rm -f module_soil_pre.o
/lib/cpp -P -I/pixel/project02/tcchen/WRFV3/inc -DEM_CORE=1 -DNMM_CORE=0 -DNMM_MAX_DIM=2600 -DCOAMPS_CORE=0 -DDA_CORE=0 -DEXP_CORE=0 -DIWORDSIZE=4 -DDWORDSIZE=8 -DRWORDSIZE=4 -DLWORDSIZE=4 -DNONSTANDARD_SYSTEM_SUBR  -DWRF_USE_CLM -DNO_IEEE_MODULE  -DNETCDF -DUSE_ALLOCATABLES -DGRIB1 -DINTIO -DKEEP_INT_AROUND -DLIMIT_ARGS -DCONFIG_BUF_LEN=65536 -DMAX_DOMAINS_F=21 -DMAX_HISTORY=25 -DNMM_NEST=0  -I. -traditional  -D_OPENMP module_soil_pre.F  > module_soil_pre.bb
/pixel/project02/tcchen/WRFV3/tools/standard.exe module_soil_pre.bb | /lib/cpp -P -traditional > module_soil_pre.f90
rm -f module_soil_pre.b module_soil_pre.bb
time gfortran -o module_soil_pre.o -c -O2 -ftree-vectorize -funroll-loops -w -ffree-form -ffree-line-length-none -fconvert=big-endian -frecord-marker=4  -fopenmp -I../dyn_em -I../dyn_nmm   -I/pixel/project02/tcchen/WRFV3/external/esmf_time_f90  -I/pixel/project02/tcchen/WRFV3/main -I/pixel/project02/tcchen/WRFV3/external/io_netcdf -I/pixel/project02/tcchen/WRFV3/external/io_int -I/pixel/project02/tcchen/WRFV3/frame -I/pixel/project02/tcchen/WRFV3/share -I/pixel/project02/tcchen/WRFV3/phys -I/pixel/project02/tcchen/WRFV3/chem -I/pixel/project02/tcchen/WRFV3/inc -I/pixel/project02/tcchen/netcdf/netcdf_gnu//include    module_soil_pre.f90
Warning: Nonexistent include directory "/pixel/project02/tcchen/WRFV3/chem"
2.15user 0.05system 0:02.21elapsed 99%CPU (0avgtext+0avgdata 104104maxresident)k
64inputs+1984outputs (0major+32141minor)pagefaults 0swaps
rm -f wrf_timeseries.o
/lib/cpp -P -I/pixel/project02/tcchen/WRFV3/inc -DEM_CORE=1 -DNMM_CORE=0 -DNMM_MAX_DIM=2600 -DCOAMPS_CORE=0 -DDA_CORE=0 -DEXP_CORE=0 -DIWORDSIZE=4 -DDWORDSIZE=8 -DRWORDSIZE=4 -DLWORDSIZE=4 -DNONSTANDARD_SYSTEM_SUBR  -DWRF_USE_CLM -DNO_IEEE_MODULE  -DNETCDF -DUSE_ALLOCATABLES -DGRIB1 -DINTIO -DKEEP_INT_AROUND -DLIMIT_ARGS -DCONFIG_BUF_LEN=65536 -DMAX_DOMAINS_F=21 -DMAX_HISTORY=25 -DNMM_NEST=0  -I. -traditional  -D_OPENMP wrf_timeseries.F  > wrf_timeseries.bb
/pixel/project02/tcchen/WRFV3/tools/standard.exe wrf_timeseries.bb | /lib/cpp -P -traditional > wrf_timeseries.f90
rm -f wrf_timeseries.b wrf_timeseries.bb
time gfortran -o wrf_timeseries.o -c -O2 -ftree-vectorize -funroll-loops -w -ffree-form -ffree-line-length-none -fconvert=big-endian -frecord-marker=4  -fopenmp -I../dyn_em -I../dyn_nmm   -I/pixel/project02/tcchen/WRFV3/external/esmf_time_f90  -I/pixel/project02/tcchen/WRFV3/main -I/pixel/project02/tcchen/WRFV3/external/io_netcdf -I/pixel/project02/tcchen/WRFV3/external/io_int -I/pixel/project02/tcchen/WRFV3/frame -I/pixel/project02/tcchen/WRFV3/share -I/pixel/project02/tcchen/WRFV3/phys -I/pixel/project02/tcchen/WRFV3/chem -I/pixel/project02/tcchen/WRFV3/inc -I/pixel/project02/tcchen/netcdf/netcdf_gnu//include    wrf_timeseries.f90
Warning: Nonexistent include directory "/pixel/project02/tcchen/WRFV3/chem"
0.60user 0.04system 0:00.66elapsed 99%CPU (0avgtext+0avgdata 49844maxresident)k
48inputs+288outputs (0major+14964minor)pagefaults 0swaps
rm -f track_driver.o
/pixel/project02/tcchen/WRFV3/tools/standard.exe track_driver.F > track_driver.b 
/lib/cpp -P -I/pixel/project02/tcchen/WRFV3/inc -DEM_CORE=1 -DNMM_CORE=0 -DNMM_MAX_DIM=2600 -DCOAMPS_CORE=0 -DDA_CORE=0 -DEXP_CORE=0 -DIWORDSIZE=4 -DDWORDSIZE=8 -DRWORDSIZE=4 -DLWORDSIZE=4 -DNONSTANDARD_SYSTEM_SUBR  -DWRF_USE_CLM -DNO_IEEE_MODULE  -DNETCDF -DUSE_ALLOCATABLES -DGRIB1 -DINTIO -DKEEP_INT_AROUND -DLIMIT_ARGS -DCONFIG_BUF_LEN=65536 -DMAX_DOMAINS_F=21 -DMAX_HISTORY=25 -DNMM_NEST=0  -I. -traditional  -D_OPENMP track_driver.b  > track_driver.f90
rm -f track_driver.b
if fgrep -iq '!$OMP' track_driver.f90 ; then \
          if [ -n "-fopenmp" ] ; then echo COMPILING track_driver.F WITH OMP ; fi ; \
  time gfortran -c  -O0 -w -ffree-form -ffree-line-length-none -fconvert=big-endian -frecord-marker=4  -I../dyn_em -I../dyn_nmm   -I/pixel/project02/tcchen/WRFV3/external/esmf_time_f90  -I/pixel/project02/tcchen/WRFV3/main -I/pixel/project02/tcchen/WRFV3/external/io_netcdf -I/pixel/project02/tcchen/WRFV3/external/io_int -I/pixel/project02/tcchen/WRFV3/frame -I/pixel/project02/tcchen/WRFV3/share -I/pixel/project02/tcchen/WRFV3/phys -I/pixel/project02/tcchen/WRFV3/chem -I/pixel/project02/tcchen/WRFV3/inc -I/pixel/project02/tcchen/netcdf/netcdf_gnu//include   -fopenmp track_driver.f90 ; \
        else \
          if [ -n "-fopenmp" ] ; then echo COMPILING track_driver.F WITHOUT OMP ; fi ; \
  time gfortran -c  -O0 -w -ffree-form -ffree-line-length-none -fconvert=big-endian -frecord-marker=4  -I../dyn_em -I../dyn_nmm   -I/pixel/project02/tcchen/WRFV3/external/esmf_time_f90  -I/pixel/project02/tcchen/WRFV3/main -I/pixel/project02/tcchen/WRFV3/external/io_netcdf -I/pixel/project02/tcchen/WRFV3/external/io_int -I/pixel/project02/tcchen/WRFV3/frame -I/pixel/project02/tcchen/WRFV3/share -I/pixel/project02/tcchen/WRFV3/phys -I/pixel/project02/tcchen/WRFV3/chem -I/pixel/project02/tcchen/WRFV3/inc -I/pixel/project02/tcchen/netcdf/netcdf_gnu//include   track_driver.f90 ; \
        fi
COMPILING track_driver.F WITHOUT OMP
Warning: Nonexistent include directory "/pixel/project02/tcchen/WRFV3/chem"
2.87user 0.11system 0:02.99elapsed 99%CPU (0avgtext+0avgdata 101496maxresident)k
64inputs+4408outputs (0major+37747minor)pagefaults 0swaps
rm -f init_modules.o
/lib/cpp -P -I/pixel/project02/tcchen/WRFV3/inc -DEM_CORE=1 -DNMM_CORE=0 -DNMM_MAX_DIM=2600 -DCOAMPS_CORE=0 -DDA_CORE=0 -DEXP_CORE=0 -DIWORDSIZE=4 -DDWORDSIZE=8 -DRWORDSIZE=4 -DLWORDSIZE=4 -DNONSTANDARD_SYSTEM_SUBR  -DWRF_USE_CLM -DNO_IEEE_MODULE  -DNETCDF -DUSE_ALLOCATABLES -DGRIB1 -DINTIO -DKEEP_INT_AROUND -DLIMIT_ARGS -DCONFIG_BUF_LEN=65536 -DMAX_DOMAINS_F=21 -DMAX_HISTORY=25 -DNMM_NEST=0  -I. -traditional  -D_OPENMP init_modules.F  > init_modules.bb
/pixel/project02/tcchen/WRFV3/tools/standard.exe init_modules.bb | /lib/cpp -P -traditional > init_modules.f90
rm -f init_modules.b init_modules.bb
time gfortran -o init_modules.o -c -O2 -ftree-vectorize -funroll-loops -w -ffree-form -ffree-line-length-none -fconvert=big-endian -frecord-marker=4  -fopenmp -I../dyn_em -I../dyn_nmm   -I/pixel/project02/tcchen/WRFV3/external/esmf_time_f90  -I/pixel/project02/tcchen/WRFV3/main -I/pixel/project02/tcchen/WRFV3/external/io_netcdf -I/pixel/project02/tcchen/WRFV3/external/io_int -I/pixel/project02/tcchen/WRFV3/frame -I/pixel/project02/tcchen/WRFV3/share -I/pixel/project02/tcchen/WRFV3/phys -I/pixel/project02/tcchen/WRFV3/chem -I/pixel/project02/tcchen/WRFV3/inc -I/pixel/project02/tcchen/netcdf/netcdf_gnu//include    init_modules.f90
Warning: Nonexistent include directory "/pixel/project02/tcchen/WRFV3/chem"

real	0m0.748s
user	0m0.688s
sys	0m0.052s
rm -f interp_fcn.o
/lib/cpp -P -I/pixel/project02/tcchen/WRFV3/inc -DEM_CORE=1 -DNMM_CORE=0 -DNMM_MAX_DIM=2600 -DCOAMPS_CORE=0 -DDA_CORE=0 -DEXP_CORE=0 -DIWORDSIZE=4 -DDWORDSIZE=8 -DRWORDSIZE=4 -DLWORDSIZE=4 -DNONSTANDARD_SYSTEM_SUBR  -DWRF_USE_CLM -DNO_IEEE_MODULE  -DNETCDF -DUSE_ALLOCATABLES -DGRIB1 -DINTIO -DKEEP_INT_AROUND -DLIMIT_ARGS -DCONFIG_BUF_LEN=65536 -DMAX_DOMAINS_F=21 -DMAX_HISTORY=25 -DNMM_NEST=0  -I. -traditional  -D_OPENMP interp_fcn.F  > interp_fcn.bb
/pixel/project02/tcchen/WRFV3/tools/standard.exe interp_fcn.bb | /lib/cpp -P -traditional > interp_fcn.f90
0.25user 0.02system 0:00.28elapsed 96%CPU (0avgtext+0avgdata 10760maxresident)k
9560inputs+16outputs (0major+5063minor)pagefaults 0swaps
rm -f module_io_domain.o
/lib/cpp -P -I/pixel/project02/tcchen/WRFV3/inc -DEM_CORE=1 -DNMM_CORE=0 -DNMM_MAX_DIM=2600 -DCOAMPS_CORE=0 -DDA_CORE=0 -DEXP_CORE=0 -DIWORDSIZE=4 -DDWORDSIZE=8 -DRWORDSIZE=4 -DLWORDSIZE=4 -DNONSTANDARD_SYSTEM_SUBR  -DWRF_USE_CLM -DNO_IEEE_MODULE  -DNETCDF -DUSE_ALLOCATABLES -DGRIB1 -DINTIO -DKEEP_INT_AROUND -DLIMIT_ARGS -DCONFIG_BUF_LEN=65536 -DMAX_DOMAINS_F=21 -DMAX_HISTORY=25 -DNMM_NEST=0  -I. -traditional  -D_OPENMP module_io_domain.F  > module_io_domain.bb
rm -f interp_fcn.b interp_fcn.bb
/pixel/project02/tcchen/WRFV3/tools/standard.exe module_io_domain.bb | /lib/cpp -P -traditional > module_io_domain.f90
time gfortran -o interp_fcn.o -c -O2 -ftree-vectorize -funroll-loops -w -ffree-form -ffree-line-length-none -fconvert=big-endian -frecord-marker=4  -fopenmp -I../dyn_em -I../dyn_nmm   -I/pixel/project02/tcchen/WRFV3/external/esmf_time_f90  -I/pixel/project02/tcchen/WRFV3/main -I/pixel/project02/tcchen/WRFV3/external/io_netcdf -I/pixel/project02/tcchen/WRFV3/external/io_int -I/pixel/project02/tcchen/WRFV3/frame -I/pixel/project02/tcchen/WRFV3/share -I/pixel/project02/tcchen/WRFV3/phys -I/pixel/project02/tcchen/WRFV3/chem -I/pixel/project02/tcchen/WRFV3/inc -I/pixel/project02/tcchen/netcdf/netcdf_gnu//include    interp_fcn.f90
rm -f module_io_domain.b module_io_domain.bb
Warning: Nonexistent include directory "/pixel/project02/tcchen/WRFV3/chem"
time gfortran -o module_io_domain.o -c -O2 -ftree-vectorize -funroll-loops -w -ffree-form -ffree-line-length-none -fconvert=big-endian -frecord-marker=4  -fopenmp -I../dyn_em -I../dyn_nmm   -I/pixel/project02/tcchen/WRFV3/external/esmf_time_f90  -I/pixel/project02/tcchen/WRFV3/main -I/pixel/project02/tcchen/WRFV3/external/io_netcdf -I/pixel/project02/tcchen/WRFV3/external/io_int -I/pixel/project02/tcchen/WRFV3/frame -I/pixel/project02/tcchen/WRFV3/share -I/pixel/project02/tcchen/WRFV3/phys -I/pixel/project02/tcchen/WRFV3/chem -I/pixel/project02/tcchen/WRFV3/inc -I/pixel/project02/tcchen/netcdf/netcdf_gnu//include    module_io_domain.f90
Warning: Nonexistent include directory "/pixel/project02/tcchen/WRFV3/chem"
1.14user 0.07system 0:01.24elapsed 98%CPU (0avgtext+0avgdata 40248maxresident)k
48inputs+8192outputs (0major+13012minor)pagefaults 0swaps
rm -f input_wrf.o
/lib/cpp -P -I/pixel/project02/tcchen/WRFV3/inc -DEM_CORE=1 -DNMM_CORE=0 -DNMM_MAX_DIM=2600 -DCOAMPS_CORE=0 -DDA_CORE=0 -DEXP_CORE=0 -DIWORDSIZE=4 -DDWORDSIZE=8 -DRWORDSIZE=4 -DLWORDSIZE=4 -DNONSTANDARD_SYSTEM_SUBR  -DWRF_USE_CLM -DNO_IEEE_MODULE  -DNETCDF -DUSE_ALLOCATABLES -DGRIB1 -DINTIO -DKEEP_INT_AROUND -DLIMIT_ARGS -DCONFIG_BUF_LEN=65536 -DMAX_DOMAINS_F=21 -DMAX_HISTORY=25 -DNMM_NEST=0  -I. -traditional  -D_OPENMP input_wrf.F  > input_wrf.bb
/pixel/project02/tcchen/WRFV3/tools/standard.exe input_wrf.bb | /lib/cpp -P -traditional > input_wrf.f90
rm -f input_wrf.b input_wrf.bb
time gfortran -c   -O0 -w -ffree-form -ffree-line-length-none -fconvert=big-endian -frecord-marker=4  -I../dyn_em -I../dyn_nmm   -I/pixel/project02/tcchen/WRFV3/external/esmf_time_f90  -I/pixel/project02/tcchen/WRFV3/main -I/pixel/project02/tcchen/WRFV3/external/io_netcdf -I/pixel/project02/tcchen/WRFV3/external/io_int -I/pixel/project02/tcchen/WRFV3/frame -I/pixel/project02/tcchen/WRFV3/share -I/pixel/project02/tcchen/WRFV3/phys -I/pixel/project02/tcchen/WRFV3/chem -I/pixel/project02/tcchen/WRFV3/inc -I/pixel/project02/tcchen/netcdf/netcdf_gnu//include  input_wrf.f90
Warning: Nonexistent include directory "/pixel/project02/tcchen/WRFV3/chem"
0.61user 0.05system 0:00.67elapsed 99%CPU (0avgtext+0avgdata 39760maxresident)k
72inputs+808outputs (0major+13966minor)pagefaults 0swaps
rm -f output_wrf.o
/pixel/project02/tcchen/WRFV3/tools/standard.exe output_wrf.F > output_wrf.b 
/lib/cpp -P -I/pixel/project02/tcchen/WRFV3/inc -DEM_CORE=1 -DNMM_CORE=0 -DNMM_MAX_DIM=2600 -DCOAMPS_CORE=0 -DDA_CORE=0 -DEXP_CORE=0 -DIWORDSIZE=4 -DDWORDSIZE=8 -DRWORDSIZE=4 -DLWORDSIZE=4 -DNONSTANDARD_SYSTEM_SUBR  -DWRF_USE_CLM -DNO_IEEE_MODULE  -DNETCDF -DUSE_ALLOCATABLES -DGRIB1 -DINTIO -DKEEP_INT_AROUND -DLIMIT_ARGS -DCONFIG_BUF_LEN=65536 -DMAX_DOMAINS_F=21 -DMAX_HISTORY=25 -DNMM_NEST=0  -I. -traditional  -D_OPENMP output_wrf.b  > output_wrf.f90
rm -f output_wrf.b
if fgrep -iq '!$OMP' output_wrf.f90 ; then \
          if [ -n "-fopenmp" ] ; then echo COMPILING output_wrf.F WITH OMP ; fi ; \
  time gfortran -c  -O0 -w -ffree-form -ffree-line-length-none -fconvert=big-endian -frecord-marker=4  -I../dyn_em -I../dyn_nmm   -I/pixel/project02/tcchen/WRFV3/external/esmf_time_f90  -I/pixel/project02/tcchen/WRFV3/main -I/pixel/project02/tcchen/WRFV3/external/io_netcdf -I/pixel/project02/tcchen/WRFV3/external/io_int -I/pixel/project02/tcchen/WRFV3/frame -I/pixel/project02/tcchen/WRFV3/share -I/pixel/project02/tcchen/WRFV3/phys -I/pixel/project02/tcchen/WRFV3/chem -I/pixel/project02/tcchen/WRFV3/inc -I/pixel/project02/tcchen/netcdf/netcdf_gnu//include   -fopenmp output_wrf.f90 ; \
        else \
          if [ -n "-fopenmp" ] ; then echo COMPILING output_wrf.F WITHOUT OMP ; fi ; \
  time gfortran -c  -O0 -w -ffree-form -ffree-line-length-none -fconvert=big-endian -frecord-marker=4  -I../dyn_em -I../dyn_nmm   -I/pixel/project02/tcchen/WRFV3/external/esmf_time_f90  -I/pixel/project02/tcchen/WRFV3/main -I/pixel/project02/tcchen/WRFV3/external/io_netcdf -I/pixel/project02/tcchen/WRFV3/external/io_int -I/pixel/project02/tcchen/WRFV3/frame -I/pixel/project02/tcchen/WRFV3/share -I/pixel/project02/tcchen/WRFV3/phys -I/pixel/project02/tcchen/WRFV3/chem -I/pixel/project02/tcchen/WRFV3/inc -I/pixel/project02/tcchen/netcdf/netcdf_gnu//include   output_wrf.f90 ; \
        fi
COMPILING output_wrf.F WITHOUT OMP
Warning: Nonexistent include directory "/pixel/project02/tcchen/WRFV3/chem"

real	0m0.833s
user	0m0.763s
sys	0m0.065s
rm -f wrf_bdyout.o
/lib/cpp -P -I/pixel/project02/tcchen/WRFV3/inc -DEM_CORE=1 -DNMM_CORE=0 -DNMM_MAX_DIM=2600 -DCOAMPS_CORE=0 -DDA_CORE=0 -DEXP_CORE=0 -DIWORDSIZE=4 -DDWORDSIZE=8 -DRWORDSIZE=4 -DLWORDSIZE=4 -DNONSTANDARD_SYSTEM_SUBR  -DWRF_USE_CLM -DNO_IEEE_MODULE  -DNETCDF -DUSE_ALLOCATABLES -DGRIB1 -DINTIO -DKEEP_INT_AROUND -DLIMIT_ARGS -DCONFIG_BUF_LEN=65536 -DMAX_DOMAINS_F=21 -DMAX_HISTORY=25 -DNMM_NEST=0  -I. -traditional  -D_OPENMP wrf_bdyout.F  > wrf_bdyout.bb
/pixel/project02/tcchen/WRFV3/tools/standard.exe wrf_bdyout.bb | /lib/cpp -P -traditional > wrf_bdyout.f90
rm -f wrf_bdyout.b wrf_bdyout.bb
time gfortran -c   -O0 -w -ffree-form -ffree-line-length-none -fconvert=big-endian -frecord-marker=4  -I../dyn_em -I../dyn_nmm   -I/pixel/project02/tcchen/WRFV3/external/esmf_time_f90  -I/pixel/project02/tcchen/WRFV3/main -I/pixel/project02/tcchen/WRFV3/external/io_netcdf -I/pixel/project02/tcchen/WRFV3/external/io_int -I/pixel/project02/tcchen/WRFV3/frame -I/pixel/project02/tcchen/WRFV3/share -I/pixel/project02/tcchen/WRFV3/phys -I/pixel/project02/tcchen/WRFV3/chem -I/pixel/project02/tcchen/WRFV3/inc -I/pixel/project02/tcchen/netcdf/netcdf_gnu//include  wrf_bdyout.f90
Warning: Nonexistent include directory "/pixel/project02/tcchen/WRFV3/chem"
2.92user 0.13system 0:03.06elapsed 99%CPU (0avgtext+0avgdata 131892maxresident)k
72inputs+1624outputs (0major+43344minor)pagefaults 0swaps
rm -f wrf_bdyin.o
/lib/cpp -P -I/pixel/project02/tcchen/WRFV3/inc -DEM_CORE=1 -DNMM_CORE=0 -DNMM_MAX_DIM=2600 -DCOAMPS_CORE=0 -DDA_CORE=0 -DEXP_CORE=0 -DIWORDSIZE=4 -DDWORDSIZE=8 -DRWORDSIZE=4 -DLWORDSIZE=4 -DNONSTANDARD_SYSTEM_SUBR  -DWRF_USE_CLM -DNO_IEEE_MODULE  -DNETCDF -DUSE_ALLOCATABLES -DGRIB1 -DINTIO -DKEEP_INT_AROUND -DLIMIT_ARGS -DCONFIG_BUF_LEN=65536 -DMAX_DOMAINS_F=21 -DMAX_HISTORY=25 -DNMM_NEST=0  -I. -traditional  -D_OPENMP wrf_bdyin.F  > wrf_bdyin.bb
/pixel/project02/tcchen/WRFV3/tools/standard.exe wrf_bdyin.bb | /lib/cpp -P -traditional > wrf_bdyin.f90
rm -f wrf_bdyin.b wrf_bdyin.bb
time gfortran -c   -O0 -w -ffree-form -ffree-line-length-none -fconvert=big-endian -frecord-marker=4  -I../dyn_em -I../dyn_nmm   -I/pixel/project02/tcchen/WRFV3/external/esmf_time_f90  -I/pixel/project02/tcchen/WRFV3/main -I/pixel/project02/tcchen/WRFV3/external/io_netcdf -I/pixel/project02/tcchen/WRFV3/external/io_int -I/pixel/project02/tcchen/WRFV3/frame -I/pixel/project02/tcchen/WRFV3/share -I/pixel/project02/tcchen/WRFV3/phys -I/pixel/project02/tcchen/WRFV3/chem -I/pixel/project02/tcchen/WRFV3/inc -I/pixel/project02/tcchen/netcdf/netcdf_gnu//include  wrf_bdyin.f90
Warning: Nonexistent include directory "/pixel/project02/tcchen/WRFV3/chem"
0.57user 0.04system 0:00.63elapsed 99%CPU (0avgtext+0avgdata 48232maxresident)k
64inputs+1088outputs (0major+15776minor)pagefaults 0swaps
rm -f dfi.o
/lib/cpp -P -I/pixel/project02/tcchen/WRFV3/inc -DEM_CORE=1 -DNMM_CORE=0 -DNMM_MAX_DIM=2600 -DCOAMPS_CORE=0 -DDA_CORE=0 -DEXP_CORE=0 -DIWORDSIZE=4 -DDWORDSIZE=8 -DRWORDSIZE=4 -DLWORDSIZE=4 -DNONSTANDARD_SYSTEM_SUBR  -DWRF_USE_CLM -DNO_IEEE_MODULE  -DNETCDF -DUSE_ALLOCATABLES -DGRIB1 -DINTIO -DKEEP_INT_AROUND -DLIMIT_ARGS -DCONFIG_BUF_LEN=65536 -DMAX_DOMAINS_F=21 -DMAX_HISTORY=25 -DNMM_NEST=0  -I. -traditional  -D_OPENMP dfi.F  > dfi.bb
/pixel/project02/tcchen/WRFV3/tools/standard.exe dfi.bb | /lib/cpp -P -traditional > dfi.f90
rm -f dfi.b dfi.bb
time gfortran -o dfi.o -c -O2 -ftree-vectorize -funroll-loops -w -ffree-form -ffree-line-length-none -fconvert=big-endian -frecord-marker=4  -fopenmp -I../dyn_em -I../dyn_nmm   -I/pixel/project02/tcchen/WRFV3/external/esmf_time_f90  -I/pixel/project02/tcchen/WRFV3/main -I/pixel/project02/tcchen/WRFV3/external/io_netcdf -I/pixel/project02/tcchen/WRFV3/external/io_int -I/pixel/project02/tcchen/WRFV3/frame -I/pixel/project02/tcchen/WRFV3/share -I/pixel/project02/tcchen/WRFV3/phys -I/pixel/project02/tcchen/WRFV3/chem -I/pixel/project02/tcchen/WRFV3/inc -I/pixel/project02/tcchen/netcdf/netcdf_gnu//include    dfi.f90
Warning: Nonexistent include directory "/pixel/project02/tcchen/WRFV3/chem"
0.48user 0.04system 0:00.54elapsed 98%CPU (0avgtext+0avgdata 45208maxresident)k
64inputs+952outputs (0major+14814minor)pagefaults 0swaps
rm -f mediation_integrate.o
/pixel/project02/tcchen/WRFV3/tools/standard.exe mediation_integrate.F > mediation_integrate.b 
/lib/cpp -P -I/pixel/project02/tcchen/WRFV3/inc -DEM_CORE=1 -DNMM_CORE=0 -DNMM_MAX_DIM=2600 -DCOAMPS_CORE=0 -DDA_CORE=0 -DEXP_CORE=0 -DIWORDSIZE=4 -DDWORDSIZE=8 -DRWORDSIZE=4 -DLWORDSIZE=4 -DNONSTANDARD_SYSTEM_SUBR  -DWRF_USE_CLM -DNO_IEEE_MODULE  -DNETCDF -DUSE_ALLOCATABLES -DGRIB1 -DINTIO -DKEEP_INT_AROUND -DLIMIT_ARGS -DCONFIG_BUF_LEN=65536 -DMAX_DOMAINS_F=21 -DMAX_HISTORY=25 -DNMM_NEST=0  -I. -traditional  -D_OPENMP mediation_integrate.b  > mediation_integrate.f90
rm -f mediation_integrate.b
if fgrep -iq '!$OMP' mediation_integrate.f90 ; then \
          if [ -n "-fopenmp" ] ; then echo COMPILING mediation_integrate.F WITH OMP ; fi ; \
  time gfortran -c  -O0 -w -ffree-form -ffree-line-length-none -fconvert=big-endian -frecord-marker=4  -I../dyn_em -I../dyn_nmm   -I/pixel/project02/tcchen/WRFV3/external/esmf_time_f90  -I/pixel/project02/tcchen/WRFV3/main -I/pixel/project02/tcchen/WRFV3/external/io_netcdf -I/pixel/project02/tcchen/WRFV3/external/io_int -I/pixel/project02/tcchen/WRFV3/frame -I/pixel/project02/tcchen/WRFV3/share -I/pixel/project02/tcchen/WRFV3/phys -I/pixel/project02/tcchen/WRFV3/chem -I/pixel/project02/tcchen/WRFV3/inc -I/pixel/project02/tcchen/netcdf/netcdf_gnu//include   -fopenmp mediation_integrate.f90 ; \
        else \
          if [ -n "-fopenmp" ] ; then echo COMPILING mediation_integrate.F WITHOUT OMP ; fi ; \
  time gfortran -c  -O0 -w -ffree-form -ffree-line-length-none -fconvert=big-endian -frecord-marker=4  -I../dyn_em -I../dyn_nmm   -I/pixel/project02/tcchen/WRFV3/external/esmf_time_f90  -I/pixel/project02/tcchen/WRFV3/main -I/pixel/project02/tcchen/WRFV3/external/io_netcdf -I/pixel/project02/tcchen/WRFV3/external/io_int -I/pixel/project02/tcchen/WRFV3/frame -I/pixel/project02/tcchen/WRFV3/share -I/pixel/project02/tcchen/WRFV3/phys -I/pixel/project02/tcchen/WRFV3/chem -I/pixel/project02/tcchen/WRFV3/inc -I/pixel/project02/tcchen/netcdf/netcdf_gnu//include   mediation_integrate.f90 ; \
        fi
COMPILING mediation_integrate.F WITHOUT OMP
Warning: Nonexistent include directory "/pixel/project02/tcchen/WRFV3/chem"

real	0m3.318s
user	0m3.052s
sys	0m0.239s
rm -f mediation_wrfmain.o
/lib/cpp -P -I/pixel/project02/tcchen/WRFV3/inc -DEM_CORE=1 -DNMM_CORE=0 -DNMM_MAX_DIM=2600 -DCOAMPS_CORE=0 -DDA_CORE=0 -DEXP_CORE=0 -DIWORDSIZE=4 -DDWORDSIZE=8 -DRWORDSIZE=4 -DLWORDSIZE=4 -DNONSTANDARD_SYSTEM_SUBR  -DWRF_USE_CLM -DNO_IEEE_MODULE  -DNETCDF -DUSE_ALLOCATABLES -DGRIB1 -DINTIO -DKEEP_INT_AROUND -DLIMIT_ARGS -DCONFIG_BUF_LEN=65536 -DMAX_DOMAINS_F=21 -DMAX_HISTORY=25 -DNMM_NEST=0  -I. -traditional  -D_OPENMP mediation_wrfmain.F  > mediation_wrfmain.bb
/pixel/project02/tcchen/WRFV3/tools/standard.exe mediation_wrfmain.bb | /lib/cpp -P -traditional > mediation_wrfmain.f90
rm -f mediation_wrfmain.b mediation_wrfmain.bb
time gfortran -o mediation_wrfmain.o -c -O2 -ftree-vectorize -funroll-loops -w -ffree-form -ffree-line-length-none -fconvert=big-endian -frecord-marker=4  -fopenmp -I../dyn_em -I../dyn_nmm   -I/pixel/project02/tcchen/WRFV3/external/esmf_time_f90  -I/pixel/project02/tcchen/WRFV3/main -I/pixel/project02/tcchen/WRFV3/external/io_netcdf -I/pixel/project02/tcchen/WRFV3/external/io_int -I/pixel/project02/tcchen/WRFV3/frame -I/pixel/project02/tcchen/WRFV3/share -I/pixel/project02/tcchen/WRFV3/phys -I/pixel/project02/tcchen/WRFV3/chem -I/pixel/project02/tcchen/WRFV3/inc -I/pixel/project02/tcchen/netcdf/netcdf_gnu//include    mediation_wrfmain.f90
Warning: Nonexistent include directory "/pixel/project02/tcchen/WRFV3/chem"
4.87user 0.27system 0:05.17elapsed 99%CPU (0avgtext+0avgdata 194548maxresident)k
64inputs+1880outputs (0major+92087minor)pagefaults 0swaps
rm -f start_domain.o
/pixel/project02/tcchen/WRFV3/tools/standard.exe start_domain.F > start_domain.b 
/lib/cpp -P -I/pixel/project02/tcchen/WRFV3/inc -DEM_CORE=1 -DNMM_CORE=0 -DNMM_MAX_DIM=2600 -DCOAMPS_CORE=0 -DDA_CORE=0 -DEXP_CORE=0 -DIWORDSIZE=4 -DDWORDSIZE=8 -DRWORDSIZE=4 -DLWORDSIZE=4 -DNONSTANDARD_SYSTEM_SUBR  -DWRF_USE_CLM -DNO_IEEE_MODULE  -DNETCDF -DUSE_ALLOCATABLES -DGRIB1 -DINTIO -DKEEP_INT_AROUND -DLIMIT_ARGS -DCONFIG_BUF_LEN=65536 -DMAX_DOMAINS_F=21 -DMAX_HISTORY=25 -DNMM_NEST=0  -I. -traditional  -D_OPENMP start_domain.b  > start_domain.f90
rm -f start_domain.b
if fgrep -iq '!$OMP' start_domain.f90 ; then \
          if [ -n "-fopenmp" ] ; then echo COMPILING start_domain.F WITH OMP ; fi ; \
  time gfortran -c  -O0 -w -ffree-form -ffree-line-length-none -fconvert=big-endian -frecord-marker=4  -I../dyn_em -I../dyn_nmm   -I/pixel/project02/tcchen/WRFV3/external/esmf_time_f90  -I/pixel/project02/tcchen/WRFV3/main -I/pixel/project02/tcchen/WRFV3/external/io_netcdf -I/pixel/project02/tcchen/WRFV3/external/io_int -I/pixel/project02/tcchen/WRFV3/frame -I/pixel/project02/tcchen/WRFV3/share -I/pixel/project02/tcchen/WRFV3/phys -I/pixel/project02/tcchen/WRFV3/chem -I/pixel/project02/tcchen/WRFV3/inc -I/pixel/project02/tcchen/netcdf/netcdf_gnu//include   -fopenmp start_domain.f90 ; \
        else \
          if [ -n "-fopenmp" ] ; then echo COMPILING start_domain.F WITHOUT OMP ; fi ; \
  time gfortran -c  -O0 -w -ffree-form -ffree-line-length-none -fconvert=big-endian -frecord-marker=4  -I../dyn_em -I../dyn_nmm   -I/pixel/project02/tcchen/WRFV3/external/esmf_time_f90  -I/pixel/project02/tcchen/WRFV3/main -I/pixel/project02/tcchen/WRFV3/external/io_netcdf -I/pixel/project02/tcchen/WRFV3/external/io_int -I/pixel/project02/tcchen/WRFV3/frame -I/pixel/project02/tcchen/WRFV3/share -I/pixel/project02/tcchen/WRFV3/phys -I/pixel/project02/tcchen/WRFV3/chem -I/pixel/project02/tcchen/WRFV3/inc -I/pixel/project02/tcchen/netcdf/netcdf_gnu//include   start_domain.f90 ; \
        fi
COMPILING start_domain.F WITHOUT OMP
Warning: Nonexistent include directory "/pixel/project02/tcchen/WRFV3/chem"

real	0m0.349s
user	0m0.299s
sys	0m0.046s
rm -f mediation_nest_move.o
/lib/cpp -P -I/pixel/project02/tcchen/WRFV3/inc -DEM_CORE=1 -DNMM_CORE=0 -DNMM_MAX_DIM=2600 -DCOAMPS_CORE=0 -DDA_CORE=0 -DEXP_CORE=0 -DIWORDSIZE=4 -DDWORDSIZE=8 -DRWORDSIZE=4 -DLWORDSIZE=4 -DNONSTANDARD_SYSTEM_SUBR  -DWRF_USE_CLM -DNO_IEEE_MODULE  -DNETCDF -DUSE_ALLOCATABLES -DGRIB1 -DINTIO -DKEEP_INT_AROUND -DLIMIT_ARGS -DCONFIG_BUF_LEN=65536 -DMAX_DOMAINS_F=21 -DMAX_HISTORY=25 -DNMM_NEST=0  -I. -traditional  -D_OPENMP mediation_nest_move.F  > mediation_nest_move.bb
/pixel/project02/tcchen/WRFV3/tools/standard.exe mediation_nest_move.bb | /lib/cpp -P -traditional > mediation_nest_move.f90
rm -f mediation_nest_move.b mediation_nest_move.bb
time gfortran -o mediation_nest_move.o -c -O2 -ftree-vectorize -funroll-loops -w -ffree-form -ffree-line-length-none -fconvert=big-endian -frecord-marker=4  -fopenmp -I../dyn_em -I../dyn_nmm   -I/pixel/project02/tcchen/WRFV3/external/esmf_time_f90  -I/pixel/project02/tcchen/WRFV3/main -I/pixel/project02/tcchen/WRFV3/external/io_netcdf -I/pixel/project02/tcchen/WRFV3/external/io_int -I/pixel/project02/tcchen/WRFV3/frame -I/pixel/project02/tcchen/WRFV3/share -I/pixel/project02/tcchen/WRFV3/phys -I/pixel/project02/tcchen/WRFV3/chem -I/pixel/project02/tcchen/WRFV3/inc -I/pixel/project02/tcchen/netcdf/netcdf_gnu//include    mediation_nest_move.f90
Warning: Nonexistent include directory "/pixel/project02/tcchen/WRFV3/chem"
0.26user 0.03system 0:00.30elapsed 97%CPU (0avgtext+0avgdata 30032maxresident)k
0inputs+16outputs (0major+9903minor)pagefaults 0swaps
rm -f module_optional_input.o
/lib/cpp -P -I/pixel/project02/tcchen/WRFV3/inc -DEM_CORE=1 -DNMM_CORE=0 -DNMM_MAX_DIM=2600 -DCOAMPS_CORE=0 -DDA_CORE=0 -DEXP_CORE=0 -DIWORDSIZE=4 -DDWORDSIZE=8 -DRWORDSIZE=4 -DLWORDSIZE=4 -DNONSTANDARD_SYSTEM_SUBR  -DWRF_USE_CLM -DNO_IEEE_MODULE  -DNETCDF -DUSE_ALLOCATABLES -DGRIB1 -DINTIO -DKEEP_INT_AROUND -DLIMIT_ARGS -DCONFIG_BUF_LEN=65536 -DMAX_DOMAINS_F=21 -DMAX_HISTORY=25 -DNMM_NEST=0  -I. -traditional  -D_OPENMP module_optional_input.F  > module_optional_input.bb
2.32user 0.13system 0:02.47elapsed 99%CPU (0avgtext+0avgdata 87984maxresident)k
64inputs+680outputs (0major+32875minor)pagefaults 0swaps
/pixel/project02/tcchen/WRFV3/tools/standard.exe module_optional_input.bb | /lib/cpp -P -traditional > module_optional_input.f90
rm -f module_optional_input.b module_optional_input.bb
time gfortran -o module_optional_input.o -c -O2 -ftree-vectorize -funroll-loops -w -ffree-form -ffree-line-length-none -fconvert=big-endian -frecord-marker=4  -fopenmp -I../dyn_em -I../dyn_nmm   -I/pixel/project02/tcchen/WRFV3/external/esmf_time_f90  -I/pixel/project02/tcchen/WRFV3/main -I/pixel/project02/tcchen/WRFV3/external/io_netcdf -I/pixel/project02/tcchen/WRFV3/external/io_int -I/pixel/project02/tcchen/WRFV3/frame -I/pixel/project02/tcchen/WRFV3/share -I/pixel/project02/tcchen/WRFV3/phys -I/pixel/project02/tcchen/WRFV3/chem -I/pixel/project02/tcchen/WRFV3/inc -I/pixel/project02/tcchen/netcdf/netcdf_gnu//include    module_optional_input.f90
Warning: Nonexistent include directory "/pixel/project02/tcchen/WRFV3/chem"
3.76user 0.21system 0:04.01elapsed 98%CPU (0avgtext+0avgdata 121840maxresident)k
64inputs+22064outputs (0major+49177minor)pagefaults 0swaps
if [ 0 -eq 1 ] ; then \
                  make -i -r nmm_contrib                                      ; \
                  ar ru ../main/libwrflib.a module_model_constants.o module_bc_time_utilities.o module_get_file_names.o module_compute_geop.o module_check_a_mundo.o module_random.o module_llxy.o module_interp_nmm.o module_interp_store.o module_MPP.o  module_date_time.o module_bc.o module_io_wrf.o module_soil_pre.o  module_io_domain.o               module_optional_input.o          solve_interface.o mediation_interp_domain.o mediation_force_domain.o mediation_feedback_domain.o start_domain.o init_modules.o set_timekeeping.o interp_fcn.o sint.o wrf_ext_write_field.o wrf_ext_read_field.o  wrf_tsin.o landread.o track_driver.o track_input.o bobrand.o wrf_timeseries.o track_driver.o wrf_fddaobs_in.o mediation_nest_move.o setfeenv.o input_wrf.o output_wrf.o wrf_bdyout.o wrf_bdyin.o dfi.o mediation_integrate.o mediation_wrfmain.o    ; \
                  else                                                         \
                  ar ru ../main/libwrflib.a module_model_constants.o module_bc_time_utilities.o module_get_file_names.o module_compute_geop.o module_check_a_mundo.o module_random.o module_llxy.o module_interp_nmm.o module_interp_store.o module_MPP.o  module_date_time.o module_bc.o module_io_wrf.o module_soil_pre.o  module_io_domain.o               module_optional_input.o          solve_interface.o mediation_interp_domain.o mediation_force_domain.o mediation_feedback_domain.o start_domain.o init_modules.o set_timekeeping.o interp_fcn.o sint.o wrf_ext_write_field.o wrf_ext_read_field.o  wrf_tsin.o landread.o track_driver.o track_input.o bobrand.o wrf_timeseries.o track_driver.o wrf_fddaobs_in.o mediation_nest_move.o setfeenv.o input_wrf.o output_wrf.o wrf_bdyout.o wrf_bdyin.o dfi.o mediation_integrate.o mediation_wrfmain.o              ; \
                fi
make[2]: Leaving directory `/pixel/project02/tcchen/WRFV3/share'
make[1]: Leaving directory `/pixel/project02/tcchen/WRFV3'
make -i -r MODULE_DIRS="-I../dyn_em -I../dyn_nmm   -I/pixel/project02/tcchen/WRFV3/external/esmf_time_f90  -I/pixel/project02/tcchen/WRFV3/main -I/pixel/project02/tcchen/WRFV3/external/io_netcdf -I/pixel/project02/tcchen/WRFV3/external/io_int -I/pixel/project02/tcchen/WRFV3/frame -I/pixel/project02/tcchen/WRFV3/share -I/pixel/project02/tcchen/WRFV3/phys -I/pixel/project02/tcchen/WRFV3/chem -I/pixel/project02/tcchen/WRFV3/inc -I/pixel/project02/tcchen/netcdf/netcdf_gnu//include " physics
make[1]: Entering directory `/pixel/project02/tcchen/WRFV3'
--------------------------------------
if [ 0  -eq 0 ] ; then \
	( cd phys ; make -i -r CF2=" " ) ; \
else \
	( cd phys ; make -i -r CF2="../chem/module_data_mosaic_asect.o" ) ; \
fi
make[2]: Entering directory `/pixel/project02/tcchen/WRFV3/phys'
if [ 0 -eq 1 ] ; then \
                  make -i -r -j 2 nmm_contrib  ; \
                  ar ru ../main/libwrflib.a module_cam_shr_kind_mod.o module_cam_support.o module_cam_shr_const_mod.o module_cam_physconst.o module_cam_cldwat.o module_cam_wv_saturation.o module_cam_esinti.o module_cam_gffgch.o module_cam_error_function.o module_cam_constituents.o module_cam_trb_mtn_stress.o module_cam_molec_diff.o module_cam_upper_bc.o module_cam_bl_diffusion_solver.o module_cam_bl_eddy_diff.o module_cam_mp_microp_aero.o module_cam_mp_cldwat2m_micro.o module_cam_mp_ndrop.o module_cam_mp_modal_aero_initialize_data_phys.o module_cam_mp_radconstants.o module_cam_mp_conv_water.o module_cam_mp_qneg3.o module_data_cam_mam_aero.o module_data_cam_mam_asect.o module_cam_infnan.o module_bl_ysu.o module_bl_shinhong.o module_bl_mrf.o module_bl_gfs.o module_bl_gfs2011.o module_bl_myjpbl.o module_bl_qnsepbl.o module_bl_acm.o module_bl_mynn.o module_bl_fogdes.o module_bl_gwdo.o module_bl_myjurb.o module_bl_boulac.o module_bl_camuwpbl_driver.o module_bl_mfshconvpbl.o module_shcu_camuwshcu_driver.o module_shcu_camuwshcu.o module_shcu_grims.o module_cu_camzm_driver.o module_cu_camzm.o module_bl_temf.o module_bl_gbmpbl.o module_cu_g3.o module_cu_kf.o module_cu_bmj.o module_cu_kfeta.o module_cu_mskf.o module_cu_tiedtke.o module_cu_ntiedtke.o module_cu_gd.o module_cu_gf.o module_cu_nsas.o module_cu_sas.o module_cu_mesosas.o module_cu_osas.o module_cu_kfcup.o module_mp_radar.o module_mp_kessler.o module_mp_lin.o module_mp_sbu_ylin.o module_mp_wsm3.o module_mp_wsm5.o module_mp_wsm6.o module_mp_etanew.o module_mp_fer_hires.o module_mp_HWRF.o module_mp_thompson.o module_mp_full_sbm.o module_mp_fast_sbm.o module_ltng_lpi.o module_mp_gsfcgce.o module_mp_morr_two_moment.o module_mp_milbrandt2mom.o module_mp_nssl_2mom.o module_mp_wdm5.o module_mp_wdm6.o module_mp_cammgmp_driver.o module_ra_sw.o module_ra_clWRF_support.o module_ra_gsfcsw.o module_ra_goddard.o module_ra_rrtm.o module_ra_rrtmg_lw.o module_ra_rrtmg_sw.o module_ra_rrtmg_lwf.o module_ra_rrtmg_swf.o module_ra_cam_support.o module_ra_cam.o module_ra_gfdleta.o module_ra_flg.o module_ra_HWRF.o module_ra_hs.o module_ra_aerosol.o module_sf_sfclay.o module_sf_sfclayrev.o module_sf_gfs.o module_sf_exchcoef.o module_sf_gfdl.o module_sf_slab.o module_sf_noahdrv.o module_sf_noahlsm.o module_sf_clm.o module_sf_ssib.o module_sf_noah_seaice.o module_sf_noah_seaice_drv.o module_sf_noahlsm_glacial_only.o module_sf_noahmp_groundwater.o module_sf_noahmpdrv.o module_sf_noahmplsm.o module_sf_noahmp_glacier.o module_sf_urban.o module_sf_bep.o module_sf_bep_bem.o module_sf_bem.o module_sf_pxlsm.o module_sf_pxlsm_data.o module_sf_ruclsm.o module_sf_sfcdiags.o module_sf_sfcdiags_ruclsm.o module_sf_sstskin.o module_sf_tmnupdate.o module_sf_ocean_driver.o module_sf_oml.o module_sf_3dpwp.o module_sf_myjsfc.o module_sf_qnsesfc.o module_sf_mynn.o module_sf_fogdes.o module_sf_pxsfclay.o module_sf_temfsfclay.o module_sf_idealscmsfclay.o module_sf_scmflux.o module_sf_scmskintemp.o module_physics_addtendc.o module_physics_init.o module_gfs_machine.o module_gfs_funcphys.o module_gfs_physcons.o module_progtm.o module_pbl_driver.o module_data_gocart_dust.o module_cumulus_driver.o module_shallowcu_driver.o module_microphysics_driver.o module_microphysics_zero_out.o module_mixactivate.o module_radiation_driver.o module_surface_driver.o module_lightning_driver.o module_ltng_cpmpr92z.o module_ltng_crmpr92.o module_ltng_iccg.o module_fdda_psufddagd.o module_fdda_spnudging.o module_fddagd_driver.o module_fddaobs_rtfdda.o module_fddaobs_driver.o module_wind_fitch.o module_sf_lake.o module_diagnostics_driver.o  \
                                     \
                                   module_diag_refl.o ; \
                else                                                         \
                  make -i -r -j 2 non_nmm      ; \
                  ar ru ../main/libwrflib.a module_cam_shr_kind_mod.o module_cam_support.o module_cam_shr_const_mod.o module_cam_physconst.o module_cam_cldwat.o module_cam_wv_saturation.o module_cam_esinti.o module_cam_gffgch.o module_cam_error_function.o module_cam_constituents.o module_cam_trb_mtn_stress.o module_cam_molec_diff.o module_cam_upper_bc.o module_cam_bl_diffusion_solver.o module_cam_bl_eddy_diff.o module_cam_mp_microp_aero.o module_cam_mp_cldwat2m_micro.o module_cam_mp_ndrop.o module_cam_mp_modal_aero_initialize_data_phys.o module_cam_mp_radconstants.o module_cam_mp_conv_water.o module_cam_mp_qneg3.o module_data_cam_mam_aero.o module_data_cam_mam_asect.o module_cam_infnan.o module_bl_ysu.o module_bl_shinhong.o module_bl_mrf.o module_bl_gfs.o module_bl_gfs2011.o module_bl_myjpbl.o module_bl_qnsepbl.o module_bl_acm.o module_bl_mynn.o module_bl_fogdes.o module_bl_gwdo.o module_bl_myjurb.o module_bl_boulac.o module_bl_camuwpbl_driver.o module_bl_mfshconvpbl.o module_shcu_camuwshcu_driver.o module_shcu_camuwshcu.o module_shcu_grims.o module_cu_camzm_driver.o module_cu_camzm.o module_bl_temf.o module_bl_gbmpbl.o module_cu_g3.o module_cu_kf.o module_cu_bmj.o module_cu_kfeta.o module_cu_mskf.o module_cu_tiedtke.o module_cu_ntiedtke.o module_cu_gd.o module_cu_gf.o module_cu_nsas.o module_cu_sas.o module_cu_mesosas.o module_cu_osas.o module_cu_kfcup.o module_mp_radar.o module_mp_kessler.o module_mp_lin.o module_mp_sbu_ylin.o module_mp_wsm3.o module_mp_wsm5.o module_mp_wsm6.o module_mp_etanew.o module_mp_fer_hires.o module_mp_HWRF.o module_mp_thompson.o module_mp_full_sbm.o module_mp_fast_sbm.o module_ltng_lpi.o module_mp_gsfcgce.o module_mp_morr_two_moment.o module_mp_milbrandt2mom.o module_mp_nssl_2mom.o module_mp_wdm5.o module_mp_wdm6.o module_mp_cammgmp_driver.o module_ra_sw.o module_ra_clWRF_support.o module_ra_gsfcsw.o module_ra_goddard.o module_ra_rrtm.o module_ra_rrtmg_lw.o module_ra_rrtmg_sw.o module_ra_rrtmg_lwf.o module_ra_rrtmg_swf.o module_ra_cam_support.o module_ra_cam.o module_ra_gfdleta.o module_ra_flg.o module_ra_HWRF.o module_ra_hs.o module_ra_aerosol.o module_sf_sfclay.o module_sf_sfclayrev.o module_sf_gfs.o module_sf_exchcoef.o module_sf_gfdl.o module_sf_slab.o module_sf_noahdrv.o module_sf_noahlsm.o module_sf_clm.o module_sf_ssib.o module_sf_noah_seaice.o module_sf_noah_seaice_drv.o module_sf_noahlsm_glacial_only.o module_sf_noahmp_groundwater.o module_sf_noahmpdrv.o module_sf_noahmplsm.o module_sf_noahmp_glacier.o module_sf_urban.o module_sf_bep.o module_sf_bep_bem.o module_sf_bem.o module_sf_pxlsm.o module_sf_pxlsm_data.o module_sf_ruclsm.o module_sf_sfcdiags.o module_sf_sfcdiags_ruclsm.o module_sf_sstskin.o module_sf_tmnupdate.o module_sf_ocean_driver.o module_sf_oml.o module_sf_3dpwp.o module_sf_myjsfc.o module_sf_qnsesfc.o module_sf_mynn.o module_sf_fogdes.o module_sf_pxsfclay.o module_sf_temfsfclay.o module_sf_idealscmsfclay.o module_sf_scmflux.o module_sf_scmskintemp.o module_physics_addtendc.o module_physics_init.o module_gfs_machine.o module_gfs_funcphys.o module_gfs_physcons.o module_progtm.o module_pbl_driver.o module_data_gocart_dust.o module_cumulus_driver.o module_shallowcu_driver.o module_microphysics_driver.o module_microphysics_zero_out.o module_mixactivate.o module_radiation_driver.o module_surface_driver.o module_lightning_driver.o module_ltng_cpmpr92z.o module_ltng_crmpr92.o module_ltng_iccg.o module_fdda_psufddagd.o module_fdda_spnudging.o module_fddagd_driver.o module_fddaobs_rtfdda.o module_fddaobs_driver.o module_wind_fitch.o module_sf_lake.o module_diagnostics_driver.o  \
                                   module_fr_fire_driver.o module_fr_fire_driver_wrf.o module_fr_fire_atm.o module_fr_fire_model.o module_fr_fire_core.o module_fr_fire_phys.o module_fr_fire_util.o \
                                   module_diag_afwa.o module_diag_afwa_hail.o module_diag_cl.o module_diag_misc.o module_diag_pld.o module_diag_zld.o  ; \
                fi
make[3]: Entering directory `/pixel/project02/tcchen/WRFV3/phys'
rm -f module_cam_shr_kind_mod.o
/lib/cpp -P -I/pixel/project02/tcchen/WRFV3/inc -DEM_CORE=1 -DNMM_CORE=0 -DNMM_MAX_DIM=2600 -DCOAMPS_CORE=0 -DDA_CORE=0 -DEXP_CORE=0 -DIWORDSIZE=4 -DDWORDSIZE=8 -DRWORDSIZE=4 -DLWORDSIZE=4 -DNONSTANDARD_SYSTEM_SUBR  -DWRF_USE_CLM -DNO_IEEE_MODULE  -DNETCDF -DUSE_ALLOCATABLES -DGRIB1 -DINTIO -DKEEP_INT_AROUND -DLIMIT_ARGS -DCONFIG_BUF_LEN=65536 -DMAX_DOMAINS_F=21 -DMAX_HISTORY=25 -DNMM_NEST=0  -I. -traditional  -D_OPENMP module_cam_shr_kind_mod.F  > module_cam_shr_kind_mod.bb
rm -f module_cam_error_function.o
/lib/cpp -P -I/pixel/project02/tcchen/WRFV3/inc -DEM_CORE=1 -DNMM_CORE=0 -DNMM_MAX_DIM=2600 -DCOAMPS_CORE=0 -DDA_CORE=0 -DEXP_CORE=0 -DIWORDSIZE=4 -DDWORDSIZE=8 -DRWORDSIZE=4 -DLWORDSIZE=4 -DNONSTANDARD_SYSTEM_SUBR  -DWRF_USE_CLM -DNO_IEEE_MODULE  -DNETCDF -DUSE_ALLOCATABLES -DGRIB1 -DINTIO -DKEEP_INT_AROUND -DLIMIT_ARGS -DCONFIG_BUF_LEN=65536 -DMAX_DOMAINS_F=21 -DMAX_HISTORY=25 -DNMM_NEST=0  -I. -traditional  -D_OPENMP module_cam_error_function.F  > module_cam_error_function.bb
/pixel/project02/tcchen/WRFV3/tools/standard.exe module_cam_shr_kind_mod.bb | /lib/cpp -P -traditional > module_cam_shr_kind_mod.f90
/pixel/project02/tcchen/WRFV3/tools/standard.exe module_cam_error_function.bb | /lib/cpp -P -traditional > module_cam_error_function.f90
rm -f module_cam_error_function.b module_cam_error_function.bb
rm -f module_cam_shr_kind_mod.b module_cam_shr_kind_mod.bb
time gfortran -o module_cam_shr_kind_mod.o -c -O2 -ftree-vectorize -funroll-loops -w -ffree-form -ffree-line-length-none -fconvert=big-endian -frecord-marker=4  -fopenmp -I../dyn_em -I../dyn_nmm   -I/pixel/project02/tcchen/WRFV3/external/esmf_time_f90  -I/pixel/project02/tcchen/WRFV3/main -I/pixel/project02/tcchen/WRFV3/external/io_netcdf -I/pixel/project02/tcchen/WRFV3/external/io_int -I/pixel/project02/tcchen/WRFV3/frame -I/pixel/project02/tcchen/WRFV3/share -I/pixel/project02/tcchen/WRFV3/phys -I/pixel/project02/tcchen/WRFV3/chem -I/pixel/project02/tcchen/WRFV3/inc -I/pixel/project02/tcchen/netcdf/netcdf_gnu//include    module_cam_shr_kind_mod.f90
time gfortran -o module_cam_error_function.o -c -O2 -ftree-vectorize -funroll-loops -w -ffree-form -ffree-line-length-none -fconvert=big-endian -frecord-marker=4  -fopenmp -I../dyn_em -I../dyn_nmm   -I/pixel/project02/tcchen/WRFV3/external/esmf_time_f90  -I/pixel/project02/tcchen/WRFV3/main -I/pixel/project02/tcchen/WRFV3/external/io_netcdf -I/pixel/project02/tcchen/WRFV3/external/io_int -I/pixel/project02/tcchen/WRFV3/frame -I/pixel/project02/tcchen/WRFV3/share -I/pixel/project02/tcchen/WRFV3/phys -I/pixel/project02/tcchen/WRFV3/chem -I/pixel/project02/tcchen/WRFV3/inc -I/pixel/project02/tcchen/netcdf/netcdf_gnu//include    module_cam_error_function.f90
Warning: Nonexistent include directory "/pixel/project02/tcchen/WRFV3/chem"
Warning: Nonexistent include directory "/pixel/project02/tcchen/WRFV3/chem"
0.00user 0.02system 0:00.03elapsed 83%CPU (0avgtext+0avgdata 7000maxresident)k
0inputs+24outputs (0major+3939minor)pagefaults 0swaps
rm -f module_bl_ysu.o
/lib/cpp -P -I/pixel/project02/tcchen/WRFV3/inc -DEM_CORE=1 -DNMM_CORE=0 -DNMM_MAX_DIM=2600 -DCOAMPS_CORE=0 -DDA_CORE=0 -DEXP_CORE=0 -DIWORDSIZE=4 -DDWORDSIZE=8 -DRWORDSIZE=4 -DLWORDSIZE=4 -DNONSTANDARD_SYSTEM_SUBR  -DWRF_USE_CLM -DNO_IEEE_MODULE  -DNETCDF -DUSE_ALLOCATABLES -DGRIB1 -DINTIO -DKEEP_INT_AROUND -DLIMIT_ARGS -DCONFIG_BUF_LEN=65536 -DMAX_DOMAINS_F=21 -DMAX_HISTORY=25 -DNMM_NEST=0  -I. -traditional  -D_OPENMP module_bl_ysu.F  > module_bl_ysu.bb
/pixel/project02/tcchen/WRFV3/tools/standard.exe module_bl_ysu.bb | /lib/cpp -P -traditional > module_bl_ysu.f90
rm -f module_bl_ysu.b module_bl_ysu.bb
time gfortran -o module_bl_ysu.o -c -O2 -ftree-vectorize -funroll-loops -w -ffree-form -ffree-line-length-none -fconvert=big-endian -frecord-marker=4  -fopenmp -I../dyn_em -I../dyn_nmm   -I/pixel/project02/tcchen/WRFV3/external/esmf_time_f90  -I/pixel/project02/tcchen/WRFV3/main -I/pixel/project02/tcchen/WRFV3/external/io_netcdf -I/pixel/project02/tcchen/WRFV3/external/io_int -I/pixel/project02/tcchen/WRFV3/frame -I/pixel/project02/tcchen/WRFV3/share -I/pixel/project02/tcchen/WRFV3/phys -I/pixel/project02/tcchen/WRFV3/chem -I/pixel/project02/tcchen/WRFV3/inc -I/pixel/project02/tcchen/netcdf/netcdf_gnu//include    module_bl_ysu.f90
Warning: Nonexistent include directory "/pixel/project02/tcchen/WRFV3/chem"
0.09user 0.02system 0:00.12elapsed 95%CPU (0avgtext+0avgdata 13776maxresident)k
0inputs+88outputs (0major+5865minor)pagefaults 0swaps
rm -f module_bl_shinhong.o
/lib/cpp -P -I/pixel/project02/tcchen/WRFV3/inc -DEM_CORE=1 -DNMM_CORE=0 -DNMM_MAX_DIM=2600 -DCOAMPS_CORE=0 -DDA_CORE=0 -DEXP_CORE=0 -DIWORDSIZE=4 -DDWORDSIZE=8 -DRWORDSIZE=4 -DLWORDSIZE=4 -DNONSTANDARD_SYSTEM_SUBR  -DWRF_USE_CLM -DNO_IEEE_MODULE  -DNETCDF -DUSE_ALLOCATABLES -DGRIB1 -DINTIO -DKEEP_INT_AROUND -DLIMIT_ARGS -DCONFIG_BUF_LEN=65536 -DMAX_DOMAINS_F=21 -DMAX_HISTORY=25 -DNMM_NEST=0  -I. -traditional  -D_OPENMP module_bl_shinhong.F  > module_bl_shinhong.bb
/pixel/project02/tcchen/WRFV3/tools/standard.exe module_bl_shinhong.bb | /lib/cpp -P -traditional > module_bl_shinhong.f90
rm -f module_bl_shinhong.b module_bl_shinhong.bb
time gfortran -o module_bl_shinhong.o -c -O2 -ftree-vectorize -funroll-loops -w -ffree-form -ffree-line-length-none -fconvert=big-endian -frecord-marker=4  -fopenmp -I../dyn_em -I../dyn_nmm   -I/pixel/project02/tcchen/WRFV3/external/esmf_time_f90  -I/pixel/project02/tcchen/WRFV3/main -I/pixel/project02/tcchen/WRFV3/external/io_netcdf -I/pixel/project02/tcchen/WRFV3/external/io_int -I/pixel/project02/tcchen/WRFV3/frame -I/pixel/project02/tcchen/WRFV3/share -I/pixel/project02/tcchen/WRFV3/phys -I/pixel/project02/tcchen/WRFV3/chem -I/pixel/project02/tcchen/WRFV3/inc -I/pixel/project02/tcchen/netcdf/netcdf_gnu//include    module_bl_shinhong.f90
Warning: Nonexistent include directory "/pixel/project02/tcchen/WRFV3/chem"
2.59user 0.12system 0:02.72elapsed 99%CPU (0avgtext+0avgdata 155668maxresident)k
64inputs+1488outputs (0major+63036minor)pagefaults 0swaps
rm -f module_bl_mrf.o
/lib/cpp -P -I/pixel/project02/tcchen/WRFV3/inc -DEM_CORE=1 -DNMM_CORE=0 -DNMM_MAX_DIM=2600 -DCOAMPS_CORE=0 -DDA_CORE=0 -DEXP_CORE=0 -DIWORDSIZE=4 -DDWORDSIZE=8 -DRWORDSIZE=4 -DLWORDSIZE=4 -DNONSTANDARD_SYSTEM_SUBR  -DWRF_USE_CLM -DNO_IEEE_MODULE  -DNETCDF -DUSE_ALLOCATABLES -DGRIB1 -DINTIO -DKEEP_INT_AROUND -DLIMIT_ARGS -DCONFIG_BUF_LEN=65536 -DMAX_DOMAINS_F=21 -DMAX_HISTORY=25 -DNMM_NEST=0  -I. -traditional  -D_OPENMP module_bl_mrf.F  > module_bl_mrf.bb
/pixel/project02/tcchen/WRFV3/tools/standard.exe module_bl_mrf.bb | /lib/cpp -P -traditional > module_bl_mrf.f90
rm -f module_bl_mrf.b module_bl_mrf.bb
time gfortran -o module_bl_mrf.o -c -O2 -ftree-vectorize -funroll-loops -w -ffree-form -ffree-line-length-none -fconvert=big-endian -frecord-marker=4  -fopenmp -I../dyn_em -I../dyn_nmm   -I/pixel/project02/tcchen/WRFV3/external/esmf_time_f90  -I/pixel/project02/tcchen/WRFV3/main -I/pixel/project02/tcchen/WRFV3/external/io_netcdf -I/pixel/project02/tcchen/WRFV3/external/io_int -I/pixel/project02/tcchen/WRFV3/frame -I/pixel/project02/tcchen/WRFV3/share -I/pixel/project02/tcchen/WRFV3/phys -I/pixel/project02/tcchen/WRFV3/chem -I/pixel/project02/tcchen/WRFV3/inc -I/pixel/project02/tcchen/netcdf/netcdf_gnu//include    module_bl_mrf.f90
Warning: Nonexistent include directory "/pixel/project02/tcchen/WRFV3/chem"
3.33user 0.14system 0:03.48elapsed 99%CPU (0avgtext+0avgdata 222600maxresident)k
64inputs+2000outputs (0major+80863minor)pagefaults 0swaps
rm -f module_gfs_machine.o
/lib/cpp -P -I/pixel/project02/tcchen/WRFV3/inc -DEM_CORE=1 -DNMM_CORE=0 -DNMM_MAX_DIM=2600 -DCOAMPS_CORE=0 -DDA_CORE=0 -DEXP_CORE=0 -DIWORDSIZE=4 -DDWORDSIZE=8 -DRWORDSIZE=4 -DLWORDSIZE=4 -DNONSTANDARD_SYSTEM_SUBR  -DWRF_USE_CLM -DNO_IEEE_MODULE  -DNETCDF -DUSE_ALLOCATABLES -DGRIB1 -DINTIO -DKEEP_INT_AROUND -DLIMIT_ARGS -DCONFIG_BUF_LEN=65536 -DMAX_DOMAINS_F=21 -DMAX_HISTORY=25 -DNMM_NEST=0  -I. -traditional  -D_OPENMP module_gfs_machine.F  > module_gfs_machine.bb
/pixel/project02/tcchen/WRFV3/tools/standard.exe module_gfs_machine.bb | /lib/cpp -P -traditional > module_gfs_machine.f90
rm -f module_gfs_machine.b module_gfs_machine.bb
time gfortran -o module_gfs_machine.o -c -O2 -ftree-vectorize -funroll-loops -w -ffree-form -ffree-line-length-none -fconvert=big-endian -frecord-marker=4  -fopenmp -I../dyn_em -I../dyn_nmm   -I/pixel/project02/tcchen/WRFV3/external/esmf_time_f90  -I/pixel/project02/tcchen/WRFV3/main -I/pixel/project02/tcchen/WRFV3/external/io_netcdf -I/pixel/project02/tcchen/WRFV3/external/io_int -I/pixel/project02/tcchen/WRFV3/frame -I/pixel/project02/tcchen/WRFV3/share -I/pixel/project02/tcchen/WRFV3/phys -I/pixel/project02/tcchen/WRFV3/chem -I/pixel/project02/tcchen/WRFV3/inc -I/pixel/project02/tcchen/netcdf/netcdf_gnu//include    module_gfs_machine.f90
Warning: Nonexistent include directory "/pixel/project02/tcchen/WRFV3/chem"
0.00user 0.01system 0:00.02elapsed 85%CPU (0avgtext+0avgdata 7000maxresident)k
0inputs+24outputs (0major+3934minor)pagefaults 0swaps
rm -f module_bl_myjpbl.o
/lib/cpp -P -I/pixel/project02/tcchen/WRFV3/inc -DEM_CORE=1 -DNMM_CORE=0 -DNMM_MAX_DIM=2600 -DCOAMPS_CORE=0 -DDA_CORE=0 -DEXP_CORE=0 -DIWORDSIZE=4 -DDWORDSIZE=8 -DRWORDSIZE=4 -DLWORDSIZE=4 -DNONSTANDARD_SYSTEM_SUBR  -DWRF_USE_CLM -DNO_IEEE_MODULE  -DNETCDF -DUSE_ALLOCATABLES -DGRIB1 -DINTIO -DKEEP_INT_AROUND -DLIMIT_ARGS -DCONFIG_BUF_LEN=65536 -DMAX_DOMAINS_F=21 -DMAX_HISTORY=25 -DNMM_NEST=0  -I. -traditional  -D_OPENMP module_bl_myjpbl.F  > module_bl_myjpbl.bb
/pixel/project02/tcchen/WRFV3/tools/standard.exe module_bl_myjpbl.bb | /lib/cpp -P -traditional > module_bl_myjpbl.f90
rm -f module_bl_myjpbl.b module_bl_myjpbl.bb
time gfortran -o module_bl_myjpbl.o -c -O2 -ftree-vectorize -funroll-loops -w -ffree-form -ffree-line-length-none -fconvert=big-endian -frecord-marker=4  -fopenmp -I../dyn_em -I../dyn_nmm   -I/pixel/project02/tcchen/WRFV3/external/esmf_time_f90  -I/pixel/project02/tcchen/WRFV3/main -I/pixel/project02/tcchen/WRFV3/external/io_netcdf -I/pixel/project02/tcchen/WRFV3/external/io_int -I/pixel/project02/tcchen/WRFV3/frame -I/pixel/project02/tcchen/WRFV3/share -I/pixel/project02/tcchen/WRFV3/phys -I/pixel/project02/tcchen/WRFV3/chem -I/pixel/project02/tcchen/WRFV3/inc -I/pixel/project02/tcchen/netcdf/netcdf_gnu//include    module_bl_myjpbl.f90
Warning: Nonexistent include directory "/pixel/project02/tcchen/WRFV3/chem"
0.86user 0.05system 0:00.92elapsed 99%CPU (0avgtext+0avgdata 55484maxresident)k
64inputs+936outputs (0major+17905minor)pagefaults 0swaps
rm -f module_bl_qnsepbl.o
/lib/cpp -P -I/pixel/project02/tcchen/WRFV3/inc -DEM_CORE=1 -DNMM_CORE=0 -DNMM_MAX_DIM=2600 -DCOAMPS_CORE=0 -DDA_CORE=0 -DEXP_CORE=0 -DIWORDSIZE=4 -DDWORDSIZE=8 -DRWORDSIZE=4 -DLWORDSIZE=4 -DNONSTANDARD_SYSTEM_SUBR  -DWRF_USE_CLM -DNO_IEEE_MODULE  -DNETCDF -DUSE_ALLOCATABLES -DGRIB1 -DINTIO -DKEEP_INT_AROUND -DLIMIT_ARGS -DCONFIG_BUF_LEN=65536 -DMAX_DOMAINS_F=21 -DMAX_HISTORY=25 -DNMM_NEST=0  -I. -traditional  -D_OPENMP module_bl_qnsepbl.F  > module_bl_qnsepbl.bb
1.75user 0.07system 0:01.83elapsed 99%CPU (0avgtext+0avgdata 103984maxresident)k
64inputs+1072outputs (0major+33907minor)pagefaults 0swaps
rm -f module_bl_acm.o
/lib/cpp -P -I/pixel/project02/tcchen/WRFV3/inc -DEM_CORE=1 -DNMM_CORE=0 -DNMM_MAX_DIM=2600 -DCOAMPS_CORE=0 -DDA_CORE=0 -DEXP_CORE=0 -DIWORDSIZE=4 -DDWORDSIZE=8 -DRWORDSIZE=4 -DLWORDSIZE=4 -DNONSTANDARD_SYSTEM_SUBR  -DWRF_USE_CLM -DNO_IEEE_MODULE  -DNETCDF -DUSE_ALLOCATABLES -DGRIB1 -DINTIO -DKEEP_INT_AROUND -DLIMIT_ARGS -DCONFIG_BUF_LEN=65536 -DMAX_DOMAINS_F=21 -DMAX_HISTORY=25 -DNMM_NEST=0  -I. -traditional  -D_OPENMP module_bl_acm.F  > module_bl_acm.bb
/pixel/project02/tcchen/WRFV3/tools/standard.exe module_bl_qnsepbl.bb | /lib/cpp -P -traditional > module_bl_qnsepbl.f90
/pixel/project02/tcchen/WRFV3/tools/standard.exe module_bl_acm.bb | /lib/cpp -P -traditional > module_bl_acm.f90
rm -f module_bl_qnsepbl.b module_bl_qnsepbl.bb
time gfortran -o module_bl_qnsepbl.o -c -O2 -ftree-vectorize -funroll-loops -w -ffree-form -ffree-line-length-none -fconvert=big-endian -frecord-marker=4  -fopenmp -I../dyn_em -I../dyn_nmm   -I/pixel/project02/tcchen/WRFV3/external/esmf_time_f90  -I/pixel/project02/tcchen/WRFV3/main -I/pixel/project02/tcchen/WRFV3/external/io_netcdf -I/pixel/project02/tcchen/WRFV3/external/io_int -I/pixel/project02/tcchen/WRFV3/frame -I/pixel/project02/tcchen/WRFV3/share -I/pixel/project02/tcchen/WRFV3/phys -I/pixel/project02/tcchen/WRFV3/chem -I/pixel/project02/tcchen/WRFV3/inc -I/pixel/project02/tcchen/netcdf/netcdf_gnu//include    module_bl_qnsepbl.f90
rm -f module_bl_acm.b module_bl_acm.bb
Warning: Nonexistent include directory "/pixel/project02/tcchen/WRFV3/chem"
time gfortran -o module_bl_acm.o -c -O2 -ftree-vectorize -funroll-loops -w -ffree-form -ffree-line-length-none -fconvert=big-endian -frecord-marker=4  -fopenmp -I../dyn_em -I../dyn_nmm   -I/pixel/project02/tcchen/WRFV3/external/esmf_time_f90  -I/pixel/project02/tcchen/WRFV3/main -I/pixel/project02/tcchen/WRFV3/external/io_netcdf -I/pixel/project02/tcchen/WRFV3/external/io_int -I/pixel/project02/tcchen/WRFV3/frame -I/pixel/project02/tcchen/WRFV3/share -I/pixel/project02/tcchen/WRFV3/phys -I/pixel/project02/tcchen/WRFV3/chem -I/pixel/project02/tcchen/WRFV3/inc -I/pixel/project02/tcchen/netcdf/netcdf_gnu//include    module_bl_acm.f90
Warning: Nonexistent include directory "/pixel/project02/tcchen/WRFV3/chem"
0.72user 0.04system 0:00.76elapsed 99%CPU (0avgtext+0avgdata 50272maxresident)k
64inputs+832outputs (0major+16539minor)pagefaults 0swaps
rm -f module_bl_mynn.o
/lib/cpp -P -I/pixel/project02/tcchen/WRFV3/inc -DEM_CORE=1 -DNMM_CORE=0 -DNMM_MAX_DIM=2600 -DCOAMPS_CORE=0 -DDA_CORE=0 -DEXP_CORE=0 -DIWORDSIZE=4 -DDWORDSIZE=8 -DRWORDSIZE=4 -DLWORDSIZE=4 -DNONSTANDARD_SYSTEM_SUBR  -DWRF_USE_CLM -DNO_IEEE_MODULE  -DNETCDF -DUSE_ALLOCATABLES -DGRIB1 -DINTIO -DKEEP_INT_AROUND -DLIMIT_ARGS -DCONFIG_BUF_LEN=65536 -DMAX_DOMAINS_F=21 -DMAX_HISTORY=25 -DNMM_NEST=0  -I. -traditional  -D_OPENMP module_bl_mynn.F  > module_bl_mynn.bb
/pixel/project02/tcchen/WRFV3/tools/standard.exe module_bl_mynn.bb | /lib/cpp -P -traditional > module_bl_mynn.f90
rm -f module_bl_mynn.b module_bl_mynn.bb
time gfortran -o module_bl_mynn.o -c -O2 -ftree-vectorize -funroll-loops -w -ffree-form -ffree-line-length-none -fconvert=big-endian -frecord-marker=4  -fopenmp -I../dyn_em -I../dyn_nmm   -I/pixel/project02/tcchen/WRFV3/external/esmf_time_f90  -I/pixel/project02/tcchen/WRFV3/main -I/pixel/project02/tcchen/WRFV3/external/io_netcdf -I/pixel/project02/tcchen/WRFV3/external/io_int -I/pixel/project02/tcchen/WRFV3/frame -I/pixel/project02/tcchen/WRFV3/share -I/pixel/project02/tcchen/WRFV3/phys -I/pixel/project02/tcchen/WRFV3/chem -I/pixel/project02/tcchen/WRFV3/inc -I/pixel/project02/tcchen/netcdf/netcdf_gnu//include    module_bl_mynn.f90
Warning: Nonexistent include directory "/pixel/project02/tcchen/WRFV3/chem"
1.37user 0.05system 0:01.43elapsed 99%CPU (0avgtext+0avgdata 74580maxresident)k
64inputs+1160outputs (0major+22124minor)pagefaults 0swaps
rm -f module_bl_gwdo.o
/lib/cpp -P -I/pixel/project02/tcchen/WRFV3/inc -DEM_CORE=1 -DNMM_CORE=0 -DNMM_MAX_DIM=2600 -DCOAMPS_CORE=0 -DDA_CORE=0 -DEXP_CORE=0 -DIWORDSIZE=4 -DDWORDSIZE=8 -DRWORDSIZE=4 -DLWORDSIZE=4 -DNONSTANDARD_SYSTEM_SUBR  -DWRF_USE_CLM -DNO_IEEE_MODULE  -DNETCDF -DUSE_ALLOCATABLES -DGRIB1 -DINTIO -DKEEP_INT_AROUND -DLIMIT_ARGS -DCONFIG_BUF_LEN=65536 -DMAX_DOMAINS_F=21 -DMAX_HISTORY=25 -DNMM_NEST=0  -I. -traditional  -D_OPENMP module_bl_gwdo.F  > module_bl_gwdo.bb
/pixel/project02/tcchen/WRFV3/tools/standard.exe module_bl_gwdo.bb | /lib/cpp -P -traditional > module_bl_gwdo.f90
rm -f module_bl_gwdo.b module_bl_gwdo.bb
time gfortran -o module_bl_gwdo.o -c -O2 -ftree-vectorize -funroll-loops -w -ffree-form -ffree-line-length-none -fconvert=big-endian -frecord-marker=4  -fopenmp -I../dyn_em -I../dyn_nmm   -I/pixel/project02/tcchen/WRFV3/external/esmf_time_f90  -I/pixel/project02/tcchen/WRFV3/main -I/pixel/project02/tcchen/WRFV3/external/io_netcdf -I/pixel/project02/tcchen/WRFV3/external/io_int -I/pixel/project02/tcchen/WRFV3/frame -I/pixel/project02/tcchen/WRFV3/share -I/pixel/project02/tcchen/WRFV3/phys -I/pixel/project02/tcchen/WRFV3/chem -I/pixel/project02/tcchen/WRFV3/inc -I/pixel/project02/tcchen/netcdf/netcdf_gnu//include    module_bl_gwdo.f90
Warning: Nonexistent include directory "/pixel/project02/tcchen/WRFV3/chem"
1.36user 0.07system 0:01.44elapsed 99%CPU (0avgtext+0avgdata 64972maxresident)k
64inputs+736outputs (0major+22083minor)pagefaults 0swaps
rm -f module_bl_myjurb.o
/lib/cpp -P -I/pixel/project02/tcchen/WRFV3/inc -DEM_CORE=1 -DNMM_CORE=0 -DNMM_MAX_DIM=2600 -DCOAMPS_CORE=0 -DDA_CORE=0 -DEXP_CORE=0 -DIWORDSIZE=4 -DDWORDSIZE=8 -DRWORDSIZE=4 -DLWORDSIZE=4 -DNONSTANDARD_SYSTEM_SUBR  -DWRF_USE_CLM -DNO_IEEE_MODULE  -DNETCDF -DUSE_ALLOCATABLES -DGRIB1 -DINTIO -DKEEP_INT_AROUND -DLIMIT_ARGS -DCONFIG_BUF_LEN=65536 -DMAX_DOMAINS_F=21 -DMAX_HISTORY=25 -DNMM_NEST=0  -I. -traditional  -D_OPENMP module_bl_myjurb.F  > module_bl_myjurb.bb
/pixel/project02/tcchen/WRFV3/tools/standard.exe module_bl_myjurb.bb | /lib/cpp -P -traditional > module_bl_myjurb.f90
rm -f module_bl_myjurb.b module_bl_myjurb.bb
time gfortran -o module_bl_myjurb.o -c -O2 -ftree-vectorize -funroll-loops -w -ffree-form -ffree-line-length-none -fconvert=big-endian -frecord-marker=4  -fopenmp -I../dyn_em -I../dyn_nmm   -I/pixel/project02/tcchen/WRFV3/external/esmf_time_f90  -I/pixel/project02/tcchen/WRFV3/main -I/pixel/project02/tcchen/WRFV3/external/io_netcdf -I/pixel/project02/tcchen/WRFV3/external/io_int -I/pixel/project02/tcchen/WRFV3/frame -I/pixel/project02/tcchen/WRFV3/share -I/pixel/project02/tcchen/WRFV3/phys -I/pixel/project02/tcchen/WRFV3/chem -I/pixel/project02/tcchen/WRFV3/inc -I/pixel/project02/tcchen/netcdf/netcdf_gnu//include    module_bl_myjurb.f90
Warning: Nonexistent include directory "/pixel/project02/tcchen/WRFV3/chem"
1.20user 0.05system 0:01.27elapsed 99%CPU (0avgtext+0avgdata 63404maxresident)k
64inputs+1000outputs (0major+20177minor)pagefaults 0swaps
rm -f module_bl_boulac.o
/lib/cpp -P -I/pixel/project02/tcchen/WRFV3/inc -DEM_CORE=1 -DNMM_CORE=0 -DNMM_MAX_DIM=2600 -DCOAMPS_CORE=0 -DDA_CORE=0 -DEXP_CORE=0 -DIWORDSIZE=4 -DDWORDSIZE=8 -DRWORDSIZE=4 -DLWORDSIZE=4 -DNONSTANDARD_SYSTEM_SUBR  -DWRF_USE_CLM -DNO_IEEE_MODULE  -DNETCDF -DUSE_ALLOCATABLES -DGRIB1 -DINTIO -DKEEP_INT_AROUND -DLIMIT_ARGS -DCONFIG_BUF_LEN=65536 -DMAX_DOMAINS_F=21 -DMAX_HISTORY=25 -DNMM_NEST=0  -I. -traditional  -D_OPENMP module_bl_boulac.F  > module_bl_boulac.bb
/pixel/project02/tcchen/WRFV3/tools/standard.exe module_bl_boulac.bb | /lib/cpp -P -traditional > module_bl_boulac.f90
rm -f module_bl_boulac.b module_bl_boulac.bb
time gfortran -o module_bl_boulac.o -c -O2 -ftree-vectorize -funroll-loops -w -ffree-form -ffree-line-length-none -fconvert=big-endian -frecord-marker=4  -fopenmp -I../dyn_em -I../dyn_nmm   -I/pixel/project02/tcchen/WRFV3/external/esmf_time_f90  -I/pixel/project02/tcchen/WRFV3/main -I/pixel/project02/tcchen/WRFV3/external/io_netcdf -I/pixel/project02/tcchen/WRFV3/external/io_int -I/pixel/project02/tcchen/WRFV3/frame -I/pixel/project02/tcchen/WRFV3/share -I/pixel/project02/tcchen/WRFV3/phys -I/pixel/project02/tcchen/WRFV3/chem -I/pixel/project02/tcchen/WRFV3/inc -I/pixel/project02/tcchen/netcdf/netcdf_gnu//include    module_bl_boulac.f90
Warning: Nonexistent include directory "/pixel/project02/tcchen/WRFV3/chem"
3.67user 0.11system 0:03.80elapsed 99%CPU (0avgtext+0avgdata 164804maxresident)k
72inputs+2744outputs (0major+59223minor)pagefaults 0swaps
rm -f module_bl_mfshconvpbl.o
/lib/cpp -P -I/pixel/project02/tcchen/WRFV3/inc -DEM_CORE=1 -DNMM_CORE=0 -DNMM_MAX_DIM=2600 -DCOAMPS_CORE=0 -DDA_CORE=0 -DEXP_CORE=0 -DIWORDSIZE=4 -DDWORDSIZE=8 -DRWORDSIZE=4 -DLWORDSIZE=4 -DNONSTANDARD_SYSTEM_SUBR  -DWRF_USE_CLM -DNO_IEEE_MODULE  -DNETCDF -DUSE_ALLOCATABLES -DGRIB1 -DINTIO -DKEEP_INT_AROUND -DLIMIT_ARGS -DCONFIG_BUF_LEN=65536 -DMAX_DOMAINS_F=21 -DMAX_HISTORY=25 -DNMM_NEST=0  -I. -traditional  -D_OPENMP module_bl_mfshconvpbl.F  > module_bl_mfshconvpbl.bb
/pixel/project02/tcchen/WRFV3/tools/standard.exe module_bl_mfshconvpbl.bb | /lib/cpp -P -traditional > module_bl_mfshconvpbl.f90
rm -f module_bl_mfshconvpbl.b module_bl_mfshconvpbl.bb
time gfortran -o module_bl_mfshconvpbl.o -c -O2 -ftree-vectorize -funroll-loops -w -ffree-form -ffree-line-length-none -fconvert=big-endian -frecord-marker=4  -fopenmp -I../dyn_em -I../dyn_nmm   -I/pixel/project02/tcchen/WRFV3/external/esmf_time_f90  -I/pixel/project02/tcchen/WRFV3/main -I/pixel/project02/tcchen/WRFV3/external/io_netcdf -I/pixel/project02/tcchen/WRFV3/external/io_int -I/pixel/project02/tcchen/WRFV3/frame -I/pixel/project02/tcchen/WRFV3/share -I/pixel/project02/tcchen/WRFV3/phys -I/pixel/project02/tcchen/WRFV3/chem -I/pixel/project02/tcchen/WRFV3/inc -I/pixel/project02/tcchen/netcdf/netcdf_gnu//include    module_bl_mfshconvpbl.f90
Warning: Nonexistent include directory "/pixel/project02/tcchen/WRFV3/chem"
1.42user 0.06system 0:01.49elapsed 99%CPU (0avgtext+0avgdata 73696maxresident)k
64inputs+928outputs (0major+23421minor)pagefaults 0swaps
rm -f module_shcu_grims.o
/lib/cpp -P -I/pixel/project02/tcchen/WRFV3/inc -DEM_CORE=1 -DNMM_CORE=0 -DNMM_MAX_DIM=2600 -DCOAMPS_CORE=0 -DDA_CORE=0 -DEXP_CORE=0 -DIWORDSIZE=4 -DDWORDSIZE=8 -DRWORDSIZE=4 -DLWORDSIZE=4 -DNONSTANDARD_SYSTEM_SUBR  -DWRF_USE_CLM -DNO_IEEE_MODULE  -DNETCDF -DUSE_ALLOCATABLES -DGRIB1 -DINTIO -DKEEP_INT_AROUND -DLIMIT_ARGS -DCONFIG_BUF_LEN=65536 -DMAX_DOMAINS_F=21 -DMAX_HISTORY=25 -DNMM_NEST=0  -I. -traditional  -D_OPENMP module_shcu_grims.F  > module_shcu_grims.bb
/pixel/project02/tcchen/WRFV3/tools/standard.exe module_shcu_grims.bb | /lib/cpp -P -traditional > module_shcu_grims.f90
rm -f module_shcu_grims.b module_shcu_grims.bb
time gfortran -o module_shcu_grims.o -c -O2 -ftree-vectorize -funroll-loops -w -ffree-form -ffree-line-length-none -fconvert=big-endian -frecord-marker=4  -fopenmp -I../dyn_em -I../dyn_nmm   -I/pixel/project02/tcchen/WRFV3/external/esmf_time_f90  -I/pixel/project02/tcchen/WRFV3/main -I/pixel/project02/tcchen/WRFV3/external/io_netcdf -I/pixel/project02/tcchen/WRFV3/external/io_int -I/pixel/project02/tcchen/WRFV3/frame -I/pixel/project02/tcchen/WRFV3/share -I/pixel/project02/tcchen/WRFV3/phys -I/pixel/project02/tcchen/WRFV3/chem -I/pixel/project02/tcchen/WRFV3/inc -I/pixel/project02/tcchen/netcdf/netcdf_gnu//include    module_shcu_grims.f90
Warning: Nonexistent include directory "/pixel/project02/tcchen/WRFV3/chem"
0.91user 0.04system 0:00.95elapsed 99%CPU (0avgtext+0avgdata 47928maxresident)k
64inputs+784outputs (0major+15864minor)pagefaults 0swaps
rm -f module_bl_temf.o
/lib/cpp -P -I/pixel/project02/tcchen/WRFV3/inc -DEM_CORE=1 -DNMM_CORE=0 -DNMM_MAX_DIM=2600 -DCOAMPS_CORE=0 -DDA_CORE=0 -DEXP_CORE=0 -DIWORDSIZE=4 -DDWORDSIZE=8 -DRWORDSIZE=4 -DLWORDSIZE=4 -DNONSTANDARD_SYSTEM_SUBR  -DWRF_USE_CLM -DNO_IEEE_MODULE  -DNETCDF -DUSE_ALLOCATABLES -DGRIB1 -DINTIO -DKEEP_INT_AROUND -DLIMIT_ARGS -DCONFIG_BUF_LEN=65536 -DMAX_DOMAINS_F=21 -DMAX_HISTORY=25 -DNMM_NEST=0  -I. -traditional  -D_OPENMP module_bl_temf.F  > module_bl_temf.bb
/pixel/project02/tcchen/WRFV3/tools/standard.exe module_bl_temf.bb | /lib/cpp -P -traditional > module_bl_temf.f90
rm -f module_bl_temf.b module_bl_temf.bb
time gfortran -o module_bl_temf.o -c -O2 -ftree-vectorize -funroll-loops -w -ffree-form -ffree-line-length-none -fconvert=big-endian -frecord-marker=4  -fopenmp -I../dyn_em -I../dyn_nmm   -I/pixel/project02/tcchen/WRFV3/external/esmf_time_f90  -I/pixel/project02/tcchen/WRFV3/main -I/pixel/project02/tcchen/WRFV3/external/io_netcdf -I/pixel/project02/tcchen/WRFV3/external/io_int -I/pixel/project02/tcchen/WRFV3/frame -I/pixel/project02/tcchen/WRFV3/share -I/pixel/project02/tcchen/WRFV3/phys -I/pixel/project02/tcchen/WRFV3/chem -I/pixel/project02/tcchen/WRFV3/inc -I/pixel/project02/tcchen/netcdf/netcdf_gnu//include    module_bl_temf.f90
Warning: Nonexistent include directory "/pixel/project02/tcchen/WRFV3/chem"
1.40user 0.06system 0:01.47elapsed 99%CPU (0avgtext+0avgdata 86924maxresident)k
64inputs+856outputs (0major+27892minor)pagefaults 0swaps
rm -f module_bl_gbmpbl.o
/lib/cpp -P -I/pixel/project02/tcchen/WRFV3/inc -DEM_CORE=1 -DNMM_CORE=0 -DNMM_MAX_DIM=2600 -DCOAMPS_CORE=0 -DDA_CORE=0 -DEXP_CORE=0 -DIWORDSIZE=4 -DDWORDSIZE=8 -DRWORDSIZE=4 -DLWORDSIZE=4 -DNONSTANDARD_SYSTEM_SUBR  -DWRF_USE_CLM -DNO_IEEE_MODULE  -DNETCDF -DUSE_ALLOCATABLES -DGRIB1 -DINTIO -DKEEP_INT_AROUND -DLIMIT_ARGS -DCONFIG_BUF_LEN=65536 -DMAX_DOMAINS_F=21 -DMAX_HISTORY=25 -DNMM_NEST=0  -I. -traditional  -D_OPENMP module_bl_gbmpbl.F  > module_bl_gbmpbl.bb
/pixel/project02/tcchen/WRFV3/tools/standard.exe module_bl_gbmpbl.bb | /lib/cpp -P -traditional > module_bl_gbmpbl.f90
rm -f module_bl_gbmpbl.b module_bl_gbmpbl.bb
time gfortran -o module_bl_gbmpbl.o -c -O2 -ftree-vectorize -funroll-loops -w -ffree-form -ffree-line-length-none -fconvert=big-endian -frecord-marker=4  -fopenmp -I../dyn_em -I../dyn_nmm   -I/pixel/project02/tcchen/WRFV3/external/esmf_time_f90  -I/pixel/project02/tcchen/WRFV3/main -I/pixel/project02/tcchen/WRFV3/external/io_netcdf -I/pixel/project02/tcchen/WRFV3/external/io_int -I/pixel/project02/tcchen/WRFV3/frame -I/pixel/project02/tcchen/WRFV3/share -I/pixel/project02/tcchen/WRFV3/phys -I/pixel/project02/tcchen/WRFV3/chem -I/pixel/project02/tcchen/WRFV3/inc -I/pixel/project02/tcchen/netcdf/netcdf_gnu//include    module_bl_gbmpbl.f90
Warning: Nonexistent include directory "/pixel/project02/tcchen/WRFV3/chem"
1.54user 0.09system 0:01.64elapsed 99%CPU (0avgtext+0avgdata 108368maxresident)k
64inputs+648outputs (0major+32148minor)pagefaults 0swaps
rm -f module_cu_g3.o
/lib/cpp -P -I/pixel/project02/tcchen/WRFV3/inc -DEM_CORE=1 -DNMM_CORE=0 -DNMM_MAX_DIM=2600 -DCOAMPS_CORE=0 -DDA_CORE=0 -DEXP_CORE=0 -DIWORDSIZE=4 -DDWORDSIZE=8 -DRWORDSIZE=4 -DLWORDSIZE=4 -DNONSTANDARD_SYSTEM_SUBR  -DWRF_USE_CLM -DNO_IEEE_MODULE  -DNETCDF -DUSE_ALLOCATABLES -DGRIB1 -DINTIO -DKEEP_INT_AROUND -DLIMIT_ARGS -DCONFIG_BUF_LEN=65536 -DMAX_DOMAINS_F=21 -DMAX_HISTORY=25 -DNMM_NEST=0  -I. -traditional  -D_OPENMP module_cu_g3.F  > module_cu_g3.bb
/pixel/project02/tcchen/WRFV3/tools/standard.exe module_cu_g3.bb | /lib/cpp -P -traditional > module_cu_g3.f90
rm -f module_cu_g3.b module_cu_g3.bb
time gfortran -o module_cu_g3.o -c -O2 -ftree-vectorize -funroll-loops -w -ffree-form -ffree-line-length-none -fconvert=big-endian -frecord-marker=4  -fopenmp -I../dyn_em -I../dyn_nmm   -I/pixel/project02/tcchen/WRFV3/external/esmf_time_f90  -I/pixel/project02/tcchen/WRFV3/main -I/pixel/project02/tcchen/WRFV3/external/io_netcdf -I/pixel/project02/tcchen/WRFV3/external/io_int -I/pixel/project02/tcchen/WRFV3/frame -I/pixel/project02/tcchen/WRFV3/share -I/pixel/project02/tcchen/WRFV3/phys -I/pixel/project02/tcchen/WRFV3/chem -I/pixel/project02/tcchen/WRFV3/inc -I/pixel/project02/tcchen/netcdf/netcdf_gnu//include    module_cu_g3.f90
Warning: Nonexistent include directory "/pixel/project02/tcchen/WRFV3/chem"
4.47user 0.17system 0:04.65elapsed 99%CPU (0avgtext+0avgdata 195996maxresident)k
72inputs+3104outputs (0major+85946minor)pagefaults 0swaps
rm -f module_cu_kf.o
/lib/cpp -P -I/pixel/project02/tcchen/WRFV3/inc -DEM_CORE=1 -DNMM_CORE=0 -DNMM_MAX_DIM=2600 -DCOAMPS_CORE=0 -DDA_CORE=0 -DEXP_CORE=0 -DIWORDSIZE=4 -DDWORDSIZE=8 -DRWORDSIZE=4 -DLWORDSIZE=4 -DNONSTANDARD_SYSTEM_SUBR  -DWRF_USE_CLM -DNO_IEEE_MODULE  -DNETCDF -DUSE_ALLOCATABLES -DGRIB1 -DINTIO -DKEEP_INT_AROUND -DLIMIT_ARGS -DCONFIG_BUF_LEN=65536 -DMAX_DOMAINS_F=21 -DMAX_HISTORY=25 -DNMM_NEST=0  -I. -traditional  -D_OPENMP module_cu_kf.F  > module_cu_kf.bb
/pixel/project02/tcchen/WRFV3/tools/standard.exe module_cu_kf.bb | /lib/cpp -P -traditional > module_cu_kf.f90
rm -f module_cu_kf.b module_cu_kf.bb
time gfortran -o module_cu_kf.o -c -O2 -ftree-vectorize -funroll-loops -w -ffree-form -ffree-line-length-none -fconvert=big-endian -frecord-marker=4  -fopenmp -I../dyn_em -I../dyn_nmm   -I/pixel/project02/tcchen/WRFV3/external/esmf_time_f90  -I/pixel/project02/tcchen/WRFV3/main -I/pixel/project02/tcchen/WRFV3/external/io_netcdf -I/pixel/project02/tcchen/WRFV3/external/io_int -I/pixel/project02/tcchen/WRFV3/frame -I/pixel/project02/tcchen/WRFV3/share -I/pixel/project02/tcchen/WRFV3/phys -I/pixel/project02/tcchen/WRFV3/chem -I/pixel/project02/tcchen/WRFV3/inc -I/pixel/project02/tcchen/netcdf/netcdf_gnu//include    module_cu_kf.f90
Warning: Nonexistent include directory "/pixel/project02/tcchen/WRFV3/chem"
10.41user 0.35system 0:10.78elapsed 99%CPU (0avgtext+0avgdata 364908maxresident)k
64inputs+5344outputs (0major+186468minor)pagefaults 0swaps
rm -f module_cu_bmj.o
/lib/cpp -P -I/pixel/project02/tcchen/WRFV3/inc -DEM_CORE=1 -DNMM_CORE=0 -DNMM_MAX_DIM=2600 -DCOAMPS_CORE=0 -DDA_CORE=0 -DEXP_CORE=0 -DIWORDSIZE=4 -DDWORDSIZE=8 -DRWORDSIZE=4 -DLWORDSIZE=4 -DNONSTANDARD_SYSTEM_SUBR  -DWRF_USE_CLM -DNO_IEEE_MODULE  -DNETCDF -DUSE_ALLOCATABLES -DGRIB1 -DINTIO -DKEEP_INT_AROUND -DLIMIT_ARGS -DCONFIG_BUF_LEN=65536 -DMAX_DOMAINS_F=21 -DMAX_HISTORY=25 -DNMM_NEST=0  -I. -traditional  -D_OPENMP module_cu_bmj.F  > module_cu_bmj.bb
/pixel/project02/tcchen/WRFV3/tools/standard.exe module_cu_bmj.bb | /lib/cpp -P -traditional > module_cu_bmj.f90
rm -f module_cu_bmj.b module_cu_bmj.bb
time gfortran -o module_cu_bmj.o -c -O2 -ftree-vectorize -funroll-loops -w -ffree-form -ffree-line-length-none -fconvert=big-endian -frecord-marker=4  -fopenmp -I../dyn_em -I../dyn_nmm   -I/pixel/project02/tcchen/WRFV3/external/esmf_time_f90  -I/pixel/project02/tcchen/WRFV3/main -I/pixel/project02/tcchen/WRFV3/external/io_netcdf -I/pixel/project02/tcchen/WRFV3/external/io_int -I/pixel/project02/tcchen/WRFV3/frame -I/pixel/project02/tcchen/WRFV3/share -I/pixel/project02/tcchen/WRFV3/phys -I/pixel/project02/tcchen/WRFV3/chem -I/pixel/project02/tcchen/WRFV3/inc -I/pixel/project02/tcchen/netcdf/netcdf_gnu//include    module_cu_bmj.f90
Warning: Nonexistent include directory "/pixel/project02/tcchen/WRFV3/chem"
1.05user 0.04system 0:01.10elapsed 99%CPU (0avgtext+0avgdata 49784maxresident)k
64inputs+776outputs (0major+16183minor)pagefaults 0swaps
rm -f module_cu_kfeta.o
/lib/cpp -P -I/pixel/project02/tcchen/WRFV3/inc -DEM_CORE=1 -DNMM_CORE=0 -DNMM_MAX_DIM=2600 -DCOAMPS_CORE=0 -DDA_CORE=0 -DEXP_CORE=0 -DIWORDSIZE=4 -DDWORDSIZE=8 -DRWORDSIZE=4 -DLWORDSIZE=4 -DNONSTANDARD_SYSTEM_SUBR  -DWRF_USE_CLM -DNO_IEEE_MODULE  -DNETCDF -DUSE_ALLOCATABLES -DGRIB1 -DINTIO -DKEEP_INT_AROUND -DLIMIT_ARGS -DCONFIG_BUF_LEN=65536 -DMAX_DOMAINS_F=21 -DMAX_HISTORY=25 -DNMM_NEST=0  -I. -traditional  -D_OPENMP module_cu_kfeta.F  > module_cu_kfeta.bb
/pixel/project02/tcchen/WRFV3/tools/standard.exe module_cu_kfeta.bb | /lib/cpp -P -traditional > module_cu_kfeta.f90
rm -f module_cu_kfeta.b module_cu_kfeta.bb
time gfortran -o module_cu_kfeta.o -c -O2 -ftree-vectorize -funroll-loops -w -ffree-form -ffree-line-length-none -fconvert=big-endian -frecord-marker=4  -fopenmp -I../dyn_em -I../dyn_nmm   -I/pixel/project02/tcchen/WRFV3/external/esmf_time_f90  -I/pixel/project02/tcchen/WRFV3/main -I/pixel/project02/tcchen/WRFV3/external/io_netcdf -I/pixel/project02/tcchen/WRFV3/external/io_int -I/pixel/project02/tcchen/WRFV3/frame -I/pixel/project02/tcchen/WRFV3/share -I/pixel/project02/tcchen/WRFV3/phys -I/pixel/project02/tcchen/WRFV3/chem -I/pixel/project02/tcchen/WRFV3/inc -I/pixel/project02/tcchen/netcdf/netcdf_gnu//include    module_cu_kfeta.f90
Warning: Nonexistent include directory "/pixel/project02/tcchen/WRFV3/chem"
1.98user 0.08system 0:02.08elapsed 99%CPU (0avgtext+0avgdata 96820maxresident)k
64inputs+1248outputs (0major+34669minor)pagefaults 0swaps
rm -f module_cu_mskf.o
/lib/cpp -P -I/pixel/project02/tcchen/WRFV3/inc -DEM_CORE=1 -DNMM_CORE=0 -DNMM_MAX_DIM=2600 -DCOAMPS_CORE=0 -DDA_CORE=0 -DEXP_CORE=0 -DIWORDSIZE=4 -DDWORDSIZE=8 -DRWORDSIZE=4 -DLWORDSIZE=4 -DNONSTANDARD_SYSTEM_SUBR  -DWRF_USE_CLM -DNO_IEEE_MODULE  -DNETCDF -DUSE_ALLOCATABLES -DGRIB1 -DINTIO -DKEEP_INT_AROUND -DLIMIT_ARGS -DCONFIG_BUF_LEN=65536 -DMAX_DOMAINS_F=21 -DMAX_HISTORY=25 -DNMM_NEST=0  -I. -traditional  -D_OPENMP module_cu_mskf.F  > module_cu_mskf.bb
/pixel/project02/tcchen/WRFV3/tools/standard.exe module_cu_mskf.bb | /lib/cpp -P -traditional > module_cu_mskf.f90
rm -f module_cu_mskf.b module_cu_mskf.bb
time gfortran -o module_cu_mskf.o -c -O2 -ftree-vectorize -funroll-loops -w -ffree-form -ffree-line-length-none -fconvert=big-endian -frecord-marker=4  -fopenmp -I../dyn_em -I../dyn_nmm   -I/pixel/project02/tcchen/WRFV3/external/esmf_time_f90  -I/pixel/project02/tcchen/WRFV3/main -I/pixel/project02/tcchen/WRFV3/external/io_netcdf -I/pixel/project02/tcchen/WRFV3/external/io_int -I/pixel/project02/tcchen/WRFV3/frame -I/pixel/project02/tcchen/WRFV3/share -I/pixel/project02/tcchen/WRFV3/phys -I/pixel/project02/tcchen/WRFV3/chem -I/pixel/project02/tcchen/WRFV3/inc -I/pixel/project02/tcchen/netcdf/netcdf_gnu//include    module_cu_mskf.f90
Warning: Nonexistent include directory "/pixel/project02/tcchen/WRFV3/chem"
2.43user 0.09system 0:02.53elapsed 99%CPU (0avgtext+0avgdata 134104maxresident)k
64inputs+1592outputs (0major+55534minor)pagefaults 0swaps
rm -f module_cu_ntiedtke.o
/lib/cpp -P -I/pixel/project02/tcchen/WRFV3/inc -DEM_CORE=1 -DNMM_CORE=0 -DNMM_MAX_DIM=2600 -DCOAMPS_CORE=0 -DDA_CORE=0 -DEXP_CORE=0 -DIWORDSIZE=4 -DDWORDSIZE=8 -DRWORDSIZE=4 -DLWORDSIZE=4 -DNONSTANDARD_SYSTEM_SUBR  -DWRF_USE_CLM -DNO_IEEE_MODULE  -DNETCDF -DUSE_ALLOCATABLES -DGRIB1 -DINTIO -DKEEP_INT_AROUND -DLIMIT_ARGS -DCONFIG_BUF_LEN=65536 -DMAX_DOMAINS_F=21 -DMAX_HISTORY=25 -DNMM_NEST=0  -I. -traditional  -D_OPENMP module_cu_ntiedtke.F  > module_cu_ntiedtke.bb
2.69user 0.11system 0:02.81elapsed 99%CPU (0avgtext+0avgdata 129808maxresident)k
64inputs+1552outputs (0major+56929minor)pagefaults 0swaps
rm -f module_cu_gd.o
/lib/cpp -P -I/pixel/project02/tcchen/WRFV3/inc -DEM_CORE=1 -DNMM_CORE=0 -DNMM_MAX_DIM=2600 -DCOAMPS_CORE=0 -DDA_CORE=0 -DEXP_CORE=0 -DIWORDSIZE=4 -DDWORDSIZE=8 -DRWORDSIZE=4 -DLWORDSIZE=4 -DNONSTANDARD_SYSTEM_SUBR  -DWRF_USE_CLM -DNO_IEEE_MODULE  -DNETCDF -DUSE_ALLOCATABLES -DGRIB1 -DINTIO -DKEEP_INT_AROUND -DLIMIT_ARGS -DCONFIG_BUF_LEN=65536 -DMAX_DOMAINS_F=21 -DMAX_HISTORY=25 -DNMM_NEST=0  -I. -traditional  -D_OPENMP module_cu_gd.F  > module_cu_gd.bb
/pixel/project02/tcchen/WRFV3/tools/standard.exe module_cu_ntiedtke.bb | /lib/cpp -P -traditional > module_cu_ntiedtke.f90
/pixel/project02/tcchen/WRFV3/tools/standard.exe module_cu_gd.bb | /lib/cpp -P -traditional > module_cu_gd.f90
rm -f module_cu_ntiedtke.b module_cu_ntiedtke.bb
time gfortran -o module_cu_ntiedtke.o -c -O2 -ftree-vectorize -funroll-loops -w -ffree-form -ffree-line-length-none -fconvert=big-endian -frecord-marker=4  -fopenmp -I../dyn_em -I../dyn_nmm   -I/pixel/project02/tcchen/WRFV3/external/esmf_time_f90  -I/pixel/project02/tcchen/WRFV3/main -I/pixel/project02/tcchen/WRFV3/external/io_netcdf -I/pixel/project02/tcchen/WRFV3/external/io_int -I/pixel/project02/tcchen/WRFV3/frame -I/pixel/project02/tcchen/WRFV3/share -I/pixel/project02/tcchen/WRFV3/phys -I/pixel/project02/tcchen/WRFV3/chem -I/pixel/project02/tcchen/WRFV3/inc -I/pixel/project02/tcchen/netcdf/netcdf_gnu//include    module_cu_ntiedtke.f90
rm -f module_cu_gd.b module_cu_gd.bb
Warning: Nonexistent include directory "/pixel/project02/tcchen/WRFV3/chem"
time gfortran -o module_cu_gd.o -c -O2 -ftree-vectorize -funroll-loops -w -ffree-form -ffree-line-length-none -fconvert=big-endian -frecord-marker=4  -fopenmp -I../dyn_em -I../dyn_nmm   -I/pixel/project02/tcchen/WRFV3/external/esmf_time_f90  -I/pixel/project02/tcchen/WRFV3/main -I/pixel/project02/tcchen/WRFV3/external/io_netcdf -I/pixel/project02/tcchen/WRFV3/external/io_int -I/pixel/project02/tcchen/WRFV3/frame -I/pixel/project02/tcchen/WRFV3/share -I/pixel/project02/tcchen/WRFV3/phys -I/pixel/project02/tcchen/WRFV3/chem -I/pixel/project02/tcchen/WRFV3/inc -I/pixel/project02/tcchen/netcdf/netcdf_gnu//include    module_cu_gd.f90
Warning: Nonexistent include directory "/pixel/project02/tcchen/WRFV3/chem"
2.68user 0.11system 0:02.80elapsed 99%CPU (0avgtext+0avgdata 136284maxresident)k
64inputs+2472outputs (0major+52407minor)pagefaults 0swaps
rm -f module_cu_gf.o
/lib/cpp -P -I/pixel/project02/tcchen/WRFV3/inc -DEM_CORE=1 -DNMM_CORE=0 -DNMM_MAX_DIM=2600 -DCOAMPS_CORE=0 -DDA_CORE=0 -DEXP_CORE=0 -DIWORDSIZE=4 -DDWORDSIZE=8 -DRWORDSIZE=4 -DLWORDSIZE=4 -DNONSTANDARD_SYSTEM_SUBR  -DWRF_USE_CLM -DNO_IEEE_MODULE  -DNETCDF -DUSE_ALLOCATABLES -DGRIB1 -DINTIO -DKEEP_INT_AROUND -DLIMIT_ARGS -DCONFIG_BUF_LEN=65536 -DMAX_DOMAINS_F=21 -DMAX_HISTORY=25 -DNMM_NEST=0  -I. -traditional  -D_OPENMP module_cu_gf.F  > module_cu_gf.bb
/pixel/project02/tcchen/WRFV3/tools/standard.exe module_cu_gf.bb | /lib/cpp -P -traditional > module_cu_gf.f90
rm -f module_cu_gf.b module_cu_gf.bb
time gfortran -o module_cu_gf.o -c -O2 -ftree-vectorize -funroll-loops -w -ffree-form -ffree-line-length-none -fconvert=big-endian -frecord-marker=4  -fopenmp -I../dyn_em -I../dyn_nmm   -I/pixel/project02/tcchen/WRFV3/external/esmf_time_f90  -I/pixel/project02/tcchen/WRFV3/main -I/pixel/project02/tcchen/WRFV3/external/io_netcdf -I/pixel/project02/tcchen/WRFV3/external/io_int -I/pixel/project02/tcchen/WRFV3/frame -I/pixel/project02/tcchen/WRFV3/share -I/pixel/project02/tcchen/WRFV3/phys -I/pixel/project02/tcchen/WRFV3/chem -I/pixel/project02/tcchen/WRFV3/inc -I/pixel/project02/tcchen/netcdf/netcdf_gnu//include    module_cu_gf.f90
Warning: Nonexistent include directory "/pixel/project02/tcchen/WRFV3/chem"
2.85user 0.10system 0:02.96elapsed 99%CPU (0avgtext+0avgdata 128120maxresident)k
64inputs+2520outputs (0major+46106minor)pagefaults 0swaps
rm -f module_cu_nsas.o
/lib/cpp -P -I/pixel/project02/tcchen/WRFV3/inc -DEM_CORE=1 -DNMM_CORE=0 -DNMM_MAX_DIM=2600 -DCOAMPS_CORE=0 -DDA_CORE=0 -DEXP_CORE=0 -DIWORDSIZE=4 -DDWORDSIZE=8 -DRWORDSIZE=4 -DLWORDSIZE=4 -DNONSTANDARD_SYSTEM_SUBR  -DWRF_USE_CLM -DNO_IEEE_MODULE  -DNETCDF -DUSE_ALLOCATABLES -DGRIB1 -DINTIO -DKEEP_INT_AROUND -DLIMIT_ARGS -DCONFIG_BUF_LEN=65536 -DMAX_DOMAINS_F=21 -DMAX_HISTORY=25 -DNMM_NEST=0  -I. -traditional  -D_OPENMP module_cu_nsas.F  > module_cu_nsas.bb
/pixel/project02/tcchen/WRFV3/tools/standard.exe module_cu_nsas.bb | /lib/cpp -P -traditional > module_cu_nsas.f90
rm -f module_cu_nsas.b module_cu_nsas.bb
time gfortran -o module_cu_nsas.o -c -O2 -ftree-vectorize -funroll-loops -w -ffree-form -ffree-line-length-none -fconvert=big-endian -frecord-marker=4  -fopenmp -I../dyn_em -I../dyn_nmm   -I/pixel/project02/tcchen/WRFV3/external/esmf_time_f90  -I/pixel/project02/tcchen/WRFV3/main -I/pixel/project02/tcchen/WRFV3/external/io_netcdf -I/pixel/project02/tcchen/WRFV3/external/io_int -I/pixel/project02/tcchen/WRFV3/frame -I/pixel/project02/tcchen/WRFV3/share -I/pixel/project02/tcchen/WRFV3/phys -I/pixel/project02/tcchen/WRFV3/chem -I/pixel/project02/tcchen/WRFV3/inc -I/pixel/project02/tcchen/netcdf/netcdf_gnu//include    module_cu_nsas.f90
Warning: Nonexistent include directory "/pixel/project02/tcchen/WRFV3/chem"
4.40user 0.21system 0:04.63elapsed 99%CPU (0avgtext+0avgdata 241560maxresident)k
72inputs+2880outputs (0major+96817minor)pagefaults 0swaps
rm -f module_ra_sw.o
/lib/cpp -P -I/pixel/project02/tcchen/WRFV3/inc -DEM_CORE=1 -DNMM_CORE=0 -DNMM_MAX_DIM=2600 -DCOAMPS_CORE=0 -DDA_CORE=0 -DEXP_CORE=0 -DIWORDSIZE=4 -DDWORDSIZE=8 -DRWORDSIZE=4 -DLWORDSIZE=4 -DNONSTANDARD_SYSTEM_SUBR  -DWRF_USE_CLM -DNO_IEEE_MODULE  -DNETCDF -DUSE_ALLOCATABLES -DGRIB1 -DINTIO -DKEEP_INT_AROUND -DLIMIT_ARGS -DCONFIG_BUF_LEN=65536 -DMAX_DOMAINS_F=21 -DMAX_HISTORY=25 -DNMM_NEST=0  -I. -traditional  -D_OPENMP module_ra_sw.F  > module_ra_sw.bb
/pixel/project02/tcchen/WRFV3/tools/standard.exe module_ra_sw.bb | /lib/cpp -P -traditional > module_ra_sw.f90
4.35user 0.14system 0:04.50elapsed 99%CPU (0avgtext+0avgdata 161948maxresident)k
64inputs+2936outputs (0major+75860minor)pagefaults 0swaps
rm -f module_ra_gsfcsw.o
/lib/cpp -P -I/pixel/project02/tcchen/WRFV3/inc -DEM_CORE=1 -DNMM_CORE=0 -DNMM_MAX_DIM=2600 -DCOAMPS_CORE=0 -DDA_CORE=0 -DEXP_CORE=0 -DIWORDSIZE=4 -DDWORDSIZE=8 -DRWORDSIZE=4 -DLWORDSIZE=4 -DNONSTANDARD_SYSTEM_SUBR  -DWRF_USE_CLM -DNO_IEEE_MODULE  -DNETCDF -DUSE_ALLOCATABLES -DGRIB1 -DINTIO -DKEEP_INT_AROUND -DLIMIT_ARGS -DCONFIG_BUF_LEN=65536 -DMAX_DOMAINS_F=21 -DMAX_HISTORY=25 -DNMM_NEST=0  -I. -traditional  -D_OPENMP module_ra_gsfcsw.F  > module_ra_gsfcsw.bb
rm -f module_ra_sw.b module_ra_sw.bb
/pixel/project02/tcchen/WRFV3/tools/standard.exe module_ra_gsfcsw.bb | /lib/cpp -P -traditional > module_ra_gsfcsw.f90
time gfortran -o module_ra_sw.o -c -O2 -ftree-vectorize -funroll-loops -w -ffree-form -ffree-line-length-none -fconvert=big-endian -frecord-marker=4  -fopenmp -I../dyn_em -I../dyn_nmm   -I/pixel/project02/tcchen/WRFV3/external/esmf_time_f90  -I/pixel/project02/tcchen/WRFV3/main -I/pixel/project02/tcchen/WRFV3/external/io_netcdf -I/pixel/project02/tcchen/WRFV3/external/io_int -I/pixel/project02/tcchen/WRFV3/frame -I/pixel/project02/tcchen/WRFV3/share -I/pixel/project02/tcchen/WRFV3/phys -I/pixel/project02/tcchen/WRFV3/chem -I/pixel/project02/tcchen/WRFV3/inc -I/pixel/project02/tcchen/netcdf/netcdf_gnu//include    module_ra_sw.f90
Warning: Nonexistent include directory "/pixel/project02/tcchen/WRFV3/chem"
rm -f module_ra_gsfcsw.b module_ra_gsfcsw.bb
time gfortran -o module_ra_gsfcsw.o -c -O2 -ftree-vectorize -funroll-loops -w -ffree-form -ffree-line-length-none -fconvert=big-endian -frecord-marker=4  -fopenmp -I../dyn_em -I../dyn_nmm   -I/pixel/project02/tcchen/WRFV3/external/esmf_time_f90  -I/pixel/project02/tcchen/WRFV3/main -I/pixel/project02/tcchen/WRFV3/external/io_netcdf -I/pixel/project02/tcchen/WRFV3/external/io_int -I/pixel/project02/tcchen/WRFV3/frame -I/pixel/project02/tcchen/WRFV3/share -I/pixel/project02/tcchen/WRFV3/phys -I/pixel/project02/tcchen/WRFV3/chem -I/pixel/project02/tcchen/WRFV3/inc -I/pixel/project02/tcchen/netcdf/netcdf_gnu//include    module_ra_gsfcsw.f90
Warning: Nonexistent include directory "/pixel/project02/tcchen/WRFV3/chem"
0.57user 0.04system 0:00.62elapsed 99%CPU (0avgtext+0avgdata 33456maxresident)k
48inputs+360outputs (0major+11162minor)pagefaults 0swaps
rm -f module_ra_clWRF_support.o
/lib/cpp -P -I/pixel/project02/tcchen/WRFV3/inc -DEM_CORE=1 -DNMM_CORE=0 -DNMM_MAX_DIM=2600 -DCOAMPS_CORE=0 -DDA_CORE=0 -DEXP_CORE=0 -DIWORDSIZE=4 -DDWORDSIZE=8 -DRWORDSIZE=4 -DLWORDSIZE=4 -DNONSTANDARD_SYSTEM_SUBR  -DWRF_USE_CLM -DNO_IEEE_MODULE  -DNETCDF -DUSE_ALLOCATABLES -DGRIB1 -DINTIO -DKEEP_INT_AROUND -DLIMIT_ARGS -DCONFIG_BUF_LEN=65536 -DMAX_DOMAINS_F=21 -DMAX_HISTORY=25 -DNMM_NEST=0  -I. -traditional  -D_OPENMP module_ra_clWRF_support.F  > module_ra_clWRF_support.bb
/pixel/project02/tcchen/WRFV3/tools/standard.exe module_ra_clWRF_support.bb | /lib/cpp -P -traditional > module_ra_clWRF_support.f90
rm -f module_ra_clWRF_support.b module_ra_clWRF_support.bb
time gfortran -o module_ra_clWRF_support.o -c -O2 -ftree-vectorize -funroll-loops -w -ffree-form -ffree-line-length-none -fconvert=big-endian -frecord-marker=4  -fopenmp -I../dyn_em -I../dyn_nmm   -I/pixel/project02/tcchen/WRFV3/external/esmf_time_f90  -I/pixel/project02/tcchen/WRFV3/main -I/pixel/project02/tcchen/WRFV3/external/io_netcdf -I/pixel/project02/tcchen/WRFV3/external/io_int -I/pixel/project02/tcchen/WRFV3/frame -I/pixel/project02/tcchen/WRFV3/share -I/pixel/project02/tcchen/WRFV3/phys -I/pixel/project02/tcchen/WRFV3/chem -I/pixel/project02/tcchen/WRFV3/inc -I/pixel/project02/tcchen/netcdf/netcdf_gnu//include    module_ra_clWRF_support.f90
Warning: Nonexistent include directory "/pixel/project02/tcchen/WRFV3/chem"
0.25user 0.02system 0:00.28elapsed 98%CPU (0avgtext+0avgdata 22536maxresident)k
32inputs+232outputs (0major+8654minor)pagefaults 0swaps
rm -f module_mp_etanew.o
/lib/cpp -P -I/pixel/project02/tcchen/WRFV3/inc -DEM_CORE=1 -DNMM_CORE=0 -DNMM_MAX_DIM=2600 -DCOAMPS_CORE=0 -DDA_CORE=0 -DEXP_CORE=0 -DIWORDSIZE=4 -DDWORDSIZE=8 -DRWORDSIZE=4 -DLWORDSIZE=4 -DNONSTANDARD_SYSTEM_SUBR  -DWRF_USE_CLM -DNO_IEEE_MODULE  -DNETCDF -DUSE_ALLOCATABLES -DGRIB1 -DINTIO -DKEEP_INT_AROUND -DLIMIT_ARGS -DCONFIG_BUF_LEN=65536 -DMAX_DOMAINS_F=21 -DMAX_HISTORY=25 -DNMM_NEST=0  -I. -traditional  -D_OPENMP module_mp_etanew.F  > module_mp_etanew.bb
/pixel/project02/tcchen/WRFV3/tools/standard.exe module_mp_etanew.bb | /lib/cpp -P -traditional > module_mp_etanew.f90
rm -f module_mp_etanew.b module_mp_etanew.bb
time gfortran -o module_mp_etanew.o -c -O2 -ftree-vectorize -funroll-loops -w -ffree-form -ffree-line-length-none -fconvert=big-endian -frecord-marker=4  -fopenmp -I../dyn_em -I../dyn_nmm   -I/pixel/project02/tcchen/WRFV3/external/esmf_time_f90  -I/pixel/project02/tcchen/WRFV3/main -I/pixel/project02/tcchen/WRFV3/external/io_netcdf -I/pixel/project02/tcchen/WRFV3/external/io_int -I/pixel/project02/tcchen/WRFV3/frame -I/pixel/project02/tcchen/WRFV3/share -I/pixel/project02/tcchen/WRFV3/phys -I/pixel/project02/tcchen/WRFV3/chem -I/pixel/project02/tcchen/WRFV3/inc -I/pixel/project02/tcchen/netcdf/netcdf_gnu//include    module_mp_etanew.f90
Warning: Nonexistent include directory "/pixel/project02/tcchen/WRFV3/chem"
0.73user 0.03system 0:00.78elapsed 99%CPU (0avgtext+0avgdata 41124maxresident)k
64inputs+648outputs (0major+13338minor)pagefaults 0swaps
rm -f module_mp_HWRF.o
/lib/cpp -P -I/pixel/project02/tcchen/WRFV3/inc -DEM_CORE=1 -DNMM_CORE=0 -DNMM_MAX_DIM=2600 -DCOAMPS_CORE=0 -DDA_CORE=0 -DEXP_CORE=0 -DIWORDSIZE=4 -DDWORDSIZE=8 -DRWORDSIZE=4 -DLWORDSIZE=4 -DNONSTANDARD_SYSTEM_SUBR  -DWRF_USE_CLM -DNO_IEEE_MODULE  -DNETCDF -DUSE_ALLOCATABLES -DGRIB1 -DINTIO -DKEEP_INT_AROUND -DLIMIT_ARGS -DCONFIG_BUF_LEN=65536 -DMAX_DOMAINS_F=21 -DMAX_HISTORY=25 -DNMM_NEST=0  -I. -traditional  -D_OPENMP module_mp_HWRF.F  > module_mp_HWRF.bb
/pixel/project02/tcchen/WRFV3/tools/standard.exe module_mp_HWRF.bb | /lib/cpp -P -traditional > module_mp_HWRF.f90
rm -f module_mp_HWRF.b module_mp_HWRF.bb
time gfortran -o module_mp_HWRF.o -c -O2 -ftree-vectorize -funroll-loops -w -ffree-form -ffree-line-length-none -fconvert=big-endian -frecord-marker=4  -fopenmp -I../dyn_em -I../dyn_nmm   -I/pixel/project02/tcchen/WRFV3/external/esmf_time_f90  -I/pixel/project02/tcchen/WRFV3/main -I/pixel/project02/tcchen/WRFV3/external/io_netcdf -I/pixel/project02/tcchen/WRFV3/external/io_int -I/pixel/project02/tcchen/WRFV3/frame -I/pixel/project02/tcchen/WRFV3/share -I/pixel/project02/tcchen/WRFV3/phys -I/pixel/project02/tcchen/WRFV3/chem -I/pixel/project02/tcchen/WRFV3/inc -I/pixel/project02/tcchen/netcdf/netcdf_gnu//include    module_mp_HWRF.f90
Warning: Nonexistent include directory "/pixel/project02/tcchen/WRFV3/chem"
0.68user 0.03system 0:00.72elapsed 99%CPU (0avgtext+0avgdata 43260maxresident)k
64inputs+728outputs (0major+14027minor)pagefaults 0swaps
rm -f module_ra_hs.o
/lib/cpp -P -I/pixel/project02/tcchen/WRFV3/inc -DEM_CORE=1 -DNMM_CORE=0 -DNMM_MAX_DIM=2600 -DCOAMPS_CORE=0 -DDA_CORE=0 -DEXP_CORE=0 -DIWORDSIZE=4 -DDWORDSIZE=8 -DRWORDSIZE=4 -DLWORDSIZE=4 -DNONSTANDARD_SYSTEM_SUBR  -DWRF_USE_CLM -DNO_IEEE_MODULE  -DNETCDF -DUSE_ALLOCATABLES -DGRIB1 -DINTIO -DKEEP_INT_AROUND -DLIMIT_ARGS -DCONFIG_BUF_LEN=65536 -DMAX_DOMAINS_F=21 -DMAX_HISTORY=25 -DNMM_NEST=0  -I. -traditional  -D_OPENMP module_ra_hs.F  > module_ra_hs.bb
/pixel/project02/tcchen/WRFV3/tools/standard.exe module_ra_hs.bb | /lib/cpp -P -traditional > module_ra_hs.f90
rm -f module_ra_hs.b module_ra_hs.bb
time gfortran -o module_ra_hs.o -c -O2 -ftree-vectorize -funroll-loops -w -ffree-form -ffree-line-length-none -fconvert=big-endian -frecord-marker=4  -fopenmp -I../dyn_em -I../dyn_nmm   -I/pixel/project02/tcchen/WRFV3/external/esmf_time_f90  -I/pixel/project02/tcchen/WRFV3/main -I/pixel/project02/tcchen/WRFV3/external/io_netcdf -I/pixel/project02/tcchen/WRFV3/external/io_int -I/pixel/project02/tcchen/WRFV3/frame -I/pixel/project02/tcchen/WRFV3/share -I/pixel/project02/tcchen/WRFV3/phys -I/pixel/project02/tcchen/WRFV3/chem -I/pixel/project02/tcchen/WRFV3/inc -I/pixel/project02/tcchen/netcdf/netcdf_gnu//include    module_ra_hs.f90
Warning: Nonexistent include directory "/pixel/project02/tcchen/WRFV3/chem"
0.05user 0.01system 0:00.07elapsed 92%CPU (0avgtext+0avgdata 14128maxresident)k
0inputs+64outputs (0major+5923minor)pagefaults 0swaps
rm -f module_ra_goddard.o
/lib/cpp -P -I/pixel/project02/tcchen/WRFV3/inc -DEM_CORE=1 -DNMM_CORE=0 -DNMM_MAX_DIM=2600 -DCOAMPS_CORE=0 -DDA_CORE=0 -DEXP_CORE=0 -DIWORDSIZE=4 -DDWORDSIZE=8 -DRWORDSIZE=4 -DLWORDSIZE=4 -DNONSTANDARD_SYSTEM_SUBR  -DWRF_USE_CLM -DNO_IEEE_MODULE  -DNETCDF -DUSE_ALLOCATABLES -DGRIB1 -DINTIO -DKEEP_INT_AROUND -DLIMIT_ARGS -DCONFIG_BUF_LEN=65536 -DMAX_DOMAINS_F=21 -DMAX_HISTORY=25 -DNMM_NEST=0  -I. -traditional  -D_OPENMP module_ra_goddard.F  > module_ra_goddard.bb
/pixel/project02/tcchen/WRFV3/tools/standard.exe module_ra_goddard.bb | /lib/cpp -P -traditional > module_ra_goddard.f90
rm -f module_ra_goddard.b module_ra_goddard.bb
time gfortran -o module_ra_goddard.o -c -O2 -ftree-vectorize -funroll-loops -w -ffree-form -ffree-line-length-none -fconvert=big-endian -frecord-marker=4  -fopenmp -I../dyn_em -I../dyn_nmm   -I/pixel/project02/tcchen/WRFV3/external/esmf_time_f90  -I/pixel/project02/tcchen/WRFV3/main -I/pixel/project02/tcchen/WRFV3/external/io_netcdf -I/pixel/project02/tcchen/WRFV3/external/io_int -I/pixel/project02/tcchen/WRFV3/frame -I/pixel/project02/tcchen/WRFV3/share -I/pixel/project02/tcchen/WRFV3/phys -I/pixel/project02/tcchen/WRFV3/chem -I/pixel/project02/tcchen/WRFV3/inc -I/pixel/project02/tcchen/netcdf/netcdf_gnu//include    module_ra_goddard.f90
Warning: Nonexistent include directory "/pixel/project02/tcchen/WRFV3/chem"
2.82user 0.11system 0:02.94elapsed 99%CPU (0avgtext+0avgdata 119884maxresident)k
72inputs+1888outputs (0major+46859minor)pagefaults 0swaps
rm -f module_ra_flg.o
/lib/cpp -P -I/pixel/project02/tcchen/WRFV3/inc -DEM_CORE=1 -DNMM_CORE=0 -DNMM_MAX_DIM=2600 -DCOAMPS_CORE=0 -DDA_CORE=0 -DEXP_CORE=0 -DIWORDSIZE=4 -DDWORDSIZE=8 -DRWORDSIZE=4 -DLWORDSIZE=4 -DNONSTANDARD_SYSTEM_SUBR  -DWRF_USE_CLM -DNO_IEEE_MODULE  -DNETCDF -DUSE_ALLOCATABLES -DGRIB1 -DINTIO -DKEEP_INT_AROUND -DLIMIT_ARGS -DCONFIG_BUF_LEN=65536 -DMAX_DOMAINS_F=21 -DMAX_HISTORY=25 -DNMM_NEST=0  -I. -traditional  -D_OPENMP module_ra_flg.F  > module_ra_flg.bb
/pixel/project02/tcchen/WRFV3/tools/standard.exe module_ra_flg.bb | /lib/cpp -P -traditional > module_ra_flg.f90
rm -f module_ra_flg.b module_ra_flg.bb
time gfortran -o module_ra_flg.o -c -O2 -ftree-vectorize -funroll-loops -w -ffree-form -ffree-line-length-none -fconvert=big-endian -frecord-marker=4  -fopenmp -I../dyn_em -I../dyn_nmm   -I/pixel/project02/tcchen/WRFV3/external/esmf_time_f90  -I/pixel/project02/tcchen/WRFV3/main -I/pixel/project02/tcchen/WRFV3/external/io_netcdf -I/pixel/project02/tcchen/WRFV3/external/io_int -I/pixel/project02/tcchen/WRFV3/frame -I/pixel/project02/tcchen/WRFV3/share -I/pixel/project02/tcchen/WRFV3/phys -I/pixel/project02/tcchen/WRFV3/chem -I/pixel/project02/tcchen/WRFV3/inc -I/pixel/project02/tcchen/netcdf/netcdf_gnu//include    module_ra_flg.f90
Warning: Nonexistent include directory "/pixel/project02/tcchen/WRFV3/chem"
3.96user 0.16system 0:04.13elapsed 99%CPU (0avgtext+0avgdata 238728maxresident)k
248inputs+2864outputs (0major+87859minor)pagefaults 0swaps
rm -f module_ra_aerosol.o
/lib/cpp -P -I/pixel/project02/tcchen/WRFV3/inc -DEM_CORE=1 -DNMM_CORE=0 -DNMM_MAX_DIM=2600 -DCOAMPS_CORE=0 -DDA_CORE=0 -DEXP_CORE=0 -DIWORDSIZE=4 -DDWORDSIZE=8 -DRWORDSIZE=4 -DLWORDSIZE=4 -DNONSTANDARD_SYSTEM_SUBR  -DWRF_USE_CLM -DNO_IEEE_MODULE  -DNETCDF -DUSE_ALLOCATABLES -DGRIB1 -DINTIO -DKEEP_INT_AROUND -DLIMIT_ARGS -DCONFIG_BUF_LEN=65536 -DMAX_DOMAINS_F=21 -DMAX_HISTORY=25 -DNMM_NEST=0  -I. -traditional  -D_OPENMP module_ra_aerosol.F  > module_ra_aerosol.bb
/pixel/project02/tcchen/WRFV3/tools/standard.exe module_ra_aerosol.bb | /lib/cpp -P -traditional > module_ra_aerosol.f90
rm -f module_ra_aerosol.b module_ra_aerosol.bb
time gfortran -o module_ra_aerosol.o -c -O2 -ftree-vectorize -funroll-loops -w -ffree-form -ffree-line-length-none -fconvert=big-endian -frecord-marker=4  -fopenmp -I../dyn_em -I../dyn_nmm   -I/pixel/project02/tcchen/WRFV3/external/esmf_time_f90  -I/pixel/project02/tcchen/WRFV3/main -I/pixel/project02/tcchen/WRFV3/external/io_netcdf -I/pixel/project02/tcchen/WRFV3/external/io_int -I/pixel/project02/tcchen/WRFV3/frame -I/pixel/project02/tcchen/WRFV3/share -I/pixel/project02/tcchen/WRFV3/phys -I/pixel/project02/tcchen/WRFV3/chem -I/pixel/project02/tcchen/WRFV3/inc -I/pixel/project02/tcchen/netcdf/netcdf_gnu//include    module_ra_aerosol.f90
Warning: Nonexistent include directory "/pixel/project02/tcchen/WRFV3/chem"
4.47user 0.16system 0:04.70elapsed 98%CPU (0avgtext+0avgdata 192760maxresident)k
408inputs+5840outputs (0major+76706minor)pagefaults 0swaps
rm -f module_mp_radar.o
/lib/cpp -P -I/pixel/project02/tcchen/WRFV3/inc -DEM_CORE=1 -DNMM_CORE=0 -DNMM_MAX_DIM=2600 -DCOAMPS_CORE=0 -DDA_CORE=0 -DEXP_CORE=0 -DIWORDSIZE=4 -DDWORDSIZE=8 -DRWORDSIZE=4 -DLWORDSIZE=4 -DNONSTANDARD_SYSTEM_SUBR  -DWRF_USE_CLM -DNO_IEEE_MODULE  -DNETCDF -DUSE_ALLOCATABLES -DGRIB1 -DINTIO -DKEEP_INT_AROUND -DLIMIT_ARGS -DCONFIG_BUF_LEN=65536 -DMAX_DOMAINS_F=21 -DMAX_HISTORY=25 -DNMM_NEST=0  -I. -traditional  -D_OPENMP module_mp_radar.F  > module_mp_radar.bb
/pixel/project02/tcchen/WRFV3/tools/standard.exe module_mp_radar.bb | /lib/cpp -P -traditional > module_mp_radar.f90
rm -f module_mp_radar.b module_mp_radar.bb
time gfortran -o module_mp_radar.o -c -O2 -ftree-vectorize -funroll-loops -w -ffree-form -ffree-line-length-none -fconvert=big-endian -frecord-marker=4  -fopenmp -I../dyn_em -I../dyn_nmm   -I/pixel/project02/tcchen/WRFV3/external/esmf_time_f90  -I/pixel/project02/tcchen/WRFV3/main -I/pixel/project02/tcchen/WRFV3/external/io_netcdf -I/pixel/project02/tcchen/WRFV3/external/io_int -I/pixel/project02/tcchen/WRFV3/frame -I/pixel/project02/tcchen/WRFV3/share -I/pixel/project02/tcchen/WRFV3/phys -I/pixel/project02/tcchen/WRFV3/chem -I/pixel/project02/tcchen/WRFV3/inc -I/pixel/project02/tcchen/netcdf/netcdf_gnu//include    module_mp_radar.f90
Warning: Nonexistent include directory "/pixel/project02/tcchen/WRFV3/chem"
0.19user 0.02system 0:00.22elapsed 97%CPU (0avgtext+0avgdata 18852maxresident)k
32inputs+248outputs (0major+7340minor)pagefaults 0swaps
rm -f module_mp_kessler.o
/lib/cpp -P -I/pixel/project02/tcchen/WRFV3/inc -DEM_CORE=1 -DNMM_CORE=0 -DNMM_MAX_DIM=2600 -DCOAMPS_CORE=0 -DDA_CORE=0 -DEXP_CORE=0 -DIWORDSIZE=4 -DDWORDSIZE=8 -DRWORDSIZE=4 -DLWORDSIZE=4 -DNONSTANDARD_SYSTEM_SUBR  -DWRF_USE_CLM -DNO_IEEE_MODULE  -DNETCDF -DUSE_ALLOCATABLES -DGRIB1 -DINTIO -DKEEP_INT_AROUND -DLIMIT_ARGS -DCONFIG_BUF_LEN=65536 -DMAX_DOMAINS_F=21 -DMAX_HISTORY=25 -DNMM_NEST=0  -I. -traditional  -D_OPENMP module_mp_kessler.F  > module_mp_kessler.bb
/pixel/project02/tcchen/WRFV3/tools/standard.exe module_mp_kessler.bb | /lib/cpp -P -traditional > module_mp_kessler.f90
rm -f module_mp_kessler.b module_mp_kessler.bb
time gfortran -o module_mp_kessler.o -c -O2 -ftree-vectorize -funroll-loops -w -ffree-form -ffree-line-length-none -fconvert=big-endian -frecord-marker=4  -fopenmp -I../dyn_em -I../dyn_nmm   -I/pixel/project02/tcchen/WRFV3/external/esmf_time_f90  -I/pixel/project02/tcchen/WRFV3/main -I/pixel/project02/tcchen/WRFV3/external/io_netcdf -I/pixel/project02/tcchen/WRFV3/external/io_int -I/pixel/project02/tcchen/WRFV3/frame -I/pixel/project02/tcchen/WRFV3/share -I/pixel/project02/tcchen/WRFV3/phys -I/pixel/project02/tcchen/WRFV3/chem -I/pixel/project02/tcchen/WRFV3/inc -I/pixel/project02/tcchen/netcdf/netcdf_gnu//include    module_mp_kessler.f90
Warning: Nonexistent include directory "/pixel/project02/tcchen/WRFV3/chem"
0.23user 0.02system 0:00.26elapsed 97%CPU (0avgtext+0avgdata 22892maxresident)k
16inputs+160outputs (0major+8444minor)pagefaults 0swaps
rm -f module_mp_lin.o
/lib/cpp -P -I/pixel/project02/tcchen/WRFV3/inc -DEM_CORE=1 -DNMM_CORE=0 -DNMM_MAX_DIM=2600 -DCOAMPS_CORE=0 -DDA_CORE=0 -DEXP_CORE=0 -DIWORDSIZE=4 -DDWORDSIZE=8 -DRWORDSIZE=4 -DLWORDSIZE=4 -DNONSTANDARD_SYSTEM_SUBR  -DWRF_USE_CLM -DNO_IEEE_MODULE  -DNETCDF -DUSE_ALLOCATABLES -DGRIB1 -DINTIO -DKEEP_INT_AROUND -DLIMIT_ARGS -DCONFIG_BUF_LEN=65536 -DMAX_DOMAINS_F=21 -DMAX_HISTORY=25 -DNMM_NEST=0  -I. -traditional  -D_OPENMP module_mp_lin.F  > module_mp_lin.bb
/pixel/project02/tcchen/WRFV3/tools/standard.exe module_mp_lin.bb | /lib/cpp -P -traditional > module_mp_lin.f90
rm -f module_mp_lin.b module_mp_lin.bb
time gfortran -o module_mp_lin.o -c -O2 -ftree-vectorize -funroll-loops -w -ffree-form -ffree-line-length-none -fconvert=big-endian -frecord-marker=4  -fopenmp -I../dyn_em -I../dyn_nmm   -I/pixel/project02/tcchen/WRFV3/external/esmf_time_f90  -I/pixel/project02/tcchen/WRFV3/main -I/pixel/project02/tcchen/WRFV3/external/io_netcdf -I/pixel/project02/tcchen/WRFV3/external/io_int -I/pixel/project02/tcchen/WRFV3/frame -I/pixel/project02/tcchen/WRFV3/share -I/pixel/project02/tcchen/WRFV3/phys -I/pixel/project02/tcchen/WRFV3/chem -I/pixel/project02/tcchen/WRFV3/inc -I/pixel/project02/tcchen/netcdf/netcdf_gnu//include    module_mp_lin.f90
Warning: Nonexistent include directory "/pixel/project02/tcchen/WRFV3/chem"
1.53user 0.05system 0:01.60elapsed 99%CPU (0avgtext+0avgdata 73908maxresident)k
64inputs+1216outputs (0major+24086minor)pagefaults 0swaps
rm -f module_mp_sbu_ylin.o
/lib/cpp -P -I/pixel/project02/tcchen/WRFV3/inc -DEM_CORE=1 -DNMM_CORE=0 -DNMM_MAX_DIM=2600 -DCOAMPS_CORE=0 -DDA_CORE=0 -DEXP_CORE=0 -DIWORDSIZE=4 -DDWORDSIZE=8 -DRWORDSIZE=4 -DLWORDSIZE=4 -DNONSTANDARD_SYSTEM_SUBR  -DWRF_USE_CLM -DNO_IEEE_MODULE  -DNETCDF -DUSE_ALLOCATABLES -DGRIB1 -DINTIO -DKEEP_INT_AROUND -DLIMIT_ARGS -DCONFIG_BUF_LEN=65536 -DMAX_DOMAINS_F=21 -DMAX_HISTORY=25 -DNMM_NEST=0  -I. -traditional  -D_OPENMP module_mp_sbu_ylin.F  > module_mp_sbu_ylin.bb
/pixel/project02/tcchen/WRFV3/tools/standard.exe module_mp_sbu_ylin.bb | /lib/cpp -P -traditional > module_mp_sbu_ylin.f90
rm -f module_mp_sbu_ylin.b module_mp_sbu_ylin.bb
time gfortran -o module_mp_sbu_ylin.o -c -O2 -ftree-vectorize -funroll-loops -w -ffree-form -ffree-line-length-none -fconvert=big-endian -frecord-marker=4  -fopenmp -I../dyn_em -I../dyn_nmm   -I/pixel/project02/tcchen/WRFV3/external/esmf_time_f90  -I/pixel/project02/tcchen/WRFV3/main -I/pixel/project02/tcchen/WRFV3/external/io_netcdf -I/pixel/project02/tcchen/WRFV3/external/io_int -I/pixel/project02/tcchen/WRFV3/frame -I/pixel/project02/tcchen/WRFV3/share -I/pixel/project02/tcchen/WRFV3/phys -I/pixel/project02/tcchen/WRFV3/chem -I/pixel/project02/tcchen/WRFV3/inc -I/pixel/project02/tcchen/netcdf/netcdf_gnu//include    module_mp_sbu_ylin.f90
Warning: Nonexistent include directory "/pixel/project02/tcchen/WRFV3/chem"
0.72user 0.03system 0:00.76elapsed 99%CPU (0avgtext+0avgdata 43076maxresident)k
64inputs+576outputs (0major+14996minor)pagefaults 0swaps
rm -f module_mp_wsm3.o
/lib/cpp -P -I/pixel/project02/tcchen/WRFV3/inc -DEM_CORE=1 -DNMM_CORE=0 -DNMM_MAX_DIM=2600 -DCOAMPS_CORE=0 -DDA_CORE=0 -DEXP_CORE=0 -DIWORDSIZE=4 -DDWORDSIZE=8 -DRWORDSIZE=4 -DLWORDSIZE=4 -DNONSTANDARD_SYSTEM_SUBR  -DWRF_USE_CLM -DNO_IEEE_MODULE  -DNETCDF -DUSE_ALLOCATABLES -DGRIB1 -DINTIO -DKEEP_INT_AROUND -DLIMIT_ARGS -DCONFIG_BUF_LEN=65536 -DMAX_DOMAINS_F=21 -DMAX_HISTORY=25 -DNMM_NEST=0  -I. -traditional  -D_OPENMP module_mp_wsm3.F  > module_mp_wsm3.bb
/pixel/project02/tcchen/WRFV3/tools/standard.exe module_mp_wsm3.bb | /lib/cpp -P -traditional > module_mp_wsm3.f90
rm -f module_mp_wsm3.b module_mp_wsm3.bb
time gfortran -o module_mp_wsm3.o -c -O2 -ftree-vectorize -funroll-loops -w -ffree-form -ffree-line-length-none -fconvert=big-endian -frecord-marker=4  -fopenmp -I../dyn_em -I../dyn_nmm   -I/pixel/project02/tcchen/WRFV3/external/esmf_time_f90  -I/pixel/project02/tcchen/WRFV3/main -I/pixel/project02/tcchen/WRFV3/external/io_netcdf -I/pixel/project02/tcchen/WRFV3/external/io_int -I/pixel/project02/tcchen/WRFV3/frame -I/pixel/project02/tcchen/WRFV3/share -I/pixel/project02/tcchen/WRFV3/phys -I/pixel/project02/tcchen/WRFV3/chem -I/pixel/project02/tcchen/WRFV3/inc -I/pixel/project02/tcchen/netcdf/netcdf_gnu//include    module_mp_wsm3.f90
Warning: Nonexistent include directory "/pixel/project02/tcchen/WRFV3/chem"
1.37user 0.04system 0:01.42elapsed 99%CPU (0avgtext+0avgdata 61416maxresident)k
64inputs+1008outputs (0major+21088minor)pagefaults 0swaps
rm -f module_mp_wsm5.o
/lib/cpp -P -I/pixel/project02/tcchen/WRFV3/inc -DEM_CORE=1 -DNMM_CORE=0 -DNMM_MAX_DIM=2600 -DCOAMPS_CORE=0 -DDA_CORE=0 -DEXP_CORE=0 -DIWORDSIZE=4 -DDWORDSIZE=8 -DRWORDSIZE=4 -DLWORDSIZE=4 -DNONSTANDARD_SYSTEM_SUBR  -DWRF_USE_CLM -DNO_IEEE_MODULE  -DNETCDF -DUSE_ALLOCATABLES -DGRIB1 -DINTIO -DKEEP_INT_AROUND -DLIMIT_ARGS -DCONFIG_BUF_LEN=65536 -DMAX_DOMAINS_F=21 -DMAX_HISTORY=25 -DNMM_NEST=0  -I. -traditional  -D_OPENMP module_mp_wsm5.F  > module_mp_wsm5.bb
/pixel/project02/tcchen/WRFV3/tools/standard.exe module_mp_wsm5.bb | /lib/cpp -P -traditional > module_mp_wsm5.f90
rm -f module_mp_wsm5.b module_mp_wsm5.bb
time gfortran -o module_mp_wsm5.o -c -O2 -ftree-vectorize -funroll-loops -w -ffree-form -ffree-line-length-none -fconvert=big-endian -frecord-marker=4  -fopenmp -I../dyn_em -I../dyn_nmm   -I/pixel/project02/tcchen/WRFV3/external/esmf_time_f90  -I/pixel/project02/tcchen/WRFV3/main -I/pixel/project02/tcchen/WRFV3/external/io_netcdf -I/pixel/project02/tcchen/WRFV3/external/io_int -I/pixel/project02/tcchen/WRFV3/frame -I/pixel/project02/tcchen/WRFV3/share -I/pixel/project02/tcchen/WRFV3/phys -I/pixel/project02/tcchen/WRFV3/chem -I/pixel/project02/tcchen/WRFV3/inc -I/pixel/project02/tcchen/netcdf/netcdf_gnu//include    module_mp_wsm5.f90
Warning: Nonexistent include directory "/pixel/project02/tcchen/WRFV3/chem"
1.93user 0.07system 0:02.02elapsed 99%CPU (0avgtext+0avgdata 79800maxresident)k
64inputs+1224outputs (0major+25825minor)pagefaults 0swaps
rm -f module_mp_wsm6.o
/lib/cpp -P -I/pixel/project02/tcchen/WRFV3/inc -DEM_CORE=1 -DNMM_CORE=0 -DNMM_MAX_DIM=2600 -DCOAMPS_CORE=0 -DDA_CORE=0 -DEXP_CORE=0 -DIWORDSIZE=4 -DDWORDSIZE=8 -DRWORDSIZE=4 -DLWORDSIZE=4 -DNONSTANDARD_SYSTEM_SUBR  -DWRF_USE_CLM -DNO_IEEE_MODULE  -DNETCDF -DUSE_ALLOCATABLES -DGRIB1 -DINTIO -DKEEP_INT_AROUND -DLIMIT_ARGS -DCONFIG_BUF_LEN=65536 -DMAX_DOMAINS_F=21 -DMAX_HISTORY=25 -DNMM_NEST=0  -I. -traditional  -D_OPENMP module_mp_wsm6.F  > module_mp_wsm6.bb
/pixel/project02/tcchen/WRFV3/tools/standard.exe module_mp_wsm6.bb | /lib/cpp -P -traditional > module_mp_wsm6.f90
rm -f module_mp_wsm6.b module_mp_wsm6.bb
time gfortran -o module_mp_wsm6.o -c -O2 -ftree-vectorize -funroll-loops -w -ffree-form -ffree-line-length-none -fconvert=big-endian -frecord-marker=4  -fopenmp -I../dyn_em -I../dyn_nmm   -I/pixel/project02/tcchen/WRFV3/external/esmf_time_f90  -I/pixel/project02/tcchen/WRFV3/main -I/pixel/project02/tcchen/WRFV3/external/io_netcdf -I/pixel/project02/tcchen/WRFV3/external/io_int -I/pixel/project02/tcchen/WRFV3/frame -I/pixel/project02/tcchen/WRFV3/share -I/pixel/project02/tcchen/WRFV3/phys -I/pixel/project02/tcchen/WRFV3/chem -I/pixel/project02/tcchen/WRFV3/inc -I/pixel/project02/tcchen/netcdf/netcdf_gnu//include    module_mp_wsm6.f90
Warning: Nonexistent include directory "/pixel/project02/tcchen/WRFV3/chem"
1.91user 0.07system 0:01.99elapsed 99%CPU (0avgtext+0avgdata 99636maxresident)k
64inputs+1400outputs (0major+31788minor)pagefaults 0swaps
rm -f module_mp_fer_hires.o
/lib/cpp -P -I/pixel/project02/tcchen/WRFV3/inc -DEM_CORE=1 -DNMM_CORE=0 -DNMM_MAX_DIM=2600 -DCOAMPS_CORE=0 -DDA_CORE=0 -DEXP_CORE=0 -DIWORDSIZE=4 -DDWORDSIZE=8 -DRWORDSIZE=4 -DLWORDSIZE=4 -DNONSTANDARD_SYSTEM_SUBR  -DWRF_USE_CLM -DNO_IEEE_MODULE  -DNETCDF -DUSE_ALLOCATABLES -DGRIB1 -DINTIO -DKEEP_INT_AROUND -DLIMIT_ARGS -DCONFIG_BUF_LEN=65536 -DMAX_DOMAINS_F=21 -DMAX_HISTORY=25 -DNMM_NEST=0  -I. -traditional  -D_OPENMP module_mp_fer_hires.F  > module_mp_fer_hires.bb
/pixel/project02/tcchen/WRFV3/tools/standard.exe module_mp_fer_hires.bb | /lib/cpp -P -traditional > module_mp_fer_hires.f90
rm -f module_mp_fer_hires.b module_mp_fer_hires.bb
time gfortran -o module_mp_fer_hires.o -c -O2 -ftree-vectorize -funroll-loops -w -ffree-form -ffree-line-length-none -fconvert=big-endian -frecord-marker=4  -fopenmp -I../dyn_em -I../dyn_nmm   -I/pixel/project02/tcchen/WRFV3/external/esmf_time_f90  -I/pixel/project02/tcchen/WRFV3/main -I/pixel/project02/tcchen/WRFV3/external/io_netcdf -I/pixel/project02/tcchen/WRFV3/external/io_int -I/pixel/project02/tcchen/WRFV3/frame -I/pixel/project02/tcchen/WRFV3/share -I/pixel/project02/tcchen/WRFV3/phys -I/pixel/project02/tcchen/WRFV3/chem -I/pixel/project02/tcchen/WRFV3/inc -I/pixel/project02/tcchen/netcdf/netcdf_gnu//include    module_mp_fer_hires.f90
Warning: Nonexistent include directory "/pixel/project02/tcchen/WRFV3/chem"
1.06user 0.04system 0:01.11elapsed 99%CPU (0avgtext+0avgdata 47064maxresident)k
64inputs+816outputs (0major+15284minor)pagefaults 0swaps
rm -f module_mp_full_sbm.o
/lib/cpp -P -I/pixel/project02/tcchen/WRFV3/inc -DEM_CORE=1 -DNMM_CORE=0 -DNMM_MAX_DIM=2600 -DCOAMPS_CORE=0 -DDA_CORE=0 -DEXP_CORE=0 -DIWORDSIZE=4 -DDWORDSIZE=8 -DRWORDSIZE=4 -DLWORDSIZE=4 -DNONSTANDARD_SYSTEM_SUBR  -DWRF_USE_CLM -DNO_IEEE_MODULE  -DNETCDF -DUSE_ALLOCATABLES -DGRIB1 -DINTIO -DKEEP_INT_AROUND -DLIMIT_ARGS -DCONFIG_BUF_LEN=65536 -DMAX_DOMAINS_F=21 -DMAX_HISTORY=25 -DNMM_NEST=0  -I. -traditional  -D_OPENMP module_mp_full_sbm.F  > module_mp_full_sbm.bb
/pixel/project02/tcchen/WRFV3/tools/standard.exe module_mp_full_sbm.bb | /lib/cpp -P -traditional > module_mp_full_sbm.f90
rm -f module_mp_full_sbm.b module_mp_full_sbm.bb
time gfortran -o module_mp_full_sbm.o -c -O2 -ftree-vectorize -funroll-loops -w -ffree-form -ffree-line-length-none -fconvert=big-endian -frecord-marker=4  -fopenmp -I../dyn_em -I../dyn_nmm   -I/pixel/project02/tcchen/WRFV3/external/esmf_time_f90  -I/pixel/project02/tcchen/WRFV3/main -I/pixel/project02/tcchen/WRFV3/external/io_netcdf -I/pixel/project02/tcchen/WRFV3/external/io_int -I/pixel/project02/tcchen/WRFV3/frame -I/pixel/project02/tcchen/WRFV3/share -I/pixel/project02/tcchen/WRFV3/phys -I/pixel/project02/tcchen/WRFV3/chem -I/pixel/project02/tcchen/WRFV3/inc -I/pixel/project02/tcchen/netcdf/netcdf_gnu//include    module_mp_full_sbm.f90
Warning: Nonexistent include directory "/pixel/project02/tcchen/WRFV3/chem"
2.78user 0.10system 0:02.90elapsed 99%CPU (0avgtext+0avgdata 141600maxresident)k
64inputs+1944outputs (0major+51899minor)pagefaults 0swaps
rm -f module_mp_fast_sbm.o
/lib/cpp -P -I/pixel/project02/tcchen/WRFV3/inc -DEM_CORE=1 -DNMM_CORE=0 -DNMM_MAX_DIM=2600 -DCOAMPS_CORE=0 -DDA_CORE=0 -DEXP_CORE=0 -DIWORDSIZE=4 -DDWORDSIZE=8 -DRWORDSIZE=4 -DLWORDSIZE=4 -DNONSTANDARD_SYSTEM_SUBR  -DWRF_USE_CLM -DNO_IEEE_MODULE  -DNETCDF -DUSE_ALLOCATABLES -DGRIB1 -DINTIO -DKEEP_INT_AROUND -DLIMIT_ARGS -DCONFIG_BUF_LEN=65536 -DMAX_DOMAINS_F=21 -DMAX_HISTORY=25 -DNMM_NEST=0  -I. -traditional  -D_OPENMP module_mp_fast_sbm.F  > module_mp_fast_sbm.bb
/pixel/project02/tcchen/WRFV3/tools/standard.exe module_mp_fast_sbm.bb | /lib/cpp -P -traditional > module_mp_fast_sbm.f90
rm -f module_mp_fast_sbm.b module_mp_fast_sbm.bb
time gfortran -o module_mp_fast_sbm.o -c -O2 -ftree-vectorize -funroll-loops -w -ffree-form -ffree-line-length-none -fconvert=big-endian -frecord-marker=4  -fopenmp -I../dyn_em -I../dyn_nmm   -I/pixel/project02/tcchen/WRFV3/external/esmf_time_f90  -I/pixel/project02/tcchen/WRFV3/main -I/pixel/project02/tcchen/WRFV3/external/io_netcdf -I/pixel/project02/tcchen/WRFV3/external/io_int -I/pixel/project02/tcchen/WRFV3/frame -I/pixel/project02/tcchen/WRFV3/share -I/pixel/project02/tcchen/WRFV3/phys -I/pixel/project02/tcchen/WRFV3/chem -I/pixel/project02/tcchen/WRFV3/inc -I/pixel/project02/tcchen/netcdf/netcdf_gnu//include    module_mp_fast_sbm.f90
Warning: Nonexistent include directory "/pixel/project02/tcchen/WRFV3/chem"
3.53user 0.12system 0:03.66elapsed 99%CPU (0avgtext+0avgdata 180252maxresident)k
88inputs+3296outputs (0major+57122minor)pagefaults 0swaps
rm -f module_ltng_lpi.o
/lib/cpp -P -I/pixel/project02/tcchen/WRFV3/inc -DEM_CORE=1 -DNMM_CORE=0 -DNMM_MAX_DIM=2600 -DCOAMPS_CORE=0 -DDA_CORE=0 -DEXP_CORE=0 -DIWORDSIZE=4 -DDWORDSIZE=8 -DRWORDSIZE=4 -DLWORDSIZE=4 -DNONSTANDARD_SYSTEM_SUBR  -DWRF_USE_CLM -DNO_IEEE_MODULE  -DNETCDF -DUSE_ALLOCATABLES -DGRIB1 -DINTIO -DKEEP_INT_AROUND -DLIMIT_ARGS -DCONFIG_BUF_LEN=65536 -DMAX_DOMAINS_F=21 -DMAX_HISTORY=25 -DNMM_NEST=0  -I. -traditional  -D_OPENMP module_ltng_lpi.F  > module_ltng_lpi.bb
/pixel/project02/tcchen/WRFV3/tools/standard.exe module_ltng_lpi.bb | /lib/cpp -P -traditional > module_ltng_lpi.f90
rm -f module_ltng_lpi.b module_ltng_lpi.bb
time gfortran -o module_ltng_lpi.o -c -O2 -ftree-vectorize -funroll-loops -w -ffree-form -ffree-line-length-none -fconvert=big-endian -frecord-marker=4  -fopenmp -I../dyn_em -I../dyn_nmm   -I/pixel/project02/tcchen/WRFV3/external/esmf_time_f90  -I/pixel/project02/tcchen/WRFV3/main -I/pixel/project02/tcchen/WRFV3/external/io_netcdf -I/pixel/project02/tcchen/WRFV3/external/io_int -I/pixel/project02/tcchen/WRFV3/frame -I/pixel/project02/tcchen/WRFV3/share -I/pixel/project02/tcchen/WRFV3/phys -I/pixel/project02/tcchen/WRFV3/chem -I/pixel/project02/tcchen/WRFV3/inc -I/pixel/project02/tcchen/netcdf/netcdf_gnu//include    module_ltng_lpi.f90
Warning: Nonexistent include directory "/pixel/project02/tcchen/WRFV3/chem"
0.11user 0.02system 0:00.14elapsed 95%CPU (0avgtext+0avgdata 17756maxresident)k
16inputs+144outputs (0major+7309minor)pagefaults 0swaps
rm -f module_mp_gsfcgce.o
/lib/cpp -P -I/pixel/project02/tcchen/WRFV3/inc -DEM_CORE=1 -DNMM_CORE=0 -DNMM_MAX_DIM=2600 -DCOAMPS_CORE=0 -DDA_CORE=0 -DEXP_CORE=0 -DIWORDSIZE=4 -DDWORDSIZE=8 -DRWORDSIZE=4 -DLWORDSIZE=4 -DNONSTANDARD_SYSTEM_SUBR  -DWRF_USE_CLM -DNO_IEEE_MODULE  -DNETCDF -DUSE_ALLOCATABLES -DGRIB1 -DINTIO -DKEEP_INT_AROUND -DLIMIT_ARGS -DCONFIG_BUF_LEN=65536 -DMAX_DOMAINS_F=21 -DMAX_HISTORY=25 -DNMM_NEST=0  -I. -traditional  -D_OPENMP module_mp_gsfcgce.F  > module_mp_gsfcgce.bb
/pixel/project02/tcchen/WRFV3/tools/standard.exe module_mp_gsfcgce.bb | /lib/cpp -P -traditional > module_mp_gsfcgce.f90
rm -f module_mp_gsfcgce.b module_mp_gsfcgce.bb
time gfortran -o module_mp_gsfcgce.o -c -O2 -ftree-vectorize -funroll-loops -w -ffree-form -ffree-line-length-none -fconvert=big-endian -frecord-marker=4  -fopenmp -I../dyn_em -I../dyn_nmm   -I/pixel/project02/tcchen/WRFV3/external/esmf_time_f90  -I/pixel/project02/tcchen/WRFV3/main -I/pixel/project02/tcchen/WRFV3/external/io_netcdf -I/pixel/project02/tcchen/WRFV3/external/io_int -I/pixel/project02/tcchen/WRFV3/frame -I/pixel/project02/tcchen/WRFV3/share -I/pixel/project02/tcchen/WRFV3/phys -I/pixel/project02/tcchen/WRFV3/chem -I/pixel/project02/tcchen/WRFV3/inc -I/pixel/project02/tcchen/netcdf/netcdf_gnu//include    module_mp_gsfcgce.f90
Warning: Nonexistent include directory "/pixel/project02/tcchen/WRFV3/chem"
5.17user 0.17system 0:05.36elapsed 99%CPU (0avgtext+0avgdata 266376maxresident)k
104inputs+4584outputs (0major+91506minor)pagefaults 0swaps
rm -f module_mp_morr_two_moment.o
/lib/cpp -P -I/pixel/project02/tcchen/WRFV3/inc -DEM_CORE=1 -DNMM_CORE=0 -DNMM_MAX_DIM=2600 -DCOAMPS_CORE=0 -DDA_CORE=0 -DEXP_CORE=0 -DIWORDSIZE=4 -DDWORDSIZE=8 -DRWORDSIZE=4 -DLWORDSIZE=4 -DNONSTANDARD_SYSTEM_SUBR  -DWRF_USE_CLM -DNO_IEEE_MODULE  -DNETCDF -DUSE_ALLOCATABLES -DGRIB1 -DINTIO -DKEEP_INT_AROUND -DLIMIT_ARGS -DCONFIG_BUF_LEN=65536 -DMAX_DOMAINS_F=21 -DMAX_HISTORY=25 -DNMM_NEST=0  -I. -traditional  -D_OPENMP module_mp_morr_two_moment.F  > module_mp_morr_two_moment.bb
/pixel/project02/tcchen/WRFV3/tools/standard.exe module_mp_morr_two_moment.bb | /lib/cpp -P -traditional > module_mp_morr_two_moment.f90
rm -f module_mp_morr_two_moment.b module_mp_morr_two_moment.bb
time gfortran -o module_mp_morr_two_moment.o -c -O2 -ftree-vectorize -funroll-loops -w -ffree-form -ffree-line-length-none -fconvert=big-endian -frecord-marker=4  -fopenmp -I../dyn_em -I../dyn_nmm   -I/pixel/project02/tcchen/WRFV3/external/esmf_time_f90  -I/pixel/project02/tcchen/WRFV3/main -I/pixel/project02/tcchen/WRFV3/external/io_netcdf -I/pixel/project02/tcchen/WRFV3/external/io_int -I/pixel/project02/tcchen/WRFV3/frame -I/pixel/project02/tcchen/WRFV3/share -I/pixel/project02/tcchen/WRFV3/phys -I/pixel/project02/tcchen/WRFV3/chem -I/pixel/project02/tcchen/WRFV3/inc -I/pixel/project02/tcchen/netcdf/netcdf_gnu//include    module_mp_morr_two_moment.f90
Warning: Nonexistent include directory "/pixel/project02/tcchen/WRFV3/chem"
1.67user 0.06system 0:01.74elapsed 99%CPU (0avgtext+0avgdata 79448maxresident)k
72inputs+1144outputs (0major+28487minor)pagefaults 0swaps
rm -f module_mp_milbrandt2mom.o
/lib/cpp -P -I/pixel/project02/tcchen/WRFV3/inc -DEM_CORE=1 -DNMM_CORE=0 -DNMM_MAX_DIM=2600 -DCOAMPS_CORE=0 -DDA_CORE=0 -DEXP_CORE=0 -DIWORDSIZE=4 -DDWORDSIZE=8 -DRWORDSIZE=4 -DLWORDSIZE=4 -DNONSTANDARD_SYSTEM_SUBR  -DWRF_USE_CLM -DNO_IEEE_MODULE  -DNETCDF -DUSE_ALLOCATABLES -DGRIB1 -DINTIO -DKEEP_INT_AROUND -DLIMIT_ARGS -DCONFIG_BUF_LEN=65536 -DMAX_DOMAINS_F=21 -DMAX_HISTORY=25 -DNMM_NEST=0  -I. -traditional  -D_OPENMP module_mp_milbrandt2mom.F  > module_mp_milbrandt2mom.bb
/pixel/project02/tcchen/WRFV3/tools/standard.exe module_mp_milbrandt2mom.bb | /lib/cpp -P -traditional > module_mp_milbrandt2mom.f90
rm -f module_mp_milbrandt2mom.b module_mp_milbrandt2mom.bb
time gfortran -o module_mp_milbrandt2mom.o -c -O2 -ftree-vectorize -funroll-loops -w -ffree-form -ffree-line-length-none -fconvert=big-endian -frecord-marker=4  -fopenmp -I../dyn_em -I../dyn_nmm   -I/pixel/project02/tcchen/WRFV3/external/esmf_time_f90  -I/pixel/project02/tcchen/WRFV3/main -I/pixel/project02/tcchen/WRFV3/external/io_netcdf -I/pixel/project02/tcchen/WRFV3/external/io_int -I/pixel/project02/tcchen/WRFV3/frame -I/pixel/project02/tcchen/WRFV3/share -I/pixel/project02/tcchen/WRFV3/phys -I/pixel/project02/tcchen/WRFV3/chem -I/pixel/project02/tcchen/WRFV3/inc -I/pixel/project02/tcchen/netcdf/netcdf_gnu//include    module_mp_milbrandt2mom.f90
Warning: Nonexistent include directory "/pixel/project02/tcchen/WRFV3/chem"
2.05user 0.07system 0:02.14elapsed 99%CPU (0avgtext+0avgdata 92016maxresident)k
64inputs+1080outputs (0major+41021minor)pagefaults 0swaps
rm -f module_mp_nssl_2mom.o
/lib/cpp -P -I/pixel/project02/tcchen/WRFV3/inc -DEM_CORE=1 -DNMM_CORE=0 -DNMM_MAX_DIM=2600 -DCOAMPS_CORE=0 -DDA_CORE=0 -DEXP_CORE=0 -DIWORDSIZE=4 -DDWORDSIZE=8 -DRWORDSIZE=4 -DLWORDSIZE=4 -DNONSTANDARD_SYSTEM_SUBR  -DWRF_USE_CLM -DNO_IEEE_MODULE  -DNETCDF -DUSE_ALLOCATABLES -DGRIB1 -DINTIO -DKEEP_INT_AROUND -DLIMIT_ARGS -DCONFIG_BUF_LEN=65536 -DMAX_DOMAINS_F=21 -DMAX_HISTORY=25 -DNMM_NEST=0  -I. -traditional  -D_OPENMP module_mp_nssl_2mom.F  > module_mp_nssl_2mom.bb
/pixel/project02/tcchen/WRFV3/tools/standard.exe module_mp_nssl_2mom.bb | /lib/cpp -P -traditional > module_mp_nssl_2mom.f90
rm -f module_mp_nssl_2mom.b module_mp_nssl_2mom.bb
time gfortran -o module_mp_nssl_2mom.o -c -O2 -ftree-vectorize -funroll-loops -w -ffree-form -ffree-line-length-none -fconvert=big-endian -frecord-marker=4  -fopenmp -I../dyn_em -I../dyn_nmm   -I/pixel/project02/tcchen/WRFV3/external/esmf_time_f90  -I/pixel/project02/tcchen/WRFV3/main -I/pixel/project02/tcchen/WRFV3/external/io_netcdf -I/pixel/project02/tcchen/WRFV3/external/io_int -I/pixel/project02/tcchen/WRFV3/frame -I/pixel/project02/tcchen/WRFV3/share -I/pixel/project02/tcchen/WRFV3/phys -I/pixel/project02/tcchen/WRFV3/chem -I/pixel/project02/tcchen/WRFV3/inc -I/pixel/project02/tcchen/netcdf/netcdf_gnu//include    module_mp_nssl_2mom.f90
Warning: Nonexistent include directory "/pixel/project02/tcchen/WRFV3/chem"
3.34user 0.14system 0:03.50elapsed 99%CPU (0avgtext+0avgdata 217528maxresident)k
72inputs+1824outputs (0major+93484minor)pagefaults 0swaps
rm -f module_mp_wdm5.o
/lib/cpp -P -I/pixel/project02/tcchen/WRFV3/inc -DEM_CORE=1 -DNMM_CORE=0 -DNMM_MAX_DIM=2600 -DCOAMPS_CORE=0 -DDA_CORE=0 -DEXP_CORE=0 -DIWORDSIZE=4 -DDWORDSIZE=8 -DRWORDSIZE=4 -DLWORDSIZE=4 -DNONSTANDARD_SYSTEM_SUBR  -DWRF_USE_CLM -DNO_IEEE_MODULE  -DNETCDF -DUSE_ALLOCATABLES -DGRIB1 -DINTIO -DKEEP_INT_AROUND -DLIMIT_ARGS -DCONFIG_BUF_LEN=65536 -DMAX_DOMAINS_F=21 -DMAX_HISTORY=25 -DNMM_NEST=0  -I. -traditional  -D_OPENMP module_mp_wdm5.F  > module_mp_wdm5.bb
/pixel/project02/tcchen/WRFV3/tools/standard.exe module_mp_wdm5.bb | /lib/cpp -P -traditional > module_mp_wdm5.f90
rm -f module_mp_wdm5.b module_mp_wdm5.bb
time gfortran -o module_mp_wdm5.o -c -O2 -ftree-vectorize -funroll-loops -w -ffree-form -ffree-line-length-none -fconvert=big-endian -frecord-marker=4  -fopenmp -I../dyn_em -I../dyn_nmm   -I/pixel/project02/tcchen/WRFV3/external/esmf_time_f90  -I/pixel/project02/tcchen/WRFV3/main -I/pixel/project02/tcchen/WRFV3/external/io_netcdf -I/pixel/project02/tcchen/WRFV3/external/io_int -I/pixel/project02/tcchen/WRFV3/frame -I/pixel/project02/tcchen/WRFV3/share -I/pixel/project02/tcchen/WRFV3/phys -I/pixel/project02/tcchen/WRFV3/chem -I/pixel/project02/tcchen/WRFV3/inc -I/pixel/project02/tcchen/netcdf/netcdf_gnu//include    module_mp_wdm5.f90
Warning: Nonexistent include directory "/pixel/project02/tcchen/WRFV3/chem"
2.46user 0.10system 0:02.57elapsed 99%CPU (0avgtext+0avgdata 156028maxresident)k
64inputs+1704outputs (0major+48454minor)pagefaults 0swaps
rm -f module_mp_wdm6.o
/lib/cpp -P -I/pixel/project02/tcchen/WRFV3/inc -DEM_CORE=1 -DNMM_CORE=0 -DNMM_MAX_DIM=2600 -DCOAMPS_CORE=0 -DDA_CORE=0 -DEXP_CORE=0 -DIWORDSIZE=4 -DDWORDSIZE=8 -DRWORDSIZE=4 -DLWORDSIZE=4 -DNONSTANDARD_SYSTEM_SUBR  -DWRF_USE_CLM -DNO_IEEE_MODULE  -DNETCDF -DUSE_ALLOCATABLES -DGRIB1 -DINTIO -DKEEP_INT_AROUND -DLIMIT_ARGS -DCONFIG_BUF_LEN=65536 -DMAX_DOMAINS_F=21 -DMAX_HISTORY=25 -DNMM_NEST=0  -I. -traditional  -D_OPENMP module_mp_wdm6.F  > module_mp_wdm6.bb
/pixel/project02/tcchen/WRFV3/tools/standard.exe module_mp_wdm6.bb | /lib/cpp -P -traditional > module_mp_wdm6.f90
rm -f module_mp_wdm6.b module_mp_wdm6.bb
time gfortran -o module_mp_wdm6.o -c -O2 -ftree-vectorize -funroll-loops -w -ffree-form -ffree-line-length-none -fconvert=big-endian -frecord-marker=4  -fopenmp -I../dyn_em -I../dyn_nmm   -I/pixel/project02/tcchen/WRFV3/external/esmf_time_f90  -I/pixel/project02/tcchen/WRFV3/main -I/pixel/project02/tcchen/WRFV3/external/io_netcdf -I/pixel/project02/tcchen/WRFV3/external/io_int -I/pixel/project02/tcchen/WRFV3/frame -I/pixel/project02/tcchen/WRFV3/share -I/pixel/project02/tcchen/WRFV3/phys -I/pixel/project02/tcchen/WRFV3/chem -I/pixel/project02/tcchen/WRFV3/inc -I/pixel/project02/tcchen/netcdf/netcdf_gnu//include    module_mp_wdm6.f90
Warning: Nonexistent include directory "/pixel/project02/tcchen/WRFV3/chem"
3.82user 0.14system 0:03.98elapsed 99%CPU (0avgtext+0avgdata 224588maxresident)k
72inputs+2280outputs (0major+78341minor)pagefaults 0swaps
rm -f module_sf_sfclay.o
/lib/cpp -P -I/pixel/project02/tcchen/WRFV3/inc -DEM_CORE=1 -DNMM_CORE=0 -DNMM_MAX_DIM=2600 -DCOAMPS_CORE=0 -DDA_CORE=0 -DEXP_CORE=0 -DIWORDSIZE=4 -DDWORDSIZE=8 -DRWORDSIZE=4 -DLWORDSIZE=4 -DNONSTANDARD_SYSTEM_SUBR  -DWRF_USE_CLM -DNO_IEEE_MODULE  -DNETCDF -DUSE_ALLOCATABLES -DGRIB1 -DINTIO -DKEEP_INT_AROUND -DLIMIT_ARGS -DCONFIG_BUF_LEN=65536 -DMAX_DOMAINS_F=21 -DMAX_HISTORY=25 -DNMM_NEST=0  -I. -traditional  -D_OPENMP module_sf_sfclay.F  > module_sf_sfclay.bb
/pixel/project02/tcchen/WRFV3/tools/standard.exe module_sf_sfclay.bb | /lib/cpp -P -traditional > module_sf_sfclay.f90
rm -f module_sf_sfclay.b module_sf_sfclay.bb
time gfortran -o module_sf_sfclay.o -c -O2 -ftree-vectorize -funroll-loops -w -ffree-form -ffree-line-length-none -fconvert=big-endian -frecord-marker=4  -fopenmp -I../dyn_em -I../dyn_nmm   -I/pixel/project02/tcchen/WRFV3/external/esmf_time_f90  -I/pixel/project02/tcchen/WRFV3/main -I/pixel/project02/tcchen/WRFV3/external/io_netcdf -I/pixel/project02/tcchen/WRFV3/external/io_int -I/pixel/project02/tcchen/WRFV3/frame -I/pixel/project02/tcchen/WRFV3/share -I/pixel/project02/tcchen/WRFV3/phys -I/pixel/project02/tcchen/WRFV3/chem -I/pixel/project02/tcchen/WRFV3/inc -I/pixel/project02/tcchen/netcdf/netcdf_gnu//include    module_sf_sfclay.f90
Warning: Nonexistent include directory "/pixel/project02/tcchen/WRFV3/chem"
0.74user 0.05system 0:00.79elapsed 99%CPU (0avgtext+0avgdata 34148maxresident)k
64inputs+432outputs (0major+12898minor)pagefaults 0swaps
rm -f module_sf_sfclayrev.o
/lib/cpp -P -I/pixel/project02/tcchen/WRFV3/inc -DEM_CORE=1 -DNMM_CORE=0 -DNMM_MAX_DIM=2600 -DCOAMPS_CORE=0 -DDA_CORE=0 -DEXP_CORE=0 -DIWORDSIZE=4 -DDWORDSIZE=8 -DRWORDSIZE=4 -DLWORDSIZE=4 -DNONSTANDARD_SYSTEM_SUBR  -DWRF_USE_CLM -DNO_IEEE_MODULE  -DNETCDF -DUSE_ALLOCATABLES -DGRIB1 -DINTIO -DKEEP_INT_AROUND -DLIMIT_ARGS -DCONFIG_BUF_LEN=65536 -DMAX_DOMAINS_F=21 -DMAX_HISTORY=25 -DNMM_NEST=0  -I. -traditional  -D_OPENMP module_sf_sfclayrev.F  > module_sf_sfclayrev.bb
/pixel/project02/tcchen/WRFV3/tools/standard.exe module_sf_sfclayrev.bb | /lib/cpp -P -traditional > module_sf_sfclayrev.f90
rm -f module_sf_sfclayrev.b module_sf_sfclayrev.bb
time gfortran -o module_sf_sfclayrev.o -c -O2 -ftree-vectorize -funroll-loops -w -ffree-form -ffree-line-length-none -fconvert=big-endian -frecord-marker=4  -fopenmp -I../dyn_em -I../dyn_nmm   -I/pixel/project02/tcchen/WRFV3/external/esmf_time_f90  -I/pixel/project02/tcchen/WRFV3/main -I/pixel/project02/tcchen/WRFV3/external/io_netcdf -I/pixel/project02/tcchen/WRFV3/external/io_int -I/pixel/project02/tcchen/WRFV3/frame -I/pixel/project02/tcchen/WRFV3/share -I/pixel/project02/tcchen/WRFV3/phys -I/pixel/project02/tcchen/WRFV3/chem -I/pixel/project02/tcchen/WRFV3/inc -I/pixel/project02/tcchen/netcdf/netcdf_gnu//include    module_sf_sfclayrev.f90
Warning: Nonexistent include directory "/pixel/project02/tcchen/WRFV3/chem"
0.61user 0.03system 0:00.65elapsed 99%CPU (0avgtext+0avgdata 35996maxresident)k
64inputs+520outputs (0major+13359minor)pagefaults 0swaps
rm -f module_progtm.o
/lib/cpp -P -I/pixel/project02/tcchen/WRFV3/inc -DEM_CORE=1 -DNMM_CORE=0 -DNMM_MAX_DIM=2600 -DCOAMPS_CORE=0 -DDA_CORE=0 -DEXP_CORE=0 -DIWORDSIZE=4 -DDWORDSIZE=8 -DRWORDSIZE=4 -DLWORDSIZE=4 -DNONSTANDARD_SYSTEM_SUBR  -DWRF_USE_CLM -DNO_IEEE_MODULE  -DNETCDF -DUSE_ALLOCATABLES -DGRIB1 -DINTIO -DKEEP_INT_AROUND -DLIMIT_ARGS -DCONFIG_BUF_LEN=65536 -DMAX_DOMAINS_F=21 -DMAX_HISTORY=25 -DNMM_NEST=0  -I. -traditional  -D_OPENMP module_progtm.F  > module_progtm.bb
/pixel/project02/tcchen/WRFV3/tools/standard.exe module_progtm.bb | /lib/cpp -P -traditional > module_progtm.f90
rm -f module_progtm.b module_progtm.bb
time gfortran -o module_progtm.o -c -O2 -ftree-vectorize -funroll-loops -w -ffree-form -ffree-line-length-none -fconvert=big-endian -frecord-marker=4  -fopenmp -I../dyn_em -I../dyn_nmm   -I/pixel/project02/tcchen/WRFV3/external/esmf_time_f90  -I/pixel/project02/tcchen/WRFV3/main -I/pixel/project02/tcchen/WRFV3/external/io_netcdf -I/pixel/project02/tcchen/WRFV3/external/io_int -I/pixel/project02/tcchen/WRFV3/frame -I/pixel/project02/tcchen/WRFV3/share -I/pixel/project02/tcchen/WRFV3/phys -I/pixel/project02/tcchen/WRFV3/chem -I/pixel/project02/tcchen/WRFV3/inc -I/pixel/project02/tcchen/netcdf/netcdf_gnu//include    module_progtm.f90
Warning: Nonexistent include directory "/pixel/project02/tcchen/WRFV3/chem"
0.04user 0.01system 0:00.06elapsed 90%CPU (0avgtext+0avgdata 13020maxresident)k
8inputs+48outputs (0major+5621minor)pagefaults 0swaps
rm -f module_sf_exchcoef.o
/lib/cpp -P -I/pixel/project02/tcchen/WRFV3/inc -DEM_CORE=1 -DNMM_CORE=0 -DNMM_MAX_DIM=2600 -DCOAMPS_CORE=0 -DDA_CORE=0 -DEXP_CORE=0 -DIWORDSIZE=4 -DDWORDSIZE=8 -DRWORDSIZE=4 -DLWORDSIZE=4 -DNONSTANDARD_SYSTEM_SUBR  -DWRF_USE_CLM -DNO_IEEE_MODULE  -DNETCDF -DUSE_ALLOCATABLES -DGRIB1 -DINTIO -DKEEP_INT_AROUND -DLIMIT_ARGS -DCONFIG_BUF_LEN=65536 -DMAX_DOMAINS_F=21 -DMAX_HISTORY=25 -DNMM_NEST=0  -I. -traditional  -D_OPENMP module_sf_exchcoef.F  > module_sf_exchcoef.bb
/pixel/project02/tcchen/WRFV3/tools/standard.exe module_sf_exchcoef.bb | /lib/cpp -P -traditional > module_sf_exchcoef.f90
rm -f module_sf_exchcoef.b module_sf_exchcoef.bb
time gfortran -o module_sf_exchcoef.o -c -O2 -ftree-vectorize -funroll-loops -w -ffree-form -ffree-line-length-none -fconvert=big-endian -frecord-marker=4  -fopenmp -I../dyn_em -I../dyn_nmm   -I/pixel/project02/tcchen/WRFV3/external/esmf_time_f90  -I/pixel/project02/tcchen/WRFV3/main -I/pixel/project02/tcchen/WRFV3/external/io_netcdf -I/pixel/project02/tcchen/WRFV3/external/io_int -I/pixel/project02/tcchen/WRFV3/frame -I/pixel/project02/tcchen/WRFV3/share -I/pixel/project02/tcchen/WRFV3/phys -I/pixel/project02/tcchen/WRFV3/chem -I/pixel/project02/tcchen/WRFV3/inc -I/pixel/project02/tcchen/netcdf/netcdf_gnu//include    module_sf_exchcoef.f90
Warning: Nonexistent include directory "/pixel/project02/tcchen/WRFV3/chem"
0.04user 0.01system 0:00.06elapsed 92%CPU (0avgtext+0avgdata 12152maxresident)k
0inputs+64outputs (0major+5415minor)pagefaults 0swaps
rm -f module_sf_slab.o
/lib/cpp -P -I/pixel/project02/tcchen/WRFV3/inc -DEM_CORE=1 -DNMM_CORE=0 -DNMM_MAX_DIM=2600 -DCOAMPS_CORE=0 -DDA_CORE=0 -DEXP_CORE=0 -DIWORDSIZE=4 -DDWORDSIZE=8 -DRWORDSIZE=4 -DLWORDSIZE=4 -DNONSTANDARD_SYSTEM_SUBR  -DWRF_USE_CLM -DNO_IEEE_MODULE  -DNETCDF -DUSE_ALLOCATABLES -DGRIB1 -DINTIO -DKEEP_INT_AROUND -DLIMIT_ARGS -DCONFIG_BUF_LEN=65536 -DMAX_DOMAINS_F=21 -DMAX_HISTORY=25 -DNMM_NEST=0  -I. -traditional  -D_OPENMP module_sf_slab.F  > module_sf_slab.bb
/pixel/project02/tcchen/WRFV3/tools/standard.exe module_sf_slab.bb | /lib/cpp -P -traditional > module_sf_slab.f90
rm -f module_sf_slab.b module_sf_slab.bb
time gfortran -o module_sf_slab.o -c -O2 -ftree-vectorize -funroll-loops -w -ffree-form -ffree-line-length-none -fconvert=big-endian -frecord-marker=4  -fopenmp -I../dyn_em -I../dyn_nmm   -I/pixel/project02/tcchen/WRFV3/external/esmf_time_f90  -I/pixel/project02/tcchen/WRFV3/main -I/pixel/project02/tcchen/WRFV3/external/io_netcdf -I/pixel/project02/tcchen/WRFV3/external/io_int -I/pixel/project02/tcchen/WRFV3/frame -I/pixel/project02/tcchen/WRFV3/share -I/pixel/project02/tcchen/WRFV3/phys -I/pixel/project02/tcchen/WRFV3/chem -I/pixel/project02/tcchen/WRFV3/inc -I/pixel/project02/tcchen/netcdf/netcdf_gnu//include    module_sf_slab.f90
Warning: Nonexistent include directory "/pixel/project02/tcchen/WRFV3/chem"
0.19user 0.01system 0:00.21elapsed 97%CPU (0avgtext+0avgdata 23052maxresident)k
32inputs+248outputs (0major+8860minor)pagefaults 0swaps
rm -f module_sf_noahlsm.o
/lib/cpp -P -I/pixel/project02/tcchen/WRFV3/inc -DEM_CORE=1 -DNMM_CORE=0 -DNMM_MAX_DIM=2600 -DCOAMPS_CORE=0 -DDA_CORE=0 -DEXP_CORE=0 -DIWORDSIZE=4 -DDWORDSIZE=8 -DRWORDSIZE=4 -DLWORDSIZE=4 -DNONSTANDARD_SYSTEM_SUBR  -DWRF_USE_CLM -DNO_IEEE_MODULE  -DNETCDF -DUSE_ALLOCATABLES -DGRIB1 -DINTIO -DKEEP_INT_AROUND -DLIMIT_ARGS -DCONFIG_BUF_LEN=65536 -DMAX_DOMAINS_F=21 -DMAX_HISTORY=25 -DNMM_NEST=0  -I. -traditional  -D_OPENMP module_sf_noahlsm.F  > module_sf_noahlsm.bb
/pixel/project02/tcchen/WRFV3/tools/standard.exe module_sf_noahlsm.bb | /lib/cpp -P -traditional > module_sf_noahlsm.f90
rm -f module_sf_noahlsm.b module_sf_noahlsm.bb
time gfortran -o module_sf_noahlsm.o -c -O2 -ftree-vectorize -funroll-loops -w -ffree-form -ffree-line-length-none -fconvert=big-endian -frecord-marker=4  -fopenmp -I../dyn_em -I../dyn_nmm   -I/pixel/project02/tcchen/WRFV3/external/esmf_time_f90  -I/pixel/project02/tcchen/WRFV3/main -I/pixel/project02/tcchen/WRFV3/external/io_netcdf -I/pixel/project02/tcchen/WRFV3/external/io_int -I/pixel/project02/tcchen/WRFV3/frame -I/pixel/project02/tcchen/WRFV3/share -I/pixel/project02/tcchen/WRFV3/phys -I/pixel/project02/tcchen/WRFV3/chem -I/pixel/project02/tcchen/WRFV3/inc -I/pixel/project02/tcchen/netcdf/netcdf_gnu//include    module_sf_noahlsm.f90
11.46user 0.31system 0:11.78elapsed 99%CPU (0avgtext+0avgdata 338836maxresident)k
104inputs+4456outputs (0major+192508minor)pagefaults 0swaps
rm -f module_sf_myjsfc.o
/lib/cpp -P -I/pixel/project02/tcchen/WRFV3/inc -DEM_CORE=1 -DNMM_CORE=0 -DNMM_MAX_DIM=2600 -DCOAMPS_CORE=0 -DDA_CORE=0 -DEXP_CORE=0 -DIWORDSIZE=4 -DDWORDSIZE=8 -DRWORDSIZE=4 -DLWORDSIZE=4 -DNONSTANDARD_SYSTEM_SUBR  -DWRF_USE_CLM -DNO_IEEE_MODULE  -DNETCDF -DUSE_ALLOCATABLES -DGRIB1 -DINTIO -DKEEP_INT_AROUND -DLIMIT_ARGS -DCONFIG_BUF_LEN=65536 -DMAX_DOMAINS_F=21 -DMAX_HISTORY=25 -DNMM_NEST=0  -I. -traditional  -D_OPENMP module_sf_myjsfc.F  > module_sf_myjsfc.bb
Warning: Nonexistent include directory "/pixel/project02/tcchen/WRFV3/chem"
/pixel/project02/tcchen/WRFV3/tools/standard.exe module_sf_myjsfc.bb | /lib/cpp -P -traditional > module_sf_myjsfc.f90
rm -f module_sf_myjsfc.b module_sf_myjsfc.bb
time gfortran -o module_sf_myjsfc.o -c -O2 -ftree-vectorize -funroll-loops -w -ffree-form -ffree-line-length-none -fconvert=big-endian -frecord-marker=4  -fopenmp -I../dyn_em -I../dyn_nmm   -I/pixel/project02/tcchen/WRFV3/external/esmf_time_f90  -I/pixel/project02/tcchen/WRFV3/main -I/pixel/project02/tcchen/WRFV3/external/io_netcdf -I/pixel/project02/tcchen/WRFV3/external/io_int -I/pixel/project02/tcchen/WRFV3/frame -I/pixel/project02/tcchen/WRFV3/share -I/pixel/project02/tcchen/WRFV3/phys -I/pixel/project02/tcchen/WRFV3/chem -I/pixel/project02/tcchen/WRFV3/inc -I/pixel/project02/tcchen/netcdf/netcdf_gnu//include    module_sf_myjsfc.f90
Warning: Nonexistent include directory "/pixel/project02/tcchen/WRFV3/chem"
0.56user 0.03system 0:00.60elapsed 99%CPU (0avgtext+0avgdata 31088maxresident)k
48inputs+456outputs (0major+10638minor)pagefaults 0swaps
rm -f module_data_gocart_dust.o
/lib/cpp -P -I/pixel/project02/tcchen/WRFV3/inc -DEM_CORE=1 -DNMM_CORE=0 -DNMM_MAX_DIM=2600 -DCOAMPS_CORE=0 -DDA_CORE=0 -DEXP_CORE=0 -DIWORDSIZE=4 -DDWORDSIZE=8 -DRWORDSIZE=4 -DLWORDSIZE=4 -DNONSTANDARD_SYSTEM_SUBR  -DWRF_USE_CLM -DNO_IEEE_MODULE  -DNETCDF -DUSE_ALLOCATABLES -DGRIB1 -DINTIO -DKEEP_INT_AROUND -DLIMIT_ARGS -DCONFIG_BUF_LEN=65536 -DMAX_DOMAINS_F=21 -DMAX_HISTORY=25 -DNMM_NEST=0  -I. -traditional  -D_OPENMP module_data_gocart_dust.F  > module_data_gocart_dust.bb
/pixel/project02/tcchen/WRFV3/tools/standard.exe module_data_gocart_dust.bb | /lib/cpp -P -traditional > module_data_gocart_dust.f90
rm -f module_data_gocart_dust.b module_data_gocart_dust.bb
time gfortran -o module_data_gocart_dust.o -c -O2 -ftree-vectorize -funroll-loops -w -ffree-form -ffree-line-length-none -fconvert=big-endian -frecord-marker=4  -fopenmp -I../dyn_em -I../dyn_nmm   -I/pixel/project02/tcchen/WRFV3/external/esmf_time_f90  -I/pixel/project02/tcchen/WRFV3/main -I/pixel/project02/tcchen/WRFV3/external/io_netcdf -I/pixel/project02/tcchen/WRFV3/external/io_int -I/pixel/project02/tcchen/WRFV3/frame -I/pixel/project02/tcchen/WRFV3/share -I/pixel/project02/tcchen/WRFV3/phys -I/pixel/project02/tcchen/WRFV3/chem -I/pixel/project02/tcchen/WRFV3/inc -I/pixel/project02/tcchen/netcdf/netcdf_gnu//include    module_data_gocart_dust.f90
Warning: Nonexistent include directory "/pixel/project02/tcchen/WRFV3/chem"
0.01user 0.01system 0:00.03elapsed 83%CPU (0avgtext+0avgdata 7056maxresident)k
0inputs+48outputs (0major+4027minor)pagefaults 0swaps
rm -f module_sf_urban.o
/lib/cpp -P -I/pixel/project02/tcchen/WRFV3/inc -DEM_CORE=1 -DNMM_CORE=0 -DNMM_MAX_DIM=2600 -DCOAMPS_CORE=0 -DDA_CORE=0 -DEXP_CORE=0 -DIWORDSIZE=4 -DDWORDSIZE=8 -DRWORDSIZE=4 -DLWORDSIZE=4 -DNONSTANDARD_SYSTEM_SUBR  -DWRF_USE_CLM -DNO_IEEE_MODULE  -DNETCDF -DUSE_ALLOCATABLES -DGRIB1 -DINTIO -DKEEP_INT_AROUND -DLIMIT_ARGS -DCONFIG_BUF_LEN=65536 -DMAX_DOMAINS_F=21 -DMAX_HISTORY=25 -DNMM_NEST=0  -I. -traditional  -D_OPENMP module_sf_urban.F  > module_sf_urban.bb
/pixel/project02/tcchen/WRFV3/tools/standard.exe module_sf_urban.bb | /lib/cpp -P -traditional > module_sf_urban.f90
rm -f module_sf_urban.b module_sf_urban.bb
time gfortran -o module_sf_urban.o -c -O2 -ftree-vectorize -funroll-loops -w -ffree-form -ffree-line-length-none -fconvert=big-endian -frecord-marker=4  -fopenmp -I../dyn_em -I../dyn_nmm   -I/pixel/project02/tcchen/WRFV3/external/esmf_time_f90  -I/pixel/project02/tcchen/WRFV3/main -I/pixel/project02/tcchen/WRFV3/external/io_netcdf -I/pixel/project02/tcchen/WRFV3/external/io_int -I/pixel/project02/tcchen/WRFV3/frame -I/pixel/project02/tcchen/WRFV3/share -I/pixel/project02/tcchen/WRFV3/phys -I/pixel/project02/tcchen/WRFV3/chem -I/pixel/project02/tcchen/WRFV3/inc -I/pixel/project02/tcchen/netcdf/netcdf_gnu//include    module_sf_urban.f90
Warning: Nonexistent include directory "/pixel/project02/tcchen/WRFV3/chem"
1.10user 0.05system 0:01.16elapsed 99%CPU (0avgtext+0avgdata 41720maxresident)k
64inputs+1064outputs (0major+13534minor)pagefaults 0swaps
rm -f module_sf_bem.o
/lib/cpp -P -I/pixel/project02/tcchen/WRFV3/inc -DEM_CORE=1 -DNMM_CORE=0 -DNMM_MAX_DIM=2600 -DCOAMPS_CORE=0 -DDA_CORE=0 -DEXP_CORE=0 -DIWORDSIZE=4 -DDWORDSIZE=8 -DRWORDSIZE=4 -DLWORDSIZE=4 -DNONSTANDARD_SYSTEM_SUBR  -DWRF_USE_CLM -DNO_IEEE_MODULE  -DNETCDF -DUSE_ALLOCATABLES -DGRIB1 -DINTIO -DKEEP_INT_AROUND -DLIMIT_ARGS -DCONFIG_BUF_LEN=65536 -DMAX_DOMAINS_F=21 -DMAX_HISTORY=25 -DNMM_NEST=0  -I. -traditional  -D_OPENMP module_sf_bem.F  > module_sf_bem.bb
/pixel/project02/tcchen/WRFV3/tools/standard.exe module_sf_bem.bb | /lib/cpp -P -traditional > module_sf_bem.f90
rm -f module_sf_bem.b module_sf_bem.bb
time gfortran -o module_sf_bem.o -c -O2 -ftree-vectorize -funroll-loops -w -ffree-form -ffree-line-length-none -fconvert=big-endian -frecord-marker=4  -fopenmp -I../dyn_em -I../dyn_nmm   -I/pixel/project02/tcchen/WRFV3/external/esmf_time_f90  -I/pixel/project02/tcchen/WRFV3/main -I/pixel/project02/tcchen/WRFV3/external/io_netcdf -I/pixel/project02/tcchen/WRFV3/external/io_int -I/pixel/project02/tcchen/WRFV3/frame -I/pixel/project02/tcchen/WRFV3/share -I/pixel/project02/tcchen/WRFV3/phys -I/pixel/project02/tcchen/WRFV3/chem -I/pixel/project02/tcchen/WRFV3/inc -I/pixel/project02/tcchen/netcdf/netcdf_gnu//include    module_sf_bem.f90
Warning: Nonexistent include directory "/pixel/project02/tcchen/WRFV3/chem"
0.65user 0.03system 0:00.69elapsed 99%CPU (0avgtext+0avgdata 40932maxresident)k
64inputs+592outputs (0major+12918minor)pagefaults 0swaps
rm -f module_sf_ssib.o
/lib/cpp -P -I/pixel/project02/tcchen/WRFV3/inc -DEM_CORE=1 -DNMM_CORE=0 -DNMM_MAX_DIM=2600 -DCOAMPS_CORE=0 -DDA_CORE=0 -DEXP_CORE=0 -DIWORDSIZE=4 -DDWORDSIZE=8 -DRWORDSIZE=4 -DLWORDSIZE=4 -DNONSTANDARD_SYSTEM_SUBR  -DWRF_USE_CLM -DNO_IEEE_MODULE  -DNETCDF -DUSE_ALLOCATABLES -DGRIB1 -DINTIO -DKEEP_INT_AROUND -DLIMIT_ARGS -DCONFIG_BUF_LEN=65536 -DMAX_DOMAINS_F=21 -DMAX_HISTORY=25 -DNMM_NEST=0  -I. -traditional  -D_OPENMP module_sf_ssib.F  > module_sf_ssib.bb
/pixel/project02/tcchen/WRFV3/tools/standard.exe module_sf_ssib.bb | /lib/cpp -P -traditional > module_sf_ssib.f90
rm -f module_sf_ssib.b module_sf_ssib.bb
time gfortran -o module_sf_ssib.o -c -O2 -ftree-vectorize -funroll-loops -w -ffree-form -ffree-line-length-none -fconvert=big-endian -frecord-marker=4  -fopenmp -I../dyn_em -I../dyn_nmm   -I/pixel/project02/tcchen/WRFV3/external/esmf_time_f90  -I/pixel/project02/tcchen/WRFV3/main -I/pixel/project02/tcchen/WRFV3/external/io_netcdf -I/pixel/project02/tcchen/WRFV3/external/io_int -I/pixel/project02/tcchen/WRFV3/frame -I/pixel/project02/tcchen/WRFV3/share -I/pixel/project02/tcchen/WRFV3/phys -I/pixel/project02/tcchen/WRFV3/chem -I/pixel/project02/tcchen/WRFV3/inc -I/pixel/project02/tcchen/netcdf/netcdf_gnu//include    module_sf_ssib.f90
Warning: Nonexistent include directory "/pixel/project02/tcchen/WRFV3/chem"
1.81user 0.07system 0:01.89elapsed 99%CPU (0avgtext+0avgdata 88140maxresident)k
88inputs+1784outputs (0major+26814minor)pagefaults 0swaps
rm -f module_sf_noah_seaice.o
/lib/cpp -P -I/pixel/project02/tcchen/WRFV3/inc -DEM_CORE=1 -DNMM_CORE=0 -DNMM_MAX_DIM=2600 -DCOAMPS_CORE=0 -DDA_CORE=0 -DEXP_CORE=0 -DIWORDSIZE=4 -DDWORDSIZE=8 -DRWORDSIZE=4 -DLWORDSIZE=4 -DNONSTANDARD_SYSTEM_SUBR  -DWRF_USE_CLM -DNO_IEEE_MODULE  -DNETCDF -DUSE_ALLOCATABLES -DGRIB1 -DINTIO -DKEEP_INT_AROUND -DLIMIT_ARGS -DCONFIG_BUF_LEN=65536 -DMAX_DOMAINS_F=21 -DMAX_HISTORY=25 -DNMM_NEST=0  -I. -traditional  -D_OPENMP module_sf_noah_seaice.F  > module_sf_noah_seaice.bb
/pixel/project02/tcchen/WRFV3/tools/standard.exe module_sf_noah_seaice.bb | /lib/cpp -P -traditional > module_sf_noah_seaice.f90
rm -f module_sf_noah_seaice.b module_sf_noah_seaice.bb
time gfortran -o module_sf_noah_seaice.o -c -O2 -ftree-vectorize -funroll-loops -w -ffree-form -ffree-line-length-none -fconvert=big-endian -frecord-marker=4  -fopenmp -I../dyn_em -I../dyn_nmm   -I/pixel/project02/tcchen/WRFV3/external/esmf_time_f90  -I/pixel/project02/tcchen/WRFV3/main -I/pixel/project02/tcchen/WRFV3/external/io_netcdf -I/pixel/project02/tcchen/WRFV3/external/io_int -I/pixel/project02/tcchen/WRFV3/frame -I/pixel/project02/tcchen/WRFV3/share -I/pixel/project02/tcchen/WRFV3/phys -I/pixel/project02/tcchen/WRFV3/chem -I/pixel/project02/tcchen/WRFV3/inc -I/pixel/project02/tcchen/netcdf/netcdf_gnu//include    module_sf_noah_seaice.f90
Warning: Nonexistent include directory "/pixel/project02/tcchen/WRFV3/chem"
0.18user 0.01system 0:00.21elapsed 97%CPU (0avgtext+0avgdata 19540maxresident)k
16inputs+152outputs (0major+7486minor)pagefaults 0swaps
rm -f module_sf_noahmp_glacier.o
/lib/cpp -P -I/pixel/project02/tcchen/WRFV3/inc -DEM_CORE=1 -DNMM_CORE=0 -DNMM_MAX_DIM=2600 -DCOAMPS_CORE=0 -DDA_CORE=0 -DEXP_CORE=0 -DIWORDSIZE=4 -DDWORDSIZE=8 -DRWORDSIZE=4 -DLWORDSIZE=4 -DNONSTANDARD_SYSTEM_SUBR  -DWRF_USE_CLM -DNO_IEEE_MODULE  -DNETCDF -DUSE_ALLOCATABLES -DGRIB1 -DINTIO -DKEEP_INT_AROUND -DLIMIT_ARGS -DCONFIG_BUF_LEN=65536 -DMAX_DOMAINS_F=21 -DMAX_HISTORY=25 -DNMM_NEST=0  -I. -traditional  -D_OPENMP module_sf_noahmp_glacier.F  > module_sf_noahmp_glacier.bb
/pixel/project02/tcchen/WRFV3/tools/standard.exe module_sf_noahmp_glacier.bb | /lib/cpp -P -traditional > module_sf_noahmp_glacier.f90
rm -f module_sf_noahmp_glacier.b module_sf_noahmp_glacier.bb
time gfortran -o module_sf_noahmp_glacier.o -c -O2 -ftree-vectorize -funroll-loops -w -ffree-form -ffree-line-length-none -fconvert=big-endian -frecord-marker=4  -fopenmp -I../dyn_em -I../dyn_nmm   -I/pixel/project02/tcchen/WRFV3/external/esmf_time_f90  -I/pixel/project02/tcchen/WRFV3/main -I/pixel/project02/tcchen/WRFV3/external/io_netcdf -I/pixel/project02/tcchen/WRFV3/external/io_int -I/pixel/project02/tcchen/WRFV3/frame -I/pixel/project02/tcchen/WRFV3/share -I/pixel/project02/tcchen/WRFV3/phys -I/pixel/project02/tcchen/WRFV3/chem -I/pixel/project02/tcchen/WRFV3/inc -I/pixel/project02/tcchen/netcdf/netcdf_gnu//include    module_sf_noahmp_glacier.f90
Warning: Nonexistent include directory "/pixel/project02/tcchen/WRFV3/chem"
1.51user 0.04system 0:01.56elapsed 99%CPU (0avgtext+0avgdata 62460maxresident)k
104inputs+1608outputs (0major+18420minor)pagefaults 0swaps
rm -f module_sf_pxlsm_data.o
/lib/cpp -P -I/pixel/project02/tcchen/WRFV3/inc -DEM_CORE=1 -DNMM_CORE=0 -DNMM_MAX_DIM=2600 -DCOAMPS_CORE=0 -DDA_CORE=0 -DEXP_CORE=0 -DIWORDSIZE=4 -DDWORDSIZE=8 -DRWORDSIZE=4 -DLWORDSIZE=4 -DNONSTANDARD_SYSTEM_SUBR  -DWRF_USE_CLM -DNO_IEEE_MODULE  -DNETCDF -DUSE_ALLOCATABLES -DGRIB1 -DINTIO -DKEEP_INT_AROUND -DLIMIT_ARGS -DCONFIG_BUF_LEN=65536 -DMAX_DOMAINS_F=21 -DMAX_HISTORY=25 -DNMM_NEST=0  -I. -traditional  -D_OPENMP module_sf_pxlsm_data.F  > module_sf_pxlsm_data.bb
/pixel/project02/tcchen/WRFV3/tools/standard.exe module_sf_pxlsm_data.bb | /lib/cpp -P -traditional > module_sf_pxlsm_data.f90
rm -f module_sf_pxlsm_data.b module_sf_pxlsm_data.bb
time gfortran -o module_sf_pxlsm_data.o -c -O2 -ftree-vectorize -funroll-loops -w -ffree-form -ffree-line-length-none -fconvert=big-endian -frecord-marker=4  -fopenmp -I../dyn_em -I../dyn_nmm   -I/pixel/project02/tcchen/WRFV3/external/esmf_time_f90  -I/pixel/project02/tcchen/WRFV3/main -I/pixel/project02/tcchen/WRFV3/external/io_netcdf -I/pixel/project02/tcchen/WRFV3/external/io_int -I/pixel/project02/tcchen/WRFV3/frame -I/pixel/project02/tcchen/WRFV3/share -I/pixel/project02/tcchen/WRFV3/phys -I/pixel/project02/tcchen/WRFV3/chem -I/pixel/project02/tcchen/WRFV3/inc -I/pixel/project02/tcchen/netcdf/netcdf_gnu//include    module_sf_pxlsm_data.f90
Warning: Nonexistent include directory "/pixel/project02/tcchen/WRFV3/chem"
0.03user 0.02system 0:00.06elapsed 92%CPU (0avgtext+0avgdata 8184maxresident)k
0inputs+128outputs (0major+4387minor)pagefaults 0swaps
rm -f module_sf_ruclsm.o
/pixel/project02/tcchen/WRFV3/tools/standard.exe module_sf_ruclsm.F > module_sf_ruclsm.b 
/lib/cpp -P -I/pixel/project02/tcchen/WRFV3/inc -DEM_CORE=1 -DNMM_CORE=0 -DNMM_MAX_DIM=2600 -DCOAMPS_CORE=0 -DDA_CORE=0 -DEXP_CORE=0 -DIWORDSIZE=4 -DDWORDSIZE=8 -DRWORDSIZE=4 -DLWORDSIZE=4 -DNONSTANDARD_SYSTEM_SUBR  -DWRF_USE_CLM -DNO_IEEE_MODULE  -DNETCDF -DUSE_ALLOCATABLES -DGRIB1 -DINTIO -DKEEP_INT_AROUND -DLIMIT_ARGS -DCONFIG_BUF_LEN=65536 -DMAX_DOMAINS_F=21 -DMAX_HISTORY=25 -DNMM_NEST=0  -I. -traditional  -D_OPENMP module_sf_ruclsm.b  > module_sf_ruclsm.f90
rm -f module_sf_ruclsm.b
if fgrep -iq '!$OMP' module_sf_ruclsm.f90 ; then \
          echo COMPILING module_sf_ruclsm.F WITH OMP ; \
          if [ -n "-fopenmp" ] ; then echo COMPILING module_sf_ruclsm.F WITH OMP ; fi ; \
  time gfortran -c  -O2 -ftree-vectorize -funroll-loops -w -ffree-form -ffree-line-length-none -fconvert=big-endian -frecord-marker=4  -I../dyn_em -I../dyn_nmm   -I/pixel/project02/tcchen/WRFV3/external/esmf_time_f90  -I/pixel/project02/tcchen/WRFV3/main -I/pixel/project02/tcchen/WRFV3/external/io_netcdf -I/pixel/project02/tcchen/WRFV3/external/io_int -I/pixel/project02/tcchen/WRFV3/frame -I/pixel/project02/tcchen/WRFV3/share -I/pixel/project02/tcchen/WRFV3/phys -I/pixel/project02/tcchen/WRFV3/chem -I/pixel/project02/tcchen/WRFV3/inc -I/pixel/project02/tcchen/netcdf/netcdf_gnu//include   -fopenmp module_sf_ruclsm.f90 ; \
        else \
          if [ -n "-fopenmp" ] ; then echo COMPILING module_sf_ruclsm.F WITHOUT OMP ; fi ; \
  time gfortran -c  -O2 -ftree-vectorize -funroll-loops -w -ffree-form -ffree-line-length-none -fconvert=big-endian -frecord-marker=4  -I../dyn_em -I../dyn_nmm   -I/pixel/project02/tcchen/WRFV3/external/esmf_time_f90  -I/pixel/project02/tcchen/WRFV3/main -I/pixel/project02/tcchen/WRFV3/external/io_netcdf -I/pixel/project02/tcchen/WRFV3/external/io_int -I/pixel/project02/tcchen/WRFV3/frame -I/pixel/project02/tcchen/WRFV3/share -I/pixel/project02/tcchen/WRFV3/phys -I/pixel/project02/tcchen/WRFV3/chem -I/pixel/project02/tcchen/WRFV3/inc -I/pixel/project02/tcchen/netcdf/netcdf_gnu//include   module_sf_ruclsm.f90 ; \
        fi
COMPILING module_sf_ruclsm.F WITHOUT OMP
Warning: Nonexistent include directory "/pixel/project02/tcchen/WRFV3/chem"
1.62user 0.06system 0:01.70elapsed 99%CPU (0avgtext+0avgdata 77456maxresident)k
64inputs+1080outputs (0major+24495minor)pagefaults 0swaps
rm -f module_sf_sfcdiags.o
/lib/cpp -P -I/pixel/project02/tcchen/WRFV3/inc -DEM_CORE=1 -DNMM_CORE=0 -DNMM_MAX_DIM=2600 -DCOAMPS_CORE=0 -DDA_CORE=0 -DEXP_CORE=0 -DIWORDSIZE=4 -DDWORDSIZE=8 -DRWORDSIZE=4 -DLWORDSIZE=4 -DNONSTANDARD_SYSTEM_SUBR  -DWRF_USE_CLM -DNO_IEEE_MODULE  -DNETCDF -DUSE_ALLOCATABLES -DGRIB1 -DINTIO -DKEEP_INT_AROUND -DLIMIT_ARGS -DCONFIG_BUF_LEN=65536 -DMAX_DOMAINS_F=21 -DMAX_HISTORY=25 -DNMM_NEST=0  -I. -traditional  -D_OPENMP module_sf_sfcdiags.F  > module_sf_sfcdiags.bb
/pixel/project02/tcchen/WRFV3/tools/standard.exe module_sf_sfcdiags.bb | /lib/cpp -P -traditional > module_sf_sfcdiags.f90
rm -f module_sf_sfcdiags.b module_sf_sfcdiags.bb
time gfortran -o module_sf_sfcdiags.o -c -O2 -ftree-vectorize -funroll-loops -w -ffree-form -ffree-line-length-none -fconvert=big-endian -frecord-marker=4  -fopenmp -I../dyn_em -I../dyn_nmm   -I/pixel/project02/tcchen/WRFV3/external/esmf_time_f90  -I/pixel/project02/tcchen/WRFV3/main -I/pixel/project02/tcchen/WRFV3/external/io_netcdf -I/pixel/project02/tcchen/WRFV3/external/io_int -I/pixel/project02/tcchen/WRFV3/frame -I/pixel/project02/tcchen/WRFV3/share -I/pixel/project02/tcchen/WRFV3/phys -I/pixel/project02/tcchen/WRFV3/chem -I/pixel/project02/tcchen/WRFV3/inc -I/pixel/project02/tcchen/netcdf/netcdf_gnu//include    module_sf_sfcdiags.f90
Warning: Nonexistent include directory "/pixel/project02/tcchen/WRFV3/chem"
0.09user 0.02system 0:00.12elapsed 95%CPU (0avgtext+0avgdata 13596maxresident)k
0inputs+56outputs (0major+5835minor)pagefaults 0swaps
rm -f module_sf_sfcdiags_ruclsm.o
/lib/cpp -P -I/pixel/project02/tcchen/WRFV3/inc -DEM_CORE=1 -DNMM_CORE=0 -DNMM_MAX_DIM=2600 -DCOAMPS_CORE=0 -DDA_CORE=0 -DEXP_CORE=0 -DIWORDSIZE=4 -DDWORDSIZE=8 -DRWORDSIZE=4 -DLWORDSIZE=4 -DNONSTANDARD_SYSTEM_SUBR  -DWRF_USE_CLM -DNO_IEEE_MODULE  -DNETCDF -DUSE_ALLOCATABLES -DGRIB1 -DINTIO -DKEEP_INT_AROUND -DLIMIT_ARGS -DCONFIG_BUF_LEN=65536 -DMAX_DOMAINS_F=21 -DMAX_HISTORY=25 -DNMM_NEST=0  -I. -traditional  -D_OPENMP module_sf_sfcdiags_ruclsm.F  > module_sf_sfcdiags_ruclsm.bb
/pixel/project02/tcchen/WRFV3/tools/standard.exe module_sf_sfcdiags_ruclsm.bb | /lib/cpp -P -traditional > module_sf_sfcdiags_ruclsm.f90
rm -f module_sf_sfcdiags_ruclsm.b module_sf_sfcdiags_ruclsm.bb
time gfortran -o module_sf_sfcdiags_ruclsm.o -c -O2 -ftree-vectorize -funroll-loops -w -ffree-form -ffree-line-length-none -fconvert=big-endian -frecord-marker=4  -fopenmp -I../dyn_em -I../dyn_nmm   -I/pixel/project02/tcchen/WRFV3/external/esmf_time_f90  -I/pixel/project02/tcchen/WRFV3/main -I/pixel/project02/tcchen/WRFV3/external/io_netcdf -I/pixel/project02/tcchen/WRFV3/external/io_int -I/pixel/project02/tcchen/WRFV3/frame -I/pixel/project02/tcchen/WRFV3/share -I/pixel/project02/tcchen/WRFV3/phys -I/pixel/project02/tcchen/WRFV3/chem -I/pixel/project02/tcchen/WRFV3/inc -I/pixel/project02/tcchen/netcdf/netcdf_gnu//include    module_sf_sfcdiags_ruclsm.f90
Warning: Nonexistent include directory "/pixel/project02/tcchen/WRFV3/chem"
0.09user 0.01system 0:00.11elapsed 95%CPU (0avgtext+0avgdata 14116maxresident)k
0inputs+64outputs (0major+6008minor)pagefaults 0swaps
rm -f module_sf_sstskin.o
/lib/cpp -P -I/pixel/project02/tcchen/WRFV3/inc -DEM_CORE=1 -DNMM_CORE=0 -DNMM_MAX_DIM=2600 -DCOAMPS_CORE=0 -DDA_CORE=0 -DEXP_CORE=0 -DIWORDSIZE=4 -DDWORDSIZE=8 -DRWORDSIZE=4 -DLWORDSIZE=4 -DNONSTANDARD_SYSTEM_SUBR  -DWRF_USE_CLM -DNO_IEEE_MODULE  -DNETCDF -DUSE_ALLOCATABLES -DGRIB1 -DINTIO -DKEEP_INT_AROUND -DLIMIT_ARGS -DCONFIG_BUF_LEN=65536 -DMAX_DOMAINS_F=21 -DMAX_HISTORY=25 -DNMM_NEST=0  -I. -traditional  -D_OPENMP module_sf_sstskin.F  > module_sf_sstskin.bb
/pixel/project02/tcchen/WRFV3/tools/standard.exe module_sf_sstskin.bb | /lib/cpp -P -traditional > module_sf_sstskin.f90
rm -f module_sf_sstskin.b module_sf_sstskin.bb
time gfortran -o module_sf_sstskin.o -c -O2 -ftree-vectorize -funroll-loops -w -ffree-form -ffree-line-length-none -fconvert=big-endian -frecord-marker=4  -fopenmp -I../dyn_em -I../dyn_nmm   -I/pixel/project02/tcchen/WRFV3/external/esmf_time_f90  -I/pixel/project02/tcchen/WRFV3/main -I/pixel/project02/tcchen/WRFV3/external/io_netcdf -I/pixel/project02/tcchen/WRFV3/external/io_int -I/pixel/project02/tcchen/WRFV3/frame -I/pixel/project02/tcchen/WRFV3/share -I/pixel/project02/tcchen/WRFV3/phys -I/pixel/project02/tcchen/WRFV3/chem -I/pixel/project02/tcchen/WRFV3/inc -I/pixel/project02/tcchen/netcdf/netcdf_gnu//include    module_sf_sstskin.f90
Warning: Nonexistent include directory "/pixel/project02/tcchen/WRFV3/chem"
0.05user 0.01system 0:00.07elapsed 93%CPU (0avgtext+0avgdata 13744maxresident)k
0inputs+56outputs (0major+5877minor)pagefaults 0swaps
rm -f module_sf_tmnupdate.o
/lib/cpp -P -I/pixel/project02/tcchen/WRFV3/inc -DEM_CORE=1 -DNMM_CORE=0 -DNMM_MAX_DIM=2600 -DCOAMPS_CORE=0 -DDA_CORE=0 -DEXP_CORE=0 -DIWORDSIZE=4 -DDWORDSIZE=8 -DRWORDSIZE=4 -DLWORDSIZE=4 -DNONSTANDARD_SYSTEM_SUBR  -DWRF_USE_CLM -DNO_IEEE_MODULE  -DNETCDF -DUSE_ALLOCATABLES -DGRIB1 -DINTIO -DKEEP_INT_AROUND -DLIMIT_ARGS -DCONFIG_BUF_LEN=65536 -DMAX_DOMAINS_F=21 -DMAX_HISTORY=25 -DNMM_NEST=0  -I. -traditional  -D_OPENMP module_sf_tmnupdate.F  > module_sf_tmnupdate.bb
/pixel/project02/tcchen/WRFV3/tools/standard.exe module_sf_tmnupdate.bb | /lib/cpp -P -traditional > module_sf_tmnupdate.f90
rm -f module_sf_tmnupdate.b module_sf_tmnupdate.bb
time gfortran -o module_sf_tmnupdate.o -c -O2 -ftree-vectorize -funroll-loops -w -ffree-form -ffree-line-length-none -fconvert=big-endian -frecord-marker=4  -fopenmp -I../dyn_em -I../dyn_nmm   -I/pixel/project02/tcchen/WRFV3/external/esmf_time_f90  -I/pixel/project02/tcchen/WRFV3/main -I/pixel/project02/tcchen/WRFV3/external/io_netcdf -I/pixel/project02/tcchen/WRFV3/external/io_int -I/pixel/project02/tcchen/WRFV3/frame -I/pixel/project02/tcchen/WRFV3/share -I/pixel/project02/tcchen/WRFV3/phys -I/pixel/project02/tcchen/WRFV3/chem -I/pixel/project02/tcchen/WRFV3/inc -I/pixel/project02/tcchen/netcdf/netcdf_gnu//include    module_sf_tmnupdate.f90
Warning: Nonexistent include directory "/pixel/project02/tcchen/WRFV3/chem"
0.13user 0.02system 0:00.16elapsed 96%CPU (0avgtext+0avgdata 17524maxresident)k
0inputs+104outputs (0major+6976minor)pagefaults 0swaps
rm -f module_sf_oml.o
/lib/cpp -P -I/pixel/project02/tcchen/WRFV3/inc -DEM_CORE=1 -DNMM_CORE=0 -DNMM_MAX_DIM=2600 -DCOAMPS_CORE=0 -DDA_CORE=0 -DEXP_CORE=0 -DIWORDSIZE=4 -DDWORDSIZE=8 -DRWORDSIZE=4 -DLWORDSIZE=4 -DNONSTANDARD_SYSTEM_SUBR  -DWRF_USE_CLM -DNO_IEEE_MODULE  -DNETCDF -DUSE_ALLOCATABLES -DGRIB1 -DINTIO -DKEEP_INT_AROUND -DLIMIT_ARGS -DCONFIG_BUF_LEN=65536 -DMAX_DOMAINS_F=21 -DMAX_HISTORY=25 -DNMM_NEST=0  -I. -traditional  -D_OPENMP module_sf_oml.F  > module_sf_oml.bb
/pixel/project02/tcchen/WRFV3/tools/standard.exe module_sf_oml.bb | /lib/cpp -P -traditional > module_sf_oml.f90
rm -f module_sf_oml.b module_sf_oml.bb
time gfortran -o module_sf_oml.o -c -O2 -ftree-vectorize -funroll-loops -w -ffree-form -ffree-line-length-none -fconvert=big-endian -frecord-marker=4  -fopenmp -I../dyn_em -I../dyn_nmm   -I/pixel/project02/tcchen/WRFV3/external/esmf_time_f90  -I/pixel/project02/tcchen/WRFV3/main -I/pixel/project02/tcchen/WRFV3/external/io_netcdf -I/pixel/project02/tcchen/WRFV3/external/io_int -I/pixel/project02/tcchen/WRFV3/frame -I/pixel/project02/tcchen/WRFV3/share -I/pixel/project02/tcchen/WRFV3/phys -I/pixel/project02/tcchen/WRFV3/chem -I/pixel/project02/tcchen/WRFV3/inc -I/pixel/project02/tcchen/netcdf/netcdf_gnu//include    module_sf_oml.f90
Warning: Nonexistent include directory "/pixel/project02/tcchen/WRFV3/chem"
0.11user 0.02system 0:00.14elapsed 96%CPU (0avgtext+0avgdata 17168maxresident)k
0inputs+112outputs (0major+6824minor)pagefaults 0swaps
rm -f module_sf_3dpwp.o
/lib/cpp -P -I/pixel/project02/tcchen/WRFV3/inc -DEM_CORE=1 -DNMM_CORE=0 -DNMM_MAX_DIM=2600 -DCOAMPS_CORE=0 -DDA_CORE=0 -DEXP_CORE=0 -DIWORDSIZE=4 -DDWORDSIZE=8 -DRWORDSIZE=4 -DLWORDSIZE=4 -DNONSTANDARD_SYSTEM_SUBR  -DWRF_USE_CLM -DNO_IEEE_MODULE  -DNETCDF -DUSE_ALLOCATABLES -DGRIB1 -DINTIO -DKEEP_INT_AROUND -DLIMIT_ARGS -DCONFIG_BUF_LEN=65536 -DMAX_DOMAINS_F=21 -DMAX_HISTORY=25 -DNMM_NEST=0  -I. -traditional  -D_OPENMP module_sf_3dpwp.F  > module_sf_3dpwp.bb
/pixel/project02/tcchen/WRFV3/tools/standard.exe module_sf_3dpwp.bb | /lib/cpp -P -traditional > module_sf_3dpwp.f90
rm -f module_sf_3dpwp.b module_sf_3dpwp.bb
time gfortran -o module_sf_3dpwp.o -c -O2 -ftree-vectorize -funroll-loops -w -ffree-form -ffree-line-length-none -fconvert=big-endian -frecord-marker=4  -fopenmp -I../dyn_em -I../dyn_nmm   -I/pixel/project02/tcchen/WRFV3/external/esmf_time_f90  -I/pixel/project02/tcchen/WRFV3/main -I/pixel/project02/tcchen/WRFV3/external/io_netcdf -I/pixel/project02/tcchen/WRFV3/external/io_int -I/pixel/project02/tcchen/WRFV3/frame -I/pixel/project02/tcchen/WRFV3/share -I/pixel/project02/tcchen/WRFV3/phys -I/pixel/project02/tcchen/WRFV3/chem -I/pixel/project02/tcchen/WRFV3/inc -I/pixel/project02/tcchen/netcdf/netcdf_gnu//include    module_sf_3dpwp.f90
Warning: Nonexistent include directory "/pixel/project02/tcchen/WRFV3/chem"

real	0m2.842s
user	0m2.763s
sys	0m0.070s
rm -f module_sf_qnsesfc.o
/lib/cpp -P -I/pixel/project02/tcchen/WRFV3/inc -DEM_CORE=1 -DNMM_CORE=0 -DNMM_MAX_DIM=2600 -DCOAMPS_CORE=0 -DDA_CORE=0 -DEXP_CORE=0 -DIWORDSIZE=4 -DDWORDSIZE=8 -DRWORDSIZE=4 -DLWORDSIZE=4 -DNONSTANDARD_SYSTEM_SUBR  -DWRF_USE_CLM -DNO_IEEE_MODULE  -DNETCDF -DUSE_ALLOCATABLES -DGRIB1 -DINTIO -DKEEP_INT_AROUND -DLIMIT_ARGS -DCONFIG_BUF_LEN=65536 -DMAX_DOMAINS_F=21 -DMAX_HISTORY=25 -DNMM_NEST=0  -I. -traditional  -D_OPENMP module_sf_qnsesfc.F  > module_sf_qnsesfc.bb
/pixel/project02/tcchen/WRFV3/tools/standard.exe module_sf_qnsesfc.bb | /lib/cpp -P -traditional > module_sf_qnsesfc.f90
rm -f module_sf_qnsesfc.b module_sf_qnsesfc.bb
time gfortran -o module_sf_qnsesfc.o -c -O2 -ftree-vectorize -funroll-loops -w -ffree-form -ffree-line-length-none -fconvert=big-endian -frecord-marker=4  -fopenmp -I../dyn_em -I../dyn_nmm   -I/pixel/project02/tcchen/WRFV3/external/esmf_time_f90  -I/pixel/project02/tcchen/WRFV3/main -I/pixel/project02/tcchen/WRFV3/external/io_netcdf -I/pixel/project02/tcchen/WRFV3/external/io_int -I/pixel/project02/tcchen/WRFV3/frame -I/pixel/project02/tcchen/WRFV3/share -I/pixel/project02/tcchen/WRFV3/phys -I/pixel/project02/tcchen/WRFV3/chem -I/pixel/project02/tcchen/WRFV3/inc -I/pixel/project02/tcchen/netcdf/netcdf_gnu//include    module_sf_qnsesfc.f90
Warning: Nonexistent include directory "/pixel/project02/tcchen/WRFV3/chem"
1.20user 0.05system 0:01.26elapsed 99%CPU (0avgtext+0avgdata 74724maxresident)k
64inputs+704outputs (0major+23600minor)pagefaults 0swaps
rm -f module_sf_mynn.o
/lib/cpp -P -I/pixel/project02/tcchen/WRFV3/inc -DEM_CORE=1 -DNMM_CORE=0 -DNMM_MAX_DIM=2600 -DCOAMPS_CORE=0 -DDA_CORE=0 -DEXP_CORE=0 -DIWORDSIZE=4 -DDWORDSIZE=8 -DRWORDSIZE=4 -DLWORDSIZE=4 -DNONSTANDARD_SYSTEM_SUBR  -DWRF_USE_CLM -DNO_IEEE_MODULE  -DNETCDF -DUSE_ALLOCATABLES -DGRIB1 -DINTIO -DKEEP_INT_AROUND -DLIMIT_ARGS -DCONFIG_BUF_LEN=65536 -DMAX_DOMAINS_F=21 -DMAX_HISTORY=25 -DNMM_NEST=0  -I. -traditional  -D_OPENMP module_sf_mynn.F  > module_sf_mynn.bb
/pixel/project02/tcchen/WRFV3/tools/standard.exe module_sf_mynn.bb | /lib/cpp -P -traditional > module_sf_mynn.f90
rm -f module_sf_mynn.b module_sf_mynn.bb
time gfortran -o module_sf_mynn.o -c -O2 -ftree-vectorize -funroll-loops -w -ffree-form -ffree-line-length-none -fconvert=big-endian -frecord-marker=4  -fopenmp -I../dyn_em -I../dyn_nmm   -I/pixel/project02/tcchen/WRFV3/external/esmf_time_f90  -I/pixel/project02/tcchen/WRFV3/main -I/pixel/project02/tcchen/WRFV3/external/io_netcdf -I/pixel/project02/tcchen/WRFV3/external/io_int -I/pixel/project02/tcchen/WRFV3/frame -I/pixel/project02/tcchen/WRFV3/share -I/pixel/project02/tcchen/WRFV3/phys -I/pixel/project02/tcchen/WRFV3/chem -I/pixel/project02/tcchen/WRFV3/inc -I/pixel/project02/tcchen/netcdf/netcdf_gnu//include    module_sf_mynn.f90
Warning: Nonexistent include directory "/pixel/project02/tcchen/WRFV3/chem"
0.61user 0.04system 0:00.67elapsed 98%CPU (0avgtext+0avgdata 31300maxresident)k
48inputs+464outputs (0major+11013minor)pagefaults 0swaps
rm -f module_sf_fogdes.o
/lib/cpp -P -I/pixel/project02/tcchen/WRFV3/inc -DEM_CORE=1 -DNMM_CORE=0 -DNMM_MAX_DIM=2600 -DCOAMPS_CORE=0 -DDA_CORE=0 -DEXP_CORE=0 -DIWORDSIZE=4 -DDWORDSIZE=8 -DRWORDSIZE=4 -DLWORDSIZE=4 -DNONSTANDARD_SYSTEM_SUBR  -DWRF_USE_CLM -DNO_IEEE_MODULE  -DNETCDF -DUSE_ALLOCATABLES -DGRIB1 -DINTIO -DKEEP_INT_AROUND -DLIMIT_ARGS -DCONFIG_BUF_LEN=65536 -DMAX_DOMAINS_F=21 -DMAX_HISTORY=25 -DNMM_NEST=0  -I. -traditional  -D_OPENMP module_sf_fogdes.F  > module_sf_fogdes.bb
/pixel/project02/tcchen/WRFV3/tools/standard.exe module_sf_fogdes.bb | /lib/cpp -P -traditional > module_sf_fogdes.f90
rm -f module_sf_fogdes.b module_sf_fogdes.bb
time gfortran -o module_sf_fogdes.o -c -O2 -ftree-vectorize -funroll-loops -w -ffree-form -ffree-line-length-none -fconvert=big-endian -frecord-marker=4  -fopenmp -I../dyn_em -I../dyn_nmm   -I/pixel/project02/tcchen/WRFV3/external/esmf_time_f90  -I/pixel/project02/tcchen/WRFV3/main -I/pixel/project02/tcchen/WRFV3/external/io_netcdf -I/pixel/project02/tcchen/WRFV3/external/io_int -I/pixel/project02/tcchen/WRFV3/frame -I/pixel/project02/tcchen/WRFV3/share -I/pixel/project02/tcchen/WRFV3/phys -I/pixel/project02/tcchen/WRFV3/chem -I/pixel/project02/tcchen/WRFV3/inc -I/pixel/project02/tcchen/netcdf/netcdf_gnu//include    module_sf_fogdes.f90
Warning: Nonexistent include directory "/pixel/project02/tcchen/WRFV3/chem"
0.11user 0.02system 0:00.13elapsed 96%CPU (0avgtext+0avgdata 14808maxresident)k
0inputs+120outputs (0major+6237minor)pagefaults 0swaps
rm -f module_sf_pxsfclay.o
/lib/cpp -P -I/pixel/project02/tcchen/WRFV3/inc -DEM_CORE=1 -DNMM_CORE=0 -DNMM_MAX_DIM=2600 -DCOAMPS_CORE=0 -DDA_CORE=0 -DEXP_CORE=0 -DIWORDSIZE=4 -DDWORDSIZE=8 -DRWORDSIZE=4 -DLWORDSIZE=4 -DNONSTANDARD_SYSTEM_SUBR  -DWRF_USE_CLM -DNO_IEEE_MODULE  -DNETCDF -DUSE_ALLOCATABLES -DGRIB1 -DINTIO -DKEEP_INT_AROUND -DLIMIT_ARGS -DCONFIG_BUF_LEN=65536 -DMAX_DOMAINS_F=21 -DMAX_HISTORY=25 -DNMM_NEST=0  -I. -traditional  -D_OPENMP module_sf_pxsfclay.F  > module_sf_pxsfclay.bb
/pixel/project02/tcchen/WRFV3/tools/standard.exe module_sf_pxsfclay.bb | /lib/cpp -P -traditional > module_sf_pxsfclay.f90
0.52user 0.03system 0:00.56elapsed 98%CPU (0avgtext+0avgdata 36016maxresident)k
64inputs+616outputs (0major+12232minor)pagefaults 0swaps
rm -f module_sf_temfsfclay.o
/lib/cpp -P -I/pixel/project02/tcchen/WRFV3/inc -DEM_CORE=1 -DNMM_CORE=0 -DNMM_MAX_DIM=2600 -DCOAMPS_CORE=0 -DDA_CORE=0 -DEXP_CORE=0 -DIWORDSIZE=4 -DDWORDSIZE=8 -DRWORDSIZE=4 -DLWORDSIZE=4 -DNONSTANDARD_SYSTEM_SUBR  -DWRF_USE_CLM -DNO_IEEE_MODULE  -DNETCDF -DUSE_ALLOCATABLES -DGRIB1 -DINTIO -DKEEP_INT_AROUND -DLIMIT_ARGS -DCONFIG_BUF_LEN=65536 -DMAX_DOMAINS_F=21 -DMAX_HISTORY=25 -DNMM_NEST=0  -I. -traditional  -D_OPENMP module_sf_temfsfclay.F  > module_sf_temfsfclay.bb
rm -f module_sf_pxsfclay.b module_sf_pxsfclay.bb
/pixel/project02/tcchen/WRFV3/tools/standard.exe module_sf_temfsfclay.bb | /lib/cpp -P -traditional > module_sf_temfsfclay.f90
time gfortran -o module_sf_pxsfclay.o -c -O2 -ftree-vectorize -funroll-loops -w -ffree-form -ffree-line-length-none -fconvert=big-endian -frecord-marker=4  -fopenmp -I../dyn_em -I../dyn_nmm   -I/pixel/project02/tcchen/WRFV3/external/esmf_time_f90  -I/pixel/project02/tcchen/WRFV3/main -I/pixel/project02/tcchen/WRFV3/external/io_netcdf -I/pixel/project02/tcchen/WRFV3/external/io_int -I/pixel/project02/tcchen/WRFV3/frame -I/pixel/project02/tcchen/WRFV3/share -I/pixel/project02/tcchen/WRFV3/phys -I/pixel/project02/tcchen/WRFV3/chem -I/pixel/project02/tcchen/WRFV3/inc -I/pixel/project02/tcchen/netcdf/netcdf_gnu//include    module_sf_pxsfclay.f90
Warning: Nonexistent include directory "/pixel/project02/tcchen/WRFV3/chem"
rm -f module_sf_temfsfclay.b module_sf_temfsfclay.bb
time gfortran -o module_sf_temfsfclay.o -c -O2 -ftree-vectorize -funroll-loops -w -ffree-form -ffree-line-length-none -fconvert=big-endian -frecord-marker=4  -fopenmp -I../dyn_em -I../dyn_nmm   -I/pixel/project02/tcchen/WRFV3/external/esmf_time_f90  -I/pixel/project02/tcchen/WRFV3/main -I/pixel/project02/tcchen/WRFV3/external/io_netcdf -I/pixel/project02/tcchen/WRFV3/external/io_int -I/pixel/project02/tcchen/WRFV3/frame -I/pixel/project02/tcchen/WRFV3/share -I/pixel/project02/tcchen/WRFV3/phys -I/pixel/project02/tcchen/WRFV3/chem -I/pixel/project02/tcchen/WRFV3/inc -I/pixel/project02/tcchen/netcdf/netcdf_gnu//include    module_sf_temfsfclay.f90
Warning: Nonexistent include directory "/pixel/project02/tcchen/WRFV3/chem"
0.12user 0.01system 0:00.15elapsed 96%CPU (0avgtext+0avgdata 19436maxresident)k
16inputs+192outputs (0major+7531minor)pagefaults 0swaps
rm -f module_sf_idealscmsfclay.o
/lib/cpp -P -I/pixel/project02/tcchen/WRFV3/inc -DEM_CORE=1 -DNMM_CORE=0 -DNMM_MAX_DIM=2600 -DCOAMPS_CORE=0 -DDA_CORE=0 -DEXP_CORE=0 -DIWORDSIZE=4 -DDWORDSIZE=8 -DRWORDSIZE=4 -DLWORDSIZE=4 -DNONSTANDARD_SYSTEM_SUBR  -DWRF_USE_CLM -DNO_IEEE_MODULE  -DNETCDF -DUSE_ALLOCATABLES -DGRIB1 -DINTIO -DKEEP_INT_AROUND -DLIMIT_ARGS -DCONFIG_BUF_LEN=65536 -DMAX_DOMAINS_F=21 -DMAX_HISTORY=25 -DNMM_NEST=0  -I. -traditional  -D_OPENMP module_sf_idealscmsfclay.F  > module_sf_idealscmsfclay.bb
/pixel/project02/tcchen/WRFV3/tools/standard.exe module_sf_idealscmsfclay.bb | /lib/cpp -P -traditional > module_sf_idealscmsfclay.f90
rm -f module_sf_idealscmsfclay.b module_sf_idealscmsfclay.bb
time gfortran -o module_sf_idealscmsfclay.o -c -O2 -ftree-vectorize -funroll-loops -w -ffree-form -ffree-line-length-none -fconvert=big-endian -frecord-marker=4  -fopenmp -I../dyn_em -I../dyn_nmm   -I/pixel/project02/tcchen/WRFV3/external/esmf_time_f90  -I/pixel/project02/tcchen/WRFV3/main -I/pixel/project02/tcchen/WRFV3/external/io_netcdf -I/pixel/project02/tcchen/WRFV3/external/io_int -I/pixel/project02/tcchen/WRFV3/frame -I/pixel/project02/tcchen/WRFV3/share -I/pixel/project02/tcchen/WRFV3/phys -I/pixel/project02/tcchen/WRFV3/chem -I/pixel/project02/tcchen/WRFV3/inc -I/pixel/project02/tcchen/netcdf/netcdf_gnu//include    module_sf_idealscmsfclay.f90
Warning: Nonexistent include directory "/pixel/project02/tcchen/WRFV3/chem"
0.09user 0.01system 0:00.11elapsed 95%CPU (0avgtext+0avgdata 17016maxresident)k
0inputs+136outputs (0major+6741minor)pagefaults 0swaps
rm -f module_sf_scmflux.o
/lib/cpp -P -I/pixel/project02/tcchen/WRFV3/inc -DEM_CORE=1 -DNMM_CORE=0 -DNMM_MAX_DIM=2600 -DCOAMPS_CORE=0 -DDA_CORE=0 -DEXP_CORE=0 -DIWORDSIZE=4 -DDWORDSIZE=8 -DRWORDSIZE=4 -DLWORDSIZE=4 -DNONSTANDARD_SYSTEM_SUBR  -DWRF_USE_CLM -DNO_IEEE_MODULE  -DNETCDF -DUSE_ALLOCATABLES -DGRIB1 -DINTIO -DKEEP_INT_AROUND -DLIMIT_ARGS -DCONFIG_BUF_LEN=65536 -DMAX_DOMAINS_F=21 -DMAX_HISTORY=25 -DNMM_NEST=0  -I. -traditional  -D_OPENMP module_sf_scmflux.F  > module_sf_scmflux.bb
/pixel/project02/tcchen/WRFV3/tools/standard.exe module_sf_scmflux.bb | /lib/cpp -P -traditional > module_sf_scmflux.f90
rm -f module_sf_scmflux.b module_sf_scmflux.bb
0.34user 0.04system 0:00.39elapsed 98%CPU (0avgtext+0avgdata 22720maxresident)k
32inputs+288outputs (0major+8676minor)pagefaults 0swaps
rm -f module_sf_scmskintemp.o
/lib/cpp -P -I/pixel/project02/tcchen/WRFV3/inc -DEM_CORE=1 -DNMM_CORE=0 -DNMM_MAX_DIM=2600 -DCOAMPS_CORE=0 -DDA_CORE=0 -DEXP_CORE=0 -DIWORDSIZE=4 -DDWORDSIZE=8 -DRWORDSIZE=4 -DLWORDSIZE=4 -DNONSTANDARD_SYSTEM_SUBR  -DWRF_USE_CLM -DNO_IEEE_MODULE  -DNETCDF -DUSE_ALLOCATABLES -DGRIB1 -DINTIO -DKEEP_INT_AROUND -DLIMIT_ARGS -DCONFIG_BUF_LEN=65536 -DMAX_DOMAINS_F=21 -DMAX_HISTORY=25 -DNMM_NEST=0  -I. -traditional  -D_OPENMP module_sf_scmskintemp.F  > module_sf_scmskintemp.bb
time gfortran -o module_sf_scmflux.o -c -O2 -ftree-vectorize -funroll-loops -w -ffree-form -ffree-line-length-none -fconvert=big-endian -frecord-marker=4  -fopenmp -I../dyn_em -I../dyn_nmm   -I/pixel/project02/tcchen/WRFV3/external/esmf_time_f90  -I/pixel/project02/tcchen/WRFV3/main -I/pixel/project02/tcchen/WRFV3/external/io_netcdf -I/pixel/project02/tcchen/WRFV3/external/io_int -I/pixel/project02/tcchen/WRFV3/frame -I/pixel/project02/tcchen/WRFV3/share -I/pixel/project02/tcchen/WRFV3/phys -I/pixel/project02/tcchen/WRFV3/chem -I/pixel/project02/tcchen/WRFV3/inc -I/pixel/project02/tcchen/netcdf/netcdf_gnu//include    module_sf_scmflux.f90
/pixel/project02/tcchen/WRFV3/tools/standard.exe module_sf_scmskintemp.bb | /lib/cpp -P -traditional > module_sf_scmskintemp.f90
Warning: Nonexistent include directory "/pixel/project02/tcchen/WRFV3/chem"
rm -f module_sf_scmskintemp.b module_sf_scmskintemp.bb
time gfortran -o module_sf_scmskintemp.o -c -O2 -ftree-vectorize -funroll-loops -w -ffree-form -ffree-line-length-none -fconvert=big-endian -frecord-marker=4  -fopenmp -I../dyn_em -I../dyn_nmm   -I/pixel/project02/tcchen/WRFV3/external/esmf_time_f90  -I/pixel/project02/tcchen/WRFV3/main -I/pixel/project02/tcchen/WRFV3/external/io_netcdf -I/pixel/project02/tcchen/WRFV3/external/io_int -I/pixel/project02/tcchen/WRFV3/frame -I/pixel/project02/tcchen/WRFV3/share -I/pixel/project02/tcchen/WRFV3/phys -I/pixel/project02/tcchen/WRFV3/chem -I/pixel/project02/tcchen/WRFV3/inc -I/pixel/project02/tcchen/netcdf/netcdf_gnu//include    module_sf_scmskintemp.f90
Warning: Nonexistent include directory "/pixel/project02/tcchen/WRFV3/chem"
0.08user 0.02system 0:00.11elapsed 95%CPU (0avgtext+0avgdata 13832maxresident)k
0inputs+56outputs (0major+5918minor)pagefaults 0swaps
rm -f module_physics_addtendc.o
/lib/cpp -P -I/pixel/project02/tcchen/WRFV3/inc -DEM_CORE=1 -DNMM_CORE=0 -DNMM_MAX_DIM=2600 -DCOAMPS_CORE=0 -DDA_CORE=0 -DEXP_CORE=0 -DIWORDSIZE=4 -DDWORDSIZE=8 -DRWORDSIZE=4 -DLWORDSIZE=4 -DNONSTANDARD_SYSTEM_SUBR  -DWRF_USE_CLM -DNO_IEEE_MODULE  -DNETCDF -DUSE_ALLOCATABLES -DGRIB1 -DINTIO -DKEEP_INT_AROUND -DLIMIT_ARGS -DCONFIG_BUF_LEN=65536 -DMAX_DOMAINS_F=21 -DMAX_HISTORY=25 -DNMM_NEST=0  -I. -traditional  -D_OPENMP module_physics_addtendc.F  > module_physics_addtendc.bb
/pixel/project02/tcchen/WRFV3/tools/standard.exe module_physics_addtendc.bb | /lib/cpp -P -traditional > module_physics_addtendc.f90
rm -f module_physics_addtendc.b module_physics_addtendc.bb
time gfortran -o module_physics_addtendc.o -c -O2 -ftree-vectorize -funroll-loops -w -ffree-form -ffree-line-length-none -fconvert=big-endian -frecord-marker=4  -fopenmp -I../dyn_em -I../dyn_nmm   -I/pixel/project02/tcchen/WRFV3/external/esmf_time_f90  -I/pixel/project02/tcchen/WRFV3/main -I/pixel/project02/tcchen/WRFV3/external/io_netcdf -I/pixel/project02/tcchen/WRFV3/external/io_int -I/pixel/project02/tcchen/WRFV3/frame -I/pixel/project02/tcchen/WRFV3/share -I/pixel/project02/tcchen/WRFV3/phys -I/pixel/project02/tcchen/WRFV3/chem -I/pixel/project02/tcchen/WRFV3/inc -I/pixel/project02/tcchen/netcdf/netcdf_gnu//include    module_physics_addtendc.f90
Warning: Nonexistent include directory "/pixel/project02/tcchen/WRFV3/chem"
0.28user 0.04system 0:00.33elapsed 98%CPU (0avgtext+0avgdata 21492maxresident)k
16inputs+152outputs (0major+8332minor)pagefaults 0swaps
rm -f module_sf_lake.o
/lib/cpp -P -I/pixel/project02/tcchen/WRFV3/inc -DEM_CORE=1 -DNMM_CORE=0 -DNMM_MAX_DIM=2600 -DCOAMPS_CORE=0 -DDA_CORE=0 -DEXP_CORE=0 -DIWORDSIZE=4 -DDWORDSIZE=8 -DRWORDSIZE=4 -DLWORDSIZE=4 -DNONSTANDARD_SYSTEM_SUBR  -DWRF_USE_CLM -DNO_IEEE_MODULE  -DNETCDF -DUSE_ALLOCATABLES -DGRIB1 -DINTIO -DKEEP_INT_AROUND -DLIMIT_ARGS -DCONFIG_BUF_LEN=65536 -DMAX_DOMAINS_F=21 -DMAX_HISTORY=25 -DNMM_NEST=0  -I. -traditional  -D_OPENMP module_sf_lake.F  > module_sf_lake.bb
/pixel/project02/tcchen/WRFV3/tools/standard.exe module_sf_lake.bb | /lib/cpp -P -traditional > module_sf_lake.f90
rm -f module_sf_lake.b module_sf_lake.bb
time gfortran -o module_sf_lake.o -c -O2 -ftree-vectorize -funroll-loops -w -ffree-form -ffree-line-length-none -fconvert=big-endian -frecord-marker=4  -fopenmp -I../dyn_em -I../dyn_nmm   -I/pixel/project02/tcchen/WRFV3/external/esmf_time_f90  -I/pixel/project02/tcchen/WRFV3/main -I/pixel/project02/tcchen/WRFV3/external/io_netcdf -I/pixel/project02/tcchen/WRFV3/external/io_int -I/pixel/project02/tcchen/WRFV3/frame -I/pixel/project02/tcchen/WRFV3/share -I/pixel/project02/tcchen/WRFV3/phys -I/pixel/project02/tcchen/WRFV3/chem -I/pixel/project02/tcchen/WRFV3/inc -I/pixel/project02/tcchen/netcdf/netcdf_gnu//include    module_sf_lake.f90
Warning: Nonexistent include directory "/pixel/project02/tcchen/WRFV3/chem"
1.05user 0.06system 0:01.12elapsed 99%CPU (0avgtext+0avgdata 41400maxresident)k
64inputs+2800outputs (0major+13008minor)pagefaults 0swaps
rm -f module_fdda_psufddagd.o
/lib/cpp -P -I/pixel/project02/tcchen/WRFV3/inc -DEM_CORE=1 -DNMM_CORE=0 -DNMM_MAX_DIM=2600 -DCOAMPS_CORE=0 -DDA_CORE=0 -DEXP_CORE=0 -DIWORDSIZE=4 -DDWORDSIZE=8 -DRWORDSIZE=4 -DLWORDSIZE=4 -DNONSTANDARD_SYSTEM_SUBR  -DWRF_USE_CLM -DNO_IEEE_MODULE  -DNETCDF -DUSE_ALLOCATABLES -DGRIB1 -DINTIO -DKEEP_INT_AROUND -DLIMIT_ARGS -DCONFIG_BUF_LEN=65536 -DMAX_DOMAINS_F=21 -DMAX_HISTORY=25 -DNMM_NEST=0  -I. -traditional  -D_OPENMP module_fdda_psufddagd.F  > module_fdda_psufddagd.bb
/pixel/project02/tcchen/WRFV3/tools/standard.exe module_fdda_psufddagd.bb | /lib/cpp -P -traditional > module_fdda_psufddagd.f90
rm -f module_fdda_psufddagd.b module_fdda_psufddagd.bb
time gfortran -o module_fdda_psufddagd.o -c -O2 -ftree-vectorize -funroll-loops -w -ffree-form -ffree-line-length-none -fconvert=big-endian -frecord-marker=4  -fopenmp -I../dyn_em -I../dyn_nmm   -I/pixel/project02/tcchen/WRFV3/external/esmf_time_f90  -I/pixel/project02/tcchen/WRFV3/main -I/pixel/project02/tcchen/WRFV3/external/io_netcdf -I/pixel/project02/tcchen/WRFV3/external/io_int -I/pixel/project02/tcchen/WRFV3/frame -I/pixel/project02/tcchen/WRFV3/share -I/pixel/project02/tcchen/WRFV3/phys -I/pixel/project02/tcchen/WRFV3/chem -I/pixel/project02/tcchen/WRFV3/inc -I/pixel/project02/tcchen/netcdf/netcdf_gnu//include    module_fdda_psufddagd.f90
Warning: Nonexistent include directory "/pixel/project02/tcchen/WRFV3/chem"
1.57user 0.06system 0:01.65elapsed 99%CPU (0avgtext+0avgdata 73456maxresident)k
72inputs+1448outputs (0major+21588minor)pagefaults 0swaps
rm -f module_fdda_spnudging.o
/lib/cpp -P -I/pixel/project02/tcchen/WRFV3/inc -DEM_CORE=1 -DNMM_CORE=0 -DNMM_MAX_DIM=2600 -DCOAMPS_CORE=0 -DDA_CORE=0 -DEXP_CORE=0 -DIWORDSIZE=4 -DDWORDSIZE=8 -DRWORDSIZE=4 -DLWORDSIZE=4 -DNONSTANDARD_SYSTEM_SUBR  -DWRF_USE_CLM -DNO_IEEE_MODULE  -DNETCDF -DUSE_ALLOCATABLES -DGRIB1 -DINTIO -DKEEP_INT_AROUND -DLIMIT_ARGS -DCONFIG_BUF_LEN=65536 -DMAX_DOMAINS_F=21 -DMAX_HISTORY=25 -DNMM_NEST=0  -I. -traditional  -D_OPENMP module_fdda_spnudging.F  > module_fdda_spnudging.bb
/pixel/project02/tcchen/WRFV3/tools/standard.exe module_fdda_spnudging.bb | /lib/cpp -P -traditional > module_fdda_spnudging.f90
rm -f module_fdda_spnudging.b module_fdda_spnudging.bb
time gfortran -o module_fdda_spnudging.o -c -O2 -ftree-vectorize -funroll-loops -w -ffree-form -ffree-line-length-none -fconvert=big-endian -frecord-marker=4  -fopenmp -I../dyn_em -I../dyn_nmm   -I/pixel/project02/tcchen/WRFV3/external/esmf_time_f90  -I/pixel/project02/tcchen/WRFV3/main -I/pixel/project02/tcchen/WRFV3/external/io_netcdf -I/pixel/project02/tcchen/WRFV3/external/io_int -I/pixel/project02/tcchen/WRFV3/frame -I/pixel/project02/tcchen/WRFV3/share -I/pixel/project02/tcchen/WRFV3/phys -I/pixel/project02/tcchen/WRFV3/chem -I/pixel/project02/tcchen/WRFV3/inc -I/pixel/project02/tcchen/netcdf/netcdf_gnu//include    module_fdda_spnudging.f90
Warning: Nonexistent include directory "/pixel/project02/tcchen/WRFV3/chem"
1.36user 0.05system 0:01.43elapsed 99%CPU (0avgtext+0avgdata 68052maxresident)k
64inputs+984outputs (0major+21772minor)pagefaults 0swaps
rm -f module_fddaobs_rtfdda.o
/pixel/project02/tcchen/WRFV3/tools/standard.exe module_fddaobs_rtfdda.F > module_fddaobs_rtfdda.b 
/lib/cpp -P -I/pixel/project02/tcchen/WRFV3/inc -DEM_CORE=1 -DNMM_CORE=0 -DNMM_MAX_DIM=2600 -DCOAMPS_CORE=0 -DDA_CORE=0 -DEXP_CORE=0 -DIWORDSIZE=4 -DDWORDSIZE=8 -DRWORDSIZE=4 -DLWORDSIZE=4 -DNONSTANDARD_SYSTEM_SUBR  -DWRF_USE_CLM -DNO_IEEE_MODULE  -DNETCDF -DUSE_ALLOCATABLES -DGRIB1 -DINTIO -DKEEP_INT_AROUND -DLIMIT_ARGS -DCONFIG_BUF_LEN=65536 -DMAX_DOMAINS_F=21 -DMAX_HISTORY=25 -DNMM_NEST=0  -I. -traditional  -D_OPENMP module_fddaobs_rtfdda.b  > module_fddaobs_rtfdda.f90
rm -f module_fddaobs_rtfdda.b
if fgrep -iq '!$OMP' module_fddaobs_rtfdda.f90 ; then \
          if [ -n "-fopenmp" ] ; then echo COMPILING module_fddaobs_rtfdda.F WITH OMP ; fi ; \
  time gfortran -c  -O0 -w -ffree-form -ffree-line-length-none -fconvert=big-endian -frecord-marker=4  -I../dyn_em -I../dyn_nmm   -I/pixel/project02/tcchen/WRFV3/external/esmf_time_f90  -I/pixel/project02/tcchen/WRFV3/main -I/pixel/project02/tcchen/WRFV3/external/io_netcdf -I/pixel/project02/tcchen/WRFV3/external/io_int -I/pixel/project02/tcchen/WRFV3/frame -I/pixel/project02/tcchen/WRFV3/share -I/pixel/project02/tcchen/WRFV3/phys -I/pixel/project02/tcchen/WRFV3/chem -I/pixel/project02/tcchen/WRFV3/inc -I/pixel/project02/tcchen/netcdf/netcdf_gnu//include   -fopenmp module_fddaobs_rtfdda.f90 ; \
        else \
          if [ -n "-fopenmp" ] ; then echo COMPILING module_fddaobs_rtfdda.F WITHOUT OMP ; fi ; \
  time gfortran -c  -O0 -w -ffree-form -ffree-line-length-none -fconvert=big-endian -frecord-marker=4  -I../dyn_em -I../dyn_nmm   -I/pixel/project02/tcchen/WRFV3/external/esmf_time_f90  -I/pixel/project02/tcchen/WRFV3/main -I/pixel/project02/tcchen/WRFV3/external/io_netcdf -I/pixel/project02/tcchen/WRFV3/external/io_int -I/pixel/project02/tcchen/WRFV3/frame -I/pixel/project02/tcchen/WRFV3/share -I/pixel/project02/tcchen/WRFV3/phys -I/pixel/project02/tcchen/WRFV3/chem -I/pixel/project02/tcchen/WRFV3/inc -I/pixel/project02/tcchen/netcdf/netcdf_gnu//include   module_fddaobs_rtfdda.f90 ; \
        fi
COMPILING module_fddaobs_rtfdda.F WITHOUT OMP
Warning: Nonexistent include directory "/pixel/project02/tcchen/WRFV3/chem"
0.88user 0.05system 0:00.95elapsed 99%CPU (0avgtext+0avgdata 52472maxresident)k
64inputs+2032outputs (0major+16487minor)pagefaults 0swaps
rm -f module_wind_fitch.o
/lib/cpp -P -I/pixel/project02/tcchen/WRFV3/inc -DEM_CORE=1 -DNMM_CORE=0 -DNMM_MAX_DIM=2600 -DCOAMPS_CORE=0 -DDA_CORE=0 -DEXP_CORE=0 -DIWORDSIZE=4 -DDWORDSIZE=8 -DRWORDSIZE=4 -DLWORDSIZE=4 -DNONSTANDARD_SYSTEM_SUBR  -DWRF_USE_CLM -DNO_IEEE_MODULE  -DNETCDF -DUSE_ALLOCATABLES -DGRIB1 -DINTIO -DKEEP_INT_AROUND -DLIMIT_ARGS -DCONFIG_BUF_LEN=65536 -DMAX_DOMAINS_F=21 -DMAX_HISTORY=25 -DNMM_NEST=0  -I. -traditional  -D_OPENMP module_wind_fitch.F  > module_wind_fitch.bb
/pixel/project02/tcchen/WRFV3/tools/standard.exe module_wind_fitch.bb | /lib/cpp -P -traditional > module_wind_fitch.f90
rm -f module_wind_fitch.b module_wind_fitch.bb
time gfortran -o module_wind_fitch.o -c -O2 -ftree-vectorize -funroll-loops -w -ffree-form -ffree-line-length-none -fconvert=big-endian -frecord-marker=4  -fopenmp -I../dyn_em -I../dyn_nmm   -I/pixel/project02/tcchen/WRFV3/external/esmf_time_f90  -I/pixel/project02/tcchen/WRFV3/main -I/pixel/project02/tcchen/WRFV3/external/io_netcdf -I/pixel/project02/tcchen/WRFV3/external/io_int -I/pixel/project02/tcchen/WRFV3/frame -I/pixel/project02/tcchen/WRFV3/share -I/pixel/project02/tcchen/WRFV3/phys -I/pixel/project02/tcchen/WRFV3/chem -I/pixel/project02/tcchen/WRFV3/inc -I/pixel/project02/tcchen/netcdf/netcdf_gnu//include    module_wind_fitch.f90
Warning: Nonexistent include directory "/pixel/project02/tcchen/WRFV3/chem"

real	0m0.378s
user	0m0.337s
sys	0m0.034s
rm -f module_microphysics_zero_out.o
/lib/cpp -P -I/pixel/project02/tcchen/WRFV3/inc -DEM_CORE=1 -DNMM_CORE=0 -DNMM_MAX_DIM=2600 -DCOAMPS_CORE=0 -DDA_CORE=0 -DEXP_CORE=0 -DIWORDSIZE=4 -DDWORDSIZE=8 -DRWORDSIZE=4 -DLWORDSIZE=4 -DNONSTANDARD_SYSTEM_SUBR  -DWRF_USE_CLM -DNO_IEEE_MODULE  -DNETCDF -DUSE_ALLOCATABLES -DGRIB1 -DINTIO -DKEEP_INT_AROUND -DLIMIT_ARGS -DCONFIG_BUF_LEN=65536 -DMAX_DOMAINS_F=21 -DMAX_HISTORY=25 -DNMM_NEST=0  -I. -traditional  -D_OPENMP module_microphysics_zero_out.F  > module_microphysics_zero_out.bb
/pixel/project02/tcchen/WRFV3/tools/standard.exe module_microphysics_zero_out.bb | /lib/cpp -P -traditional > module_microphysics_zero_out.f90
rm -f module_microphysics_zero_out.b module_microphysics_zero_out.bb
time gfortran -o module_microphysics_zero_out.o -c -O2 -ftree-vectorize -funroll-loops -w -ffree-form -ffree-line-length-none -fconvert=big-endian -frecord-marker=4  -fopenmp -I../dyn_em -I../dyn_nmm   -I/pixel/project02/tcchen/WRFV3/external/esmf_time_f90  -I/pixel/project02/tcchen/WRFV3/main -I/pixel/project02/tcchen/WRFV3/external/io_netcdf -I/pixel/project02/tcchen/WRFV3/external/io_int -I/pixel/project02/tcchen/WRFV3/frame -I/pixel/project02/tcchen/WRFV3/share -I/pixel/project02/tcchen/WRFV3/phys -I/pixel/project02/tcchen/WRFV3/chem -I/pixel/project02/tcchen/WRFV3/inc -I/pixel/project02/tcchen/netcdf/netcdf_gnu//include    module_microphysics_zero_out.f90
Warning: Nonexistent include directory "/pixel/project02/tcchen/WRFV3/chem"
0.34user 0.02system 0:00.38elapsed 97%CPU (0avgtext+0avgdata 23260maxresident)k
32inputs+880outputs (0major+8529minor)pagefaults 0swaps
rm -f module_ltng_crmpr92.o
/lib/cpp -P -I/pixel/project02/tcchen/WRFV3/inc -DEM_CORE=1 -DNMM_CORE=0 -DNMM_MAX_DIM=2600 -DCOAMPS_CORE=0 -DDA_CORE=0 -DEXP_CORE=0 -DIWORDSIZE=4 -DDWORDSIZE=8 -DRWORDSIZE=4 -DLWORDSIZE=4 -DNONSTANDARD_SYSTEM_SUBR  -DWRF_USE_CLM -DNO_IEEE_MODULE  -DNETCDF -DUSE_ALLOCATABLES -DGRIB1 -DINTIO -DKEEP_INT_AROUND -DLIMIT_ARGS -DCONFIG_BUF_LEN=65536 -DMAX_DOMAINS_F=21 -DMAX_HISTORY=25 -DNMM_NEST=0  -I. -traditional  -D_OPENMP module_ltng_crmpr92.F  > module_ltng_crmpr92.bb
/pixel/project02/tcchen/WRFV3/tools/standard.exe module_ltng_crmpr92.bb | /lib/cpp -P -traditional > module_ltng_crmpr92.f90
rm -f module_ltng_crmpr92.b module_ltng_crmpr92.bb
time gfortran -o module_ltng_crmpr92.o -c -O2 -ftree-vectorize -funroll-loops -w -ffree-form -ffree-line-length-none -fconvert=big-endian -frecord-marker=4  -fopenmp -I../dyn_em -I../dyn_nmm   -I/pixel/project02/tcchen/WRFV3/external/esmf_time_f90  -I/pixel/project02/tcchen/WRFV3/main -I/pixel/project02/tcchen/WRFV3/external/io_netcdf -I/pixel/project02/tcchen/WRFV3/external/io_int -I/pixel/project02/tcchen/WRFV3/frame -I/pixel/project02/tcchen/WRFV3/share -I/pixel/project02/tcchen/WRFV3/phys -I/pixel/project02/tcchen/WRFV3/chem -I/pixel/project02/tcchen/WRFV3/inc -I/pixel/project02/tcchen/netcdf/netcdf_gnu//include    module_ltng_crmpr92.f90
Warning: Nonexistent include directory "/pixel/project02/tcchen/WRFV3/chem"
0.20user 0.03system 0:00.24elapsed 96%CPU (0avgtext+0avgdata 20940maxresident)k
0inputs+1184outputs (0major+7658minor)pagefaults 0swaps
rm -f module_ltng_cpmpr92z.o
/lib/cpp -P -I/pixel/project02/tcchen/WRFV3/inc -DEM_CORE=1 -DNMM_CORE=0 -DNMM_MAX_DIM=2600 -DCOAMPS_CORE=0 -DDA_CORE=0 -DEXP_CORE=0 -DIWORDSIZE=4 -DDWORDSIZE=8 -DRWORDSIZE=4 -DLWORDSIZE=4 -DNONSTANDARD_SYSTEM_SUBR  -DWRF_USE_CLM -DNO_IEEE_MODULE  -DNETCDF -DUSE_ALLOCATABLES -DGRIB1 -DINTIO -DKEEP_INT_AROUND -DLIMIT_ARGS -DCONFIG_BUF_LEN=65536 -DMAX_DOMAINS_F=21 -DMAX_HISTORY=25 -DNMM_NEST=0  -I. -traditional  -D_OPENMP module_ltng_cpmpr92z.F  > module_ltng_cpmpr92z.bb
/pixel/project02/tcchen/WRFV3/tools/standard.exe module_ltng_cpmpr92z.bb | /lib/cpp -P -traditional > module_ltng_cpmpr92z.f90
rm -f module_ltng_cpmpr92z.b module_ltng_cpmpr92z.bb
time gfortran -o module_ltng_cpmpr92z.o -c -O2 -ftree-vectorize -funroll-loops -w -ffree-form -ffree-line-length-none -fconvert=big-endian -frecord-marker=4  -fopenmp -I../dyn_em -I../dyn_nmm   -I/pixel/project02/tcchen/WRFV3/external/esmf_time_f90  -I/pixel/project02/tcchen/WRFV3/main -I/pixel/project02/tcchen/WRFV3/external/io_netcdf -I/pixel/project02/tcchen/WRFV3/external/io_int -I/pixel/project02/tcchen/WRFV3/frame -I/pixel/project02/tcchen/WRFV3/share -I/pixel/project02/tcchen/WRFV3/phys -I/pixel/project02/tcchen/WRFV3/chem -I/pixel/project02/tcchen/WRFV3/inc -I/pixel/project02/tcchen/netcdf/netcdf_gnu//include    module_ltng_cpmpr92z.f90
Warning: Nonexistent include directory "/pixel/project02/tcchen/WRFV3/chem"
0.20user 0.02system 0:00.23elapsed 97%CPU (0avgtext+0avgdata 15968maxresident)k
0inputs+88outputs (0major+6741minor)pagefaults 0swaps
rm -f module_ltng_iccg.o
/lib/cpp -P -I/pixel/project02/tcchen/WRFV3/inc -DEM_CORE=1 -DNMM_CORE=0 -DNMM_MAX_DIM=2600 -DCOAMPS_CORE=0 -DDA_CORE=0 -DEXP_CORE=0 -DIWORDSIZE=4 -DDWORDSIZE=8 -DRWORDSIZE=4 -DLWORDSIZE=4 -DNONSTANDARD_SYSTEM_SUBR  -DWRF_USE_CLM -DNO_IEEE_MODULE  -DNETCDF -DUSE_ALLOCATABLES -DGRIB1 -DINTIO -DKEEP_INT_AROUND -DLIMIT_ARGS -DCONFIG_BUF_LEN=65536 -DMAX_DOMAINS_F=21 -DMAX_HISTORY=25 -DNMM_NEST=0  -I. -traditional  -D_OPENMP module_ltng_iccg.F  > module_ltng_iccg.bb
/pixel/project02/tcchen/WRFV3/tools/standard.exe module_ltng_iccg.bb | /lib/cpp -P -traditional > module_ltng_iccg.f90
rm -f module_ltng_iccg.b module_ltng_iccg.bb
0.31user 0.02system 0:00.35elapsed 98%CPU (0avgtext+0avgdata 21096maxresident)k
16inputs+200outputs (0major+8517minor)pagefaults 0swaps
rm -f module_fddagd_driver.o
/lib/cpp -P -I/pixel/project02/tcchen/WRFV3/inc -DEM_CORE=1 -DNMM_CORE=0 -DNMM_MAX_DIM=2600 -DCOAMPS_CORE=0 -DDA_CORE=0 -DEXP_CORE=0 -DIWORDSIZE=4 -DDWORDSIZE=8 -DRWORDSIZE=4 -DLWORDSIZE=4 -DNONSTANDARD_SYSTEM_SUBR  -DWRF_USE_CLM -DNO_IEEE_MODULE  -DNETCDF -DUSE_ALLOCATABLES -DGRIB1 -DINTIO -DKEEP_INT_AROUND -DLIMIT_ARGS -DCONFIG_BUF_LEN=65536 -DMAX_DOMAINS_F=21 -DMAX_HISTORY=25 -DNMM_NEST=0  -I. -traditional  -D_OPENMP module_fddagd_driver.F  > module_fddagd_driver.bb
time gfortran -o module_ltng_iccg.o -c -O2 -ftree-vectorize -funroll-loops -w -ffree-form -ffree-line-length-none -fconvert=big-endian -frecord-marker=4  -fopenmp -I../dyn_em -I../dyn_nmm   -I/pixel/project02/tcchen/WRFV3/external/esmf_time_f90  -I/pixel/project02/tcchen/WRFV3/main -I/pixel/project02/tcchen/WRFV3/external/io_netcdf -I/pixel/project02/tcchen/WRFV3/external/io_int -I/pixel/project02/tcchen/WRFV3/frame -I/pixel/project02/tcchen/WRFV3/share -I/pixel/project02/tcchen/WRFV3/phys -I/pixel/project02/tcchen/WRFV3/chem -I/pixel/project02/tcchen/WRFV3/inc -I/pixel/project02/tcchen/netcdf/netcdf_gnu//include    module_ltng_iccg.f90
/pixel/project02/tcchen/WRFV3/tools/standard.exe module_fddagd_driver.bb | /lib/cpp -P -traditional > module_fddagd_driver.f90
Warning: Nonexistent include directory "/pixel/project02/tcchen/WRFV3/chem"
rm -f module_fddagd_driver.b module_fddagd_driver.bb
time gfortran -o module_fddagd_driver.o -c -O2 -ftree-vectorize -funroll-loops -w -ffree-form -ffree-line-length-none -fconvert=big-endian -frecord-marker=4  -fopenmp -I../dyn_em -I../dyn_nmm   -I/pixel/project02/tcchen/WRFV3/external/esmf_time_f90  -I/pixel/project02/tcchen/WRFV3/main -I/pixel/project02/tcchen/WRFV3/external/io_netcdf -I/pixel/project02/tcchen/WRFV3/external/io_int -I/pixel/project02/tcchen/WRFV3/frame -I/pixel/project02/tcchen/WRFV3/share -I/pixel/project02/tcchen/WRFV3/phys -I/pixel/project02/tcchen/WRFV3/chem -I/pixel/project02/tcchen/WRFV3/inc -I/pixel/project02/tcchen/netcdf/netcdf_gnu//include    module_fddagd_driver.f90
Warning: Nonexistent include directory "/pixel/project02/tcchen/WRFV3/chem"
0.39user 0.03system 0:00.43elapsed 98%CPU (0avgtext+0avgdata 25664maxresident)k
32inputs+240outputs (0major+9313minor)pagefaults 0swaps
rm -f module_fddaobs_driver.o
/lib/cpp -P -I/pixel/project02/tcchen/WRFV3/inc -DEM_CORE=1 -DNMM_CORE=0 -DNMM_MAX_DIM=2600 -DCOAMPS_CORE=0 -DDA_CORE=0 -DEXP_CORE=0 -DIWORDSIZE=4 -DDWORDSIZE=8 -DRWORDSIZE=4 -DLWORDSIZE=4 -DNONSTANDARD_SYSTEM_SUBR  -DWRF_USE_CLM -DNO_IEEE_MODULE  -DNETCDF -DUSE_ALLOCATABLES -DGRIB1 -DINTIO -DKEEP_INT_AROUND -DLIMIT_ARGS -DCONFIG_BUF_LEN=65536 -DMAX_DOMAINS_F=21 -DMAX_HISTORY=25 -DNMM_NEST=0  -I. -traditional  -D_OPENMP module_fddaobs_driver.F  > module_fddaobs_driver.bb
/pixel/project02/tcchen/WRFV3/tools/standard.exe module_fddaobs_driver.bb | /lib/cpp -P -traditional > module_fddaobs_driver.f90
rm -f module_fddaobs_driver.b module_fddaobs_driver.bb
time gfortran -o module_fddaobs_driver.o -c -O2 -ftree-vectorize -funroll-loops -w -ffree-form -ffree-line-length-none -fconvert=big-endian -frecord-marker=4  -fopenmp -I../dyn_em -I../dyn_nmm   -I/pixel/project02/tcchen/WRFV3/external/esmf_time_f90  -I/pixel/project02/tcchen/WRFV3/main -I/pixel/project02/tcchen/WRFV3/external/io_netcdf -I/pixel/project02/tcchen/WRFV3/external/io_int -I/pixel/project02/tcchen/WRFV3/frame -I/pixel/project02/tcchen/WRFV3/share -I/pixel/project02/tcchen/WRFV3/phys -I/pixel/project02/tcchen/WRFV3/chem -I/pixel/project02/tcchen/WRFV3/inc -I/pixel/project02/tcchen/netcdf/netcdf_gnu//include    module_fddaobs_driver.f90
Warning: Nonexistent include directory "/pixel/project02/tcchen/WRFV3/chem"
0.49user 0.03system 0:00.54elapsed 97%CPU (0avgtext+0avgdata 33896maxresident)k
1432inputs+2184outputs (0major+10929minor)pagefaults 0swaps
rm -f module_diag_misc.o
/lib/cpp -P -I/pixel/project02/tcchen/WRFV3/inc -DEM_CORE=1 -DNMM_CORE=0 -DNMM_MAX_DIM=2600 -DCOAMPS_CORE=0 -DDA_CORE=0 -DEXP_CORE=0 -DIWORDSIZE=4 -DDWORDSIZE=8 -DRWORDSIZE=4 -DLWORDSIZE=4 -DNONSTANDARD_SYSTEM_SUBR  -DWRF_USE_CLM -DNO_IEEE_MODULE  -DNETCDF -DUSE_ALLOCATABLES -DGRIB1 -DINTIO -DKEEP_INT_AROUND -DLIMIT_ARGS -DCONFIG_BUF_LEN=65536 -DMAX_DOMAINS_F=21 -DMAX_HISTORY=25 -DNMM_NEST=0  -I. -traditional  -D_OPENMP module_diag_misc.F  > module_diag_misc.bb
/pixel/project02/tcchen/WRFV3/tools/standard.exe module_diag_misc.bb | /lib/cpp -P -traditional > module_diag_misc.f90
rm -f module_diag_misc.b module_diag_misc.bb
time gfortran -o module_diag_misc.o -c -O2 -ftree-vectorize -funroll-loops -w -ffree-form -ffree-line-length-none -fconvert=big-endian -frecord-marker=4  -fopenmp -I../dyn_em -I../dyn_nmm   -I/pixel/project02/tcchen/WRFV3/external/esmf_time_f90  -I/pixel/project02/tcchen/WRFV3/main -I/pixel/project02/tcchen/WRFV3/external/io_netcdf -I/pixel/project02/tcchen/WRFV3/external/io_int -I/pixel/project02/tcchen/WRFV3/frame -I/pixel/project02/tcchen/WRFV3/share -I/pixel/project02/tcchen/WRFV3/phys -I/pixel/project02/tcchen/WRFV3/chem -I/pixel/project02/tcchen/WRFV3/inc -I/pixel/project02/tcchen/netcdf/netcdf_gnu//include    module_diag_misc.f90
Warning: Nonexistent include directory "/pixel/project02/tcchen/WRFV3/chem"
0.45user 0.03system 0:00.49elapsed 98%CPU (0avgtext+0avgdata 27344maxresident)k
32inputs+856outputs (0major+9328minor)pagefaults 0swaps
rm -f module_diag_cl.o
/lib/cpp -P -I/pixel/project02/tcchen/WRFV3/inc -DEM_CORE=1 -DNMM_CORE=0 -DNMM_MAX_DIM=2600 -DCOAMPS_CORE=0 -DDA_CORE=0 -DEXP_CORE=0 -DIWORDSIZE=4 -DDWORDSIZE=8 -DRWORDSIZE=4 -DLWORDSIZE=4 -DNONSTANDARD_SYSTEM_SUBR  -DWRF_USE_CLM -DNO_IEEE_MODULE  -DNETCDF -DUSE_ALLOCATABLES -DGRIB1 -DINTIO -DKEEP_INT_AROUND -DLIMIT_ARGS -DCONFIG_BUF_LEN=65536 -DMAX_DOMAINS_F=21 -DMAX_HISTORY=25 -DNMM_NEST=0  -I. -traditional  -D_OPENMP module_diag_cl.F  > module_diag_cl.bb
/pixel/project02/tcchen/WRFV3/tools/standard.exe module_diag_cl.bb | /lib/cpp -P -traditional > module_diag_cl.f90
rm -f module_diag_cl.b module_diag_cl.bb
time gfortran -o module_diag_cl.o -c -O2 -ftree-vectorize -funroll-loops -w -ffree-form -ffree-line-length-none -fconvert=big-endian -frecord-marker=4  -fopenmp -I../dyn_em -I../dyn_nmm   -I/pixel/project02/tcchen/WRFV3/external/esmf_time_f90  -I/pixel/project02/tcchen/WRFV3/main -I/pixel/project02/tcchen/WRFV3/external/io_netcdf -I/pixel/project02/tcchen/WRFV3/external/io_int -I/pixel/project02/tcchen/WRFV3/frame -I/pixel/project02/tcchen/WRFV3/share -I/pixel/project02/tcchen/WRFV3/phys -I/pixel/project02/tcchen/WRFV3/chem -I/pixel/project02/tcchen/WRFV3/inc -I/pixel/project02/tcchen/netcdf/netcdf_gnu//include    module_diag_cl.f90
Warning: Nonexistent include directory "/pixel/project02/tcchen/WRFV3/chem"
1.03user 0.06system 0:01.11elapsed 99%CPU (0avgtext+0avgdata 104476maxresident)k
64inputs+728outputs (0major+33759minor)pagefaults 0swaps
rm -f module_diag_pld.o
/lib/cpp -P -I/pixel/project02/tcchen/WRFV3/inc -DEM_CORE=1 -DNMM_CORE=0 -DNMM_MAX_DIM=2600 -DCOAMPS_CORE=0 -DDA_CORE=0 -DEXP_CORE=0 -DIWORDSIZE=4 -DDWORDSIZE=8 -DRWORDSIZE=4 -DLWORDSIZE=4 -DNONSTANDARD_SYSTEM_SUBR  -DWRF_USE_CLM -DNO_IEEE_MODULE  -DNETCDF -DUSE_ALLOCATABLES -DGRIB1 -DINTIO -DKEEP_INT_AROUND -DLIMIT_ARGS -DCONFIG_BUF_LEN=65536 -DMAX_DOMAINS_F=21 -DMAX_HISTORY=25 -DNMM_NEST=0  -I. -traditional  -D_OPENMP module_diag_pld.F  > module_diag_pld.bb
/pixel/project02/tcchen/WRFV3/tools/standard.exe module_diag_pld.bb | /lib/cpp -P -traditional > module_diag_pld.f90
rm -f module_diag_pld.b module_diag_pld.bb
time gfortran -o module_diag_pld.o -c -O2 -ftree-vectorize -funroll-loops -w -ffree-form -ffree-line-length-none -fconvert=big-endian -frecord-marker=4  -fopenmp -I../dyn_em -I../dyn_nmm   -I/pixel/project02/tcchen/WRFV3/external/esmf_time_f90  -I/pixel/project02/tcchen/WRFV3/main -I/pixel/project02/tcchen/WRFV3/external/io_netcdf -I/pixel/project02/tcchen/WRFV3/external/io_int -I/pixel/project02/tcchen/WRFV3/frame -I/pixel/project02/tcchen/WRFV3/share -I/pixel/project02/tcchen/WRFV3/phys -I/pixel/project02/tcchen/WRFV3/chem -I/pixel/project02/tcchen/WRFV3/inc -I/pixel/project02/tcchen/netcdf/netcdf_gnu//include    module_diag_pld.f90
Warning: Nonexistent include directory "/pixel/project02/tcchen/WRFV3/chem"
0.14user 0.01system 0:00.16elapsed 96%CPU (0avgtext+0avgdata 20620maxresident)k
16inputs+152outputs (0major+8205minor)pagefaults 0swaps
rm -f module_diag_zld.o
/lib/cpp -P -I/pixel/project02/tcchen/WRFV3/inc -DEM_CORE=1 -DNMM_CORE=0 -DNMM_MAX_DIM=2600 -DCOAMPS_CORE=0 -DDA_CORE=0 -DEXP_CORE=0 -DIWORDSIZE=4 -DDWORDSIZE=8 -DRWORDSIZE=4 -DLWORDSIZE=4 -DNONSTANDARD_SYSTEM_SUBR  -DWRF_USE_CLM -DNO_IEEE_MODULE  -DNETCDF -DUSE_ALLOCATABLES -DGRIB1 -DINTIO -DKEEP_INT_AROUND -DLIMIT_ARGS -DCONFIG_BUF_LEN=65536 -DMAX_DOMAINS_F=21 -DMAX_HISTORY=25 -DNMM_NEST=0  -I. -traditional  -D_OPENMP module_diag_zld.F  > module_diag_zld.bb
0.90user 0.04system 0:00.95elapsed 99%CPU (0avgtext+0avgdata 62696maxresident)k
64inputs+656outputs (0major+19551minor)pagefaults 0swaps
rm -f module_diag_afwa_hail.o
/pixel/project02/tcchen/WRFV3/tools/standard.exe module_diag_zld.bb | /lib/cpp -P -traditional > module_diag_zld.f90
/lib/cpp -P -I/pixel/project02/tcchen/WRFV3/inc -DEM_CORE=1 -DNMM_CORE=0 -DNMM_MAX_DIM=2600 -DCOAMPS_CORE=0 -DDA_CORE=0 -DEXP_CORE=0 -DIWORDSIZE=4 -DDWORDSIZE=8 -DRWORDSIZE=4 -DLWORDSIZE=4 -DNONSTANDARD_SYSTEM_SUBR  -DWRF_USE_CLM -DNO_IEEE_MODULE  -DNETCDF -DUSE_ALLOCATABLES -DGRIB1 -DINTIO -DKEEP_INT_AROUND -DLIMIT_ARGS -DCONFIG_BUF_LEN=65536 -DMAX_DOMAINS_F=21 -DMAX_HISTORY=25 -DNMM_NEST=0  -I. -traditional  -D_OPENMP module_diag_afwa_hail.F  > module_diag_afwa_hail.bb
/pixel/project02/tcchen/WRFV3/tools/standard.exe module_diag_afwa_hail.bb | /lib/cpp -P -traditional > module_diag_afwa_hail.f90
rm -f module_diag_zld.b module_diag_zld.bb
rm -f module_diag_afwa_hail.b module_diag_afwa_hail.bb
time gfortran -o module_diag_zld.o -c -O2 -ftree-vectorize -funroll-loops -w -ffree-form -ffree-line-length-none -fconvert=big-endian -frecord-marker=4  -fopenmp -I../dyn_em -I../dyn_nmm   -I/pixel/project02/tcchen/WRFV3/external/esmf_time_f90  -I/pixel/project02/tcchen/WRFV3/main -I/pixel/project02/tcchen/WRFV3/external/io_netcdf -I/pixel/project02/tcchen/WRFV3/external/io_int -I/pixel/project02/tcchen/WRFV3/frame -I/pixel/project02/tcchen/WRFV3/share -I/pixel/project02/tcchen/WRFV3/phys -I/pixel/project02/tcchen/WRFV3/chem -I/pixel/project02/tcchen/WRFV3/inc -I/pixel/project02/tcchen/netcdf/netcdf_gnu//include    module_diag_zld.f90
time gfortran -o module_diag_afwa_hail.o -c -O2 -ftree-vectorize -funroll-loops -w -ffree-form -ffree-line-length-none -fconvert=big-endian -frecord-marker=4  -fopenmp -I../dyn_em -I../dyn_nmm   -I/pixel/project02/tcchen/WRFV3/external/esmf_time_f90  -I/pixel/project02/tcchen/WRFV3/main -I/pixel/project02/tcchen/WRFV3/external/io_netcdf -I/pixel/project02/tcchen/WRFV3/external/io_int -I/pixel/project02/tcchen/WRFV3/frame -I/pixel/project02/tcchen/WRFV3/share -I/pixel/project02/tcchen/WRFV3/phys -I/pixel/project02/tcchen/WRFV3/chem -I/pixel/project02/tcchen/WRFV3/inc -I/pixel/project02/tcchen/netcdf/netcdf_gnu//include    module_diag_afwa_hail.f90
Warning: Nonexistent include directory "/pixel/project02/tcchen/WRFV3/chem"
Warning: Nonexistent include directory "/pixel/project02/tcchen/WRFV3/chem"
0.11user 0.02system 0:00.14elapsed 97%CPU (0avgtext+0avgdata 17632maxresident)k
16inputs+184outputs (0major+6973minor)pagefaults 0swaps
rm -f module_fr_fire_util.o
/lib/cpp -P -I/pixel/project02/tcchen/WRFV3/inc -DEM_CORE=1 -DNMM_CORE=0 -DNMM_MAX_DIM=2600 -DCOAMPS_CORE=0 -DDA_CORE=0 -DEXP_CORE=0 -DIWORDSIZE=4 -DDWORDSIZE=8 -DRWORDSIZE=4 -DLWORDSIZE=4 -DNONSTANDARD_SYSTEM_SUBR  -DWRF_USE_CLM -DNO_IEEE_MODULE  -DNETCDF -DUSE_ALLOCATABLES -DGRIB1 -DINTIO -DKEEP_INT_AROUND -DLIMIT_ARGS -DCONFIG_BUF_LEN=65536 -DMAX_DOMAINS_F=21 -DMAX_HISTORY=25 -DNMM_NEST=0  -I. -traditional  -D_OPENMP module_fr_fire_util.F  > module_fr_fire_util.bb
/pixel/project02/tcchen/WRFV3/tools/standard.exe module_fr_fire_util.bb | /lib/cpp -P -traditional > module_fr_fire_util.f90
rm -f module_fr_fire_util.b module_fr_fire_util.bb
time gfortran -o module_fr_fire_util.o -c -O2 -ftree-vectorize -funroll-loops -w -ffree-form -ffree-line-length-none -fconvert=big-endian -frecord-marker=4  -fopenmp -I../dyn_em -I../dyn_nmm   -I/pixel/project02/tcchen/WRFV3/external/esmf_time_f90  -I/pixel/project02/tcchen/WRFV3/main -I/pixel/project02/tcchen/WRFV3/external/io_netcdf -I/pixel/project02/tcchen/WRFV3/external/io_int -I/pixel/project02/tcchen/WRFV3/frame -I/pixel/project02/tcchen/WRFV3/share -I/pixel/project02/tcchen/WRFV3/phys -I/pixel/project02/tcchen/WRFV3/chem -I/pixel/project02/tcchen/WRFV3/inc -I/pixel/project02/tcchen/netcdf/netcdf_gnu//include    module_fr_fire_util.f90
0.16user 0.02system 0:00.19elapsed 97%CPU (0avgtext+0avgdata 19572maxresident)k
16inputs+128outputs (0major+7806minor)pagefaults 0swaps
rm -f module_cam_support.o
/lib/cpp -P -I/pixel/project02/tcchen/WRFV3/inc -DEM_CORE=1 -DNMM_CORE=0 -DNMM_MAX_DIM=2600 -DCOAMPS_CORE=0 -DDA_CORE=0 -DEXP_CORE=0 -DIWORDSIZE=4 -DDWORDSIZE=8 -DRWORDSIZE=4 -DLWORDSIZE=4 -DNONSTANDARD_SYSTEM_SUBR  -DWRF_USE_CLM -DNO_IEEE_MODULE  -DNETCDF -DUSE_ALLOCATABLES -DGRIB1 -DINTIO -DKEEP_INT_AROUND -DLIMIT_ARGS -DCONFIG_BUF_LEN=65536 -DMAX_DOMAINS_F=21 -DMAX_HISTORY=25 -DNMM_NEST=0  -I. -traditional  -D_OPENMP module_cam_support.F  > module_cam_support.bb
Warning: Nonexistent include directory "/pixel/project02/tcchen/WRFV3/chem"
/pixel/project02/tcchen/WRFV3/tools/standard.exe module_cam_support.bb | /lib/cpp -P -traditional > module_cam_support.f90
rm -f module_cam_support.b module_cam_support.bb
time gfortran -o module_cam_support.o -c -O2 -ftree-vectorize -funroll-loops -w -ffree-form -ffree-line-length-none -fconvert=big-endian -frecord-marker=4  -fopenmp -I../dyn_em -I../dyn_nmm   -I/pixel/project02/tcchen/WRFV3/external/esmf_time_f90  -I/pixel/project02/tcchen/WRFV3/main -I/pixel/project02/tcchen/WRFV3/external/io_netcdf -I/pixel/project02/tcchen/WRFV3/external/io_int -I/pixel/project02/tcchen/WRFV3/frame -I/pixel/project02/tcchen/WRFV3/share -I/pixel/project02/tcchen/WRFV3/phys -I/pixel/project02/tcchen/WRFV3/chem -I/pixel/project02/tcchen/WRFV3/inc -I/pixel/project02/tcchen/netcdf/netcdf_gnu//include    module_cam_support.f90
Warning: Nonexistent include directory "/pixel/project02/tcchen/WRFV3/chem"
0.03user 0.01system 0:00.05elapsed 88%CPU (0avgtext+0avgdata 12400maxresident)k
0inputs+56outputs (0major+5470minor)pagefaults 0swaps
rm -f module_cam_shr_const_mod.o
/lib/cpp -P -I/pixel/project02/tcchen/WRFV3/inc -DEM_CORE=1 -DNMM_CORE=0 -DNMM_MAX_DIM=2600 -DCOAMPS_CORE=0 -DDA_CORE=0 -DEXP_CORE=0 -DIWORDSIZE=4 -DDWORDSIZE=8 -DRWORDSIZE=4 -DLWORDSIZE=4 -DNONSTANDARD_SYSTEM_SUBR  -DWRF_USE_CLM -DNO_IEEE_MODULE  -DNETCDF -DUSE_ALLOCATABLES -DGRIB1 -DINTIO -DKEEP_INT_AROUND -DLIMIT_ARGS -DCONFIG_BUF_LEN=65536 -DMAX_DOMAINS_F=21 -DMAX_HISTORY=25 -DNMM_NEST=0  -I. -traditional  -D_OPENMP module_cam_shr_const_mod.F  > module_cam_shr_const_mod.bb
/pixel/project02/tcchen/WRFV3/tools/standard.exe module_cam_shr_const_mod.bb | /lib/cpp -P -traditional > module_cam_shr_const_mod.f90
rm -f module_cam_shr_const_mod.b module_cam_shr_const_mod.bb
time gfortran -o module_cam_shr_const_mod.o -c -O2 -ftree-vectorize -funroll-loops -w -ffree-form -ffree-line-length-none -fconvert=big-endian -frecord-marker=4  -fopenmp -I../dyn_em -I../dyn_nmm   -I/pixel/project02/tcchen/WRFV3/external/esmf_time_f90  -I/pixel/project02/tcchen/WRFV3/main -I/pixel/project02/tcchen/WRFV3/external/io_netcdf -I/pixel/project02/tcchen/WRFV3/external/io_int -I/pixel/project02/tcchen/WRFV3/frame -I/pixel/project02/tcchen/WRFV3/share -I/pixel/project02/tcchen/WRFV3/phys -I/pixel/project02/tcchen/WRFV3/chem -I/pixel/project02/tcchen/WRFV3/inc -I/pixel/project02/tcchen/netcdf/netcdf_gnu//include    module_cam_shr_const_mod.f90
Warning: Nonexistent include directory "/pixel/project02/tcchen/WRFV3/chem"
0.01user 0.00system 0:00.02elapsed 79%CPU (0avgtext+0avgdata 7000maxresident)k
0inputs+40outputs (0major+3958minor)pagefaults 0swaps
rm -f module_cam_trb_mtn_stress.o
/lib/cpp -P -I/pixel/project02/tcchen/WRFV3/inc -DEM_CORE=1 -DNMM_CORE=0 -DNMM_MAX_DIM=2600 -DCOAMPS_CORE=0 -DDA_CORE=0 -DEXP_CORE=0 -DIWORDSIZE=4 -DDWORDSIZE=8 -DRWORDSIZE=4 -DLWORDSIZE=4 -DNONSTANDARD_SYSTEM_SUBR  -DWRF_USE_CLM -DNO_IEEE_MODULE  -DNETCDF -DUSE_ALLOCATABLES -DGRIB1 -DINTIO -DKEEP_INT_AROUND -DLIMIT_ARGS -DCONFIG_BUF_LEN=65536 -DMAX_DOMAINS_F=21 -DMAX_HISTORY=25 -DNMM_NEST=0  -I. -traditional  -D_OPENMP module_cam_trb_mtn_stress.F  > module_cam_trb_mtn_stress.bb
/pixel/project02/tcchen/WRFV3/tools/standard.exe module_cam_trb_mtn_stress.bb | /lib/cpp -P -traditional > module_cam_trb_mtn_stress.f90
rm -f module_cam_trb_mtn_stress.b module_cam_trb_mtn_stress.bb
time gfortran -o module_cam_trb_mtn_stress.o -c -O2 -ftree-vectorize -funroll-loops -w -ffree-form -ffree-line-length-none -fconvert=big-endian -frecord-marker=4  -fopenmp -I../dyn_em -I../dyn_nmm   -I/pixel/project02/tcchen/WRFV3/external/esmf_time_f90  -I/pixel/project02/tcchen/WRFV3/main -I/pixel/project02/tcchen/WRFV3/external/io_netcdf -I/pixel/project02/tcchen/WRFV3/external/io_int -I/pixel/project02/tcchen/WRFV3/frame -I/pixel/project02/tcchen/WRFV3/share -I/pixel/project02/tcchen/WRFV3/phys -I/pixel/project02/tcchen/WRFV3/chem -I/pixel/project02/tcchen/WRFV3/inc -I/pixel/project02/tcchen/netcdf/netcdf_gnu//include    module_cam_trb_mtn_stress.f90
Warning: Nonexistent include directory "/pixel/project02/tcchen/WRFV3/chem"
0.03user 0.00system 0:00.05elapsed 90%CPU (0avgtext+0avgdata 12956maxresident)k
0inputs+48outputs (0major+5643minor)pagefaults 0swaps
rm -f module_cam_upper_bc.o
/lib/cpp -P -I/pixel/project02/tcchen/WRFV3/inc -DEM_CORE=1 -DNMM_CORE=0 -DNMM_MAX_DIM=2600 -DCOAMPS_CORE=0 -DDA_CORE=0 -DEXP_CORE=0 -DIWORDSIZE=4 -DDWORDSIZE=8 -DRWORDSIZE=4 -DLWORDSIZE=4 -DNONSTANDARD_SYSTEM_SUBR  -DWRF_USE_CLM -DNO_IEEE_MODULE  -DNETCDF -DUSE_ALLOCATABLES -DGRIB1 -DINTIO -DKEEP_INT_AROUND -DLIMIT_ARGS -DCONFIG_BUF_LEN=65536 -DMAX_DOMAINS_F=21 -DMAX_HISTORY=25 -DNMM_NEST=0  -I. -traditional  -D_OPENMP module_cam_upper_bc.F  > module_cam_upper_bc.bb
/pixel/project02/tcchen/WRFV3/tools/standard.exe module_cam_upper_bc.bb | /lib/cpp -P -traditional > module_cam_upper_bc.f90
rm -f module_cam_upper_bc.b module_cam_upper_bc.bb
time gfortran -o module_cam_upper_bc.o -c -O2 -ftree-vectorize -funroll-loops -w -ffree-form -ffree-line-length-none -fconvert=big-endian -frecord-marker=4  -fopenmp -I../dyn_em -I../dyn_nmm   -I/pixel/project02/tcchen/WRFV3/external/esmf_time_f90  -I/pixel/project02/tcchen/WRFV3/main -I/pixel/project02/tcchen/WRFV3/external/io_netcdf -I/pixel/project02/tcchen/WRFV3/external/io_int -I/pixel/project02/tcchen/WRFV3/frame -I/pixel/project02/tcchen/WRFV3/share -I/pixel/project02/tcchen/WRFV3/phys -I/pixel/project02/tcchen/WRFV3/chem -I/pixel/project02/tcchen/WRFV3/inc -I/pixel/project02/tcchen/netcdf/netcdf_gnu//include    module_cam_upper_bc.f90
Warning: Nonexistent include directory "/pixel/project02/tcchen/WRFV3/chem"
0.01user 0.01system 0:00.03elapsed 81%CPU (0avgtext+0avgdata 9496maxresident)k
0inputs+24outputs (0major+4716minor)pagefaults 0swaps
rm -f module_cam_bl_diffusion_solver.o
/lib/cpp -P -I/pixel/project02/tcchen/WRFV3/inc -DEM_CORE=1 -DNMM_CORE=0 -DNMM_MAX_DIM=2600 -DCOAMPS_CORE=0 -DDA_CORE=0 -DEXP_CORE=0 -DIWORDSIZE=4 -DDWORDSIZE=8 -DRWORDSIZE=4 -DLWORDSIZE=4 -DNONSTANDARD_SYSTEM_SUBR  -DWRF_USE_CLM -DNO_IEEE_MODULE  -DNETCDF -DUSE_ALLOCATABLES -DGRIB1 -DINTIO -DKEEP_INT_AROUND -DLIMIT_ARGS -DCONFIG_BUF_LEN=65536 -DMAX_DOMAINS_F=21 -DMAX_HISTORY=25 -DNMM_NEST=0  -I. -traditional  -D_OPENMP module_cam_bl_diffusion_solver.F  > module_cam_bl_diffusion_solver.bb
/pixel/project02/tcchen/WRFV3/tools/standard.exe module_cam_bl_diffusion_solver.bb | /lib/cpp -P -traditional > module_cam_bl_diffusion_solver.f90
rm -f module_cam_bl_diffusion_solver.b module_cam_bl_diffusion_solver.bb
time gfortran -o module_cam_bl_diffusion_solver.o -c -O2 -ftree-vectorize -funroll-loops -w -ffree-form -ffree-line-length-none -fconvert=big-endian -frecord-marker=4  -fopenmp -I../dyn_em -I../dyn_nmm   -I/pixel/project02/tcchen/WRFV3/external/esmf_time_f90  -I/pixel/project02/tcchen/WRFV3/main -I/pixel/project02/tcchen/WRFV3/external/io_netcdf -I/pixel/project02/tcchen/WRFV3/external/io_int -I/pixel/project02/tcchen/WRFV3/frame -I/pixel/project02/tcchen/WRFV3/share -I/pixel/project02/tcchen/WRFV3/phys -I/pixel/project02/tcchen/WRFV3/chem -I/pixel/project02/tcchen/WRFV3/inc -I/pixel/project02/tcchen/netcdf/netcdf_gnu//include    module_cam_bl_diffusion_solver.f90
Warning: Nonexistent include directory "/pixel/project02/tcchen/WRFV3/chem"
0.98user 0.04system 0:01.03elapsed 99%CPU (0avgtext+0avgdata 38640maxresident)k
64inputs+864outputs (0major+12454minor)pagefaults 0swaps
rm -f module_cam_mp_radconstants.o
/lib/cpp -P -I/pixel/project02/tcchen/WRFV3/inc -DEM_CORE=1 -DNMM_CORE=0 -DNMM_MAX_DIM=2600 -DCOAMPS_CORE=0 -DDA_CORE=0 -DEXP_CORE=0 -DIWORDSIZE=4 -DDWORDSIZE=8 -DRWORDSIZE=4 -DLWORDSIZE=4 -DNONSTANDARD_SYSTEM_SUBR  -DWRF_USE_CLM -DNO_IEEE_MODULE  -DNETCDF -DUSE_ALLOCATABLES -DGRIB1 -DINTIO -DKEEP_INT_AROUND -DLIMIT_ARGS -DCONFIG_BUF_LEN=65536 -DMAX_DOMAINS_F=21 -DMAX_HISTORY=25 -DNMM_NEST=0  -I. -traditional  -D_OPENMP module_cam_mp_radconstants.F  > module_cam_mp_radconstants.bb
/pixel/project02/tcchen/WRFV3/tools/standard.exe module_cam_mp_radconstants.bb | /lib/cpp -P -traditional > module_cam_mp_radconstants.f90
rm -f module_cam_mp_radconstants.b module_cam_mp_radconstants.bb
time gfortran -o module_cam_mp_radconstants.o -c -O2 -ftree-vectorize -funroll-loops -w -ffree-form -ffree-line-length-none -fconvert=big-endian -frecord-marker=4  -fopenmp -I../dyn_em -I../dyn_nmm   -I/pixel/project02/tcchen/WRFV3/external/esmf_time_f90  -I/pixel/project02/tcchen/WRFV3/main -I/pixel/project02/tcchen/WRFV3/external/io_netcdf -I/pixel/project02/tcchen/WRFV3/external/io_int -I/pixel/project02/tcchen/WRFV3/frame -I/pixel/project02/tcchen/WRFV3/share -I/pixel/project02/tcchen/WRFV3/phys -I/pixel/project02/tcchen/WRFV3/chem -I/pixel/project02/tcchen/WRFV3/inc -I/pixel/project02/tcchen/netcdf/netcdf_gnu//include    module_cam_mp_radconstants.f90
Warning: Nonexistent include directory "/pixel/project02/tcchen/WRFV3/chem"
0.67user 0.04system 0:00.71elapsed 99%CPU (0avgtext+0avgdata 50804maxresident)k
64inputs+624outputs (0major+16756minor)pagefaults 0swaps
rm -f module_cam_mp_qneg3.o
/lib/cpp -P -I/pixel/project02/tcchen/WRFV3/inc -DEM_CORE=1 -DNMM_CORE=0 -DNMM_MAX_DIM=2600 -DCOAMPS_CORE=0 -DDA_CORE=0 -DEXP_CORE=0 -DIWORDSIZE=4 -DDWORDSIZE=8 -DRWORDSIZE=4 -DLWORDSIZE=4 -DNONSTANDARD_SYSTEM_SUBR  -DWRF_USE_CLM -DNO_IEEE_MODULE  -DNETCDF -DUSE_ALLOCATABLES -DGRIB1 -DINTIO -DKEEP_INT_AROUND -DLIMIT_ARGS -DCONFIG_BUF_LEN=65536 -DMAX_DOMAINS_F=21 -DMAX_HISTORY=25 -DNMM_NEST=0  -I. -traditional  -D_OPENMP module_cam_mp_qneg3.F  > module_cam_mp_qneg3.bb
/pixel/project02/tcchen/WRFV3/tools/standard.exe module_cam_mp_qneg3.bb | /lib/cpp -P -traditional > module_cam_mp_qneg3.f90
rm -f module_cam_mp_qneg3.b module_cam_mp_qneg3.bb
time gfortran -o module_cam_mp_qneg3.o -c -O2 -ftree-vectorize -funroll-loops -w -ffree-form -ffree-line-length-none -fconvert=big-endian -frecord-marker=4  -fopenmp -I../dyn_em -I../dyn_nmm   -I/pixel/project02/tcchen/WRFV3/external/esmf_time_f90  -I/pixel/project02/tcchen/WRFV3/main -I/pixel/project02/tcchen/WRFV3/external/io_netcdf -I/pixel/project02/tcchen/WRFV3/external/io_int -I/pixel/project02/tcchen/WRFV3/frame -I/pixel/project02/tcchen/WRFV3/share -I/pixel/project02/tcchen/WRFV3/phys -I/pixel/project02/tcchen/WRFV3/chem -I/pixel/project02/tcchen/WRFV3/inc -I/pixel/project02/tcchen/netcdf/netcdf_gnu//include    module_cam_mp_qneg3.f90
Warning: Nonexistent include directory "/pixel/project02/tcchen/WRFV3/chem"
0.13user 0.03system 0:00.16elapsed 96%CPU (0avgtext+0avgdata 14116maxresident)k
0inputs+144outputs (0major+6029minor)pagefaults 0swaps
rm -f module_cam_infnan.o
/lib/cpp -P -I/pixel/project02/tcchen/WRFV3/inc -DEM_CORE=1 -DNMM_CORE=0 -DNMM_MAX_DIM=2600 -DCOAMPS_CORE=0 -DDA_CORE=0 -DEXP_CORE=0 -DIWORDSIZE=4 -DDWORDSIZE=8 -DRWORDSIZE=4 -DLWORDSIZE=4 -DNONSTANDARD_SYSTEM_SUBR  -DWRF_USE_CLM -DNO_IEEE_MODULE  -DNETCDF -DUSE_ALLOCATABLES -DGRIB1 -DINTIO -DKEEP_INT_AROUND -DLIMIT_ARGS -DCONFIG_BUF_LEN=65536 -DMAX_DOMAINS_F=21 -DMAX_HISTORY=25 -DNMM_NEST=0  -I. -traditional  -D_OPENMP module_cam_infnan.F  > module_cam_infnan.bb
0.08user 0.02system 0:00.10elapsed 97%CPU (0avgtext+0avgdata 15784maxresident)k
0inputs+80outputs (0major+6474minor)pagefaults 0swaps
rm -f module_gfs_physcons.o
/lib/cpp -P -I/pixel/project02/tcchen/WRFV3/inc -DEM_CORE=1 -DNMM_CORE=0 -DNMM_MAX_DIM=2600 -DCOAMPS_CORE=0 -DDA_CORE=0 -DEXP_CORE=0 -DIWORDSIZE=4 -DDWORDSIZE=8 -DRWORDSIZE=4 -DLWORDSIZE=4 -DNONSTANDARD_SYSTEM_SUBR  -DWRF_USE_CLM -DNO_IEEE_MODULE  -DNETCDF -DUSE_ALLOCATABLES -DGRIB1 -DINTIO -DKEEP_INT_AROUND -DLIMIT_ARGS -DCONFIG_BUF_LEN=65536 -DMAX_DOMAINS_F=21 -DMAX_HISTORY=25 -DNMM_NEST=0  -I. -traditional  -D_OPENMP module_gfs_physcons.F  > module_gfs_physcons.bb
/pixel/project02/tcchen/WRFV3/tools/standard.exe module_gfs_physcons.bb | /lib/cpp -P -traditional > module_gfs_physcons.f90
/pixel/project02/tcchen/WRFV3/tools/standard.exe module_cam_infnan.bb | /lib/cpp -P -traditional > module_cam_infnan.f90
rm -f module_gfs_physcons.b module_gfs_physcons.bb
rm -f module_cam_infnan.b module_cam_infnan.bb
time gfortran -o module_gfs_physcons.o -c -O2 -ftree-vectorize -funroll-loops -w -ffree-form -ffree-line-length-none -fconvert=big-endian -frecord-marker=4  -fopenmp -I../dyn_em -I../dyn_nmm   -I/pixel/project02/tcchen/WRFV3/external/esmf_time_f90  -I/pixel/project02/tcchen/WRFV3/main -I/pixel/project02/tcchen/WRFV3/external/io_netcdf -I/pixel/project02/tcchen/WRFV3/external/io_int -I/pixel/project02/tcchen/WRFV3/frame -I/pixel/project02/tcchen/WRFV3/share -I/pixel/project02/tcchen/WRFV3/phys -I/pixel/project02/tcchen/WRFV3/chem -I/pixel/project02/tcchen/WRFV3/inc -I/pixel/project02/tcchen/netcdf/netcdf_gnu//include    module_gfs_physcons.f90
time gfortran -o module_cam_infnan.o -c -O2 -ftree-vectorize -funroll-loops -w -ffree-form -ffree-line-length-none -fconvert=big-endian -frecord-marker=4  -fopenmp -I../dyn_em -I../dyn_nmm   -I/pixel/project02/tcchen/WRFV3/external/esmf_time_f90  -I/pixel/project02/tcchen/WRFV3/main -I/pixel/project02/tcchen/WRFV3/external/io_netcdf -I/pixel/project02/tcchen/WRFV3/external/io_int -I/pixel/project02/tcchen/WRFV3/frame -I/pixel/project02/tcchen/WRFV3/share -I/pixel/project02/tcchen/WRFV3/phys -I/pixel/project02/tcchen/WRFV3/chem -I/pixel/project02/tcchen/WRFV3/inc -I/pixel/project02/tcchen/netcdf/netcdf_gnu//include    module_cam_infnan.f90
Warning: Nonexistent include directory "/pixel/project02/tcchen/WRFV3/chem"
Warning: Nonexistent include directory "/pixel/project02/tcchen/WRFV3/chem"
0.02user 0.01system 0:00.04elapsed 86%CPU (0avgtext+0avgdata 7004maxresident)k
0inputs+32outputs (0major+3940minor)pagefaults 0swaps
rm -f module_bl_fogdes.o
0.02user 0.02system 0:00.04elapsed 91%CPU (0avgtext+0avgdata 6996maxresident)k
0inputs+24outputs (0major+3934minor)pagefaults 0swaps
/lib/cpp -P -I/pixel/project02/tcchen/WRFV3/inc -DEM_CORE=1 -DNMM_CORE=0 -DNMM_MAX_DIM=2600 -DCOAMPS_CORE=0 -DDA_CORE=0 -DEXP_CORE=0 -DIWORDSIZE=4 -DDWORDSIZE=8 -DRWORDSIZE=4 -DLWORDSIZE=4 -DNONSTANDARD_SYSTEM_SUBR  -DWRF_USE_CLM -DNO_IEEE_MODULE  -DNETCDF -DUSE_ALLOCATABLES -DGRIB1 -DINTIO -DKEEP_INT_AROUND -DLIMIT_ARGS -DCONFIG_BUF_LEN=65536 -DMAX_DOMAINS_F=21 -DMAX_HISTORY=25 -DNMM_NEST=0  -I. -traditional  -D_OPENMP module_bl_fogdes.F  > module_bl_fogdes.bb
rm -f module_gfs_funcphys.o
/lib/cpp -P -I/pixel/project02/tcchen/WRFV3/inc -DEM_CORE=1 -DNMM_CORE=0 -DNMM_MAX_DIM=2600 -DCOAMPS_CORE=0 -DDA_CORE=0 -DEXP_CORE=0 -DIWORDSIZE=4 -DDWORDSIZE=8 -DRWORDSIZE=4 -DLWORDSIZE=4 -DNONSTANDARD_SYSTEM_SUBR  -DWRF_USE_CLM -DNO_IEEE_MODULE  -DNETCDF -DUSE_ALLOCATABLES -DGRIB1 -DINTIO -DKEEP_INT_AROUND -DLIMIT_ARGS -DCONFIG_BUF_LEN=65536 -DMAX_DOMAINS_F=21 -DMAX_HISTORY=25 -DNMM_NEST=0  -I. -traditional  -D_OPENMP module_gfs_funcphys.F  > module_gfs_funcphys.bb
/pixel/project02/tcchen/WRFV3/tools/standard.exe module_bl_fogdes.bb | /lib/cpp -P -traditional > module_bl_fogdes.f90
/pixel/project02/tcchen/WRFV3/tools/standard.exe module_gfs_funcphys.bb | /lib/cpp -P -traditional > module_gfs_funcphys.f90
rm -f module_bl_fogdes.b module_bl_fogdes.bb
rm -f module_gfs_funcphys.b module_gfs_funcphys.bb
time gfortran -o module_bl_fogdes.o -c -O2 -ftree-vectorize -funroll-loops -w -ffree-form -ffree-line-length-none -fconvert=big-endian -frecord-marker=4  -fopenmp -I../dyn_em -I../dyn_nmm   -I/pixel/project02/tcchen/WRFV3/external/esmf_time_f90  -I/pixel/project02/tcchen/WRFV3/main -I/pixel/project02/tcchen/WRFV3/external/io_netcdf -I/pixel/project02/tcchen/WRFV3/external/io_int -I/pixel/project02/tcchen/WRFV3/frame -I/pixel/project02/tcchen/WRFV3/share -I/pixel/project02/tcchen/WRFV3/phys -I/pixel/project02/tcchen/WRFV3/chem -I/pixel/project02/tcchen/WRFV3/inc -I/pixel/project02/tcchen/netcdf/netcdf_gnu//include    module_bl_fogdes.f90
time gfortran -o module_gfs_funcphys.o -c -O2 -ftree-vectorize -funroll-loops -w -ffree-form -ffree-line-length-none -fconvert=big-endian -frecord-marker=4  -fopenmp -I../dyn_em -I../dyn_nmm   -I/pixel/project02/tcchen/WRFV3/external/esmf_time_f90  -I/pixel/project02/tcchen/WRFV3/main -I/pixel/project02/tcchen/WRFV3/external/io_netcdf -I/pixel/project02/tcchen/WRFV3/external/io_int -I/pixel/project02/tcchen/WRFV3/frame -I/pixel/project02/tcchen/WRFV3/share -I/pixel/project02/tcchen/WRFV3/phys -I/pixel/project02/tcchen/WRFV3/chem -I/pixel/project02/tcchen/WRFV3/inc -I/pixel/project02/tcchen/netcdf/netcdf_gnu//include    module_gfs_funcphys.f90
Warning: Nonexistent include directory "/pixel/project02/tcchen/WRFV3/chem"
Warning: Nonexistent include directory "/pixel/project02/tcchen/WRFV3/chem"
0.09user 0.02system 0:00.12elapsed 95%CPU (0avgtext+0avgdata 13788maxresident)k
0inputs+96outputs (0major+5923minor)pagefaults 0swaps
rm -f module_ra_rrtm.o
/lib/cpp -P -I/pixel/project02/tcchen/WRFV3/inc -DEM_CORE=1 -DNMM_CORE=0 -DNMM_MAX_DIM=2600 -DCOAMPS_CORE=0 -DDA_CORE=0 -DEXP_CORE=0 -DIWORDSIZE=4 -DDWORDSIZE=8 -DRWORDSIZE=4 -DLWORDSIZE=4 -DNONSTANDARD_SYSTEM_SUBR  -DWRF_USE_CLM -DNO_IEEE_MODULE  -DNETCDF -DUSE_ALLOCATABLES -DGRIB1 -DINTIO -DKEEP_INT_AROUND -DLIMIT_ARGS -DCONFIG_BUF_LEN=65536 -DMAX_DOMAINS_F=21 -DMAX_HISTORY=25 -DNMM_NEST=0  -I. -traditional  -D_OPENMP module_ra_rrtm.F  > module_ra_rrtm.bb
/pixel/project02/tcchen/WRFV3/tools/standard.exe module_ra_rrtm.bb | /lib/cpp -P -traditional > module_ra_rrtm.f90
rm -f module_ra_rrtm.b module_ra_rrtm.bb
time gfortran -o module_ra_rrtm.o -c -O2 -ftree-vectorize -funroll-loops -w -ffree-form -ffree-line-length-none -fconvert=big-endian -frecord-marker=4  -fopenmp -I../dyn_em -I../dyn_nmm   -I/pixel/project02/tcchen/WRFV3/external/esmf_time_f90  -I/pixel/project02/tcchen/WRFV3/main -I/pixel/project02/tcchen/WRFV3/external/io_netcdf -I/pixel/project02/tcchen/WRFV3/external/io_int -I/pixel/project02/tcchen/WRFV3/frame -I/pixel/project02/tcchen/WRFV3/share -I/pixel/project02/tcchen/WRFV3/phys -I/pixel/project02/tcchen/WRFV3/chem -I/pixel/project02/tcchen/WRFV3/inc -I/pixel/project02/tcchen/netcdf/netcdf_gnu//include    module_ra_rrtm.f90
Warning: Nonexistent include directory "/pixel/project02/tcchen/WRFV3/chem"
0.45user 0.03system 0:00.49elapsed 98%CPU (0avgtext+0avgdata 22220maxresident)k
64inputs+408outputs (0major+8147minor)pagefaults 0swaps
rm -f module_ra_rrtmg_lw.o
/lib/cpp -P -I/pixel/project02/tcchen/WRFV3/inc -DEM_CORE=1 -DNMM_CORE=0 -DNMM_MAX_DIM=2600 -DCOAMPS_CORE=0 -DDA_CORE=0 -DEXP_CORE=0 -DIWORDSIZE=4 -DDWORDSIZE=8 -DRWORDSIZE=4 -DLWORDSIZE=4 -DNONSTANDARD_SYSTEM_SUBR  -DWRF_USE_CLM -DNO_IEEE_MODULE  -DNETCDF -DUSE_ALLOCATABLES -DGRIB1 -DINTIO -DKEEP_INT_AROUND -DLIMIT_ARGS -DCONFIG_BUF_LEN=65536 -DMAX_DOMAINS_F=21 -DMAX_HISTORY=25 -DNMM_NEST=0  -I. -traditional  -D_OPENMP module_ra_rrtmg_lw.F  > module_ra_rrtmg_lw.bb
/pixel/project02/tcchen/WRFV3/tools/standard.exe module_ra_rrtmg_lw.bb | /lib/cpp -P -traditional > module_ra_rrtmg_lw.f90
rm -f module_ra_rrtmg_lw.b module_ra_rrtmg_lw.bb
time gfortran -o module_ra_rrtmg_lw.o -c -O2 -ftree-vectorize -funroll-loops -w -ffree-form -ffree-line-length-none -fconvert=big-endian -frecord-marker=4  -fopenmp -I../dyn_em -I../dyn_nmm   -I/pixel/project02/tcchen/WRFV3/external/esmf_time_f90  -I/pixel/project02/tcchen/WRFV3/main -I/pixel/project02/tcchen/WRFV3/external/io_netcdf -I/pixel/project02/tcchen/WRFV3/external/io_int -I/pixel/project02/tcchen/WRFV3/frame -I/pixel/project02/tcchen/WRFV3/share -I/pixel/project02/tcchen/WRFV3/phys -I/pixel/project02/tcchen/WRFV3/chem -I/pixel/project02/tcchen/WRFV3/inc -I/pixel/project02/tcchen/netcdf/netcdf_gnu//include    module_ra_rrtmg_lw.f90
Warning: Nonexistent include directory "/pixel/project02/tcchen/WRFV3/chem"
2.45user 0.09system 0:02.55elapsed 99%CPU (0avgtext+0avgdata 111228maxresident)k
72inputs+2608outputs (0major+38215minor)pagefaults 0swaps
rm -f module_ra_rrtmg_lwf.o
/lib/cpp -P -I/pixel/project02/tcchen/WRFV3/inc -DEM_CORE=1 -DNMM_CORE=0 -DNMM_MAX_DIM=2600 -DCOAMPS_CORE=0 -DDA_CORE=0 -DEXP_CORE=0 -DIWORDSIZE=4 -DDWORDSIZE=8 -DRWORDSIZE=4 -DLWORDSIZE=4 -DNONSTANDARD_SYSTEM_SUBR  -DWRF_USE_CLM -DNO_IEEE_MODULE  -DNETCDF -DUSE_ALLOCATABLES -DGRIB1 -DINTIO -DKEEP_INT_AROUND -DLIMIT_ARGS -DCONFIG_BUF_LEN=65536 -DMAX_DOMAINS_F=21 -DMAX_HISTORY=25 -DNMM_NEST=0  -I. -traditional  -D_OPENMP module_ra_rrtmg_lwf.F  > module_ra_rrtmg_lwf.bb
/pixel/project02/tcchen/WRFV3/tools/standard.exe module_ra_rrtmg_lwf.bb | /lib/cpp -P -traditional > module_ra_rrtmg_lwf.f90
rm -f module_ra_rrtmg_lwf.b module_ra_rrtmg_lwf.bb
time gfortran -o module_ra_rrtmg_lwf.o -c -O2 -ftree-vectorize -funroll-loops -w -ffree-form -ffree-line-length-none -fconvert=big-endian -frecord-marker=4  -fopenmp -I../dyn_em -I../dyn_nmm   -I/pixel/project02/tcchen/WRFV3/external/esmf_time_f90  -I/pixel/project02/tcchen/WRFV3/main -I/pixel/project02/tcchen/WRFV3/external/io_netcdf -I/pixel/project02/tcchen/WRFV3/external/io_int -I/pixel/project02/tcchen/WRFV3/frame -I/pixel/project02/tcchen/WRFV3/share -I/pixel/project02/tcchen/WRFV3/phys -I/pixel/project02/tcchen/WRFV3/chem -I/pixel/project02/tcchen/WRFV3/inc -I/pixel/project02/tcchen/netcdf/netcdf_gnu//include    module_ra_rrtmg_lwf.f90
Warning: Nonexistent include directory "/pixel/project02/tcchen/WRFV3/chem"
6.63user 0.23system 0:06.96elapsed 98%CPU (0avgtext+0avgdata 348660maxresident)k
176inputs+5248outputs (0major+111776minor)pagefaults 0swaps
rm -f module_ra_cam_support.o
/lib/cpp -P -I/pixel/project02/tcchen/WRFV3/inc -DEM_CORE=1 -DNMM_CORE=0 -DNMM_MAX_DIM=2600 -DCOAMPS_CORE=0 -DDA_CORE=0 -DEXP_CORE=0 -DIWORDSIZE=4 -DDWORDSIZE=8 -DRWORDSIZE=4 -DLWORDSIZE=4 -DNONSTANDARD_SYSTEM_SUBR  -DWRF_USE_CLM -DNO_IEEE_MODULE  -DNETCDF -DUSE_ALLOCATABLES -DGRIB1 -DINTIO -DKEEP_INT_AROUND -DLIMIT_ARGS -DCONFIG_BUF_LEN=65536 -DMAX_DOMAINS_F=21 -DMAX_HISTORY=25 -DNMM_NEST=0  -I. -traditional  -D_OPENMP module_ra_cam_support.F  > module_ra_cam_support.bb
/pixel/project02/tcchen/WRFV3/tools/standard.exe module_ra_cam_support.bb | /lib/cpp -P -traditional > module_ra_cam_support.f90
rm -f module_ra_cam_support.b module_ra_cam_support.bb
time gfortran -o module_ra_cam_support.o -c -O2 -ftree-vectorize -funroll-loops -w -ffree-form -ffree-line-length-none -fconvert=big-endian -frecord-marker=4  -fopenmp -I../dyn_em -I../dyn_nmm   -I/pixel/project02/tcchen/WRFV3/external/esmf_time_f90  -I/pixel/project02/tcchen/WRFV3/main -I/pixel/project02/tcchen/WRFV3/external/io_netcdf -I/pixel/project02/tcchen/WRFV3/external/io_int -I/pixel/project02/tcchen/WRFV3/frame -I/pixel/project02/tcchen/WRFV3/share -I/pixel/project02/tcchen/WRFV3/phys -I/pixel/project02/tcchen/WRFV3/chem -I/pixel/project02/tcchen/WRFV3/inc -I/pixel/project02/tcchen/netcdf/netcdf_gnu//include    module_ra_cam_support.f90
Warning: Nonexistent include directory "/pixel/project02/tcchen/WRFV3/chem"
1.26user 0.04system 0:01.31elapsed 99%CPU (0avgtext+0avgdata 62044maxresident)k
88inputs+1512outputs (0major+18727minor)pagefaults 0swaps
rm -f module_ra_gfdleta.o
/lib/cpp -P -I/pixel/project02/tcchen/WRFV3/inc -DEM_CORE=1 -DNMM_CORE=0 -DNMM_MAX_DIM=2600 -DCOAMPS_CORE=0 -DDA_CORE=0 -DEXP_CORE=0 -DIWORDSIZE=4 -DDWORDSIZE=8 -DRWORDSIZE=4 -DLWORDSIZE=4 -DNONSTANDARD_SYSTEM_SUBR  -DWRF_USE_CLM -DNO_IEEE_MODULE  -DNETCDF -DUSE_ALLOCATABLES -DGRIB1 -DINTIO -DKEEP_INT_AROUND -DLIMIT_ARGS -DCONFIG_BUF_LEN=65536 -DMAX_DOMAINS_F=21 -DMAX_HISTORY=25 -DNMM_NEST=0  -I. -traditional  -D_OPENMP module_ra_gfdleta.F  > module_ra_gfdleta.bb
/pixel/project02/tcchen/WRFV3/tools/standard.exe module_ra_gfdleta.bb | /lib/cpp -P -traditional > module_ra_gfdleta.f90
rm -f module_ra_gfdleta.b module_ra_gfdleta.bb
time gfortran -o module_ra_gfdleta.o -c -O2 -ftree-vectorize -funroll-loops -w -ffree-form -ffree-line-length-none -fconvert=big-endian -frecord-marker=4  -fopenmp -I../dyn_em -I../dyn_nmm   -I/pixel/project02/tcchen/WRFV3/external/esmf_time_f90  -I/pixel/project02/tcchen/WRFV3/main -I/pixel/project02/tcchen/WRFV3/external/io_netcdf -I/pixel/project02/tcchen/WRFV3/external/io_int -I/pixel/project02/tcchen/WRFV3/frame -I/pixel/project02/tcchen/WRFV3/share -I/pixel/project02/tcchen/WRFV3/phys -I/pixel/project02/tcchen/WRFV3/chem -I/pixel/project02/tcchen/WRFV3/inc -I/pixel/project02/tcchen/netcdf/netcdf_gnu//include    module_ra_gfdleta.f90
Warning: Nonexistent include directory "/pixel/project02/tcchen/WRFV3/chem"
7.22user 0.26system 0:07.60elapsed 98%CPU (0avgtext+0avgdata 360832maxresident)k
1160inputs+8904outputs (0major+124146minor)pagefaults 0swaps
rm -f module_ra_HWRF.o
/lib/cpp -P -I/pixel/project02/tcchen/WRFV3/inc -DEM_CORE=1 -DNMM_CORE=0 -DNMM_MAX_DIM=2600 -DCOAMPS_CORE=0 -DDA_CORE=0 -DEXP_CORE=0 -DIWORDSIZE=4 -DDWORDSIZE=8 -DRWORDSIZE=4 -DLWORDSIZE=4 -DNONSTANDARD_SYSTEM_SUBR  -DWRF_USE_CLM -DNO_IEEE_MODULE  -DNETCDF -DUSE_ALLOCATABLES -DGRIB1 -DINTIO -DKEEP_INT_AROUND -DLIMIT_ARGS -DCONFIG_BUF_LEN=65536 -DMAX_DOMAINS_F=21 -DMAX_HISTORY=25 -DNMM_NEST=0  -I. -traditional  -D_OPENMP module_ra_HWRF.F  > module_ra_HWRF.bb
/pixel/project02/tcchen/WRFV3/tools/standard.exe module_ra_HWRF.bb | /lib/cpp -P -traditional > module_ra_HWRF.f90
rm -f module_ra_HWRF.b module_ra_HWRF.bb
time gfortran -o module_ra_HWRF.o -c -O2 -ftree-vectorize -funroll-loops -w -ffree-form -ffree-line-length-none -fconvert=big-endian -frecord-marker=4  -fopenmp -I../dyn_em -I../dyn_nmm   -I/pixel/project02/tcchen/WRFV3/external/esmf_time_f90  -I/pixel/project02/tcchen/WRFV3/main -I/pixel/project02/tcchen/WRFV3/external/io_netcdf -I/pixel/project02/tcchen/WRFV3/external/io_int -I/pixel/project02/tcchen/WRFV3/frame -I/pixel/project02/tcchen/WRFV3/share -I/pixel/project02/tcchen/WRFV3/phys -I/pixel/project02/tcchen/WRFV3/chem -I/pixel/project02/tcchen/WRFV3/inc -I/pixel/project02/tcchen/netcdf/netcdf_gnu//include    module_ra_HWRF.f90
Warning: Nonexistent include directory "/pixel/project02/tcchen/WRFV3/chem"
12.74user 0.32system 0:13.07elapsed 99%CPU (0avgtext+0avgdata 420240maxresident)k
120inputs+9144outputs (0major+198798minor)pagefaults 0swaps
rm -f module_mp_thompson.o
/lib/cpp -P -I/pixel/project02/tcchen/WRFV3/inc -DEM_CORE=1 -DNMM_CORE=0 -DNMM_MAX_DIM=2600 -DCOAMPS_CORE=0 -DDA_CORE=0 -DEXP_CORE=0 -DIWORDSIZE=4 -DDWORDSIZE=8 -DRWORDSIZE=4 -DLWORDSIZE=4 -DNONSTANDARD_SYSTEM_SUBR  -DWRF_USE_CLM -DNO_IEEE_MODULE  -DNETCDF -DUSE_ALLOCATABLES -DGRIB1 -DINTIO -DKEEP_INT_AROUND -DLIMIT_ARGS -DCONFIG_BUF_LEN=65536 -DMAX_DOMAINS_F=21 -DMAX_HISTORY=25 -DNMM_NEST=0  -I. -traditional  -D_OPENMP module_mp_thompson.F  > module_mp_thompson.bb
/pixel/project02/tcchen/WRFV3/tools/standard.exe module_mp_thompson.bb | /lib/cpp -P -traditional > module_mp_thompson.f90
rm -f module_mp_thompson.b module_mp_thompson.bb
time gfortran -o module_mp_thompson.o -c -O2 -ftree-vectorize -funroll-loops -w -ffree-form -ffree-line-length-none -fconvert=big-endian -frecord-marker=4  -fopenmp -I../dyn_em -I../dyn_nmm   -I/pixel/project02/tcchen/WRFV3/external/esmf_time_f90  -I/pixel/project02/tcchen/WRFV3/main -I/pixel/project02/tcchen/WRFV3/external/io_netcdf -I/pixel/project02/tcchen/WRFV3/external/io_int -I/pixel/project02/tcchen/WRFV3/frame -I/pixel/project02/tcchen/WRFV3/share -I/pixel/project02/tcchen/WRFV3/phys -I/pixel/project02/tcchen/WRFV3/chem -I/pixel/project02/tcchen/WRFV3/inc -I/pixel/project02/tcchen/netcdf/netcdf_gnu//include    module_mp_thompson.f90
Warning: Nonexistent include directory "/pixel/project02/tcchen/WRFV3/chem"
12.62user 0.32system 0:12.96elapsed 99%CPU (0avgtext+0avgdata 419800maxresident)k
104inputs+9160outputs (0major+198240minor)pagefaults 0swaps
rm -f module_sf_gfs.o
/lib/cpp -P -I/pixel/project02/tcchen/WRFV3/inc -DEM_CORE=1 -DNMM_CORE=0 -DNMM_MAX_DIM=2600 -DCOAMPS_CORE=0 -DDA_CORE=0 -DEXP_CORE=0 -DIWORDSIZE=4 -DDWORDSIZE=8 -DRWORDSIZE=4 -DLWORDSIZE=4 -DNONSTANDARD_SYSTEM_SUBR  -DWRF_USE_CLM -DNO_IEEE_MODULE  -DNETCDF -DUSE_ALLOCATABLES -DGRIB1 -DINTIO -DKEEP_INT_AROUND -DLIMIT_ARGS -DCONFIG_BUF_LEN=65536 -DMAX_DOMAINS_F=21 -DMAX_HISTORY=25 -DNMM_NEST=0  -I. -traditional  -D_OPENMP module_sf_gfs.F  > module_sf_gfs.bb
/pixel/project02/tcchen/WRFV3/tools/standard.exe module_sf_gfs.bb | /lib/cpp -P -traditional > module_sf_gfs.f90
rm -f module_sf_gfs.b module_sf_gfs.bb
time gfortran -o module_sf_gfs.o -c -O2 -ftree-vectorize -funroll-loops -w -ffree-form -ffree-line-length-none -fconvert=big-endian -frecord-marker=4  -fopenmp -I../dyn_em -I../dyn_nmm   -I/pixel/project02/tcchen/WRFV3/external/esmf_time_f90  -I/pixel/project02/tcchen/WRFV3/main -I/pixel/project02/tcchen/WRFV3/external/io_netcdf -I/pixel/project02/tcchen/WRFV3/external/io_int -I/pixel/project02/tcchen/WRFV3/frame -I/pixel/project02/tcchen/WRFV3/share -I/pixel/project02/tcchen/WRFV3/phys -I/pixel/project02/tcchen/WRFV3/chem -I/pixel/project02/tcchen/WRFV3/inc -I/pixel/project02/tcchen/netcdf/netcdf_gnu//include    module_sf_gfs.f90
Warning: Nonexistent include directory "/pixel/project02/tcchen/WRFV3/chem"
0.74user 0.04system 0:00.80elapsed 99%CPU (0avgtext+0avgdata 38732maxresident)k
64inputs+576outputs (0major+13295minor)pagefaults 0swaps
rm -f module_sf_gfdl.o
/lib/cpp -P -I/pixel/project02/tcchen/WRFV3/inc -DEM_CORE=1 -DNMM_CORE=0 -DNMM_MAX_DIM=2600 -DCOAMPS_CORE=0 -DDA_CORE=0 -DEXP_CORE=0 -DIWORDSIZE=4 -DDWORDSIZE=8 -DRWORDSIZE=4 -DLWORDSIZE=4 -DNONSTANDARD_SYSTEM_SUBR  -DWRF_USE_CLM -DNO_IEEE_MODULE  -DNETCDF -DUSE_ALLOCATABLES -DGRIB1 -DINTIO -DKEEP_INT_AROUND -DLIMIT_ARGS -DCONFIG_BUF_LEN=65536 -DMAX_DOMAINS_F=21 -DMAX_HISTORY=25 -DNMM_NEST=0  -I. -traditional  -D_OPENMP module_sf_gfdl.F  > module_sf_gfdl.bb
/pixel/project02/tcchen/WRFV3/tools/standard.exe module_sf_gfdl.bb | /lib/cpp -P -traditional > module_sf_gfdl.f90
rm -f module_sf_gfdl.b module_sf_gfdl.bb
time gfortran -o module_sf_gfdl.o -c -O2 -ftree-vectorize -funroll-loops -w -ffree-form -ffree-line-length-none -fconvert=big-endian -frecord-marker=4  -fopenmp -I../dyn_em -I../dyn_nmm   -I/pixel/project02/tcchen/WRFV3/external/esmf_time_f90  -I/pixel/project02/tcchen/WRFV3/main -I/pixel/project02/tcchen/WRFV3/external/io_netcdf -I/pixel/project02/tcchen/WRFV3/external/io_int -I/pixel/project02/tcchen/WRFV3/frame -I/pixel/project02/tcchen/WRFV3/share -I/pixel/project02/tcchen/WRFV3/phys -I/pixel/project02/tcchen/WRFV3/chem -I/pixel/project02/tcchen/WRFV3/inc -I/pixel/project02/tcchen/netcdf/netcdf_gnu//include    module_sf_gfdl.f90
Warning: Nonexistent include directory "/pixel/project02/tcchen/WRFV3/chem"
0.67user 0.04system 0:00.72elapsed 98%CPU (0avgtext+0avgdata 46012maxresident)k
72inputs+672outputs (0major+15574minor)pagefaults 0swaps
rm -f module_sf_noahmplsm.o
/lib/cpp -P -I/pixel/project02/tcchen/WRFV3/inc -DEM_CORE=1 -DNMM_CORE=0 -DNMM_MAX_DIM=2600 -DCOAMPS_CORE=0 -DDA_CORE=0 -DEXP_CORE=0 -DIWORDSIZE=4 -DDWORDSIZE=8 -DRWORDSIZE=4 -DLWORDSIZE=4 -DNONSTANDARD_SYSTEM_SUBR  -DWRF_USE_CLM -DNO_IEEE_MODULE  -DNETCDF -DUSE_ALLOCATABLES -DGRIB1 -DINTIO -DKEEP_INT_AROUND -DLIMIT_ARGS -DCONFIG_BUF_LEN=65536 -DMAX_DOMAINS_F=21 -DMAX_HISTORY=25 -DNMM_NEST=0  -I. -traditional  -D_OPENMP module_sf_noahmplsm.F  > module_sf_noahmplsm.bb
/pixel/project02/tcchen/WRFV3/tools/standard.exe module_sf_noahmplsm.bb | /lib/cpp -P -traditional > module_sf_noahmplsm.f90
rm -f module_sf_noahmplsm.b module_sf_noahmplsm.bb
time gfortran -o module_sf_noahmplsm.o -c -O2 -ftree-vectorize -funroll-loops -w -ffree-form -ffree-line-length-none -fconvert=big-endian -frecord-marker=4  -fopenmp -I../dyn_em -I../dyn_nmm   -I/pixel/project02/tcchen/WRFV3/external/esmf_time_f90  -I/pixel/project02/tcchen/WRFV3/main -I/pixel/project02/tcchen/WRFV3/external/io_netcdf -I/pixel/project02/tcchen/WRFV3/external/io_int -I/pixel/project02/tcchen/WRFV3/frame -I/pixel/project02/tcchen/WRFV3/share -I/pixel/project02/tcchen/WRFV3/phys -I/pixel/project02/tcchen/WRFV3/chem -I/pixel/project02/tcchen/WRFV3/inc -I/pixel/project02/tcchen/netcdf/netcdf_gnu//include    module_sf_noahmplsm.f90
Warning: Nonexistent include directory "/pixel/project02/tcchen/WRFV3/chem"
3.49user 0.11system 0:03.62elapsed 99%CPU (0avgtext+0avgdata 150920maxresident)k
88inputs+2704outputs (0major+58936minor)pagefaults 0swaps
rm -f module_sf_bep.o
/lib/cpp -P -I/pixel/project02/tcchen/WRFV3/inc -DEM_CORE=1 -DNMM_CORE=0 -DNMM_MAX_DIM=2600 -DCOAMPS_CORE=0 -DDA_CORE=0 -DEXP_CORE=0 -DIWORDSIZE=4 -DDWORDSIZE=8 -DRWORDSIZE=4 -DLWORDSIZE=4 -DNONSTANDARD_SYSTEM_SUBR  -DWRF_USE_CLM -DNO_IEEE_MODULE  -DNETCDF -DUSE_ALLOCATABLES -DGRIB1 -DINTIO -DKEEP_INT_AROUND -DLIMIT_ARGS -DCONFIG_BUF_LEN=65536 -DMAX_DOMAINS_F=21 -DMAX_HISTORY=25 -DNMM_NEST=0  -I. -traditional  -D_OPENMP module_sf_bep.F  > module_sf_bep.bb
/pixel/project02/tcchen/WRFV3/tools/standard.exe module_sf_bep.bb | /lib/cpp -P -traditional > module_sf_bep.f90
rm -f module_sf_bep.b module_sf_bep.bb
time gfortran -o module_sf_bep.o -c -O2 -ftree-vectorize -funroll-loops -w -ffree-form -ffree-line-length-none -fconvert=big-endian -frecord-marker=4  -fopenmp -I../dyn_em -I../dyn_nmm   -I/pixel/project02/tcchen/WRFV3/external/esmf_time_f90  -I/pixel/project02/tcchen/WRFV3/main -I/pixel/project02/tcchen/WRFV3/external/io_netcdf -I/pixel/project02/tcchen/WRFV3/external/io_int -I/pixel/project02/tcchen/WRFV3/frame -I/pixel/project02/tcchen/WRFV3/share -I/pixel/project02/tcchen/WRFV3/phys -I/pixel/project02/tcchen/WRFV3/chem -I/pixel/project02/tcchen/WRFV3/inc -I/pixel/project02/tcchen/netcdf/netcdf_gnu//include    module_sf_bep.f90
Warning: Nonexistent include directory "/pixel/project02/tcchen/WRFV3/chem"
1.36user 0.04system 0:01.42elapsed 99%CPU (0avgtext+0avgdata 86064maxresident)k
64inputs+1632outputs (0major+25570minor)pagefaults 0swaps
rm -f module_sf_bep_bem.o
/lib/cpp -P -I/pixel/project02/tcchen/WRFV3/inc -DEM_CORE=1 -DNMM_CORE=0 -DNMM_MAX_DIM=2600 -DCOAMPS_CORE=0 -DDA_CORE=0 -DEXP_CORE=0 -DIWORDSIZE=4 -DDWORDSIZE=8 -DRWORDSIZE=4 -DLWORDSIZE=4 -DNONSTANDARD_SYSTEM_SUBR  -DWRF_USE_CLM -DNO_IEEE_MODULE  -DNETCDF -DUSE_ALLOCATABLES -DGRIB1 -DINTIO -DKEEP_INT_AROUND -DLIMIT_ARGS -DCONFIG_BUF_LEN=65536 -DMAX_DOMAINS_F=21 -DMAX_HISTORY=25 -DNMM_NEST=0  -I. -traditional  -D_OPENMP module_sf_bep_bem.F  > module_sf_bep_bem.bb
/pixel/project02/tcchen/WRFV3/tools/standard.exe module_sf_bep_bem.bb | /lib/cpp -P -traditional > module_sf_bep_bem.f90
rm -f module_sf_bep_bem.b module_sf_bep_bem.bb
time gfortran -o module_sf_bep_bem.o -c -O2 -ftree-vectorize -funroll-loops -w -ffree-form -ffree-line-length-none -fconvert=big-endian -frecord-marker=4  -fopenmp -I../dyn_em -I../dyn_nmm   -I/pixel/project02/tcchen/WRFV3/external/esmf_time_f90  -I/pixel/project02/tcchen/WRFV3/main -I/pixel/project02/tcchen/WRFV3/external/io_netcdf -I/pixel/project02/tcchen/WRFV3/external/io_int -I/pixel/project02/tcchen/WRFV3/frame -I/pixel/project02/tcchen/WRFV3/share -I/pixel/project02/tcchen/WRFV3/phys -I/pixel/project02/tcchen/WRFV3/chem -I/pixel/project02/tcchen/WRFV3/inc -I/pixel/project02/tcchen/netcdf/netcdf_gnu//include    module_sf_bep_bem.f90
Warning: Nonexistent include directory "/pixel/project02/tcchen/WRFV3/chem"
2.95user 0.09system 0:03.06elapsed 99%CPU (0avgtext+0avgdata 134848maxresident)k
88inputs+2912outputs (0major+53437minor)pagefaults 0swaps
rm -f module_sf_clm.o
/lib/cpp -P -I/pixel/project02/tcchen/WRFV3/inc -DEM_CORE=1 -DNMM_CORE=0 -DNMM_MAX_DIM=2600 -DCOAMPS_CORE=0 -DDA_CORE=0 -DEXP_CORE=0 -DIWORDSIZE=4 -DDWORDSIZE=8 -DRWORDSIZE=4 -DLWORDSIZE=4 -DNONSTANDARD_SYSTEM_SUBR  -DWRF_USE_CLM -DNO_IEEE_MODULE  -DNETCDF -DUSE_ALLOCATABLES -DGRIB1 -DINTIO -DKEEP_INT_AROUND -DLIMIT_ARGS -DCONFIG_BUF_LEN=65536 -DMAX_DOMAINS_F=21 -DMAX_HISTORY=25 -DNMM_NEST=0  -I. -traditional  -D_OPENMP module_sf_clm.F  > module_sf_clm.bb
/pixel/project02/tcchen/WRFV3/tools/standard.exe module_sf_clm.bb | /lib/cpp -P -traditional > module_sf_clm.f90
rm -f module_sf_clm.b module_sf_clm.bb
time gfortran -o module_sf_clm.o -c -O2 -ftree-vectorize -funroll-loops -w -ffree-form -ffree-line-length-none -fconvert=big-endian -frecord-marker=4  -fopenmp -I../dyn_em -I../dyn_nmm   -I/pixel/project02/tcchen/WRFV3/external/esmf_time_f90  -I/pixel/project02/tcchen/WRFV3/main -I/pixel/project02/tcchen/WRFV3/external/io_netcdf -I/pixel/project02/tcchen/WRFV3/external/io_int -I/pixel/project02/tcchen/WRFV3/frame -I/pixel/project02/tcchen/WRFV3/share -I/pixel/project02/tcchen/WRFV3/phys -I/pixel/project02/tcchen/WRFV3/chem -I/pixel/project02/tcchen/WRFV3/inc -I/pixel/project02/tcchen/netcdf/netcdf_gnu//include    module_sf_clm.f90
Warning: Nonexistent include directory "/pixel/project02/tcchen/WRFV3/chem"
2.01user 0.08system 0:02.11elapsed 99%CPU (0avgtext+0avgdata 141696maxresident)k
168inputs+2072outputs (0major+45633minor)pagefaults 0swaps
rm -f module_sf_noah_seaice_drv.o
/lib/cpp -P -I/pixel/project02/tcchen/WRFV3/inc -DEM_CORE=1 -DNMM_CORE=0 -DNMM_MAX_DIM=2600 -DCOAMPS_CORE=0 -DDA_CORE=0 -DEXP_CORE=0 -DIWORDSIZE=4 -DDWORDSIZE=8 -DRWORDSIZE=4 -DLWORDSIZE=4 -DNONSTANDARD_SYSTEM_SUBR  -DWRF_USE_CLM -DNO_IEEE_MODULE  -DNETCDF -DUSE_ALLOCATABLES -DGRIB1 -DINTIO -DKEEP_INT_AROUND -DLIMIT_ARGS -DCONFIG_BUF_LEN=65536 -DMAX_DOMAINS_F=21 -DMAX_HISTORY=25 -DNMM_NEST=0  -I. -traditional  -D_OPENMP module_sf_noah_seaice_drv.F  > module_sf_noah_seaice_drv.bb
/pixel/project02/tcchen/WRFV3/tools/standard.exe module_sf_noah_seaice_drv.bb | /lib/cpp -P -traditional > module_sf_noah_seaice_drv.f90
rm -f module_sf_noah_seaice_drv.b module_sf_noah_seaice_drv.bb
time gfortran -o module_sf_noah_seaice_drv.o -c -O2 -ftree-vectorize -funroll-loops -w -ffree-form -ffree-line-length-none -fconvert=big-endian -frecord-marker=4  -fopenmp -I../dyn_em -I../dyn_nmm   -I/pixel/project02/tcchen/WRFV3/external/esmf_time_f90  -I/pixel/project02/tcchen/WRFV3/main -I/pixel/project02/tcchen/WRFV3/external/io_netcdf -I/pixel/project02/tcchen/WRFV3/external/io_int -I/pixel/project02/tcchen/WRFV3/frame -I/pixel/project02/tcchen/WRFV3/share -I/pixel/project02/tcchen/WRFV3/phys -I/pixel/project02/tcchen/WRFV3/chem -I/pixel/project02/tcchen/WRFV3/inc -I/pixel/project02/tcchen/netcdf/netcdf_gnu//include    module_sf_noah_seaice_drv.f90
Warning: Nonexistent include directory "/pixel/project02/tcchen/WRFV3/chem"
0.12user 0.02system 0:00.16elapsed 96%CPU (0avgtext+0avgdata 19352maxresident)k
40inputs+160outputs (0major+7592minor)pagefaults 0swaps
rm -f module_sf_noahmp_groundwater.o
/lib/cpp -P -I/pixel/project02/tcchen/WRFV3/inc -DEM_CORE=1 -DNMM_CORE=0 -DNMM_MAX_DIM=2600 -DCOAMPS_CORE=0 -DDA_CORE=0 -DEXP_CORE=0 -DIWORDSIZE=4 -DDWORDSIZE=8 -DRWORDSIZE=4 -DLWORDSIZE=4 -DNONSTANDARD_SYSTEM_SUBR  -DWRF_USE_CLM -DNO_IEEE_MODULE  -DNETCDF -DUSE_ALLOCATABLES -DGRIB1 -DINTIO -DKEEP_INT_AROUND -DLIMIT_ARGS -DCONFIG_BUF_LEN=65536 -DMAX_DOMAINS_F=21 -DMAX_HISTORY=25 -DNMM_NEST=0  -I. -traditional  -D_OPENMP module_sf_noahmp_groundwater.F  > module_sf_noahmp_groundwater.bb
/pixel/project02/tcchen/WRFV3/tools/standard.exe module_sf_noahmp_groundwater.bb | /lib/cpp -P -traditional > module_sf_noahmp_groundwater.f90
rm -f module_sf_noahmp_groundwater.b module_sf_noahmp_groundwater.bb
time gfortran -o module_sf_noahmp_groundwater.o -c -O2 -ftree-vectorize -funroll-loops -w -ffree-form -ffree-line-length-none -fconvert=big-endian -frecord-marker=4  -fopenmp -I../dyn_em -I../dyn_nmm   -I/pixel/project02/tcchen/WRFV3/external/esmf_time_f90  -I/pixel/project02/tcchen/WRFV3/main -I/pixel/project02/tcchen/WRFV3/external/io_netcdf -I/pixel/project02/tcchen/WRFV3/external/io_int -I/pixel/project02/tcchen/WRFV3/frame -I/pixel/project02/tcchen/WRFV3/share -I/pixel/project02/tcchen/WRFV3/phys -I/pixel/project02/tcchen/WRFV3/chem -I/pixel/project02/tcchen/WRFV3/inc -I/pixel/project02/tcchen/netcdf/netcdf_gnu//include    module_sf_noahmp_groundwater.f90
Warning: Nonexistent include directory "/pixel/project02/tcchen/WRFV3/chem"
0.32user 0.02system 0:00.35elapsed 97%CPU (0avgtext+0avgdata 30228maxresident)k
48inputs+312outputs (0major+10644minor)pagefaults 0swaps
rm -f module_sf_pxlsm.o
/lib/cpp -P -I/pixel/project02/tcchen/WRFV3/inc -DEM_CORE=1 -DNMM_CORE=0 -DNMM_MAX_DIM=2600 -DCOAMPS_CORE=0 -DDA_CORE=0 -DEXP_CORE=0 -DIWORDSIZE=4 -DDWORDSIZE=8 -DRWORDSIZE=4 -DLWORDSIZE=4 -DNONSTANDARD_SYSTEM_SUBR  -DWRF_USE_CLM -DNO_IEEE_MODULE  -DNETCDF -DUSE_ALLOCATABLES -DGRIB1 -DINTIO -DKEEP_INT_AROUND -DLIMIT_ARGS -DCONFIG_BUF_LEN=65536 -DMAX_DOMAINS_F=21 -DMAX_HISTORY=25 -DNMM_NEST=0  -I. -traditional  -D_OPENMP module_sf_pxlsm.F  > module_sf_pxlsm.bb
/pixel/project02/tcchen/WRFV3/tools/standard.exe module_sf_pxlsm.bb | /lib/cpp -P -traditional > module_sf_pxlsm.f90
rm -f module_sf_pxlsm.b module_sf_pxlsm.bb
time gfortran -o module_sf_pxlsm.o -c -O2 -ftree-vectorize -funroll-loops -w -ffree-form -ffree-line-length-none -fconvert=big-endian -frecord-marker=4  -fopenmp -I../dyn_em -I../dyn_nmm   -I/pixel/project02/tcchen/WRFV3/external/esmf_time_f90  -I/pixel/project02/tcchen/WRFV3/main -I/pixel/project02/tcchen/WRFV3/external/io_netcdf -I/pixel/project02/tcchen/WRFV3/external/io_int -I/pixel/project02/tcchen/WRFV3/frame -I/pixel/project02/tcchen/WRFV3/share -I/pixel/project02/tcchen/WRFV3/phys -I/pixel/project02/tcchen/WRFV3/chem -I/pixel/project02/tcchen/WRFV3/inc -I/pixel/project02/tcchen/netcdf/netcdf_gnu//include    module_sf_pxlsm.f90
Warning: Nonexistent include directory "/pixel/project02/tcchen/WRFV3/chem"
0.48user 0.03system 0:00.51elapsed 98%CPU (0avgtext+0avgdata 35016maxresident)k
64inputs+648outputs (0major+11891minor)pagefaults 0swaps
rm -f module_sf_ocean_driver.o
/lib/cpp -P -I/pixel/project02/tcchen/WRFV3/inc -DEM_CORE=1 -DNMM_CORE=0 -DNMM_MAX_DIM=2600 -DCOAMPS_CORE=0 -DDA_CORE=0 -DEXP_CORE=0 -DIWORDSIZE=4 -DDWORDSIZE=8 -DRWORDSIZE=4 -DLWORDSIZE=4 -DNONSTANDARD_SYSTEM_SUBR  -DWRF_USE_CLM -DNO_IEEE_MODULE  -DNETCDF -DUSE_ALLOCATABLES -DGRIB1 -DINTIO -DKEEP_INT_AROUND -DLIMIT_ARGS -DCONFIG_BUF_LEN=65536 -DMAX_DOMAINS_F=21 -DMAX_HISTORY=25 -DNMM_NEST=0  -I. -traditional  -D_OPENMP module_sf_ocean_driver.F  > module_sf_ocean_driver.bb
/pixel/project02/tcchen/WRFV3/tools/standard.exe module_sf_ocean_driver.bb | /lib/cpp -P -traditional > module_sf_ocean_driver.f90
rm -f module_sf_ocean_driver.b module_sf_ocean_driver.bb
time gfortran -o module_sf_ocean_driver.o -c -O2 -ftree-vectorize -funroll-loops -w -ffree-form -ffree-line-length-none -fconvert=big-endian -frecord-marker=4  -fopenmp -I../dyn_em -I../dyn_nmm   -I/pixel/project02/tcchen/WRFV3/external/esmf_time_f90  -I/pixel/project02/tcchen/WRFV3/main -I/pixel/project02/tcchen/WRFV3/external/io_netcdf -I/pixel/project02/tcchen/WRFV3/external/io_int -I/pixel/project02/tcchen/WRFV3/frame -I/pixel/project02/tcchen/WRFV3/share -I/pixel/project02/tcchen/WRFV3/phys -I/pixel/project02/tcchen/WRFV3/chem -I/pixel/project02/tcchen/WRFV3/inc -I/pixel/project02/tcchen/netcdf/netcdf_gnu//include    module_sf_ocean_driver.f90
Warning: Nonexistent include directory "/pixel/project02/tcchen/WRFV3/chem"
0.11user 0.02system 0:00.14elapsed 95%CPU (0avgtext+0avgdata 15732maxresident)k
0inputs+120outputs (0major+6530minor)pagefaults 0swaps
rm -f module_lightning_driver.o
/lib/cpp -P -I/pixel/project02/tcchen/WRFV3/inc -DEM_CORE=1 -DNMM_CORE=0 -DNMM_MAX_DIM=2600 -DCOAMPS_CORE=0 -DDA_CORE=0 -DEXP_CORE=0 -DIWORDSIZE=4 -DDWORDSIZE=8 -DRWORDSIZE=4 -DLWORDSIZE=4 -DNONSTANDARD_SYSTEM_SUBR  -DWRF_USE_CLM -DNO_IEEE_MODULE  -DNETCDF -DUSE_ALLOCATABLES -DGRIB1 -DINTIO -DKEEP_INT_AROUND -DLIMIT_ARGS -DCONFIG_BUF_LEN=65536 -DMAX_DOMAINS_F=21 -DMAX_HISTORY=25 -DNMM_NEST=0  -I. -traditional  -D_OPENMP module_lightning_driver.F  > module_lightning_driver.bb
/pixel/project02/tcchen/WRFV3/tools/standard.exe module_lightning_driver.bb | /lib/cpp -P -traditional > module_lightning_driver.f90
rm -f module_lightning_driver.b module_lightning_driver.bb
time gfortran -o module_lightning_driver.o -c -O2 -ftree-vectorize -funroll-loops -w -ffree-form -ffree-line-length-none -fconvert=big-endian -frecord-marker=4  -fopenmp -I../dyn_em -I../dyn_nmm   -I/pixel/project02/tcchen/WRFV3/external/esmf_time_f90  -I/pixel/project02/tcchen/WRFV3/main -I/pixel/project02/tcchen/WRFV3/external/io_netcdf -I/pixel/project02/tcchen/WRFV3/external/io_int -I/pixel/project02/tcchen/WRFV3/frame -I/pixel/project02/tcchen/WRFV3/share -I/pixel/project02/tcchen/WRFV3/phys -I/pixel/project02/tcchen/WRFV3/chem -I/pixel/project02/tcchen/WRFV3/inc -I/pixel/project02/tcchen/netcdf/netcdf_gnu//include    module_lightning_driver.f90
Warning: Nonexistent include directory "/pixel/project02/tcchen/WRFV3/chem"
0.38user 0.04system 0:00.43elapsed 97%CPU (0avgtext+0avgdata 24240maxresident)k
32inputs+280outputs (0major+8956minor)pagefaults 0swaps
rm -f module_diag_afwa.o
/lib/cpp -P -I/pixel/project02/tcchen/WRFV3/inc -DEM_CORE=1 -DNMM_CORE=0 -DNMM_MAX_DIM=2600 -DCOAMPS_CORE=0 -DDA_CORE=0 -DEXP_CORE=0 -DIWORDSIZE=4 -DDWORDSIZE=8 -DRWORDSIZE=4 -DLWORDSIZE=4 -DNONSTANDARD_SYSTEM_SUBR  -DWRF_USE_CLM -DNO_IEEE_MODULE  -DNETCDF -DUSE_ALLOCATABLES -DGRIB1 -DINTIO -DKEEP_INT_AROUND -DLIMIT_ARGS -DCONFIG_BUF_LEN=65536 -DMAX_DOMAINS_F=21 -DMAX_HISTORY=25 -DNMM_NEST=0  -I. -traditional  -D_OPENMP module_diag_afwa.F  > module_diag_afwa.bb
/pixel/project02/tcchen/WRFV3/tools/standard.exe module_diag_afwa.bb | /lib/cpp -P -traditional > module_diag_afwa.f90
rm -f module_diag_afwa.b module_diag_afwa.bb
time gfortran -o module_diag_afwa.o -c -O2 -ftree-vectorize -funroll-loops -w -ffree-form -ffree-line-length-none -fconvert=big-endian -frecord-marker=4  -fopenmp -I../dyn_em -I../dyn_nmm   -I/pixel/project02/tcchen/WRFV3/external/esmf_time_f90  -I/pixel/project02/tcchen/WRFV3/main -I/pixel/project02/tcchen/WRFV3/external/io_netcdf -I/pixel/project02/tcchen/WRFV3/external/io_int -I/pixel/project02/tcchen/WRFV3/frame -I/pixel/project02/tcchen/WRFV3/share -I/pixel/project02/tcchen/WRFV3/phys -I/pixel/project02/tcchen/WRFV3/chem -I/pixel/project02/tcchen/WRFV3/inc -I/pixel/project02/tcchen/netcdf/netcdf_gnu//include    module_diag_afwa.f90
Warning: Nonexistent include directory "/pixel/project02/tcchen/WRFV3/chem"
2.12user 0.08system 0:02.22elapsed 99%CPU (0avgtext+0avgdata 106188maxresident)k
72inputs+3552outputs (0major+37952minor)pagefaults 0swaps
rm -f module_fr_fire_phys.o
/lib/cpp -P -I/pixel/project02/tcchen/WRFV3/inc -DEM_CORE=1 -DNMM_CORE=0 -DNMM_MAX_DIM=2600 -DCOAMPS_CORE=0 -DDA_CORE=0 -DEXP_CORE=0 -DIWORDSIZE=4 -DDWORDSIZE=8 -DRWORDSIZE=4 -DLWORDSIZE=4 -DNONSTANDARD_SYSTEM_SUBR  -DWRF_USE_CLM -DNO_IEEE_MODULE  -DNETCDF -DUSE_ALLOCATABLES -DGRIB1 -DINTIO -DKEEP_INT_AROUND -DLIMIT_ARGS -DCONFIG_BUF_LEN=65536 -DMAX_DOMAINS_F=21 -DMAX_HISTORY=25 -DNMM_NEST=0  -I. -traditional  -D_OPENMP module_fr_fire_phys.F  > module_fr_fire_phys.bb
/pixel/project02/tcchen/WRFV3/tools/standard.exe module_fr_fire_phys.bb | /lib/cpp -P -traditional > module_fr_fire_phys.f90
rm -f module_fr_fire_phys.b module_fr_fire_phys.bb
time gfortran -o module_fr_fire_phys.o -c -O2 -ftree-vectorize -funroll-loops -w -ffree-form -ffree-line-length-none -fconvert=big-endian -frecord-marker=4  -fopenmp -I../dyn_em -I../dyn_nmm   -I/pixel/project02/tcchen/WRFV3/external/esmf_time_f90  -I/pixel/project02/tcchen/WRFV3/main -I/pixel/project02/tcchen/WRFV3/external/io_netcdf -I/pixel/project02/tcchen/WRFV3/external/io_int -I/pixel/project02/tcchen/WRFV3/frame -I/pixel/project02/tcchen/WRFV3/share -I/pixel/project02/tcchen/WRFV3/phys -I/pixel/project02/tcchen/WRFV3/chem -I/pixel/project02/tcchen/WRFV3/inc -I/pixel/project02/tcchen/netcdf/netcdf_gnu//include    module_fr_fire_phys.f90
Warning: Nonexistent include directory "/pixel/project02/tcchen/WRFV3/chem"
0.47user 0.04system 0:00.52elapsed 98%CPU (0avgtext+0avgdata 28708maxresident)k
64inputs+440outputs (0major+10149minor)pagefaults 0swaps
rm -f module_fr_fire_atm.o
/lib/cpp -P -I/pixel/project02/tcchen/WRFV3/inc -DEM_CORE=1 -DNMM_CORE=0 -DNMM_MAX_DIM=2600 -DCOAMPS_CORE=0 -DDA_CORE=0 -DEXP_CORE=0 -DIWORDSIZE=4 -DDWORDSIZE=8 -DRWORDSIZE=4 -DLWORDSIZE=4 -DNONSTANDARD_SYSTEM_SUBR  -DWRF_USE_CLM -DNO_IEEE_MODULE  -DNETCDF -DUSE_ALLOCATABLES -DGRIB1 -DINTIO -DKEEP_INT_AROUND -DLIMIT_ARGS -DCONFIG_BUF_LEN=65536 -DMAX_DOMAINS_F=21 -DMAX_HISTORY=25 -DNMM_NEST=0  -I. -traditional  -D_OPENMP module_fr_fire_atm.F  > module_fr_fire_atm.bb
/pixel/project02/tcchen/WRFV3/tools/standard.exe module_fr_fire_atm.bb | /lib/cpp -P -traditional > module_fr_fire_atm.f90
rm -f module_fr_fire_atm.b module_fr_fire_atm.bb
time gfortran -o module_fr_fire_atm.o -c -O2 -ftree-vectorize -funroll-loops -w -ffree-form -ffree-line-length-none -fconvert=big-endian -frecord-marker=4  -fopenmp -I../dyn_em -I../dyn_nmm   -I/pixel/project02/tcchen/WRFV3/external/esmf_time_f90  -I/pixel/project02/tcchen/WRFV3/main -I/pixel/project02/tcchen/WRFV3/external/io_netcdf -I/pixel/project02/tcchen/WRFV3/external/io_int -I/pixel/project02/tcchen/WRFV3/frame -I/pixel/project02/tcchen/WRFV3/share -I/pixel/project02/tcchen/WRFV3/phys -I/pixel/project02/tcchen/WRFV3/chem -I/pixel/project02/tcchen/WRFV3/inc -I/pixel/project02/tcchen/netcdf/netcdf_gnu//include    module_fr_fire_atm.f90
Warning: Nonexistent include directory "/pixel/project02/tcchen/WRFV3/chem"
0.12user 0.02system 0:00.15elapsed 95%CPU (0avgtext+0avgdata 18456maxresident)k
16inputs+264outputs (0major+7309minor)pagefaults 0swaps
rm -f module_cam_physconst.o
/lib/cpp -P -I/pixel/project02/tcchen/WRFV3/inc -DEM_CORE=1 -DNMM_CORE=0 -DNMM_MAX_DIM=2600 -DCOAMPS_CORE=0 -DDA_CORE=0 -DEXP_CORE=0 -DIWORDSIZE=4 -DDWORDSIZE=8 -DRWORDSIZE=4 -DLWORDSIZE=4 -DNONSTANDARD_SYSTEM_SUBR  -DWRF_USE_CLM -DNO_IEEE_MODULE  -DNETCDF -DUSE_ALLOCATABLES -DGRIB1 -DINTIO -DKEEP_INT_AROUND -DLIMIT_ARGS -DCONFIG_BUF_LEN=65536 -DMAX_DOMAINS_F=21 -DMAX_HISTORY=25 -DNMM_NEST=0  -I. -traditional  -D_OPENMP module_cam_physconst.F  > module_cam_physconst.bb
/pixel/project02/tcchen/WRFV3/tools/standard.exe module_cam_physconst.bb | /lib/cpp -P -traditional > module_cam_physconst.f90
rm -f module_cam_physconst.b module_cam_physconst.bb
time gfortran -o module_cam_physconst.o -c -O2 -ftree-vectorize -funroll-loops -w -ffree-form -ffree-line-length-none -fconvert=big-endian -frecord-marker=4  -fopenmp -I../dyn_em -I../dyn_nmm   -I/pixel/project02/tcchen/WRFV3/external/esmf_time_f90  -I/pixel/project02/tcchen/WRFV3/main -I/pixel/project02/tcchen/WRFV3/external/io_netcdf -I/pixel/project02/tcchen/WRFV3/external/io_int -I/pixel/project02/tcchen/WRFV3/frame -I/pixel/project02/tcchen/WRFV3/share -I/pixel/project02/tcchen/WRFV3/phys -I/pixel/project02/tcchen/WRFV3/chem -I/pixel/project02/tcchen/WRFV3/inc -I/pixel/project02/tcchen/netcdf/netcdf_gnu//include    module_cam_physconst.f90
Warning: Nonexistent include directory "/pixel/project02/tcchen/WRFV3/chem"
0.00user 0.01system 0:00.03elapsed 83%CPU (0avgtext+0avgdata 9420maxresident)k
0inputs+48outputs (0major+4699minor)pagefaults 0swaps
rm -f module_cam_bl_eddy_diff.o
/lib/cpp -P -I/pixel/project02/tcchen/WRFV3/inc -DEM_CORE=1 -DNMM_CORE=0 -DNMM_MAX_DIM=2600 -DCOAMPS_CORE=0 -DDA_CORE=0 -DEXP_CORE=0 -DIWORDSIZE=4 -DDWORDSIZE=8 -DRWORDSIZE=4 -DLWORDSIZE=4 -DNONSTANDARD_SYSTEM_SUBR  -DWRF_USE_CLM -DNO_IEEE_MODULE  -DNETCDF -DUSE_ALLOCATABLES -DGRIB1 -DINTIO -DKEEP_INT_AROUND -DLIMIT_ARGS -DCONFIG_BUF_LEN=65536 -DMAX_DOMAINS_F=21 -DMAX_HISTORY=25 -DNMM_NEST=0  -I. -traditional  -D_OPENMP module_cam_bl_eddy_diff.F  > module_cam_bl_eddy_diff.bb
/pixel/project02/tcchen/WRFV3/tools/standard.exe module_cam_bl_eddy_diff.bb | /lib/cpp -P -traditional > module_cam_bl_eddy_diff.f90
rm -f module_cam_bl_eddy_diff.b module_cam_bl_eddy_diff.bb
time gfortran -o module_cam_bl_eddy_diff.o -c -O2 -ftree-vectorize -funroll-loops -w -ffree-form -ffree-line-length-none -fconvert=big-endian -frecord-marker=4  -fopenmp -I../dyn_em -I../dyn_nmm   -I/pixel/project02/tcchen/WRFV3/external/esmf_time_f90  -I/pixel/project02/tcchen/WRFV3/main -I/pixel/project02/tcchen/WRFV3/external/io_netcdf -I/pixel/project02/tcchen/WRFV3/external/io_int -I/pixel/project02/tcchen/WRFV3/frame -I/pixel/project02/tcchen/WRFV3/share -I/pixel/project02/tcchen/WRFV3/phys -I/pixel/project02/tcchen/WRFV3/chem -I/pixel/project02/tcchen/WRFV3/inc -I/pixel/project02/tcchen/netcdf/netcdf_gnu//include    module_cam_bl_eddy_diff.f90
Warning: Nonexistent include directory "/pixel/project02/tcchen/WRFV3/chem"
2.20user 0.10system 0:02.31elapsed 99%CPU (0avgtext+0avgdata 118024maxresident)k
72inputs+1272outputs (0major+48846minor)pagefaults 0swaps
rm -f module_data_cam_mam_aero.o
/lib/cpp -P -I/pixel/project02/tcchen/WRFV3/inc -DEM_CORE=1 -DNMM_CORE=0 -DNMM_MAX_DIM=2600 -DCOAMPS_CORE=0 -DDA_CORE=0 -DEXP_CORE=0 -DIWORDSIZE=4 -DDWORDSIZE=8 -DRWORDSIZE=4 -DLWORDSIZE=4 -DNONSTANDARD_SYSTEM_SUBR  -DWRF_USE_CLM -DNO_IEEE_MODULE  -DNETCDF -DUSE_ALLOCATABLES -DGRIB1 -DINTIO -DKEEP_INT_AROUND -DLIMIT_ARGS -DCONFIG_BUF_LEN=65536 -DMAX_DOMAINS_F=21 -DMAX_HISTORY=25 -DNMM_NEST=0  -I. -traditional  -D_OPENMP module_data_cam_mam_aero.F  > module_data_cam_mam_aero.bb
/pixel/project02/tcchen/WRFV3/tools/standard.exe module_data_cam_mam_aero.bb | /lib/cpp -P -traditional > module_data_cam_mam_aero.f90
rm -f module_data_cam_mam_aero.b module_data_cam_mam_aero.bb
time gfortran -o module_data_cam_mam_aero.o -c -O2 -ftree-vectorize -funroll-loops -w -ffree-form -ffree-line-length-none -fconvert=big-endian -frecord-marker=4  -fopenmp -I../dyn_em -I../dyn_nmm   -I/pixel/project02/tcchen/WRFV3/external/esmf_time_f90  -I/pixel/project02/tcchen/WRFV3/main -I/pixel/project02/tcchen/WRFV3/external/io_netcdf -I/pixel/project02/tcchen/WRFV3/external/io_int -I/pixel/project02/tcchen/WRFV3/frame -I/pixel/project02/tcchen/WRFV3/share -I/pixel/project02/tcchen/WRFV3/phys -I/pixel/project02/tcchen/WRFV3/chem -I/pixel/project02/tcchen/WRFV3/inc -I/pixel/project02/tcchen/netcdf/netcdf_gnu//include    module_data_cam_mam_aero.f90
Warning: Nonexistent include directory "/pixel/project02/tcchen/WRFV3/chem"
0.01user 0.01system 0:00.03elapsed 84%CPU (0avgtext+0avgdata 7204maxresident)k
0inputs+160outputs (0major+4170minor)pagefaults 0swaps
rm -f module_cam_mp_conv_water.o
/lib/cpp -P -I/pixel/project02/tcchen/WRFV3/inc -DEM_CORE=1 -DNMM_CORE=0 -DNMM_MAX_DIM=2600 -DCOAMPS_CORE=0 -DDA_CORE=0 -DEXP_CORE=0 -DIWORDSIZE=4 -DDWORDSIZE=8 -DRWORDSIZE=4 -DLWORDSIZE=4 -DNONSTANDARD_SYSTEM_SUBR  -DWRF_USE_CLM -DNO_IEEE_MODULE  -DNETCDF -DUSE_ALLOCATABLES -DGRIB1 -DINTIO -DKEEP_INT_AROUND -DLIMIT_ARGS -DCONFIG_BUF_LEN=65536 -DMAX_DOMAINS_F=21 -DMAX_HISTORY=25 -DNMM_NEST=0  -I. -traditional  -D_OPENMP module_cam_mp_conv_water.F  > module_cam_mp_conv_water.bb
/pixel/project02/tcchen/WRFV3/tools/standard.exe module_cam_mp_conv_water.bb | /lib/cpp -P -traditional > module_cam_mp_conv_water.f90
rm -f module_cam_mp_conv_water.b module_cam_mp_conv_water.bb
time gfortran -o module_cam_mp_conv_water.o -c -O2 -ftree-vectorize -funroll-loops -w -ffree-form -ffree-line-length-none -fconvert=big-endian -frecord-marker=4  -fopenmp -I../dyn_em -I../dyn_nmm   -I/pixel/project02/tcchen/WRFV3/external/esmf_time_f90  -I/pixel/project02/tcchen/WRFV3/main -I/pixel/project02/tcchen/WRFV3/external/io_netcdf -I/pixel/project02/tcchen/WRFV3/external/io_int -I/pixel/project02/tcchen/WRFV3/frame -I/pixel/project02/tcchen/WRFV3/share -I/pixel/project02/tcchen/WRFV3/phys -I/pixel/project02/tcchen/WRFV3/chem -I/pixel/project02/tcchen/WRFV3/inc -I/pixel/project02/tcchen/netcdf/netcdf_gnu//include    module_cam_mp_conv_water.f90
Warning: Nonexistent include directory "/pixel/project02/tcchen/WRFV3/chem"
0.11user 0.02system 0:00.14elapsed 95%CPU (0avgtext+0avgdata 15940maxresident)k
0inputs+88outputs (0major+6566minor)pagefaults 0swaps
rm -f module_data_cam_mam_asect.o
/lib/cpp -P -I/pixel/project02/tcchen/WRFV3/inc -DEM_CORE=1 -DNMM_CORE=0 -DNMM_MAX_DIM=2600 -DCOAMPS_CORE=0 -DDA_CORE=0 -DEXP_CORE=0 -DIWORDSIZE=4 -DDWORDSIZE=8 -DRWORDSIZE=4 -DLWORDSIZE=4 -DNONSTANDARD_SYSTEM_SUBR  -DWRF_USE_CLM -DNO_IEEE_MODULE  -DNETCDF -DUSE_ALLOCATABLES -DGRIB1 -DINTIO -DKEEP_INT_AROUND -DLIMIT_ARGS -DCONFIG_BUF_LEN=65536 -DMAX_DOMAINS_F=21 -DMAX_HISTORY=25 -DNMM_NEST=0  -I. -traditional  -D_OPENMP module_data_cam_mam_asect.F  > module_data_cam_mam_asect.bb
/pixel/project02/tcchen/WRFV3/tools/standard.exe module_data_cam_mam_asect.bb | /lib/cpp -P -traditional > module_data_cam_mam_asect.f90
rm -f module_data_cam_mam_asect.b module_data_cam_mam_asect.bb
time gfortran -o module_data_cam_mam_asect.o -c -O2 -ftree-vectorize -funroll-loops -w -ffree-form -ffree-line-length-none -fconvert=big-endian -frecord-marker=4  -fopenmp -I../dyn_em -I../dyn_nmm   -I/pixel/project02/tcchen/WRFV3/external/esmf_time_f90  -I/pixel/project02/tcchen/WRFV3/main -I/pixel/project02/tcchen/WRFV3/external/io_netcdf -I/pixel/project02/tcchen/WRFV3/external/io_int -I/pixel/project02/tcchen/WRFV3/frame -I/pixel/project02/tcchen/WRFV3/share -I/pixel/project02/tcchen/WRFV3/phys -I/pixel/project02/tcchen/WRFV3/chem -I/pixel/project02/tcchen/WRFV3/inc -I/pixel/project02/tcchen/netcdf/netcdf_gnu//include    module_data_cam_mam_asect.f90
Warning: Nonexistent include directory "/pixel/project02/tcchen/WRFV3/chem"
0.00user 0.01system 0:00.03elapsed 80%CPU (0avgtext+0avgdata 7120maxresident)k
80inputs+112outputs (0major+4088minor)pagefaults 0swaps
rm -f module_bl_gfs.o
/lib/cpp -P -I/pixel/project02/tcchen/WRFV3/inc -DEM_CORE=1 -DNMM_CORE=0 -DNMM_MAX_DIM=2600 -DCOAMPS_CORE=0 -DDA_CORE=0 -DEXP_CORE=0 -DIWORDSIZE=4 -DDWORDSIZE=8 -DRWORDSIZE=4 -DLWORDSIZE=4 -DNONSTANDARD_SYSTEM_SUBR  -DWRF_USE_CLM -DNO_IEEE_MODULE  -DNETCDF -DUSE_ALLOCATABLES -DGRIB1 -DINTIO -DKEEP_INT_AROUND -DLIMIT_ARGS -DCONFIG_BUF_LEN=65536 -DMAX_DOMAINS_F=21 -DMAX_HISTORY=25 -DNMM_NEST=0  -I. -traditional  -D_OPENMP module_bl_gfs.F  > module_bl_gfs.bb
/pixel/project02/tcchen/WRFV3/tools/standard.exe module_bl_gfs.bb | /lib/cpp -P -traditional > module_bl_gfs.f90
rm -f module_bl_gfs.b module_bl_gfs.bb
time gfortran -o module_bl_gfs.o -c -O2 -ftree-vectorize -funroll-loops -w -ffree-form -ffree-line-length-none -fconvert=big-endian -frecord-marker=4  -fopenmp -I../dyn_em -I../dyn_nmm   -I/pixel/project02/tcchen/WRFV3/external/esmf_time_f90  -I/pixel/project02/tcchen/WRFV3/main -I/pixel/project02/tcchen/WRFV3/external/io_netcdf -I/pixel/project02/tcchen/WRFV3/external/io_int -I/pixel/project02/tcchen/WRFV3/frame -I/pixel/project02/tcchen/WRFV3/share -I/pixel/project02/tcchen/WRFV3/phys -I/pixel/project02/tcchen/WRFV3/chem -I/pixel/project02/tcchen/WRFV3/inc -I/pixel/project02/tcchen/netcdf/netcdf_gnu//include    module_bl_gfs.f90
Warning: Nonexistent include directory "/pixel/project02/tcchen/WRFV3/chem"
1.66user 0.06system 0:01.73elapsed 99%CPU (0avgtext+0avgdata 72304maxresident)k
64inputs+1144outputs (0major+22932minor)pagefaults 0swaps
rm -f module_bl_gfs2011.o
/lib/cpp -P -I/pixel/project02/tcchen/WRFV3/inc -DEM_CORE=1 -DNMM_CORE=0 -DNMM_MAX_DIM=2600 -DCOAMPS_CORE=0 -DDA_CORE=0 -DEXP_CORE=0 -DIWORDSIZE=4 -DDWORDSIZE=8 -DRWORDSIZE=4 -DLWORDSIZE=4 -DNONSTANDARD_SYSTEM_SUBR  -DWRF_USE_CLM -DNO_IEEE_MODULE  -DNETCDF -DUSE_ALLOCATABLES -DGRIB1 -DINTIO -DKEEP_INT_AROUND -DLIMIT_ARGS -DCONFIG_BUF_LEN=65536 -DMAX_DOMAINS_F=21 -DMAX_HISTORY=25 -DNMM_NEST=0  -I. -traditional  -D_OPENMP module_bl_gfs2011.F  > module_bl_gfs2011.bb
/pixel/project02/tcchen/WRFV3/tools/standard.exe module_bl_gfs2011.bb | /lib/cpp -P -traditional > module_bl_gfs2011.f90
rm -f module_bl_gfs2011.b module_bl_gfs2011.bb
time gfortran -o module_bl_gfs2011.o -c -O2 -ftree-vectorize -funroll-loops -w -ffree-form -ffree-line-length-none -fconvert=big-endian -frecord-marker=4  -fopenmp -I../dyn_em -I../dyn_nmm   -I/pixel/project02/tcchen/WRFV3/external/esmf_time_f90  -I/pixel/project02/tcchen/WRFV3/main -I/pixel/project02/tcchen/WRFV3/external/io_netcdf -I/pixel/project02/tcchen/WRFV3/external/io_int -I/pixel/project02/tcchen/WRFV3/frame -I/pixel/project02/tcchen/WRFV3/share -I/pixel/project02/tcchen/WRFV3/phys -I/pixel/project02/tcchen/WRFV3/chem -I/pixel/project02/tcchen/WRFV3/inc -I/pixel/project02/tcchen/netcdf/netcdf_gnu//include    module_bl_gfs2011.f90
Warning: Nonexistent include directory "/pixel/project02/tcchen/WRFV3/chem"
2.13user 0.08system 0:02.22elapsed 99%CPU (0avgtext+0avgdata 108884maxresident)k
64inputs+1480outputs (0major+33305minor)pagefaults 0swaps
rm -f module_cu_tiedtke.o
/lib/cpp -P -I/pixel/project02/tcchen/WRFV3/inc -DEM_CORE=1 -DNMM_CORE=0 -DNMM_MAX_DIM=2600 -DCOAMPS_CORE=0 -DDA_CORE=0 -DEXP_CORE=0 -DIWORDSIZE=4 -DDWORDSIZE=8 -DRWORDSIZE=4 -DLWORDSIZE=4 -DNONSTANDARD_SYSTEM_SUBR  -DWRF_USE_CLM -DNO_IEEE_MODULE  -DNETCDF -DUSE_ALLOCATABLES -DGRIB1 -DINTIO -DKEEP_INT_AROUND -DLIMIT_ARGS -DCONFIG_BUF_LEN=65536 -DMAX_DOMAINS_F=21 -DMAX_HISTORY=25 -DNMM_NEST=0  -I. -traditional  -D_OPENMP module_cu_tiedtke.F  > module_cu_tiedtke.bb
/pixel/project02/tcchen/WRFV3/tools/standard.exe module_cu_tiedtke.bb | /lib/cpp -P -traditional > module_cu_tiedtke.f90
rm -f module_cu_tiedtke.b module_cu_tiedtke.bb
time gfortran -o module_cu_tiedtke.o -c -O2 -ftree-vectorize -funroll-loops -w -ffree-form -ffree-line-length-none -fconvert=big-endian -frecord-marker=4  -fopenmp -I../dyn_em -I../dyn_nmm   -I/pixel/project02/tcchen/WRFV3/external/esmf_time_f90  -I/pixel/project02/tcchen/WRFV3/main -I/pixel/project02/tcchen/WRFV3/external/io_netcdf -I/pixel/project02/tcchen/WRFV3/external/io_int -I/pixel/project02/tcchen/WRFV3/frame -I/pixel/project02/tcchen/WRFV3/share -I/pixel/project02/tcchen/WRFV3/phys -I/pixel/project02/tcchen/WRFV3/chem -I/pixel/project02/tcchen/WRFV3/inc -I/pixel/project02/tcchen/netcdf/netcdf_gnu//include    module_cu_tiedtke.f90
Warning: Nonexistent include directory "/pixel/project02/tcchen/WRFV3/chem"
1.85user 0.06system 0:01.92elapsed 99%CPU (0avgtext+0avgdata 92084maxresident)k
64inputs+1960outputs (0major+27294minor)pagefaults 0swaps
rm -f module_cu_sas.o
/lib/cpp -P -I/pixel/project02/tcchen/WRFV3/inc -DEM_CORE=1 -DNMM_CORE=0 -DNMM_MAX_DIM=2600 -DCOAMPS_CORE=0 -DDA_CORE=0 -DEXP_CORE=0 -DIWORDSIZE=4 -DDWORDSIZE=8 -DRWORDSIZE=4 -DLWORDSIZE=4 -DNONSTANDARD_SYSTEM_SUBR  -DWRF_USE_CLM -DNO_IEEE_MODULE  -DNETCDF -DUSE_ALLOCATABLES -DGRIB1 -DINTIO -DKEEP_INT_AROUND -DLIMIT_ARGS -DCONFIG_BUF_LEN=65536 -DMAX_DOMAINS_F=21 -DMAX_HISTORY=25 -DNMM_NEST=0  -I. -traditional  -D_OPENMP module_cu_sas.F  > module_cu_sas.bb
/pixel/project02/tcchen/WRFV3/tools/standard.exe module_cu_sas.bb | /lib/cpp -P -traditional > module_cu_sas.f90
rm -f module_cu_sas.b module_cu_sas.bb
time gfortran -o module_cu_sas.o -c -O2 -ftree-vectorize -funroll-loops -w -ffree-form -ffree-line-length-none -fconvert=big-endian -frecord-marker=4  -fopenmp -I../dyn_em -I../dyn_nmm   -I/pixel/project02/tcchen/WRFV3/external/esmf_time_f90  -I/pixel/project02/tcchen/WRFV3/main -I/pixel/project02/tcchen/WRFV3/external/io_netcdf -I/pixel/project02/tcchen/WRFV3/external/io_int -I/pixel/project02/tcchen/WRFV3/frame -I/pixel/project02/tcchen/WRFV3/share -I/pixel/project02/tcchen/WRFV3/phys -I/pixel/project02/tcchen/WRFV3/chem -I/pixel/project02/tcchen/WRFV3/inc -I/pixel/project02/tcchen/netcdf/netcdf_gnu//include    module_cu_sas.f90
Warning: Nonexistent include directory "/pixel/project02/tcchen/WRFV3/chem"
6.54user 0.15system 0:06.71elapsed 99%CPU (0avgtext+0avgdata 234572maxresident)k
72inputs+4896outputs (0major+103613minor)pagefaults 0swaps
rm -f module_cu_mesosas.o
/lib/cpp -P -I/pixel/project02/tcchen/WRFV3/inc -DEM_CORE=1 -DNMM_CORE=0 -DNMM_MAX_DIM=2600 -DCOAMPS_CORE=0 -DDA_CORE=0 -DEXP_CORE=0 -DIWORDSIZE=4 -DDWORDSIZE=8 -DRWORDSIZE=4 -DLWORDSIZE=4 -DNONSTANDARD_SYSTEM_SUBR  -DWRF_USE_CLM -DNO_IEEE_MODULE  -DNETCDF -DUSE_ALLOCATABLES -DGRIB1 -DINTIO -DKEEP_INT_AROUND -DLIMIT_ARGS -DCONFIG_BUF_LEN=65536 -DMAX_DOMAINS_F=21 -DMAX_HISTORY=25 -DNMM_NEST=0  -I. -traditional  -D_OPENMP module_cu_mesosas.F  > module_cu_mesosas.bb
/pixel/project02/tcchen/WRFV3/tools/standard.exe module_cu_mesosas.bb | /lib/cpp -P -traditional > module_cu_mesosas.f90
rm -f module_cu_mesosas.b module_cu_mesosas.bb
time gfortran -o module_cu_mesosas.o -c -O2 -ftree-vectorize -funroll-loops -w -ffree-form -ffree-line-length-none -fconvert=big-endian -frecord-marker=4  -fopenmp -I../dyn_em -I../dyn_nmm   -I/pixel/project02/tcchen/WRFV3/external/esmf_time_f90  -I/pixel/project02/tcchen/WRFV3/main -I/pixel/project02/tcchen/WRFV3/external/io_netcdf -I/pixel/project02/tcchen/WRFV3/external/io_int -I/pixel/project02/tcchen/WRFV3/frame -I/pixel/project02/tcchen/WRFV3/share -I/pixel/project02/tcchen/WRFV3/phys -I/pixel/project02/tcchen/WRFV3/chem -I/pixel/project02/tcchen/WRFV3/inc -I/pixel/project02/tcchen/netcdf/netcdf_gnu//include    module_cu_mesosas.f90
Warning: Nonexistent include directory "/pixel/project02/tcchen/WRFV3/chem"
29.80user 0.61system 0:30.64elapsed 99%CPU (0avgtext+0avgdata 380912maxresident)k
880inputs+20384outputs (0major+387908minor)pagefaults 0swaps
rm -f module_cu_osas.o
/lib/cpp -P -I/pixel/project02/tcchen/WRFV3/inc -DEM_CORE=1 -DNMM_CORE=0 -DNMM_MAX_DIM=2600 -DCOAMPS_CORE=0 -DDA_CORE=0 -DEXP_CORE=0 -DIWORDSIZE=4 -DDWORDSIZE=8 -DRWORDSIZE=4 -DLWORDSIZE=4 -DNONSTANDARD_SYSTEM_SUBR  -DWRF_USE_CLM -DNO_IEEE_MODULE  -DNETCDF -DUSE_ALLOCATABLES -DGRIB1 -DINTIO -DKEEP_INT_AROUND -DLIMIT_ARGS -DCONFIG_BUF_LEN=65536 -DMAX_DOMAINS_F=21 -DMAX_HISTORY=25 -DNMM_NEST=0  -I. -traditional  -D_OPENMP module_cu_osas.F  > module_cu_osas.bb
/pixel/project02/tcchen/WRFV3/tools/standard.exe module_cu_osas.bb | /lib/cpp -P -traditional > module_cu_osas.f90
rm -f module_cu_osas.b module_cu_osas.bb
time gfortran -o module_cu_osas.o -c -O2 -ftree-vectorize -funroll-loops -w -ffree-form -ffree-line-length-none -fconvert=big-endian -frecord-marker=4  -fopenmp -I../dyn_em -I../dyn_nmm   -I/pixel/project02/tcchen/WRFV3/external/esmf_time_f90  -I/pixel/project02/tcchen/WRFV3/main -I/pixel/project02/tcchen/WRFV3/external/io_netcdf -I/pixel/project02/tcchen/WRFV3/external/io_int -I/pixel/project02/tcchen/WRFV3/frame -I/pixel/project02/tcchen/WRFV3/share -I/pixel/project02/tcchen/WRFV3/phys -I/pixel/project02/tcchen/WRFV3/chem -I/pixel/project02/tcchen/WRFV3/inc -I/pixel/project02/tcchen/netcdf/netcdf_gnu//include    module_cu_osas.f90
Warning: Nonexistent include directory "/pixel/project02/tcchen/WRFV3/chem"
9.52user 0.23system 0:09.77elapsed 99%CPU (0avgtext+0avgdata 303940maxresident)k
64inputs+6936outputs (0major+157768minor)pagefaults 0swaps
rm -f module_ra_rrtmg_sw.o
/lib/cpp -P -I/pixel/project02/tcchen/WRFV3/inc -DEM_CORE=1 -DNMM_CORE=0 -DNMM_MAX_DIM=2600 -DCOAMPS_CORE=0 -DDA_CORE=0 -DEXP_CORE=0 -DIWORDSIZE=4 -DDWORDSIZE=8 -DRWORDSIZE=4 -DLWORDSIZE=4 -DNONSTANDARD_SYSTEM_SUBR  -DWRF_USE_CLM -DNO_IEEE_MODULE  -DNETCDF -DUSE_ALLOCATABLES -DGRIB1 -DINTIO -DKEEP_INT_AROUND -DLIMIT_ARGS -DCONFIG_BUF_LEN=65536 -DMAX_DOMAINS_F=21 -DMAX_HISTORY=25 -DNMM_NEST=0  -I. -traditional  -D_OPENMP module_ra_rrtmg_sw.F  > module_ra_rrtmg_sw.bb
/pixel/project02/tcchen/WRFV3/tools/standard.exe module_ra_rrtmg_sw.bb | /lib/cpp -P -traditional > module_ra_rrtmg_sw.f90
rm -f module_ra_rrtmg_sw.b module_ra_rrtmg_sw.bb
time gfortran -o module_ra_rrtmg_sw.o -c -O2 -ftree-vectorize -funroll-loops -w -ffree-form -ffree-line-length-none -fconvert=big-endian -frecord-marker=4  -fopenmp -I../dyn_em -I../dyn_nmm   -I/pixel/project02/tcchen/WRFV3/external/esmf_time_f90  -I/pixel/project02/tcchen/WRFV3/main -I/pixel/project02/tcchen/WRFV3/external/io_netcdf -I/pixel/project02/tcchen/WRFV3/external/io_int -I/pixel/project02/tcchen/WRFV3/frame -I/pixel/project02/tcchen/WRFV3/share -I/pixel/project02/tcchen/WRFV3/phys -I/pixel/project02/tcchen/WRFV3/chem -I/pixel/project02/tcchen/WRFV3/inc -I/pixel/project02/tcchen/netcdf/netcdf_gnu//include    module_ra_rrtmg_sw.f90
Warning: Nonexistent include directory "/pixel/project02/tcchen/WRFV3/chem"
3.20user 0.11system 0:03.33elapsed 99%CPU (0avgtext+0avgdata 128944maxresident)k
64inputs+2272outputs (0major+60964minor)pagefaults 0swaps
rm -f module_ra_rrtmg_swf.o
/lib/cpp -P -I/pixel/project02/tcchen/WRFV3/inc -DEM_CORE=1 -DNMM_CORE=0 -DNMM_MAX_DIM=2600 -DCOAMPS_CORE=0 -DDA_CORE=0 -DEXP_CORE=0 -DIWORDSIZE=4 -DDWORDSIZE=8 -DRWORDSIZE=4 -DLWORDSIZE=4 -DNONSTANDARD_SYSTEM_SUBR  -DWRF_USE_CLM -DNO_IEEE_MODULE  -DNETCDF -DUSE_ALLOCATABLES -DGRIB1 -DINTIO -DKEEP_INT_AROUND -DLIMIT_ARGS -DCONFIG_BUF_LEN=65536 -DMAX_DOMAINS_F=21 -DMAX_HISTORY=25 -DNMM_NEST=0  -I. -traditional  -D_OPENMP module_ra_rrtmg_swf.F  > module_ra_rrtmg_swf.bb
/pixel/project02/tcchen/WRFV3/tools/standard.exe module_ra_rrtmg_swf.bb | /lib/cpp -P -traditional > module_ra_rrtmg_swf.f90
rm -f module_ra_rrtmg_swf.b module_ra_rrtmg_swf.bb
time gfortran -o module_ra_rrtmg_swf.o -c -O2 -ftree-vectorize -funroll-loops -w -ffree-form -ffree-line-length-none -fconvert=big-endian -frecord-marker=4  -fopenmp -I../dyn_em -I../dyn_nmm   -I/pixel/project02/tcchen/WRFV3/external/esmf_time_f90  -I/pixel/project02/tcchen/WRFV3/main -I/pixel/project02/tcchen/WRFV3/external/io_netcdf -I/pixel/project02/tcchen/WRFV3/external/io_int -I/pixel/project02/tcchen/WRFV3/frame -I/pixel/project02/tcchen/WRFV3/share -I/pixel/project02/tcchen/WRFV3/phys -I/pixel/project02/tcchen/WRFV3/chem -I/pixel/project02/tcchen/WRFV3/inc -I/pixel/project02/tcchen/netcdf/netcdf_gnu//include    module_ra_rrtmg_swf.f90
Warning: Nonexistent include directory "/pixel/project02/tcchen/WRFV3/chem"
7.82user 0.33system 0:08.26elapsed 98%CPU (0avgtext+0avgdata 391452maxresident)k
280inputs+5024outputs (0major+147570minor)pagefaults 0swaps
rm -f module_ra_cam.o
/lib/cpp -P -I/pixel/project02/tcchen/WRFV3/inc -DEM_CORE=1 -DNMM_CORE=0 -DNMM_MAX_DIM=2600 -DCOAMPS_CORE=0 -DDA_CORE=0 -DEXP_CORE=0 -DIWORDSIZE=4 -DDWORDSIZE=8 -DRWORDSIZE=4 -DLWORDSIZE=4 -DNONSTANDARD_SYSTEM_SUBR  -DWRF_USE_CLM -DNO_IEEE_MODULE  -DNETCDF -DUSE_ALLOCATABLES -DGRIB1 -DINTIO -DKEEP_INT_AROUND -DLIMIT_ARGS -DCONFIG_BUF_LEN=65536 -DMAX_DOMAINS_F=21 -DMAX_HISTORY=25 -DNMM_NEST=0  -I. -traditional  -D_OPENMP module_ra_cam.F  > module_ra_cam.bb
/pixel/project02/tcchen/WRFV3/tools/standard.exe module_ra_cam.bb | /lib/cpp -P -traditional > module_ra_cam.f90
rm -f module_ra_cam.b module_ra_cam.bb
time gfortran -o module_ra_cam.o -c -O2 -ftree-vectorize -funroll-loops -w -ffree-form -ffree-line-length-none -fconvert=big-endian -frecord-marker=4  -fopenmp -I../dyn_em -I../dyn_nmm   -I/pixel/project02/tcchen/WRFV3/external/esmf_time_f90  -I/pixel/project02/tcchen/WRFV3/main -I/pixel/project02/tcchen/WRFV3/external/io_netcdf -I/pixel/project02/tcchen/WRFV3/external/io_int -I/pixel/project02/tcchen/WRFV3/frame -I/pixel/project02/tcchen/WRFV3/share -I/pixel/project02/tcchen/WRFV3/phys -I/pixel/project02/tcchen/WRFV3/chem -I/pixel/project02/tcchen/WRFV3/inc -I/pixel/project02/tcchen/netcdf/netcdf_gnu//include    module_ra_cam.f90
Warning: Nonexistent include directory "/pixel/project02/tcchen/WRFV3/chem"
8.95user 0.30system 0:09.34elapsed 99%CPU (0avgtext+0avgdata 390232maxresident)k
136inputs+6192outputs (0major+170057minor)pagefaults 0swaps
rm -f module_sf_noahlsm_glacial_only.o
/lib/cpp -P -I/pixel/project02/tcchen/WRFV3/inc -DEM_CORE=1 -DNMM_CORE=0 -DNMM_MAX_DIM=2600 -DCOAMPS_CORE=0 -DDA_CORE=0 -DEXP_CORE=0 -DIWORDSIZE=4 -DDWORDSIZE=8 -DRWORDSIZE=4 -DLWORDSIZE=4 -DNONSTANDARD_SYSTEM_SUBR  -DWRF_USE_CLM -DNO_IEEE_MODULE  -DNETCDF -DUSE_ALLOCATABLES -DGRIB1 -DINTIO -DKEEP_INT_AROUND -DLIMIT_ARGS -DCONFIG_BUF_LEN=65536 -DMAX_DOMAINS_F=21 -DMAX_HISTORY=25 -DNMM_NEST=0  -I. -traditional  -D_OPENMP module_sf_noahlsm_glacial_only.F  > module_sf_noahlsm_glacial_only.bb
/pixel/project02/tcchen/WRFV3/tools/standard.exe module_sf_noahlsm_glacial_only.bb | /lib/cpp -P -traditional > module_sf_noahlsm_glacial_only.f90
rm -f module_sf_noahlsm_glacial_only.b module_sf_noahlsm_glacial_only.bb
time gfortran -o module_sf_noahlsm_glacial_only.o -c -O2 -ftree-vectorize -funroll-loops -w -ffree-form -ffree-line-length-none -fconvert=big-endian -frecord-marker=4  -fopenmp -I../dyn_em -I../dyn_nmm   -I/pixel/project02/tcchen/WRFV3/external/esmf_time_f90  -I/pixel/project02/tcchen/WRFV3/main -I/pixel/project02/tcchen/WRFV3/external/io_netcdf -I/pixel/project02/tcchen/WRFV3/external/io_int -I/pixel/project02/tcchen/WRFV3/frame -I/pixel/project02/tcchen/WRFV3/share -I/pixel/project02/tcchen/WRFV3/phys -I/pixel/project02/tcchen/WRFV3/chem -I/pixel/project02/tcchen/WRFV3/inc -I/pixel/project02/tcchen/netcdf/netcdf_gnu//include    module_sf_noahlsm_glacial_only.f90
Warning: Nonexistent include directory "/pixel/project02/tcchen/WRFV3/chem"
0.21user 0.02system 0:00.24elapsed 97%CPU (0avgtext+0avgdata 21320maxresident)k
16inputs+216outputs (0major+8303minor)pagefaults 0swaps
rm -f module_sf_noahmpdrv.o
/lib/cpp -P -I/pixel/project02/tcchen/WRFV3/inc -DEM_CORE=1 -DNMM_CORE=0 -DNMM_MAX_DIM=2600 -DCOAMPS_CORE=0 -DDA_CORE=0 -DEXP_CORE=0 -DIWORDSIZE=4 -DDWORDSIZE=8 -DRWORDSIZE=4 -DLWORDSIZE=4 -DNONSTANDARD_SYSTEM_SUBR  -DWRF_USE_CLM -DNO_IEEE_MODULE  -DNETCDF -DUSE_ALLOCATABLES -DGRIB1 -DINTIO -DKEEP_INT_AROUND -DLIMIT_ARGS -DCONFIG_BUF_LEN=65536 -DMAX_DOMAINS_F=21 -DMAX_HISTORY=25 -DNMM_NEST=0  -I. -traditional  -D_OPENMP module_sf_noahmpdrv.F  > module_sf_noahmpdrv.bb
/pixel/project02/tcchen/WRFV3/tools/standard.exe module_sf_noahmpdrv.bb | /lib/cpp -P -traditional > module_sf_noahmpdrv.f90
rm -f module_sf_noahmpdrv.b module_sf_noahmpdrv.bb
time gfortran -o module_sf_noahmpdrv.o -c -O2 -ftree-vectorize -funroll-loops -w -ffree-form -ffree-line-length-none -fconvert=big-endian -frecord-marker=4  -fopenmp -I../dyn_em -I../dyn_nmm   -I/pixel/project02/tcchen/WRFV3/external/esmf_time_f90  -I/pixel/project02/tcchen/WRFV3/main -I/pixel/project02/tcchen/WRFV3/external/io_netcdf -I/pixel/project02/tcchen/WRFV3/external/io_int -I/pixel/project02/tcchen/WRFV3/frame -I/pixel/project02/tcchen/WRFV3/share -I/pixel/project02/tcchen/WRFV3/phys -I/pixel/project02/tcchen/WRFV3/chem -I/pixel/project02/tcchen/WRFV3/inc -I/pixel/project02/tcchen/netcdf/netcdf_gnu//include    module_sf_noahmpdrv.f90
Warning: Nonexistent include directory "/pixel/project02/tcchen/WRFV3/chem"
1.35user 0.06system 0:01.42elapsed 99%CPU (0avgtext+0avgdata 70044maxresident)k
104inputs+848outputs (0major+20859minor)pagefaults 0swaps
rm -f module_diagnostics_driver.o
/lib/cpp -P -I/pixel/project02/tcchen/WRFV3/inc -DEM_CORE=1 -DNMM_CORE=0 -DNMM_MAX_DIM=2600 -DCOAMPS_CORE=0 -DDA_CORE=0 -DEXP_CORE=0 -DIWORDSIZE=4 -DDWORDSIZE=8 -DRWORDSIZE=4 -DLWORDSIZE=4 -DNONSTANDARD_SYSTEM_SUBR  -DWRF_USE_CLM -DNO_IEEE_MODULE  -DNETCDF -DUSE_ALLOCATABLES -DGRIB1 -DINTIO -DKEEP_INT_AROUND -DLIMIT_ARGS -DCONFIG_BUF_LEN=65536 -DMAX_DOMAINS_F=21 -DMAX_HISTORY=25 -DNMM_NEST=0  -I. -traditional  -D_OPENMP module_diagnostics_driver.F  > module_diagnostics_driver.bb
/pixel/project02/tcchen/WRFV3/tools/standard.exe module_diagnostics_driver.bb | /lib/cpp -P -traditional > module_diagnostics_driver.f90
rm -f module_diagnostics_driver.b module_diagnostics_driver.bb
time gfortran -o module_diagnostics_driver.o -c -O2 -ftree-vectorize -funroll-loops -w -ffree-form -ffree-line-length-none -fconvert=big-endian -frecord-marker=4  -fopenmp -I../dyn_em -I../dyn_nmm   -I/pixel/project02/tcchen/WRFV3/external/esmf_time_f90  -I/pixel/project02/tcchen/WRFV3/main -I/pixel/project02/tcchen/WRFV3/external/io_netcdf -I/pixel/project02/tcchen/WRFV3/external/io_int -I/pixel/project02/tcchen/WRFV3/frame -I/pixel/project02/tcchen/WRFV3/share -I/pixel/project02/tcchen/WRFV3/phys -I/pixel/project02/tcchen/WRFV3/chem -I/pixel/project02/tcchen/WRFV3/inc -I/pixel/project02/tcchen/netcdf/netcdf_gnu//include    module_diagnostics_driver.f90
Warning: Nonexistent include directory "/pixel/project02/tcchen/WRFV3/chem"
5.71user 0.18system 0:05.90elapsed 99%CPU (0avgtext+0avgdata 218416maxresident)k
88inputs+3928outputs (0major+103150minor)pagefaults 0swaps
rm -f module_fr_fire_core.o
/lib/cpp -P -I/pixel/project02/tcchen/WRFV3/inc -DEM_CORE=1 -DNMM_CORE=0 -DNMM_MAX_DIM=2600 -DCOAMPS_CORE=0 -DDA_CORE=0 -DEXP_CORE=0 -DIWORDSIZE=4 -DDWORDSIZE=8 -DRWORDSIZE=4 -DLWORDSIZE=4 -DNONSTANDARD_SYSTEM_SUBR  -DWRF_USE_CLM -DNO_IEEE_MODULE  -DNETCDF -DUSE_ALLOCATABLES -DGRIB1 -DINTIO -DKEEP_INT_AROUND -DLIMIT_ARGS -DCONFIG_BUF_LEN=65536 -DMAX_DOMAINS_F=21 -DMAX_HISTORY=25 -DNMM_NEST=0  -I. -traditional  -D_OPENMP module_fr_fire_core.F  > module_fr_fire_core.bb
/pixel/project02/tcchen/WRFV3/tools/standard.exe module_fr_fire_core.bb | /lib/cpp -P -traditional > module_fr_fire_core.f90
rm -f module_fr_fire_core.b module_fr_fire_core.bb
time gfortran -o module_fr_fire_core.o -c -O2 -ftree-vectorize -funroll-loops -w -ffree-form -ffree-line-length-none -fconvert=big-endian -frecord-marker=4  -fopenmp -I../dyn_em -I../dyn_nmm   -I/pixel/project02/tcchen/WRFV3/external/esmf_time_f90  -I/pixel/project02/tcchen/WRFV3/main -I/pixel/project02/tcchen/WRFV3/external/io_netcdf -I/pixel/project02/tcchen/WRFV3/external/io_int -I/pixel/project02/tcchen/WRFV3/frame -I/pixel/project02/tcchen/WRFV3/share -I/pixel/project02/tcchen/WRFV3/phys -I/pixel/project02/tcchen/WRFV3/chem -I/pixel/project02/tcchen/WRFV3/inc -I/pixel/project02/tcchen/netcdf/netcdf_gnu//include    module_fr_fire_core.f90
Warning: Nonexistent include directory "/pixel/project02/tcchen/WRFV3/chem"
0.62user 0.03system 0:00.66elapsed 99%CPU (0avgtext+0avgdata 30332maxresident)k
64inputs+640outputs (0major+10816minor)pagefaults 0swaps
rm -f module_cam_gffgch.o
/lib/cpp -P -I/pixel/project02/tcchen/WRFV3/inc -DEM_CORE=1 -DNMM_CORE=0 -DNMM_MAX_DIM=2600 -DCOAMPS_CORE=0 -DDA_CORE=0 -DEXP_CORE=0 -DIWORDSIZE=4 -DDWORDSIZE=8 -DRWORDSIZE=4 -DLWORDSIZE=4 -DNONSTANDARD_SYSTEM_SUBR  -DWRF_USE_CLM -DNO_IEEE_MODULE  -DNETCDF -DUSE_ALLOCATABLES -DGRIB1 -DINTIO -DKEEP_INT_AROUND -DLIMIT_ARGS -DCONFIG_BUF_LEN=65536 -DMAX_DOMAINS_F=21 -DMAX_HISTORY=25 -DNMM_NEST=0  -I. -traditional  -D_OPENMP module_cam_gffgch.F  > module_cam_gffgch.bb
/pixel/project02/tcchen/WRFV3/tools/standard.exe module_cam_gffgch.bb | /lib/cpp -P -traditional > module_cam_gffgch.f90
rm -f module_cam_gffgch.b module_cam_gffgch.bb
time gfortran -o module_cam_gffgch.o -c -O2 -ftree-vectorize -funroll-loops -w -ffree-form -ffree-line-length-none -fconvert=big-endian -frecord-marker=4  -fopenmp -I../dyn_em -I../dyn_nmm   -I/pixel/project02/tcchen/WRFV3/external/esmf_time_f90  -I/pixel/project02/tcchen/WRFV3/main -I/pixel/project02/tcchen/WRFV3/external/io_netcdf -I/pixel/project02/tcchen/WRFV3/external/io_int -I/pixel/project02/tcchen/WRFV3/frame -I/pixel/project02/tcchen/WRFV3/share -I/pixel/project02/tcchen/WRFV3/phys -I/pixel/project02/tcchen/WRFV3/chem -I/pixel/project02/tcchen/WRFV3/inc -I/pixel/project02/tcchen/netcdf/netcdf_gnu//include    module_cam_gffgch.f90
Warning: Nonexistent include directory "/pixel/project02/tcchen/WRFV3/chem"
0.02user 0.01system 0:00.05elapsed 88%CPU (0avgtext+0avgdata 12220maxresident)k
0inputs+40outputs (0major+5418minor)pagefaults 0swaps
rm -f module_cam_constituents.o
/lib/cpp -P -I/pixel/project02/tcchen/WRFV3/inc -DEM_CORE=1 -DNMM_CORE=0 -DNMM_MAX_DIM=2600 -DCOAMPS_CORE=0 -DDA_CORE=0 -DEXP_CORE=0 -DIWORDSIZE=4 -DDWORDSIZE=8 -DRWORDSIZE=4 -DLWORDSIZE=4 -DNONSTANDARD_SYSTEM_SUBR  -DWRF_USE_CLM -DNO_IEEE_MODULE  -DNETCDF -DUSE_ALLOCATABLES -DGRIB1 -DINTIO -DKEEP_INT_AROUND -DLIMIT_ARGS -DCONFIG_BUF_LEN=65536 -DMAX_DOMAINS_F=21 -DMAX_HISTORY=25 -DNMM_NEST=0  -I. -traditional  -D_OPENMP module_cam_constituents.F  > module_cam_constituents.bb
/pixel/project02/tcchen/WRFV3/tools/standard.exe module_cam_constituents.bb | /lib/cpp -P -traditional > module_cam_constituents.f90
rm -f module_cam_constituents.b module_cam_constituents.bb
time gfortran -o module_cam_constituents.o -c -O2 -ftree-vectorize -funroll-loops -w -ffree-form -ffree-line-length-none -fconvert=big-endian -frecord-marker=4  -fopenmp -I../dyn_em -I../dyn_nmm   -I/pixel/project02/tcchen/WRFV3/external/esmf_time_f90  -I/pixel/project02/tcchen/WRFV3/main -I/pixel/project02/tcchen/WRFV3/external/io_netcdf -I/pixel/project02/tcchen/WRFV3/external/io_int -I/pixel/project02/tcchen/WRFV3/frame -I/pixel/project02/tcchen/WRFV3/share -I/pixel/project02/tcchen/WRFV3/phys -I/pixel/project02/tcchen/WRFV3/chem -I/pixel/project02/tcchen/WRFV3/inc -I/pixel/project02/tcchen/netcdf/netcdf_gnu//include    module_cam_constituents.f90
Warning: Nonexistent include directory "/pixel/project02/tcchen/WRFV3/chem"
0.13user 0.01system 0:00.15elapsed 95%CPU (0avgtext+0avgdata 15876maxresident)k
16inputs+144outputs (0major+6458minor)pagefaults 0swaps
rm -f module_cam_mp_modal_aero_initialize_data_phys.o
/lib/cpp -P -I/pixel/project02/tcchen/WRFV3/inc -DEM_CORE=1 -DNMM_CORE=0 -DNMM_MAX_DIM=2600 -DCOAMPS_CORE=0 -DDA_CORE=0 -DEXP_CORE=0 -DIWORDSIZE=4 -DDWORDSIZE=8 -DRWORDSIZE=4 -DLWORDSIZE=4 -DNONSTANDARD_SYSTEM_SUBR  -DWRF_USE_CLM -DNO_IEEE_MODULE  -DNETCDF -DUSE_ALLOCATABLES -DGRIB1 -DINTIO -DKEEP_INT_AROUND -DLIMIT_ARGS -DCONFIG_BUF_LEN=65536 -DMAX_DOMAINS_F=21 -DMAX_HISTORY=25 -DNMM_NEST=0  -I. -traditional  -D_OPENMP module_cam_mp_modal_aero_initialize_data_phys.F  > module_cam_mp_modal_aero_initialize_data_phys.bb
/pixel/project02/tcchen/WRFV3/tools/standard.exe module_cam_mp_modal_aero_initialize_data_phys.bb | /lib/cpp -P -traditional > module_cam_mp_modal_aero_initialize_data_phys.f90
1.43user 0.08system 0:01.52elapsed 99%CPU (0avgtext+0avgdata 82844maxresident)k
2160inputs+2584outputs (0major+27032minor)pagefaults 0swaps
rm -f module_radiation_driver.o
/lib/cpp -P -I/pixel/project02/tcchen/WRFV3/inc -DEM_CORE=1 -DNMM_CORE=0 -DNMM_MAX_DIM=2600 -DCOAMPS_CORE=0 -DDA_CORE=0 -DEXP_CORE=0 -DIWORDSIZE=4 -DDWORDSIZE=8 -DRWORDSIZE=4 -DLWORDSIZE=4 -DNONSTANDARD_SYSTEM_SUBR  -DWRF_USE_CLM -DNO_IEEE_MODULE  -DNETCDF -DUSE_ALLOCATABLES -DGRIB1 -DINTIO -DKEEP_INT_AROUND -DLIMIT_ARGS -DCONFIG_BUF_LEN=65536 -DMAX_DOMAINS_F=21 -DMAX_HISTORY=25 -DNMM_NEST=0  -I. -traditional  -D_OPENMP module_radiation_driver.F  > module_radiation_driver.bb
rm -f module_cam_mp_modal_aero_initialize_data_phys.b module_cam_mp_modal_aero_initialize_data_phys.bb
time gfortran -o module_cam_mp_modal_aero_initialize_data_phys.o -c -O2 -ftree-vectorize -funroll-loops -w -ffree-form -ffree-line-length-none -fconvert=big-endian -frecord-marker=4  -fopenmp -I../dyn_em -I../dyn_nmm   -I/pixel/project02/tcchen/WRFV3/external/esmf_time_f90  -I/pixel/project02/tcchen/WRFV3/main -I/pixel/project02/tcchen/WRFV3/external/io_netcdf -I/pixel/project02/tcchen/WRFV3/external/io_int -I/pixel/project02/tcchen/WRFV3/frame -I/pixel/project02/tcchen/WRFV3/share -I/pixel/project02/tcchen/WRFV3/phys -I/pixel/project02/tcchen/WRFV3/chem -I/pixel/project02/tcchen/WRFV3/inc -I/pixel/project02/tcchen/netcdf/netcdf_gnu//include    module_cam_mp_modal_aero_initialize_data_phys.f90
/pixel/project02/tcchen/WRFV3/tools/standard.exe module_radiation_driver.bb | /lib/cpp -P -traditional > module_radiation_driver.f90
Warning: Nonexistent include directory "/pixel/project02/tcchen/WRFV3/chem"
rm -f module_radiation_driver.b module_radiation_driver.bb
time gfortran -o module_radiation_driver.o -c -O2 -ftree-vectorize -funroll-loops -w -ffree-form -ffree-line-length-none -fconvert=big-endian -frecord-marker=4  -fopenmp -I../dyn_em -I../dyn_nmm   -I/pixel/project02/tcchen/WRFV3/external/esmf_time_f90  -I/pixel/project02/tcchen/WRFV3/main -I/pixel/project02/tcchen/WRFV3/external/io_netcdf -I/pixel/project02/tcchen/WRFV3/external/io_int -I/pixel/project02/tcchen/WRFV3/frame -I/pixel/project02/tcchen/WRFV3/share -I/pixel/project02/tcchen/WRFV3/phys -I/pixel/project02/tcchen/WRFV3/chem -I/pixel/project02/tcchen/WRFV3/inc -I/pixel/project02/tcchen/netcdf/netcdf_gnu//include    module_radiation_driver.f90
Warning: Nonexistent include directory "/pixel/project02/tcchen/WRFV3/chem"
0.09user 0.02system 0:00.12elapsed 95%CPU (0avgtext+0avgdata 15736maxresident)k
0inputs+104outputs (0major+6422minor)pagefaults 0swaps
rm -f module_sf_noahdrv.o
/lib/cpp -P -I/pixel/project02/tcchen/WRFV3/inc -DEM_CORE=1 -DNMM_CORE=0 -DNMM_MAX_DIM=2600 -DCOAMPS_CORE=0 -DDA_CORE=0 -DEXP_CORE=0 -DIWORDSIZE=4 -DDWORDSIZE=8 -DRWORDSIZE=4 -DLWORDSIZE=4 -DNONSTANDARD_SYSTEM_SUBR  -DWRF_USE_CLM -DNO_IEEE_MODULE  -DNETCDF -DUSE_ALLOCATABLES -DGRIB1 -DINTIO -DKEEP_INT_AROUND -DLIMIT_ARGS -DCONFIG_BUF_LEN=65536 -DMAX_DOMAINS_F=21 -DMAX_HISTORY=25 -DNMM_NEST=0  -I. -traditional  -D_OPENMP module_sf_noahdrv.F  > module_sf_noahdrv.bb
/pixel/project02/tcchen/WRFV3/tools/standard.exe module_sf_noahdrv.bb | /lib/cpp -P -traditional > module_sf_noahdrv.f90
rm -f module_sf_noahdrv.b module_sf_noahdrv.bb
time gfortran -o module_sf_noahdrv.o -c -O2 -ftree-vectorize -funroll-loops -w -ffree-form -ffree-line-length-none -fconvert=big-endian -frecord-marker=4  -fopenmp -I../dyn_em -I../dyn_nmm   -I/pixel/project02/tcchen/WRFV3/external/esmf_time_f90  -I/pixel/project02/tcchen/WRFV3/main -I/pixel/project02/tcchen/WRFV3/external/io_netcdf -I/pixel/project02/tcchen/WRFV3/external/io_int -I/pixel/project02/tcchen/WRFV3/frame -I/pixel/project02/tcchen/WRFV3/share -I/pixel/project02/tcchen/WRFV3/phys -I/pixel/project02/tcchen/WRFV3/chem -I/pixel/project02/tcchen/WRFV3/inc -I/pixel/project02/tcchen/netcdf/netcdf_gnu//include    module_sf_noahdrv.f90
Warning: Nonexistent include directory "/pixel/project02/tcchen/WRFV3/chem"
3.73user 0.23system 0:03.99elapsed 99%CPU (0avgtext+0avgdata 295480maxresident)k
112inputs+4296outputs (0major+95092minor)pagefaults 0swaps
rm -f module_fr_fire_model.o
/lib/cpp -P -I/pixel/project02/tcchen/WRFV3/inc -DEM_CORE=1 -DNMM_CORE=0 -DNMM_MAX_DIM=2600 -DCOAMPS_CORE=0 -DDA_CORE=0 -DEXP_CORE=0 -DIWORDSIZE=4 -DDWORDSIZE=8 -DRWORDSIZE=4 -DLWORDSIZE=4 -DNONSTANDARD_SYSTEM_SUBR  -DWRF_USE_CLM -DNO_IEEE_MODULE  -DNETCDF -DUSE_ALLOCATABLES -DGRIB1 -DINTIO -DKEEP_INT_AROUND -DLIMIT_ARGS -DCONFIG_BUF_LEN=65536 -DMAX_DOMAINS_F=21 -DMAX_HISTORY=25 -DNMM_NEST=0  -I. -traditional  -D_OPENMP module_fr_fire_model.F  > module_fr_fire_model.bb
/pixel/project02/tcchen/WRFV3/tools/standard.exe module_fr_fire_model.bb | /lib/cpp -P -traditional > module_fr_fire_model.f90
rm -f module_fr_fire_model.b module_fr_fire_model.bb
time gfortran -o module_fr_fire_model.o -c -O2 -ftree-vectorize -funroll-loops -w -ffree-form -ffree-line-length-none -fconvert=big-endian -frecord-marker=4  -fopenmp -I../dyn_em -I../dyn_nmm   -I/pixel/project02/tcchen/WRFV3/external/esmf_time_f90  -I/pixel/project02/tcchen/WRFV3/main -I/pixel/project02/tcchen/WRFV3/external/io_netcdf -I/pixel/project02/tcchen/WRFV3/external/io_int -I/pixel/project02/tcchen/WRFV3/frame -I/pixel/project02/tcchen/WRFV3/share -I/pixel/project02/tcchen/WRFV3/phys -I/pixel/project02/tcchen/WRFV3/chem -I/pixel/project02/tcchen/WRFV3/inc -I/pixel/project02/tcchen/netcdf/netcdf_gnu//include    module_fr_fire_model.f90
Warning: Nonexistent include directory "/pixel/project02/tcchen/WRFV3/chem"
0.23user 0.02system 0:00.27elapsed 97%CPU (0avgtext+0avgdata 20468maxresident)k
16inputs+408outputs (0major+8228minor)pagefaults 0swaps
rm -f module_cam_wv_saturation.o
/lib/cpp -P -I/pixel/project02/tcchen/WRFV3/inc -DEM_CORE=1 -DNMM_CORE=0 -DNMM_MAX_DIM=2600 -DCOAMPS_CORE=0 -DDA_CORE=0 -DEXP_CORE=0 -DIWORDSIZE=4 -DDWORDSIZE=8 -DRWORDSIZE=4 -DLWORDSIZE=4 -DNONSTANDARD_SYSTEM_SUBR  -DWRF_USE_CLM -DNO_IEEE_MODULE  -DNETCDF -DUSE_ALLOCATABLES -DGRIB1 -DINTIO -DKEEP_INT_AROUND -DLIMIT_ARGS -DCONFIG_BUF_LEN=65536 -DMAX_DOMAINS_F=21 -DMAX_HISTORY=25 -DNMM_NEST=0  -I. -traditional  -D_OPENMP module_cam_wv_saturation.F  > module_cam_wv_saturation.bb
/pixel/project02/tcchen/WRFV3/tools/standard.exe module_cam_wv_saturation.bb | /lib/cpp -P -traditional > module_cam_wv_saturation.f90
rm -f module_cam_wv_saturation.b module_cam_wv_saturation.bb
time gfortran -o module_cam_wv_saturation.o -c -O2 -ftree-vectorize -funroll-loops -w -ffree-form -ffree-line-length-none -fconvert=big-endian -frecord-marker=4  -fopenmp -I../dyn_em -I../dyn_nmm   -I/pixel/project02/tcchen/WRFV3/external/esmf_time_f90  -I/pixel/project02/tcchen/WRFV3/main -I/pixel/project02/tcchen/WRFV3/external/io_netcdf -I/pixel/project02/tcchen/WRFV3/external/io_int -I/pixel/project02/tcchen/WRFV3/frame -I/pixel/project02/tcchen/WRFV3/share -I/pixel/project02/tcchen/WRFV3/phys -I/pixel/project02/tcchen/WRFV3/chem -I/pixel/project02/tcchen/WRFV3/inc -I/pixel/project02/tcchen/netcdf/netcdf_gnu//include    module_cam_wv_saturation.f90
Warning: Nonexistent include directory "/pixel/project02/tcchen/WRFV3/chem"
4.03user 0.19system 0:04.23elapsed 99%CPU (0avgtext+0avgdata 255408maxresident)k
1208inputs+2248outputs (0major+125969minor)pagefaults 0swaps
rm -f module_cam_molec_diff.o
/lib/cpp -P -I/pixel/project02/tcchen/WRFV3/inc -DEM_CORE=1 -DNMM_CORE=0 -DNMM_MAX_DIM=2600 -DCOAMPS_CORE=0 -DDA_CORE=0 -DEXP_CORE=0 -DIWORDSIZE=4 -DDWORDSIZE=8 -DRWORDSIZE=4 -DLWORDSIZE=4 -DNONSTANDARD_SYSTEM_SUBR  -DWRF_USE_CLM -DNO_IEEE_MODULE  -DNETCDF -DUSE_ALLOCATABLES -DGRIB1 -DINTIO -DKEEP_INT_AROUND -DLIMIT_ARGS -DCONFIG_BUF_LEN=65536 -DMAX_DOMAINS_F=21 -DMAX_HISTORY=25 -DNMM_NEST=0  -I. -traditional  -D_OPENMP module_cam_molec_diff.F  > module_cam_molec_diff.bb
/pixel/project02/tcchen/WRFV3/tools/standard.exe module_cam_molec_diff.bb | /lib/cpp -P -traditional > module_cam_molec_diff.f90
rm -f module_cam_molec_diff.b module_cam_molec_diff.bb
time gfortran -o module_cam_molec_diff.o -c -O2 -ftree-vectorize -funroll-loops -w -ffree-form -ffree-line-length-none -fconvert=big-endian -frecord-marker=4  -fopenmp -I../dyn_em -I../dyn_nmm   -I/pixel/project02/tcchen/WRFV3/external/esmf_time_f90  -I/pixel/project02/tcchen/WRFV3/main -I/pixel/project02/tcchen/WRFV3/external/io_netcdf -I/pixel/project02/tcchen/WRFV3/external/io_int -I/pixel/project02/tcchen/WRFV3/frame -I/pixel/project02/tcchen/WRFV3/share -I/pixel/project02/tcchen/WRFV3/phys -I/pixel/project02/tcchen/WRFV3/chem -I/pixel/project02/tcchen/WRFV3/inc -I/pixel/project02/tcchen/netcdf/netcdf_gnu//include    module_cam_molec_diff.f90
Warning: Nonexistent include directory "/pixel/project02/tcchen/WRFV3/chem"
0.27user 0.02system 0:00.30elapsed 97%CPU (0avgtext+0avgdata 17832maxresident)k
32inputs+224outputs (0major+7101minor)pagefaults 0swaps
rm -f module_mixactivate.o
/lib/cpp -P -I/pixel/project02/tcchen/WRFV3/inc -DEM_CORE=1 -DNMM_CORE=0 -DNMM_MAX_DIM=2600 -DCOAMPS_CORE=0 -DDA_CORE=0 -DEXP_CORE=0 -DIWORDSIZE=4 -DDWORDSIZE=8 -DRWORDSIZE=4 -DLWORDSIZE=4 -DNONSTANDARD_SYSTEM_SUBR  -DWRF_USE_CLM -DNO_IEEE_MODULE  -DNETCDF -DUSE_ALLOCATABLES -DGRIB1 -DINTIO -DKEEP_INT_AROUND -DLIMIT_ARGS -DCONFIG_BUF_LEN=65536 -DMAX_DOMAINS_F=21 -DMAX_HISTORY=25 -DNMM_NEST=0  -I. -traditional  -D_OPENMP module_mixactivate.F  > module_mixactivate.bb
/pixel/project02/tcchen/WRFV3/tools/standard.exe module_mixactivate.bb | /lib/cpp -P -traditional > module_mixactivate.f90
rm -f module_mixactivate.b module_mixactivate.bb
time gfortran -o module_mixactivate.o -c -O2 -ftree-vectorize -funroll-loops -w -ffree-form -ffree-line-length-none -fconvert=big-endian -frecord-marker=4  -fopenmp -I../dyn_em -I../dyn_nmm   -I/pixel/project02/tcchen/WRFV3/external/esmf_time_f90  -I/pixel/project02/tcchen/WRFV3/main -I/pixel/project02/tcchen/WRFV3/external/io_netcdf -I/pixel/project02/tcchen/WRFV3/external/io_int -I/pixel/project02/tcchen/WRFV3/frame -I/pixel/project02/tcchen/WRFV3/share -I/pixel/project02/tcchen/WRFV3/phys -I/pixel/project02/tcchen/WRFV3/chem -I/pixel/project02/tcchen/WRFV3/inc -I/pixel/project02/tcchen/netcdf/netcdf_gnu//include    module_mixactivate.f90
Warning: Nonexistent include directory "/pixel/project02/tcchen/WRFV3/chem"
0.51user 0.03system 0:00.55elapsed 98%CPU (0avgtext+0avgdata 31996maxresident)k
64inputs+376outputs (0major+11830minor)pagefaults 0swaps
rm -f module_surface_driver.o
/lib/cpp -P -I/pixel/project02/tcchen/WRFV3/inc -DEM_CORE=1 -DNMM_CORE=0 -DNMM_MAX_DIM=2600 -DCOAMPS_CORE=0 -DDA_CORE=0 -DEXP_CORE=0 -DIWORDSIZE=4 -DDWORDSIZE=8 -DRWORDSIZE=4 -DLWORDSIZE=4 -DNONSTANDARD_SYSTEM_SUBR  -DWRF_USE_CLM -DNO_IEEE_MODULE  -DNETCDF -DUSE_ALLOCATABLES -DGRIB1 -DINTIO -DKEEP_INT_AROUND -DLIMIT_ARGS -DCONFIG_BUF_LEN=65536 -DMAX_DOMAINS_F=21 -DMAX_HISTORY=25 -DNMM_NEST=0  -I. -traditional  -D_OPENMP module_surface_driver.F  > module_surface_driver.bb
/pixel/project02/tcchen/WRFV3/tools/standard.exe module_surface_driver.bb | /lib/cpp -P -traditional > module_surface_driver.f90
rm -f module_surface_driver.b module_surface_driver.bb
time gfortran -o module_surface_driver.o -c -O2 -ftree-vectorize -funroll-loops -w -ffree-form -ffree-line-length-none -fconvert=big-endian -frecord-marker=4  -fopenmp -I../dyn_em -I../dyn_nmm   -I/pixel/project02/tcchen/WRFV3/external/esmf_time_f90  -I/pixel/project02/tcchen/WRFV3/main -I/pixel/project02/tcchen/WRFV3/external/io_netcdf -I/pixel/project02/tcchen/WRFV3/external/io_int -I/pixel/project02/tcchen/WRFV3/frame -I/pixel/project02/tcchen/WRFV3/share -I/pixel/project02/tcchen/WRFV3/phys -I/pixel/project02/tcchen/WRFV3/chem -I/pixel/project02/tcchen/WRFV3/inc -I/pixel/project02/tcchen/netcdf/netcdf_gnu//include    module_surface_driver.f90
Warning: Nonexistent include directory "/pixel/project02/tcchen/WRFV3/chem"
2.97user 0.15system 0:03.13elapsed 99%CPU (0avgtext+0avgdata 240264maxresident)k
64inputs+1480outputs (0major+77882minor)pagefaults 0swaps
rm -f module_fr_fire_driver.o
/lib/cpp -P -I/pixel/project02/tcchen/WRFV3/inc -DEM_CORE=1 -DNMM_CORE=0 -DNMM_MAX_DIM=2600 -DCOAMPS_CORE=0 -DDA_CORE=0 -DEXP_CORE=0 -DIWORDSIZE=4 -DDWORDSIZE=8 -DRWORDSIZE=4 -DLWORDSIZE=4 -DNONSTANDARD_SYSTEM_SUBR  -DWRF_USE_CLM -DNO_IEEE_MODULE  -DNETCDF -DUSE_ALLOCATABLES -DGRIB1 -DINTIO -DKEEP_INT_AROUND -DLIMIT_ARGS -DCONFIG_BUF_LEN=65536 -DMAX_DOMAINS_F=21 -DMAX_HISTORY=25 -DNMM_NEST=0  -I. -traditional  -D_OPENMP module_fr_fire_driver.F  > module_fr_fire_driver.bb
/pixel/project02/tcchen/WRFV3/tools/standard.exe module_fr_fire_driver.bb | /lib/cpp -P -traditional > module_fr_fire_driver.f90
rm -f module_fr_fire_driver.b module_fr_fire_driver.bb
time gfortran -o module_fr_fire_driver.o -c -O2 -ftree-vectorize -funroll-loops -w -ffree-form -ffree-line-length-none -fconvert=big-endian -frecord-marker=4  -fopenmp -I../dyn_em -I../dyn_nmm   -I/pixel/project02/tcchen/WRFV3/external/esmf_time_f90  -I/pixel/project02/tcchen/WRFV3/main -I/pixel/project02/tcchen/WRFV3/external/io_netcdf -I/pixel/project02/tcchen/WRFV3/external/io_int -I/pixel/project02/tcchen/WRFV3/frame -I/pixel/project02/tcchen/WRFV3/share -I/pixel/project02/tcchen/WRFV3/phys -I/pixel/project02/tcchen/WRFV3/chem -I/pixel/project02/tcchen/WRFV3/inc -I/pixel/project02/tcchen/netcdf/netcdf_gnu//include    module_fr_fire_driver.f90
Warning: Nonexistent include directory "/pixel/project02/tcchen/WRFV3/chem"
1.22user 0.06system 0:01.30elapsed 99%CPU (0avgtext+0avgdata 65608maxresident)k
312inputs+2552outputs (0major+19607minor)pagefaults 0swaps
rm -f module_cam_cldwat.o
/lib/cpp -P -I/pixel/project02/tcchen/WRFV3/inc -DEM_CORE=1 -DNMM_CORE=0 -DNMM_MAX_DIM=2600 -DCOAMPS_CORE=0 -DDA_CORE=0 -DEXP_CORE=0 -DIWORDSIZE=4 -DDWORDSIZE=8 -DRWORDSIZE=4 -DLWORDSIZE=4 -DNONSTANDARD_SYSTEM_SUBR  -DWRF_USE_CLM -DNO_IEEE_MODULE  -DNETCDF -DUSE_ALLOCATABLES -DGRIB1 -DINTIO -DKEEP_INT_AROUND -DLIMIT_ARGS -DCONFIG_BUF_LEN=65536 -DMAX_DOMAINS_F=21 -DMAX_HISTORY=25 -DNMM_NEST=0  -I. -traditional  -D_OPENMP module_cam_cldwat.F  > module_cam_cldwat.bb
/pixel/project02/tcchen/WRFV3/tools/standard.exe module_cam_cldwat.bb | /lib/cpp -P -traditional > module_cam_cldwat.f90
rm -f module_cam_cldwat.b module_cam_cldwat.bb
time gfortran -o module_cam_cldwat.o -c -O2 -ftree-vectorize -funroll-loops -w -ffree-form -ffree-line-length-none -fconvert=big-endian -frecord-marker=4  -fopenmp -I../dyn_em -I../dyn_nmm   -I/pixel/project02/tcchen/WRFV3/external/esmf_time_f90  -I/pixel/project02/tcchen/WRFV3/main -I/pixel/project02/tcchen/WRFV3/external/io_netcdf -I/pixel/project02/tcchen/WRFV3/external/io_int -I/pixel/project02/tcchen/WRFV3/frame -I/pixel/project02/tcchen/WRFV3/share -I/pixel/project02/tcchen/WRFV3/phys -I/pixel/project02/tcchen/WRFV3/chem -I/pixel/project02/tcchen/WRFV3/inc -I/pixel/project02/tcchen/netcdf/netcdf_gnu//include    module_cam_cldwat.f90
Warning: Nonexistent include directory "/pixel/project02/tcchen/WRFV3/chem"
0.03user 0.01system 0:00.05elapsed 90%CPU (0avgtext+0avgdata 12656maxresident)k
0inputs+48outputs (0major+5572minor)pagefaults 0swaps
rm -f module_cam_esinti.o
/lib/cpp -P -I/pixel/project02/tcchen/WRFV3/inc -DEM_CORE=1 -DNMM_CORE=0 -DNMM_MAX_DIM=2600 -DCOAMPS_CORE=0 -DDA_CORE=0 -DEXP_CORE=0 -DIWORDSIZE=4 -DDWORDSIZE=8 -DRWORDSIZE=4 -DLWORDSIZE=4 -DNONSTANDARD_SYSTEM_SUBR  -DWRF_USE_CLM -DNO_IEEE_MODULE  -DNETCDF -DUSE_ALLOCATABLES -DGRIB1 -DINTIO -DKEEP_INT_AROUND -DLIMIT_ARGS -DCONFIG_BUF_LEN=65536 -DMAX_DOMAINS_F=21 -DMAX_HISTORY=25 -DNMM_NEST=0  -I. -traditional  -D_OPENMP module_cam_esinti.F  > module_cam_esinti.bb
/pixel/project02/tcchen/WRFV3/tools/standard.exe module_cam_esinti.bb | /lib/cpp -P -traditional > module_cam_esinti.f90
rm -f module_cam_esinti.b module_cam_esinti.bb
time gfortran -o module_cam_esinti.o -c -O2 -ftree-vectorize -funroll-loops -w -ffree-form -ffree-line-length-none -fconvert=big-endian -frecord-marker=4  -fopenmp -I../dyn_em -I../dyn_nmm   -I/pixel/project02/tcchen/WRFV3/external/esmf_time_f90  -I/pixel/project02/tcchen/WRFV3/main -I/pixel/project02/tcchen/WRFV3/external/io_netcdf -I/pixel/project02/tcchen/WRFV3/external/io_int -I/pixel/project02/tcchen/WRFV3/frame -I/pixel/project02/tcchen/WRFV3/share -I/pixel/project02/tcchen/WRFV3/phys -I/pixel/project02/tcchen/WRFV3/chem -I/pixel/project02/tcchen/WRFV3/inc -I/pixel/project02/tcchen/netcdf/netcdf_gnu//include    module_cam_esinti.f90
Warning: Nonexistent include directory "/pixel/project02/tcchen/WRFV3/chem"
0.02user 0.01system 0:00.04elapsed 88%CPU (0avgtext+0avgdata 10364maxresident)k
0inputs+24outputs (0major+4941minor)pagefaults 0swaps
rm -f module_cam_mp_ndrop.o
/lib/cpp -P -I/pixel/project02/tcchen/WRFV3/inc -DEM_CORE=1 -DNMM_CORE=0 -DNMM_MAX_DIM=2600 -DCOAMPS_CORE=0 -DDA_CORE=0 -DEXP_CORE=0 -DIWORDSIZE=4 -DDWORDSIZE=8 -DRWORDSIZE=4 -DLWORDSIZE=4 -DNONSTANDARD_SYSTEM_SUBR  -DWRF_USE_CLM -DNO_IEEE_MODULE  -DNETCDF -DUSE_ALLOCATABLES -DGRIB1 -DINTIO -DKEEP_INT_AROUND -DLIMIT_ARGS -DCONFIG_BUF_LEN=65536 -DMAX_DOMAINS_F=21 -DMAX_HISTORY=25 -DNMM_NEST=0  -I. -traditional  -D_OPENMP module_cam_mp_ndrop.F  > module_cam_mp_ndrop.bb
/pixel/project02/tcchen/WRFV3/tools/standard.exe module_cam_mp_ndrop.bb | /lib/cpp -P -traditional > module_cam_mp_ndrop.f90
rm -f module_cam_mp_ndrop.b module_cam_mp_ndrop.bb
time gfortran -o module_cam_mp_ndrop.o -c -O2 -ftree-vectorize -funroll-loops -w -ffree-form -ffree-line-length-none -fconvert=big-endian -frecord-marker=4  -fopenmp -I../dyn_em -I../dyn_nmm   -I/pixel/project02/tcchen/WRFV3/external/esmf_time_f90  -I/pixel/project02/tcchen/WRFV3/main -I/pixel/project02/tcchen/WRFV3/external/io_netcdf -I/pixel/project02/tcchen/WRFV3/external/io_int -I/pixel/project02/tcchen/WRFV3/frame -I/pixel/project02/tcchen/WRFV3/share -I/pixel/project02/tcchen/WRFV3/phys -I/pixel/project02/tcchen/WRFV3/chem -I/pixel/project02/tcchen/WRFV3/inc -I/pixel/project02/tcchen/netcdf/netcdf_gnu//include    module_cam_mp_ndrop.f90
Warning: Nonexistent include directory "/pixel/project02/tcchen/WRFV3/chem"
1.39user 0.06system 0:01.46elapsed 99%CPU (0avgtext+0avgdata 75236maxresident)k
64inputs+720outputs (0major+23404minor)pagefaults 0swaps
rm -f module_cam_mp_cldwat2m_micro.o
/lib/cpp -P -I/pixel/project02/tcchen/WRFV3/inc -DEM_CORE=1 -DNMM_CORE=0 -DNMM_MAX_DIM=2600 -DCOAMPS_CORE=0 -DDA_CORE=0 -DEXP_CORE=0 -DIWORDSIZE=4 -DDWORDSIZE=8 -DRWORDSIZE=4 -DLWORDSIZE=4 -DNONSTANDARD_SYSTEM_SUBR  -DWRF_USE_CLM -DNO_IEEE_MODULE  -DNETCDF -DUSE_ALLOCATABLES -DGRIB1 -DINTIO -DKEEP_INT_AROUND -DLIMIT_ARGS -DCONFIG_BUF_LEN=65536 -DMAX_DOMAINS_F=21 -DMAX_HISTORY=25 -DNMM_NEST=0  -I. -traditional  -D_OPENMP module_cam_mp_cldwat2m_micro.F  > module_cam_mp_cldwat2m_micro.bb
/pixel/project02/tcchen/WRFV3/tools/standard.exe module_cam_mp_cldwat2m_micro.bb | /lib/cpp -P -traditional > module_cam_mp_cldwat2m_micro.f90
rm -f module_cam_mp_cldwat2m_micro.b module_cam_mp_cldwat2m_micro.bb
time gfortran -o module_cam_mp_cldwat2m_micro.o -c -O2 -ftree-vectorize -funroll-loops -w -ffree-form -ffree-line-length-none -fconvert=big-endian -frecord-marker=4  -fopenmp -I../dyn_em -I../dyn_nmm   -I/pixel/project02/tcchen/WRFV3/external/esmf_time_f90  -I/pixel/project02/tcchen/WRFV3/main -I/pixel/project02/tcchen/WRFV3/external/io_netcdf -I/pixel/project02/tcchen/WRFV3/external/io_int -I/pixel/project02/tcchen/WRFV3/frame -I/pixel/project02/tcchen/WRFV3/share -I/pixel/project02/tcchen/WRFV3/phys -I/pixel/project02/tcchen/WRFV3/chem -I/pixel/project02/tcchen/WRFV3/inc -I/pixel/project02/tcchen/netcdf/netcdf_gnu//include    module_cam_mp_cldwat2m_micro.f90
Warning: Nonexistent include directory "/pixel/project02/tcchen/WRFV3/chem"
3.44user 0.13system 0:03.58elapsed 99%CPU (0avgtext+0avgdata 143284maxresident)k
72inputs+1472outputs (0major+68315minor)pagefaults 0swaps
rm -f module_bl_camuwpbl_driver.o
/lib/cpp -P -I/pixel/project02/tcchen/WRFV3/inc -DEM_CORE=1 -DNMM_CORE=0 -DNMM_MAX_DIM=2600 -DCOAMPS_CORE=0 -DDA_CORE=0 -DEXP_CORE=0 -DIWORDSIZE=4 -DDWORDSIZE=8 -DRWORDSIZE=4 -DLWORDSIZE=4 -DNONSTANDARD_SYSTEM_SUBR  -DWRF_USE_CLM -DNO_IEEE_MODULE  -DNETCDF -DUSE_ALLOCATABLES -DGRIB1 -DINTIO -DKEEP_INT_AROUND -DLIMIT_ARGS -DCONFIG_BUF_LEN=65536 -DMAX_DOMAINS_F=21 -DMAX_HISTORY=25 -DNMM_NEST=0  -I. -traditional  -D_OPENMP module_bl_camuwpbl_driver.F  > module_bl_camuwpbl_driver.bb
/pixel/project02/tcchen/WRFV3/tools/standard.exe module_bl_camuwpbl_driver.bb | /lib/cpp -P -traditional > module_bl_camuwpbl_driver.f90
rm -f module_bl_camuwpbl_driver.b module_bl_camuwpbl_driver.bb
time gfortran -o module_bl_camuwpbl_driver.o -c -O2 -ftree-vectorize -funroll-loops -w -ffree-form -ffree-line-length-none -fconvert=big-endian -frecord-marker=4  -fopenmp -I../dyn_em -I../dyn_nmm   -I/pixel/project02/tcchen/WRFV3/external/esmf_time_f90  -I/pixel/project02/tcchen/WRFV3/main -I/pixel/project02/tcchen/WRFV3/external/io_netcdf -I/pixel/project02/tcchen/WRFV3/external/io_int -I/pixel/project02/tcchen/WRFV3/frame -I/pixel/project02/tcchen/WRFV3/share -I/pixel/project02/tcchen/WRFV3/phys -I/pixel/project02/tcchen/WRFV3/chem -I/pixel/project02/tcchen/WRFV3/inc -I/pixel/project02/tcchen/netcdf/netcdf_gnu//include    module_bl_camuwpbl_driver.f90
Warning: Nonexistent include directory "/pixel/project02/tcchen/WRFV3/chem"
1.12user 0.07system 0:01.21elapsed 99%CPU (0avgtext+0avgdata 85268maxresident)k
104inputs+576outputs (0major+26072minor)pagefaults 0swaps
rm -f module_cu_camzm.o
/lib/cpp -P -I/pixel/project02/tcchen/WRFV3/inc -DEM_CORE=1 -DNMM_CORE=0 -DNMM_MAX_DIM=2600 -DCOAMPS_CORE=0 -DDA_CORE=0 -DEXP_CORE=0 -DIWORDSIZE=4 -DDWORDSIZE=8 -DRWORDSIZE=4 -DLWORDSIZE=4 -DNONSTANDARD_SYSTEM_SUBR  -DWRF_USE_CLM -DNO_IEEE_MODULE  -DNETCDF -DUSE_ALLOCATABLES -DGRIB1 -DINTIO -DKEEP_INT_AROUND -DLIMIT_ARGS -DCONFIG_BUF_LEN=65536 -DMAX_DOMAINS_F=21 -DMAX_HISTORY=25 -DNMM_NEST=0  -I. -traditional  -D_OPENMP module_cu_camzm.F  > module_cu_camzm.bb
/pixel/project02/tcchen/WRFV3/tools/standard.exe module_cu_camzm.bb | /lib/cpp -P -traditional > module_cu_camzm.f90
rm -f module_cu_camzm.b module_cu_camzm.bb
time gfortran -o module_cu_camzm.o -c -O2 -ftree-vectorize -funroll-loops -w -ffree-form -ffree-line-length-none -fconvert=big-endian -frecord-marker=4  -fopenmp -I../dyn_em -I../dyn_nmm   -I/pixel/project02/tcchen/WRFV3/external/esmf_time_f90  -I/pixel/project02/tcchen/WRFV3/main -I/pixel/project02/tcchen/WRFV3/external/io_netcdf -I/pixel/project02/tcchen/WRFV3/external/io_int -I/pixel/project02/tcchen/WRFV3/frame -I/pixel/project02/tcchen/WRFV3/share -I/pixel/project02/tcchen/WRFV3/phys -I/pixel/project02/tcchen/WRFV3/chem -I/pixel/project02/tcchen/WRFV3/inc -I/pixel/project02/tcchen/netcdf/netcdf_gnu//include    module_cu_camzm.f90
Warning: Nonexistent include directory "/pixel/project02/tcchen/WRFV3/chem"
10.34user 0.51system 0:10.89elapsed 99%CPU (0avgtext+0avgdata 678936maxresident)k
784inputs+5896outputs (0major+273553minor)pagefaults 0swaps
rm -f module_cu_kfcup.o
/lib/cpp -P -I/pixel/project02/tcchen/WRFV3/inc -DEM_CORE=1 -DNMM_CORE=0 -DNMM_MAX_DIM=2600 -DCOAMPS_CORE=0 -DDA_CORE=0 -DEXP_CORE=0 -DIWORDSIZE=4 -DDWORDSIZE=8 -DRWORDSIZE=4 -DLWORDSIZE=4 -DNONSTANDARD_SYSTEM_SUBR  -DWRF_USE_CLM -DNO_IEEE_MODULE  -DNETCDF -DUSE_ALLOCATABLES -DGRIB1 -DINTIO -DKEEP_INT_AROUND -DLIMIT_ARGS -DCONFIG_BUF_LEN=65536 -DMAX_DOMAINS_F=21 -DMAX_HISTORY=25 -DNMM_NEST=0  -I. -traditional  -D_OPENMP module_cu_kfcup.F  > module_cu_kfcup.bb
/pixel/project02/tcchen/WRFV3/tools/standard.exe module_cu_kfcup.bb | /lib/cpp -P -traditional > module_cu_kfcup.f90
rm -f module_cu_kfcup.b module_cu_kfcup.bb
time gfortran -o module_cu_kfcup.o -c -O2 -ftree-vectorize -funroll-loops -w -ffree-form -ffree-line-length-none -fconvert=big-endian -frecord-marker=4  -fopenmp -I../dyn_em -I../dyn_nmm   -I/pixel/project02/tcchen/WRFV3/external/esmf_time_f90  -I/pixel/project02/tcchen/WRFV3/main -I/pixel/project02/tcchen/WRFV3/external/io_netcdf -I/pixel/project02/tcchen/WRFV3/external/io_int -I/pixel/project02/tcchen/WRFV3/frame -I/pixel/project02/tcchen/WRFV3/share -I/pixel/project02/tcchen/WRFV3/phys -I/pixel/project02/tcchen/WRFV3/chem -I/pixel/project02/tcchen/WRFV3/inc -I/pixel/project02/tcchen/netcdf/netcdf_gnu//include    module_cu_kfcup.f90
Warning: Nonexistent include directory "/pixel/project02/tcchen/WRFV3/chem"
2.75user 0.12system 0:02.88elapsed 99%CPU (0avgtext+0avgdata 128352maxresident)k
64inputs+1832outputs (0major+48421minor)pagefaults 0swaps
rm -f module_pbl_driver.o
/lib/cpp -P -I/pixel/project02/tcchen/WRFV3/inc -DEM_CORE=1 -DNMM_CORE=0 -DNMM_MAX_DIM=2600 -DCOAMPS_CORE=0 -DDA_CORE=0 -DEXP_CORE=0 -DIWORDSIZE=4 -DDWORDSIZE=8 -DRWORDSIZE=4 -DLWORDSIZE=4 -DNONSTANDARD_SYSTEM_SUBR  -DWRF_USE_CLM -DNO_IEEE_MODULE  -DNETCDF -DUSE_ALLOCATABLES -DGRIB1 -DINTIO -DKEEP_INT_AROUND -DLIMIT_ARGS -DCONFIG_BUF_LEN=65536 -DMAX_DOMAINS_F=21 -DMAX_HISTORY=25 -DNMM_NEST=0  -I. -traditional  -D_OPENMP module_pbl_driver.F  > module_pbl_driver.bb
/pixel/project02/tcchen/WRFV3/tools/standard.exe module_pbl_driver.bb | /lib/cpp -P -traditional > module_pbl_driver.f90
rm -f module_pbl_driver.b module_pbl_driver.bb
time gfortran -o module_pbl_driver.o -c -O2 -ftree-vectorize -funroll-loops -w -ffree-form -ffree-line-length-none -fconvert=big-endian -frecord-marker=4  -fopenmp -I../dyn_em -I../dyn_nmm   -I/pixel/project02/tcchen/WRFV3/external/esmf_time_f90  -I/pixel/project02/tcchen/WRFV3/main -I/pixel/project02/tcchen/WRFV3/external/io_netcdf -I/pixel/project02/tcchen/WRFV3/external/io_int -I/pixel/project02/tcchen/WRFV3/frame -I/pixel/project02/tcchen/WRFV3/share -I/pixel/project02/tcchen/WRFV3/phys -I/pixel/project02/tcchen/WRFV3/chem -I/pixel/project02/tcchen/WRFV3/inc -I/pixel/project02/tcchen/netcdf/netcdf_gnu//include    module_pbl_driver.f90
Warning: Nonexistent include directory "/pixel/project02/tcchen/WRFV3/chem"
1.22user 0.06system 0:01.29elapsed 98%CPU (0avgtext+0avgdata 71072maxresident)k
544inputs+1176outputs (0major+21689minor)pagefaults 0swaps
rm -f module_fr_fire_driver_wrf.o
/lib/cpp -P -I/pixel/project02/tcchen/WRFV3/inc -DEM_CORE=1 -DNMM_CORE=0 -DNMM_MAX_DIM=2600 -DCOAMPS_CORE=0 -DDA_CORE=0 -DEXP_CORE=0 -DIWORDSIZE=4 -DDWORDSIZE=8 -DRWORDSIZE=4 -DLWORDSIZE=4 -DNONSTANDARD_SYSTEM_SUBR  -DWRF_USE_CLM -DNO_IEEE_MODULE  -DNETCDF -DUSE_ALLOCATABLES -DGRIB1 -DINTIO -DKEEP_INT_AROUND -DLIMIT_ARGS -DCONFIG_BUF_LEN=65536 -DMAX_DOMAINS_F=21 -DMAX_HISTORY=25 -DNMM_NEST=0  -I. -traditional  -D_OPENMP module_fr_fire_driver_wrf.F  > module_fr_fire_driver_wrf.bb
/pixel/project02/tcchen/WRFV3/tools/standard.exe module_fr_fire_driver_wrf.bb | /lib/cpp -P -traditional > module_fr_fire_driver_wrf.f90
rm -f module_fr_fire_driver_wrf.b module_fr_fire_driver_wrf.bb
time gfortran -o module_fr_fire_driver_wrf.o -c -O2 -ftree-vectorize -funroll-loops -w -ffree-form -ffree-line-length-none -fconvert=big-endian -frecord-marker=4  -fopenmp -I../dyn_em -I../dyn_nmm   -I/pixel/project02/tcchen/WRFV3/external/esmf_time_f90  -I/pixel/project02/tcchen/WRFV3/main -I/pixel/project02/tcchen/WRFV3/external/io_netcdf -I/pixel/project02/tcchen/WRFV3/external/io_int -I/pixel/project02/tcchen/WRFV3/frame -I/pixel/project02/tcchen/WRFV3/share -I/pixel/project02/tcchen/WRFV3/phys -I/pixel/project02/tcchen/WRFV3/chem -I/pixel/project02/tcchen/WRFV3/inc -I/pixel/project02/tcchen/netcdf/netcdf_gnu//include    module_fr_fire_driver_wrf.f90
Warning: Nonexistent include directory "/pixel/project02/tcchen/WRFV3/chem"
0.25user 0.02system 0:00.29elapsed 95%CPU (0avgtext+0avgdata 25156maxresident)k
0inputs+5872outputs (0major+9051minor)pagefaults 0swaps
rm -f module_cam_mp_microp_aero.o
/lib/cpp -P -I/pixel/project02/tcchen/WRFV3/inc -DEM_CORE=1 -DNMM_CORE=0 -DNMM_MAX_DIM=2600 -DCOAMPS_CORE=0 -DDA_CORE=0 -DEXP_CORE=0 -DIWORDSIZE=4 -DDWORDSIZE=8 -DRWORDSIZE=4 -DLWORDSIZE=4 -DNONSTANDARD_SYSTEM_SUBR  -DWRF_USE_CLM -DNO_IEEE_MODULE  -DNETCDF -DUSE_ALLOCATABLES -DGRIB1 -DINTIO -DKEEP_INT_AROUND -DLIMIT_ARGS -DCONFIG_BUF_LEN=65536 -DMAX_DOMAINS_F=21 -DMAX_HISTORY=25 -DNMM_NEST=0  -I. -traditional  -D_OPENMP module_cam_mp_microp_aero.F  > module_cam_mp_microp_aero.bb
/pixel/project02/tcchen/WRFV3/tools/standard.exe module_cam_mp_microp_aero.bb | /lib/cpp -P -traditional > module_cam_mp_microp_aero.f90
rm -f module_cam_mp_microp_aero.b module_cam_mp_microp_aero.bb
time gfortran -o module_cam_mp_microp_aero.o -c -O2 -ftree-vectorize -funroll-loops -w -ffree-form -ffree-line-length-none -fconvert=big-endian -frecord-marker=4  -fopenmp -I../dyn_em -I../dyn_nmm   -I/pixel/project02/tcchen/WRFV3/external/esmf_time_f90  -I/pixel/project02/tcchen/WRFV3/main -I/pixel/project02/tcchen/WRFV3/external/io_netcdf -I/pixel/project02/tcchen/WRFV3/external/io_int -I/pixel/project02/tcchen/WRFV3/frame -I/pixel/project02/tcchen/WRFV3/share -I/pixel/project02/tcchen/WRFV3/phys -I/pixel/project02/tcchen/WRFV3/chem -I/pixel/project02/tcchen/WRFV3/inc -I/pixel/project02/tcchen/netcdf/netcdf_gnu//include    module_cam_mp_microp_aero.f90
Warning: Nonexistent include directory "/pixel/project02/tcchen/WRFV3/chem"
0.63user 0.05system 0:00.69elapsed 98%CPU (0avgtext+0avgdata 40024maxresident)k
64inputs+360outputs (0major+13547minor)pagefaults 0swaps
rm -f module_shcu_camuwshcu.o
/lib/cpp -P -I/pixel/project02/tcchen/WRFV3/inc -DEM_CORE=1 -DNMM_CORE=0 -DNMM_MAX_DIM=2600 -DCOAMPS_CORE=0 -DDA_CORE=0 -DEXP_CORE=0 -DIWORDSIZE=4 -DDWORDSIZE=8 -DRWORDSIZE=4 -DLWORDSIZE=4 -DNONSTANDARD_SYSTEM_SUBR  -DWRF_USE_CLM -DNO_IEEE_MODULE  -DNETCDF -DUSE_ALLOCATABLES -DGRIB1 -DINTIO -DKEEP_INT_AROUND -DLIMIT_ARGS -DCONFIG_BUF_LEN=65536 -DMAX_DOMAINS_F=21 -DMAX_HISTORY=25 -DNMM_NEST=0  -I. -traditional  -D_OPENMP module_shcu_camuwshcu.F  > module_shcu_camuwshcu.bb
/pixel/project02/tcchen/WRFV3/tools/standard.exe module_shcu_camuwshcu.bb | /lib/cpp -P -traditional > module_shcu_camuwshcu.f90
rm -f module_shcu_camuwshcu.b module_shcu_camuwshcu.bb
time gfortran -o module_shcu_camuwshcu.o -c -O2 -ftree-vectorize -funroll-loops -w -ffree-form -ffree-line-length-none -fconvert=big-endian -frecord-marker=4  -fopenmp -I../dyn_em -I../dyn_nmm   -I/pixel/project02/tcchen/WRFV3/external/esmf_time_f90  -I/pixel/project02/tcchen/WRFV3/main -I/pixel/project02/tcchen/WRFV3/external/io_netcdf -I/pixel/project02/tcchen/WRFV3/external/io_int -I/pixel/project02/tcchen/WRFV3/frame -I/pixel/project02/tcchen/WRFV3/share -I/pixel/project02/tcchen/WRFV3/phys -I/pixel/project02/tcchen/WRFV3/chem -I/pixel/project02/tcchen/WRFV3/inc -I/pixel/project02/tcchen/netcdf/netcdf_gnu//include    module_shcu_camuwshcu.f90
Warning: Nonexistent include directory "/pixel/project02/tcchen/WRFV3/chem"
7.26user 0.34system 0:07.61elapsed 99%CPU (0avgtext+0avgdata 542568maxresident)k
72inputs+3216outputs (0major+199553minor)pagefaults 0swaps
rm -f module_mp_cammgmp_driver.o
/lib/cpp -P -I/pixel/project02/tcchen/WRFV3/inc -DEM_CORE=1 -DNMM_CORE=0 -DNMM_MAX_DIM=2600 -DCOAMPS_CORE=0 -DDA_CORE=0 -DEXP_CORE=0 -DIWORDSIZE=4 -DDWORDSIZE=8 -DRWORDSIZE=4 -DLWORDSIZE=4 -DNONSTANDARD_SYSTEM_SUBR  -DWRF_USE_CLM -DNO_IEEE_MODULE  -DNETCDF -DUSE_ALLOCATABLES -DGRIB1 -DINTIO -DKEEP_INT_AROUND -DLIMIT_ARGS -DCONFIG_BUF_LEN=65536 -DMAX_DOMAINS_F=21 -DMAX_HISTORY=25 -DNMM_NEST=0  -I. -traditional  -D_OPENMP module_mp_cammgmp_driver.F  > module_mp_cammgmp_driver.bb
/pixel/project02/tcchen/WRFV3/tools/standard.exe module_mp_cammgmp_driver.bb | /lib/cpp -P -traditional > module_mp_cammgmp_driver.f90
rm -f module_mp_cammgmp_driver.b module_mp_cammgmp_driver.bb
time gfortran -o module_mp_cammgmp_driver.o -c -O2 -ftree-vectorize -funroll-loops -w -ffree-form -ffree-line-length-none -fconvert=big-endian -frecord-marker=4  -fopenmp -I../dyn_em -I../dyn_nmm   -I/pixel/project02/tcchen/WRFV3/external/esmf_time_f90  -I/pixel/project02/tcchen/WRFV3/main -I/pixel/project02/tcchen/WRFV3/external/io_netcdf -I/pixel/project02/tcchen/WRFV3/external/io_int -I/pixel/project02/tcchen/WRFV3/frame -I/pixel/project02/tcchen/WRFV3/share -I/pixel/project02/tcchen/WRFV3/phys -I/pixel/project02/tcchen/WRFV3/chem -I/pixel/project02/tcchen/WRFV3/inc -I/pixel/project02/tcchen/netcdf/netcdf_gnu//include    module_mp_cammgmp_driver.f90
Warning: Nonexistent include directory "/pixel/project02/tcchen/WRFV3/chem"
3.51user 0.26system 0:03.79elapsed 99%CPU (0avgtext+0avgdata 450440maxresident)k
64inputs+1712outputs (0major+147089minor)pagefaults 0swaps
rm -f module_cu_camzm_driver.o
/lib/cpp -P -I/pixel/project02/tcchen/WRFV3/inc -DEM_CORE=1 -DNMM_CORE=0 -DNMM_MAX_DIM=2600 -DCOAMPS_CORE=0 -DDA_CORE=0 -DEXP_CORE=0 -DIWORDSIZE=4 -DDWORDSIZE=8 -DRWORDSIZE=4 -DLWORDSIZE=4 -DNONSTANDARD_SYSTEM_SUBR  -DWRF_USE_CLM -DNO_IEEE_MODULE  -DNETCDF -DUSE_ALLOCATABLES -DGRIB1 -DINTIO -DKEEP_INT_AROUND -DLIMIT_ARGS -DCONFIG_BUF_LEN=65536 -DMAX_DOMAINS_F=21 -DMAX_HISTORY=25 -DNMM_NEST=0  -I. -traditional  -D_OPENMP module_cu_camzm_driver.F  > module_cu_camzm_driver.bb
/pixel/project02/tcchen/WRFV3/tools/standard.exe module_cu_camzm_driver.bb | /lib/cpp -P -traditional > module_cu_camzm_driver.f90
rm -f module_cu_camzm_driver.b module_cu_camzm_driver.bb
time gfortran -o module_cu_camzm_driver.o -c -O2 -ftree-vectorize -funroll-loops -w -ffree-form -ffree-line-length-none -fconvert=big-endian -frecord-marker=4  -fopenmp -I../dyn_em -I../dyn_nmm   -I/pixel/project02/tcchen/WRFV3/external/esmf_time_f90  -I/pixel/project02/tcchen/WRFV3/main -I/pixel/project02/tcchen/WRFV3/external/io_netcdf -I/pixel/project02/tcchen/WRFV3/external/io_int -I/pixel/project02/tcchen/WRFV3/frame -I/pixel/project02/tcchen/WRFV3/share -I/pixel/project02/tcchen/WRFV3/phys -I/pixel/project02/tcchen/WRFV3/chem -I/pixel/project02/tcchen/WRFV3/inc -I/pixel/project02/tcchen/netcdf/netcdf_gnu//include    module_cu_camzm_driver.f90
Warning: Nonexistent include directory "/pixel/project02/tcchen/WRFV3/chem"
0.79user 0.05system 0:00.85elapsed 98%CPU (0avgtext+0avgdata 74480maxresident)k
128inputs+512outputs (0major+23462minor)pagefaults 0swaps
rm -f module_microphysics_driver.o
/lib/cpp -P -I/pixel/project02/tcchen/WRFV3/inc -DEM_CORE=1 -DNMM_CORE=0 -DNMM_MAX_DIM=2600 -DCOAMPS_CORE=0 -DDA_CORE=0 -DEXP_CORE=0 -DIWORDSIZE=4 -DDWORDSIZE=8 -DRWORDSIZE=4 -DLWORDSIZE=4 -DNONSTANDARD_SYSTEM_SUBR  -DWRF_USE_CLM -DNO_IEEE_MODULE  -DNETCDF -DUSE_ALLOCATABLES -DGRIB1 -DINTIO -DKEEP_INT_AROUND -DLIMIT_ARGS -DCONFIG_BUF_LEN=65536 -DMAX_DOMAINS_F=21 -DMAX_HISTORY=25 -DNMM_NEST=0  -I. -traditional  -D_OPENMP module_microphysics_driver.F  > module_microphysics_driver.bb
/pixel/project02/tcchen/WRFV3/tools/standard.exe module_microphysics_driver.bb | /lib/cpp -P -traditional > module_microphysics_driver.f90
rm -f module_microphysics_driver.b module_microphysics_driver.bb
time gfortran -o module_microphysics_driver.o -c -O2 -ftree-vectorize -funroll-loops -w -ffree-form -ffree-line-length-none -fconvert=big-endian -frecord-marker=4  -fopenmp -I../dyn_em -I../dyn_nmm   -I/pixel/project02/tcchen/WRFV3/external/esmf_time_f90  -I/pixel/project02/tcchen/WRFV3/main -I/pixel/project02/tcchen/WRFV3/external/io_netcdf -I/pixel/project02/tcchen/WRFV3/external/io_int -I/pixel/project02/tcchen/WRFV3/frame -I/pixel/project02/tcchen/WRFV3/share -I/pixel/project02/tcchen/WRFV3/phys -I/pixel/project02/tcchen/WRFV3/chem -I/pixel/project02/tcchen/WRFV3/inc -I/pixel/project02/tcchen/netcdf/netcdf_gnu//include    module_microphysics_driver.f90
Warning: Nonexistent include directory "/pixel/project02/tcchen/WRFV3/chem"
0.53user 0.03system 0:00.59elapsed 97%CPU (0avgtext+0avgdata 40932maxresident)k
400inputs+1048outputs (0major+13814minor)pagefaults 0swaps
rm -f module_cumulus_driver.o
/lib/cpp -P -I/pixel/project02/tcchen/WRFV3/inc -DEM_CORE=1 -DNMM_CORE=0 -DNMM_MAX_DIM=2600 -DCOAMPS_CORE=0 -DDA_CORE=0 -DEXP_CORE=0 -DIWORDSIZE=4 -DDWORDSIZE=8 -DRWORDSIZE=4 -DLWORDSIZE=4 -DNONSTANDARD_SYSTEM_SUBR  -DWRF_USE_CLM -DNO_IEEE_MODULE  -DNETCDF -DUSE_ALLOCATABLES -DGRIB1 -DINTIO -DKEEP_INT_AROUND -DLIMIT_ARGS -DCONFIG_BUF_LEN=65536 -DMAX_DOMAINS_F=21 -DMAX_HISTORY=25 -DNMM_NEST=0  -I. -traditional  -D_OPENMP module_cumulus_driver.F  > module_cumulus_driver.bb
/pixel/project02/tcchen/WRFV3/tools/standard.exe module_cumulus_driver.bb | /lib/cpp -P -traditional > module_cumulus_driver.f90
rm -f module_cumulus_driver.b module_cumulus_driver.bb
time gfortran -o module_cumulus_driver.o -c -O2 -ftree-vectorize -funroll-loops -w -ffree-form -ffree-line-length-none -fconvert=big-endian -frecord-marker=4  -fopenmp -I../dyn_em -I../dyn_nmm   -I/pixel/project02/tcchen/WRFV3/external/esmf_time_f90  -I/pixel/project02/tcchen/WRFV3/main -I/pixel/project02/tcchen/WRFV3/external/io_netcdf -I/pixel/project02/tcchen/WRFV3/external/io_int -I/pixel/project02/tcchen/WRFV3/frame -I/pixel/project02/tcchen/WRFV3/share -I/pixel/project02/tcchen/WRFV3/phys -I/pixel/project02/tcchen/WRFV3/chem -I/pixel/project02/tcchen/WRFV3/inc -I/pixel/project02/tcchen/netcdf/netcdf_gnu//include    module_cumulus_driver.f90
Warning: Nonexistent include directory "/pixel/project02/tcchen/WRFV3/chem"
0.80user 0.05system 0:00.87elapsed 98%CPU (0avgtext+0avgdata 45524maxresident)k
64inputs+1888outputs (0major+14381minor)pagefaults 0swaps
26.07user 0.46system 0:26.55elapsed 99%CPU (0avgtext+0avgdata 422408maxresident)k
72inputs+4296outputs (0major+291758minor)pagefaults 0swaps
rm -f module_shcu_camuwshcu_driver.o
rm -f module_physics_init.o
/lib/cpp -P -I/pixel/project02/tcchen/WRFV3/inc -DEM_CORE=1 -DNMM_CORE=0 -DNMM_MAX_DIM=2600 -DCOAMPS_CORE=0 -DDA_CORE=0 -DEXP_CORE=0 -DIWORDSIZE=4 -DDWORDSIZE=8 -DRWORDSIZE=4 -DLWORDSIZE=4 -DNONSTANDARD_SYSTEM_SUBR  -DWRF_USE_CLM -DNO_IEEE_MODULE  -DNETCDF -DUSE_ALLOCATABLES -DGRIB1 -DINTIO -DKEEP_INT_AROUND -DLIMIT_ARGS -DCONFIG_BUF_LEN=65536 -DMAX_DOMAINS_F=21 -DMAX_HISTORY=25 -DNMM_NEST=0  -I. -traditional  -D_OPENMP module_shcu_camuwshcu_driver.F  > module_shcu_camuwshcu_driver.bb
/lib/cpp -P -I/pixel/project02/tcchen/WRFV3/inc -DEM_CORE=1 -DNMM_CORE=0 -DNMM_MAX_DIM=2600 -DCOAMPS_CORE=0 -DDA_CORE=0 -DEXP_CORE=0 -DIWORDSIZE=4 -DDWORDSIZE=8 -DRWORDSIZE=4 -DLWORDSIZE=4 -DNONSTANDARD_SYSTEM_SUBR  -DWRF_USE_CLM -DNO_IEEE_MODULE  -DNETCDF -DUSE_ALLOCATABLES -DGRIB1 -DINTIO -DKEEP_INT_AROUND -DLIMIT_ARGS -DCONFIG_BUF_LEN=65536 -DMAX_DOMAINS_F=21 -DMAX_HISTORY=25 -DNMM_NEST=0  -I. -traditional  -D_OPENMP module_physics_init.F  > module_physics_init.bb
/pixel/project02/tcchen/WRFV3/tools/standard.exe module_shcu_camuwshcu_driver.bb | /lib/cpp -P -traditional > module_shcu_camuwshcu_driver.f90
/pixel/project02/tcchen/WRFV3/tools/standard.exe module_physics_init.bb | /lib/cpp -P -traditional > module_physics_init.f90
rm -f module_shcu_camuwshcu_driver.b module_shcu_camuwshcu_driver.bb
time gfortran -o module_shcu_camuwshcu_driver.o -c -O2 -ftree-vectorize -funroll-loops -w -ffree-form -ffree-line-length-none -fconvert=big-endian -frecord-marker=4  -fopenmp -I../dyn_em -I../dyn_nmm   -I/pixel/project02/tcchen/WRFV3/external/esmf_time_f90  -I/pixel/project02/tcchen/WRFV3/main -I/pixel/project02/tcchen/WRFV3/external/io_netcdf -I/pixel/project02/tcchen/WRFV3/external/io_int -I/pixel/project02/tcchen/WRFV3/frame -I/pixel/project02/tcchen/WRFV3/share -I/pixel/project02/tcchen/WRFV3/phys -I/pixel/project02/tcchen/WRFV3/chem -I/pixel/project02/tcchen/WRFV3/inc -I/pixel/project02/tcchen/netcdf/netcdf_gnu//include    module_shcu_camuwshcu_driver.f90
Warning: Nonexistent include directory "/pixel/project02/tcchen/WRFV3/chem"
rm -f module_physics_init.b module_physics_init.bb
time gfortran -c   -O0 -w -ffree-form -ffree-line-length-none -fconvert=big-endian -frecord-marker=4  -I../dyn_em -I../dyn_nmm   -I/pixel/project02/tcchen/WRFV3/external/esmf_time_f90  -I/pixel/project02/tcchen/WRFV3/main -I/pixel/project02/tcchen/WRFV3/external/io_netcdf -I/pixel/project02/tcchen/WRFV3/external/io_int -I/pixel/project02/tcchen/WRFV3/frame -I/pixel/project02/tcchen/WRFV3/share -I/pixel/project02/tcchen/WRFV3/phys -I/pixel/project02/tcchen/WRFV3/chem -I/pixel/project02/tcchen/WRFV3/inc -I/pixel/project02/tcchen/netcdf/netcdf_gnu//include  module_physics_init.f90
Warning: Nonexistent include directory "/pixel/project02/tcchen/WRFV3/chem"
0.33user 0.04system 0:00.37elapsed 97%CPU (0avgtext+0avgdata 23408maxresident)k
16inputs+208outputs (0major+8734minor)pagefaults 0swaps
rm -f module_shallowcu_driver.o
/lib/cpp -P -I/pixel/project02/tcchen/WRFV3/inc -DEM_CORE=1 -DNMM_CORE=0 -DNMM_MAX_DIM=2600 -DCOAMPS_CORE=0 -DDA_CORE=0 -DEXP_CORE=0 -DIWORDSIZE=4 -DDWORDSIZE=8 -DRWORDSIZE=4 -DLWORDSIZE=4 -DNONSTANDARD_SYSTEM_SUBR  -DWRF_USE_CLM -DNO_IEEE_MODULE  -DNETCDF -DUSE_ALLOCATABLES -DGRIB1 -DINTIO -DKEEP_INT_AROUND -DLIMIT_ARGS -DCONFIG_BUF_LEN=65536 -DMAX_DOMAINS_F=21 -DMAX_HISTORY=25 -DNMM_NEST=0  -I. -traditional  -D_OPENMP module_shallowcu_driver.F  > module_shallowcu_driver.bb
/pixel/project02/tcchen/WRFV3/tools/standard.exe module_shallowcu_driver.bb | /lib/cpp -P -traditional > module_shallowcu_driver.f90
rm -f module_shallowcu_driver.b module_shallowcu_driver.bb
time gfortran -o module_shallowcu_driver.o -c -O2 -ftree-vectorize -funroll-loops -w -ffree-form -ffree-line-length-none -fconvert=big-endian -frecord-marker=4  -fopenmp -I../dyn_em -I../dyn_nmm   -I/pixel/project02/tcchen/WRFV3/external/esmf_time_f90  -I/pixel/project02/tcchen/WRFV3/main -I/pixel/project02/tcchen/WRFV3/external/io_netcdf -I/pixel/project02/tcchen/WRFV3/external/io_int -I/pixel/project02/tcchen/WRFV3/frame -I/pixel/project02/tcchen/WRFV3/share -I/pixel/project02/tcchen/WRFV3/phys -I/pixel/project02/tcchen/WRFV3/chem -I/pixel/project02/tcchen/WRFV3/inc -I/pixel/project02/tcchen/netcdf/netcdf_gnu//include    module_shallowcu_driver.f90
Warning: Nonexistent include directory "/pixel/project02/tcchen/WRFV3/chem"
0.24user 0.02system 0:00.28elapsed 97%CPU (0avgtext+0avgdata 22356maxresident)k
16inputs+184outputs (0major+8017minor)pagefaults 0swaps
1.41user 0.11system 0:01.56elapsed 97%CPU (0avgtext+0avgdata 103948maxresident)k
64inputs+6104outputs (0major+29582minor)pagefaults 0swaps
make[3]: Leaving directory `/pixel/project02/tcchen/WRFV3/phys'
make[2]: Leaving directory `/pixel/project02/tcchen/WRFV3/phys'
make[1]: Leaving directory `/pixel/project02/tcchen/WRFV3'
if [ 0  -eq 1 ]    ; then make -i -r MODULE_DIRS="-I../dyn_em -I../dyn_nmm   -I/pixel/project02/tcchen/WRFV3/external/esmf_time_f90  -I/pixel/project02/tcchen/WRFV3/main -I/pixel/project02/tcchen/WRFV3/external/io_netcdf -I/pixel/project02/tcchen/WRFV3/external/io_int -I/pixel/project02/tcchen/WRFV3/frame -I/pixel/project02/tcchen/WRFV3/share -I/pixel/project02/tcchen/WRFV3/phys -I/pixel/project02/tcchen/WRFV3/chem -I/pixel/project02/tcchen/WRFV3/inc -I/pixel/project02/tcchen/netcdf/netcdf_gnu//include " chemics ; fi
if [ 1 -eq 1 ]    ; then make -i -r MODULE_DIRS="-I../dyn_em -I../dyn_nmm   -I/pixel/project02/tcchen/WRFV3/external/esmf_time_f90  -I/pixel/project02/tcchen/WRFV3/main -I/pixel/project02/tcchen/WRFV3/external/io_netcdf -I/pixel/project02/tcchen/WRFV3/external/io_int -I/pixel/project02/tcchen/WRFV3/frame -I/pixel/project02/tcchen/WRFV3/share -I/pixel/project02/tcchen/WRFV3/phys -I/pixel/project02/tcchen/WRFV3/chem -I/pixel/project02/tcchen/WRFV3/inc -I/pixel/project02/tcchen/netcdf/netcdf_gnu//include " em_core ; fi
make[1]: Entering directory `/pixel/project02/tcchen/WRFV3'
--------------------------------------
if [ 0  -eq 0 ] ; then \
	CF= ; \
else \
	CF="../chem/module_aerosols_sorgam.o ../chem/module_gocart_aerosols.o ../chem/module_mosaic_driver.o ../chem/module_input_tracer.o ../chem/module_aerosols_soa_vbs.o" ; \
fi
( cd dyn_em ; make -i -r -j 2 CF="" )
make[2]: Entering directory `/pixel/project02/tcchen/WRFV3/dyn_em'
rm -f module_advect_em.o
rm -f module_big_step_utilities_em.o
/lib/cpp -P -I/pixel/project02/tcchen/WRFV3/inc -DEM_CORE=1 -DNMM_CORE=0 -DNMM_MAX_DIM=2600 -DCOAMPS_CORE=0 -DDA_CORE=0 -DEXP_CORE=0 -DIWORDSIZE=4 -DDWORDSIZE=8 -DRWORDSIZE=4 -DLWORDSIZE=4 -DNONSTANDARD_SYSTEM_SUBR  -DWRF_USE_CLM -DNO_IEEE_MODULE  -DNETCDF -DUSE_ALLOCATABLES -DGRIB1 -DINTIO -DKEEP_INT_AROUND -DLIMIT_ARGS -DCONFIG_BUF_LEN=65536 -DMAX_DOMAINS_F=21 -DMAX_HISTORY=25 -DNMM_NEST=0  -I. -traditional  -D_OPENMP module_advect_em.F  > module_advect_em.bb
/lib/cpp -P -I/pixel/project02/tcchen/WRFV3/inc -DEM_CORE=1 -DNMM_CORE=0 -DNMM_MAX_DIM=2600 -DCOAMPS_CORE=0 -DDA_CORE=0 -DEXP_CORE=0 -DIWORDSIZE=4 -DDWORDSIZE=8 -DRWORDSIZE=4 -DLWORDSIZE=4 -DNONSTANDARD_SYSTEM_SUBR  -DWRF_USE_CLM -DNO_IEEE_MODULE  -DNETCDF -DUSE_ALLOCATABLES -DGRIB1 -DINTIO -DKEEP_INT_AROUND -DLIMIT_ARGS -DCONFIG_BUF_LEN=65536 -DMAX_DOMAINS_F=21 -DMAX_HISTORY=25 -DNMM_NEST=0  -I. -traditional  -D_OPENMP module_big_step_utilities_em.F  > module_big_step_utilities_em.bb
/pixel/project02/tcchen/WRFV3/tools/standard.exe module_big_step_utilities_em.bb | /lib/cpp -P -traditional > module_big_step_utilities_em.f90
/pixel/project02/tcchen/WRFV3/tools/standard.exe module_advect_em.bb | /lib/cpp -P -traditional > module_advect_em.f90
rm -f module_big_step_utilities_em.b module_big_step_utilities_em.bb
time gfortran -o module_big_step_utilities_em.o -c -O2 -ftree-vectorize -funroll-loops -w -ffree-form -ffree-line-length-none -fconvert=big-endian -frecord-marker=4  -fopenmp -I../dyn_em -I../dyn_nmm   -I/pixel/project02/tcchen/WRFV3/external/esmf_time_f90  -I/pixel/project02/tcchen/WRFV3/main -I/pixel/project02/tcchen/WRFV3/external/io_netcdf -I/pixel/project02/tcchen/WRFV3/external/io_int -I/pixel/project02/tcchen/WRFV3/frame -I/pixel/project02/tcchen/WRFV3/share -I/pixel/project02/tcchen/WRFV3/phys -I/pixel/project02/tcchen/WRFV3/chem -I/pixel/project02/tcchen/WRFV3/inc -I/pixel/project02/tcchen/netcdf/netcdf_gnu//include    module_big_step_utilities_em.f90
rm -f module_advect_em.b module_advect_em.bb
Warning: Nonexistent include directory "/pixel/project02/tcchen/WRFV3/chem"
time gfortran -o module_advect_em.o -c -O2 -ftree-vectorize -funroll-loops -w -ffree-form -ffree-line-length-none -fconvert=big-endian -frecord-marker=4  -fopenmp -I../dyn_em -I../dyn_nmm   -I/pixel/project02/tcchen/WRFV3/external/esmf_time_f90  -I/pixel/project02/tcchen/WRFV3/main -I/pixel/project02/tcchen/WRFV3/external/io_netcdf -I/pixel/project02/tcchen/WRFV3/external/io_int -I/pixel/project02/tcchen/WRFV3/frame -I/pixel/project02/tcchen/WRFV3/share -I/pixel/project02/tcchen/WRFV3/phys -I/pixel/project02/tcchen/WRFV3/chem -I/pixel/project02/tcchen/WRFV3/inc -I/pixel/project02/tcchen/netcdf/netcdf_gnu//include    module_advect_em.f90
Warning: Nonexistent include directory "/pixel/project02/tcchen/WRFV3/chem"
7.66user 0.24system 0:07.92elapsed 99%CPU (0avgtext+0avgdata 344156maxresident)k
72inputs+6256outputs (0major+128383minor)pagefaults 0swaps
rm -f module_small_step_em.o
/lib/cpp -P -I/pixel/project02/tcchen/WRFV3/inc -DEM_CORE=1 -DNMM_CORE=0 -DNMM_MAX_DIM=2600 -DCOAMPS_CORE=0 -DDA_CORE=0 -DEXP_CORE=0 -DIWORDSIZE=4 -DDWORDSIZE=8 -DRWORDSIZE=4 -DLWORDSIZE=4 -DNONSTANDARD_SYSTEM_SUBR  -DWRF_USE_CLM -DNO_IEEE_MODULE  -DNETCDF -DUSE_ALLOCATABLES -DGRIB1 -DINTIO -DKEEP_INT_AROUND -DLIMIT_ARGS -DCONFIG_BUF_LEN=65536 -DMAX_DOMAINS_F=21 -DMAX_HISTORY=25 -DNMM_NEST=0  -I. -traditional  -D_OPENMP module_small_step_em.F  > module_small_step_em.bb
/pixel/project02/tcchen/WRFV3/tools/standard.exe module_small_step_em.bb | /lib/cpp -P -traditional > module_small_step_em.f90
rm -f module_small_step_em.b module_small_step_em.bb
time gfortran -o module_small_step_em.o -c -O2 -ftree-vectorize -funroll-loops -w -ffree-form -ffree-line-length-none -fconvert=big-endian -frecord-marker=4  -fopenmp -I../dyn_em -I../dyn_nmm   -I/pixel/project02/tcchen/WRFV3/external/esmf_time_f90  -I/pixel/project02/tcchen/WRFV3/main -I/pixel/project02/tcchen/WRFV3/external/io_netcdf -I/pixel/project02/tcchen/WRFV3/external/io_int -I/pixel/project02/tcchen/WRFV3/frame -I/pixel/project02/tcchen/WRFV3/share -I/pixel/project02/tcchen/WRFV3/phys -I/pixel/project02/tcchen/WRFV3/chem -I/pixel/project02/tcchen/WRFV3/inc -I/pixel/project02/tcchen/netcdf/netcdf_gnu//include    module_small_step_em.f90
Warning: Nonexistent include directory "/pixel/project02/tcchen/WRFV3/chem"
2.72user 0.08system 0:02.82elapsed 99%CPU (0avgtext+0avgdata 114424maxresident)k
64inputs+3920outputs (0major+40339minor)pagefaults 0swaps
rm -f module_damping_em.o
/lib/cpp -P -I/pixel/project02/tcchen/WRFV3/inc -DEM_CORE=1 -DNMM_CORE=0 -DNMM_MAX_DIM=2600 -DCOAMPS_CORE=0 -DDA_CORE=0 -DEXP_CORE=0 -DIWORDSIZE=4 -DDWORDSIZE=8 -DRWORDSIZE=4 -DLWORDSIZE=4 -DNONSTANDARD_SYSTEM_SUBR  -DWRF_USE_CLM -DNO_IEEE_MODULE  -DNETCDF -DUSE_ALLOCATABLES -DGRIB1 -DINTIO -DKEEP_INT_AROUND -DLIMIT_ARGS -DCONFIG_BUF_LEN=65536 -DMAX_DOMAINS_F=21 -DMAX_HISTORY=25 -DNMM_NEST=0  -I. -traditional  -D_OPENMP module_damping_em.F  > module_damping_em.bb
/pixel/project02/tcchen/WRFV3/tools/standard.exe module_damping_em.bb | /lib/cpp -P -traditional > module_damping_em.f90
rm -f module_damping_em.b module_damping_em.bb
time gfortran -o module_damping_em.o -c -O2 -ftree-vectorize -funroll-loops -w -ffree-form -ffree-line-length-none -fconvert=big-endian -frecord-marker=4  -fopenmp -I../dyn_em -I../dyn_nmm   -I/pixel/project02/tcchen/WRFV3/external/esmf_time_f90  -I/pixel/project02/tcchen/WRFV3/main -I/pixel/project02/tcchen/WRFV3/external/io_netcdf -I/pixel/project02/tcchen/WRFV3/external/io_int -I/pixel/project02/tcchen/WRFV3/frame -I/pixel/project02/tcchen/WRFV3/share -I/pixel/project02/tcchen/WRFV3/phys -I/pixel/project02/tcchen/WRFV3/chem -I/pixel/project02/tcchen/WRFV3/inc -I/pixel/project02/tcchen/netcdf/netcdf_gnu//include    module_damping_em.f90
Warning: Nonexistent include directory "/pixel/project02/tcchen/WRFV3/chem"
0.11user 0.02system 0:00.14elapsed 96%CPU (0avgtext+0avgdata 14276maxresident)k
0inputs+64outputs (0major+6045minor)pagefaults 0swaps
rm -f module_solvedebug_em.o
/lib/cpp -P -I/pixel/project02/tcchen/WRFV3/inc -DEM_CORE=1 -DNMM_CORE=0 -DNMM_MAX_DIM=2600 -DCOAMPS_CORE=0 -DDA_CORE=0 -DEXP_CORE=0 -DIWORDSIZE=4 -DDWORDSIZE=8 -DRWORDSIZE=4 -DLWORDSIZE=4 -DNONSTANDARD_SYSTEM_SUBR  -DWRF_USE_CLM -DNO_IEEE_MODULE  -DNETCDF -DUSE_ALLOCATABLES -DGRIB1 -DINTIO -DKEEP_INT_AROUND -DLIMIT_ARGS -DCONFIG_BUF_LEN=65536 -DMAX_DOMAINS_F=21 -DMAX_HISTORY=25 -DNMM_NEST=0  -I. -traditional  -D_OPENMP module_solvedebug_em.F  > module_solvedebug_em.bb
/pixel/project02/tcchen/WRFV3/tools/standard.exe module_solvedebug_em.bb | /lib/cpp -P -traditional > module_solvedebug_em.f90
rm -f module_solvedebug_em.b module_solvedebug_em.bb
time gfortran -o module_solvedebug_em.o -c -O2 -ftree-vectorize -funroll-loops -w -ffree-form -ffree-line-length-none -fconvert=big-endian -frecord-marker=4  -fopenmp -I../dyn_em -I../dyn_nmm   -I/pixel/project02/tcchen/WRFV3/external/esmf_time_f90  -I/pixel/project02/tcchen/WRFV3/main -I/pixel/project02/tcchen/WRFV3/external/io_netcdf -I/pixel/project02/tcchen/WRFV3/external/io_int -I/pixel/project02/tcchen/WRFV3/frame -I/pixel/project02/tcchen/WRFV3/share -I/pixel/project02/tcchen/WRFV3/phys -I/pixel/project02/tcchen/WRFV3/chem -I/pixel/project02/tcchen/WRFV3/inc -I/pixel/project02/tcchen/netcdf/netcdf_gnu//include    module_solvedebug_em.f90
Warning: Nonexistent include directory "/pixel/project02/tcchen/WRFV3/chem"
0.16user 0.01system 0:00.18elapsed 97%CPU (0avgtext+0avgdata 20524maxresident)k
16inputs+184outputs (0major+7882minor)pagefaults 0swaps
rm -f module_bc_em.o
/lib/cpp -P -I/pixel/project02/tcchen/WRFV3/inc -DEM_CORE=1 -DNMM_CORE=0 -DNMM_MAX_DIM=2600 -DCOAMPS_CORE=0 -DDA_CORE=0 -DEXP_CORE=0 -DIWORDSIZE=4 -DDWORDSIZE=8 -DRWORDSIZE=4 -DLWORDSIZE=4 -DNONSTANDARD_SYSTEM_SUBR  -DWRF_USE_CLM -DNO_IEEE_MODULE  -DNETCDF -DUSE_ALLOCATABLES -DGRIB1 -DINTIO -DKEEP_INT_AROUND -DLIMIT_ARGS -DCONFIG_BUF_LEN=65536 -DMAX_DOMAINS_F=21 -DMAX_HISTORY=25 -DNMM_NEST=0  -I. -traditional  -D_OPENMP module_bc_em.F  > module_bc_em.bb
/pixel/project02/tcchen/WRFV3/tools/standard.exe module_bc_em.bb | /lib/cpp -P -traditional > module_bc_em.f90
rm -f module_bc_em.b module_bc_em.bb
time gfortran -o module_bc_em.o -c -O2 -ftree-vectorize -funroll-loops -w -ffree-form -ffree-line-length-none -fconvert=big-endian -frecord-marker=4  -fopenmp -I../dyn_em -I../dyn_nmm   -I/pixel/project02/tcchen/WRFV3/external/esmf_time_f90  -I/pixel/project02/tcchen/WRFV3/main -I/pixel/project02/tcchen/WRFV3/external/io_netcdf -I/pixel/project02/tcchen/WRFV3/external/io_int -I/pixel/project02/tcchen/WRFV3/frame -I/pixel/project02/tcchen/WRFV3/share -I/pixel/project02/tcchen/WRFV3/phys -I/pixel/project02/tcchen/WRFV3/chem -I/pixel/project02/tcchen/WRFV3/inc -I/pixel/project02/tcchen/netcdf/netcdf_gnu//include    module_bc_em.f90
Warning: Nonexistent include directory "/pixel/project02/tcchen/WRFV3/chem"
1.42user 0.05system 0:01.49elapsed 99%CPU (0avgtext+0avgdata 72120maxresident)k
64inputs+3520outputs (0major+22347minor)pagefaults 0swaps
rm -f module_init_utilities.o
/lib/cpp -P -I/pixel/project02/tcchen/WRFV3/inc -DEM_CORE=1 -DNMM_CORE=0 -DNMM_MAX_DIM=2600 -DCOAMPS_CORE=0 -DDA_CORE=0 -DEXP_CORE=0 -DIWORDSIZE=4 -DDWORDSIZE=8 -DRWORDSIZE=4 -DLWORDSIZE=4 -DNONSTANDARD_SYSTEM_SUBR  -DWRF_USE_CLM -DNO_IEEE_MODULE  -DNETCDF -DUSE_ALLOCATABLES -DGRIB1 -DINTIO -DKEEP_INT_AROUND -DLIMIT_ARGS -DCONFIG_BUF_LEN=65536 -DMAX_DOMAINS_F=21 -DMAX_HISTORY=25 -DNMM_NEST=0  -I. -traditional  -D_OPENMP module_init_utilities.F  > module_init_utilities.bb
/pixel/project02/tcchen/WRFV3/tools/standard.exe module_init_utilities.bb | /lib/cpp -P -traditional > module_init_utilities.f90
rm -f module_init_utilities.b module_init_utilities.bb
time gfortran -o module_init_utilities.o -c -O2 -ftree-vectorize -funroll-loops -w -ffree-form -ffree-line-length-none -fconvert=big-endian -frecord-marker=4  -fopenmp -I../dyn_em -I../dyn_nmm   -I/pixel/project02/tcchen/WRFV3/external/esmf_time_f90  -I/pixel/project02/tcchen/WRFV3/main -I/pixel/project02/tcchen/WRFV3/external/io_netcdf -I/pixel/project02/tcchen/WRFV3/external/io_int -I/pixel/project02/tcchen/WRFV3/frame -I/pixel/project02/tcchen/WRFV3/share -I/pixel/project02/tcchen/WRFV3/phys -I/pixel/project02/tcchen/WRFV3/chem -I/pixel/project02/tcchen/WRFV3/inc -I/pixel/project02/tcchen/netcdf/netcdf_gnu//include    module_init_utilities.f90
Warning: Nonexistent include directory "/pixel/project02/tcchen/WRFV3/chem"
0.03user 0.00system 0:00.04elapsed 88%CPU (0avgtext+0avgdata 12132maxresident)k
0inputs+24outputs (0major+5410minor)pagefaults 0swaps
rm -f module_wps_io_arw.o
/pixel/project02/tcchen/WRFV3/tools/standard.exe module_wps_io_arw.F > module_wps_io_arw.b 
/lib/cpp -P -I/pixel/project02/tcchen/WRFV3/inc -DEM_CORE=1 -DNMM_CORE=0 -DNMM_MAX_DIM=2600 -DCOAMPS_CORE=0 -DDA_CORE=0 -DEXP_CORE=0 -DIWORDSIZE=4 -DDWORDSIZE=8 -DRWORDSIZE=4 -DLWORDSIZE=4 -DNONSTANDARD_SYSTEM_SUBR  -DWRF_USE_CLM -DNO_IEEE_MODULE  -DNETCDF -DUSE_ALLOCATABLES -DGRIB1 -DINTIO -DKEEP_INT_AROUND -DLIMIT_ARGS -DCONFIG_BUF_LEN=65536 -DMAX_DOMAINS_F=21 -DMAX_HISTORY=25 -DNMM_NEST=0  -I. -traditional  -D_OPENMP module_wps_io_arw.b  > module_wps_io_arw.f90
rm -f module_wps_io_arw.b
if fgrep -iq '!$OMP' module_wps_io_arw.f90 ; then \
          if [ -n "-fopenmp" ] ; then echo COMPILING module_wps_io_arw.F WITH OMP ; fi ; \
  time gfortran -c  -O0 -w -ffree-form -ffree-line-length-none -fconvert=big-endian -frecord-marker=4  -I../dyn_em -I../dyn_nmm   -I/pixel/project02/tcchen/WRFV3/external/esmf_time_f90  -I/pixel/project02/tcchen/WRFV3/main -I/pixel/project02/tcchen/WRFV3/external/io_netcdf -I/pixel/project02/tcchen/WRFV3/external/io_int -I/pixel/project02/tcchen/WRFV3/frame -I/pixel/project02/tcchen/WRFV3/share -I/pixel/project02/tcchen/WRFV3/phys -I/pixel/project02/tcchen/WRFV3/chem -I/pixel/project02/tcchen/WRFV3/inc -I/pixel/project02/tcchen/netcdf/netcdf_gnu//include   -fopenmp module_wps_io_arw.f90 ; \
        else \
          if [ -n "-fopenmp" ] ; then echo COMPILING module_wps_io_arw.F WITHOUT OMP ; fi ; \
  time gfortran -c  -O0 -w -ffree-form -ffree-line-length-none -fconvert=big-endian -frecord-marker=4  -I../dyn_em -I../dyn_nmm   -I/pixel/project02/tcchen/WRFV3/external/esmf_time_f90  -I/pixel/project02/tcchen/WRFV3/main -I/pixel/project02/tcchen/WRFV3/external/io_netcdf -I/pixel/project02/tcchen/WRFV3/external/io_int -I/pixel/project02/tcchen/WRFV3/frame -I/pixel/project02/tcchen/WRFV3/share -I/pixel/project02/tcchen/WRFV3/phys -I/pixel/project02/tcchen/WRFV3/chem -I/pixel/project02/tcchen/WRFV3/inc -I/pixel/project02/tcchen/netcdf/netcdf_gnu//include   module_wps_io_arw.f90 ; \
        fi
COMPILING module_wps_io_arw.F WITHOUT OMP
Warning: Nonexistent include directory "/pixel/project02/tcchen/WRFV3/chem"

real	0m1.117s
user	0m0.995s
sys	0m0.087s
rm -f module_polarfft.o
/lib/cpp -P -I/pixel/project02/tcchen/WRFV3/inc -DEM_CORE=1 -DNMM_CORE=0 -DNMM_MAX_DIM=2600 -DCOAMPS_CORE=0 -DDA_CORE=0 -DEXP_CORE=0 -DIWORDSIZE=4 -DDWORDSIZE=8 -DRWORDSIZE=4 -DLWORDSIZE=4 -DNONSTANDARD_SYSTEM_SUBR  -DWRF_USE_CLM -DNO_IEEE_MODULE  -DNETCDF -DUSE_ALLOCATABLES -DGRIB1 -DINTIO -DKEEP_INT_AROUND -DLIMIT_ARGS -DCONFIG_BUF_LEN=65536 -DMAX_DOMAINS_F=21 -DMAX_HISTORY=25 -DNMM_NEST=0  -I. -traditional  -D_OPENMP module_polarfft.F  > module_polarfft.bb
/pixel/project02/tcchen/WRFV3/tools/standard.exe module_polarfft.bb | /lib/cpp -P -traditional > module_polarfft.f90
rm -f module_polarfft.b module_polarfft.bb
time gfortran -o module_polarfft.o -c -O2 -ftree-vectorize -funroll-loops -w -ffree-form -ffree-line-length-none -fconvert=big-endian -frecord-marker=4  -fopenmp -I../dyn_em -I../dyn_nmm   -I/pixel/project02/tcchen/WRFV3/external/esmf_time_f90  -I/pixel/project02/tcchen/WRFV3/main -I/pixel/project02/tcchen/WRFV3/external/io_netcdf -I/pixel/project02/tcchen/WRFV3/external/io_int -I/pixel/project02/tcchen/WRFV3/frame -I/pixel/project02/tcchen/WRFV3/share -I/pixel/project02/tcchen/WRFV3/phys -I/pixel/project02/tcchen/WRFV3/chem -I/pixel/project02/tcchen/WRFV3/inc -I/pixel/project02/tcchen/netcdf/netcdf_gnu//include    module_polarfft.f90
Warning: Nonexistent include directory "/pixel/project02/tcchen/WRFV3/chem"
1.06user 0.04system 0:01.12elapsed 99%CPU (0avgtext+0avgdata 47640maxresident)k
64inputs+2016outputs (0major+15208minor)pagefaults 0swaps
rm -f module_force_scm.o
/lib/cpp -P -I/pixel/project02/tcchen/WRFV3/inc -DEM_CORE=1 -DNMM_CORE=0 -DNMM_MAX_DIM=2600 -DCOAMPS_CORE=0 -DDA_CORE=0 -DEXP_CORE=0 -DIWORDSIZE=4 -DDWORDSIZE=8 -DRWORDSIZE=4 -DLWORDSIZE=4 -DNONSTANDARD_SYSTEM_SUBR  -DWRF_USE_CLM -DNO_IEEE_MODULE  -DNETCDF -DUSE_ALLOCATABLES -DGRIB1 -DINTIO -DKEEP_INT_AROUND -DLIMIT_ARGS -DCONFIG_BUF_LEN=65536 -DMAX_DOMAINS_F=21 -DMAX_HISTORY=25 -DNMM_NEST=0  -I. -traditional  -D_OPENMP module_force_scm.F  > module_force_scm.bb
/pixel/project02/tcchen/WRFV3/tools/standard.exe module_force_scm.bb | /lib/cpp -P -traditional > module_force_scm.f90
rm -f module_force_scm.b module_force_scm.bb
time gfortran -o module_force_scm.o -c -O2 -ftree-vectorize -funroll-loops -w -ffree-form -ffree-line-length-none -fconvert=big-endian -frecord-marker=4  -fopenmp -I../dyn_em -I../dyn_nmm   -I/pixel/project02/tcchen/WRFV3/external/esmf_time_f90  -I/pixel/project02/tcchen/WRFV3/main -I/pixel/project02/tcchen/WRFV3/external/io_netcdf -I/pixel/project02/tcchen/WRFV3/external/io_int -I/pixel/project02/tcchen/WRFV3/frame -I/pixel/project02/tcchen/WRFV3/share -I/pixel/project02/tcchen/WRFV3/phys -I/pixel/project02/tcchen/WRFV3/chem -I/pixel/project02/tcchen/WRFV3/inc -I/pixel/project02/tcchen/netcdf/netcdf_gnu//include    module_force_scm.f90
Warning: Nonexistent include directory "/pixel/project02/tcchen/WRFV3/chem"
2.01user 0.12system 0:02.14elapsed 99%CPU (0avgtext+0avgdata 103804maxresident)k
64inputs+904outputs (0major+43508minor)pagefaults 0swaps
rm -f module_convtrans_prep.o
/lib/cpp -P -I/pixel/project02/tcchen/WRFV3/inc -DEM_CORE=1 -DNMM_CORE=0 -DNMM_MAX_DIM=2600 -DCOAMPS_CORE=0 -DDA_CORE=0 -DEXP_CORE=0 -DIWORDSIZE=4 -DDWORDSIZE=8 -DRWORDSIZE=4 -DLWORDSIZE=4 -DNONSTANDARD_SYSTEM_SUBR  -DWRF_USE_CLM -DNO_IEEE_MODULE  -DNETCDF -DUSE_ALLOCATABLES -DGRIB1 -DINTIO -DKEEP_INT_AROUND -DLIMIT_ARGS -DCONFIG_BUF_LEN=65536 -DMAX_DOMAINS_F=21 -DMAX_HISTORY=25 -DNMM_NEST=0  -I. -traditional  -D_OPENMP module_convtrans_prep.F  > module_convtrans_prep.bb
/pixel/project02/tcchen/WRFV3/tools/standard.exe module_convtrans_prep.bb | /lib/cpp -P -traditional > module_convtrans_prep.f90
rm -f module_convtrans_prep.b module_convtrans_prep.bb
time gfortran -o module_convtrans_prep.o -c -O2 -ftree-vectorize -funroll-loops -w -ffree-form -ffree-line-length-none -fconvert=big-endian -frecord-marker=4  -fopenmp -I../dyn_em -I../dyn_nmm   -I/pixel/project02/tcchen/WRFV3/external/esmf_time_f90  -I/pixel/project02/tcchen/WRFV3/main -I/pixel/project02/tcchen/WRFV3/external/io_netcdf -I/pixel/project02/tcchen/WRFV3/external/io_int -I/pixel/project02/tcchen/WRFV3/frame -I/pixel/project02/tcchen/WRFV3/share -I/pixel/project02/tcchen/WRFV3/phys -I/pixel/project02/tcchen/WRFV3/chem -I/pixel/project02/tcchen/WRFV3/inc -I/pixel/project02/tcchen/netcdf/netcdf_gnu//include    module_convtrans_prep.f90
Warning: Nonexistent include directory "/pixel/project02/tcchen/WRFV3/chem"
0.34user 0.02system 0:00.36elapsed 98%CPU (0avgtext+0avgdata 29172maxresident)k
32inputs+216outputs (0major+10731minor)pagefaults 0swaps
rm -f module_stoch.o
/lib/cpp -P -I/pixel/project02/tcchen/WRFV3/inc -DEM_CORE=1 -DNMM_CORE=0 -DNMM_MAX_DIM=2600 -DCOAMPS_CORE=0 -DDA_CORE=0 -DEXP_CORE=0 -DIWORDSIZE=4 -DDWORDSIZE=8 -DRWORDSIZE=4 -DLWORDSIZE=4 -DNONSTANDARD_SYSTEM_SUBR  -DWRF_USE_CLM -DNO_IEEE_MODULE  -DNETCDF -DUSE_ALLOCATABLES -DGRIB1 -DINTIO -DKEEP_INT_AROUND -DLIMIT_ARGS -DCONFIG_BUF_LEN=65536 -DMAX_DOMAINS_F=21 -DMAX_HISTORY=25 -DNMM_NEST=0  -I. -traditional  -D_OPENMP module_stoch.F  > module_stoch.bb
/pixel/project02/tcchen/WRFV3/tools/standard.exe module_stoch.bb | /lib/cpp -P -traditional > module_stoch.f90
rm -f module_stoch.b module_stoch.bb
time gfortran -o module_stoch.o -c -O2 -ftree-vectorize -funroll-loops -w -ffree-form -ffree-line-length-none -fconvert=big-endian -frecord-marker=4  -fopenmp -I../dyn_em -I../dyn_nmm   -I/pixel/project02/tcchen/WRFV3/external/esmf_time_f90  -I/pixel/project02/tcchen/WRFV3/main -I/pixel/project02/tcchen/WRFV3/external/io_netcdf -I/pixel/project02/tcchen/WRFV3/external/io_int -I/pixel/project02/tcchen/WRFV3/frame -I/pixel/project02/tcchen/WRFV3/share -I/pixel/project02/tcchen/WRFV3/phys -I/pixel/project02/tcchen/WRFV3/chem -I/pixel/project02/tcchen/WRFV3/inc -I/pixel/project02/tcchen/netcdf/netcdf_gnu//include    module_stoch.f90
Warning: Nonexistent include directory "/pixel/project02/tcchen/WRFV3/chem"
1.01user 0.04system 0:01.06elapsed 98%CPU (0avgtext+0avgdata 57420maxresident)k
64inputs+4616outputs (0major+17541minor)pagefaults 0swaps
rm -f module_sfs_nba.o
/lib/cpp -P -I/pixel/project02/tcchen/WRFV3/inc -DEM_CORE=1 -DNMM_CORE=0 -DNMM_MAX_DIM=2600 -DCOAMPS_CORE=0 -DDA_CORE=0 -DEXP_CORE=0 -DIWORDSIZE=4 -DDWORDSIZE=8 -DRWORDSIZE=4 -DLWORDSIZE=4 -DNONSTANDARD_SYSTEM_SUBR  -DWRF_USE_CLM -DNO_IEEE_MODULE  -DNETCDF -DUSE_ALLOCATABLES -DGRIB1 -DINTIO -DKEEP_INT_AROUND -DLIMIT_ARGS -DCONFIG_BUF_LEN=65536 -DMAX_DOMAINS_F=21 -DMAX_HISTORY=25 -DNMM_NEST=0  -I. -traditional  -D_OPENMP module_sfs_nba.F  > module_sfs_nba.bb
/pixel/project02/tcchen/WRFV3/tools/standard.exe module_sfs_nba.bb | /lib/cpp -P -traditional > module_sfs_nba.f90
rm -f module_sfs_nba.b module_sfs_nba.bb
time gfortran -o module_sfs_nba.o -c -O2 -ftree-vectorize -funroll-loops -w -ffree-form -ffree-line-length-none -fconvert=big-endian -frecord-marker=4  -fopenmp -I../dyn_em -I../dyn_nmm   -I/pixel/project02/tcchen/WRFV3/external/esmf_time_f90  -I/pixel/project02/tcchen/WRFV3/main -I/pixel/project02/tcchen/WRFV3/external/io_netcdf -I/pixel/project02/tcchen/WRFV3/external/io_int -I/pixel/project02/tcchen/WRFV3/frame -I/pixel/project02/tcchen/WRFV3/share -I/pixel/project02/tcchen/WRFV3/phys -I/pixel/project02/tcchen/WRFV3/chem -I/pixel/project02/tcchen/WRFV3/inc -I/pixel/project02/tcchen/netcdf/netcdf_gnu//include    module_sfs_nba.f90
Warning: Nonexistent include directory "/pixel/project02/tcchen/WRFV3/chem"
0.88user 0.03system 0:00.92elapsed 99%CPU (0avgtext+0avgdata 58672maxresident)k
64inputs+1272outputs (0major+17863minor)pagefaults 0swaps
rm -f module_avgflx_em.o
/lib/cpp -P -I/pixel/project02/tcchen/WRFV3/inc -DEM_CORE=1 -DNMM_CORE=0 -DNMM_MAX_DIM=2600 -DCOAMPS_CORE=0 -DDA_CORE=0 -DEXP_CORE=0 -DIWORDSIZE=4 -DDWORDSIZE=8 -DRWORDSIZE=4 -DLWORDSIZE=4 -DNONSTANDARD_SYSTEM_SUBR  -DWRF_USE_CLM -DNO_IEEE_MODULE  -DNETCDF -DUSE_ALLOCATABLES -DGRIB1 -DINTIO -DKEEP_INT_AROUND -DLIMIT_ARGS -DCONFIG_BUF_LEN=65536 -DMAX_DOMAINS_F=21 -DMAX_HISTORY=25 -DNMM_NEST=0  -I. -traditional  -D_OPENMP module_avgflx_em.F  > module_avgflx_em.bb
/pixel/project02/tcchen/WRFV3/tools/standard.exe module_avgflx_em.bb | /lib/cpp -P -traditional > module_avgflx_em.f90
rm -f module_avgflx_em.b module_avgflx_em.bb
time gfortran -o module_avgflx_em.o -c -O2 -ftree-vectorize -funroll-loops -w -ffree-form -ffree-line-length-none -fconvert=big-endian -frecord-marker=4  -fopenmp -I../dyn_em -I../dyn_nmm   -I/pixel/project02/tcchen/WRFV3/external/esmf_time_f90  -I/pixel/project02/tcchen/WRFV3/main -I/pixel/project02/tcchen/WRFV3/external/io_netcdf -I/pixel/project02/tcchen/WRFV3/external/io_int -I/pixel/project02/tcchen/WRFV3/frame -I/pixel/project02/tcchen/WRFV3/share -I/pixel/project02/tcchen/WRFV3/phys -I/pixel/project02/tcchen/WRFV3/chem -I/pixel/project02/tcchen/WRFV3/inc -I/pixel/project02/tcchen/netcdf/netcdf_gnu//include    module_avgflx_em.f90
Warning: Nonexistent include directory "/pixel/project02/tcchen/WRFV3/chem"
0.25user 0.02system 0:00.29elapsed 96%CPU (0avgtext+0avgdata 22872maxresident)k
16inputs+2520outputs (0major+8123minor)pagefaults 0swaps
rm -f module_after_all_rk_steps.o
/lib/cpp -P -I/pixel/project02/tcchen/WRFV3/inc -DEM_CORE=1 -DNMM_CORE=0 -DNMM_MAX_DIM=2600 -DCOAMPS_CORE=0 -DDA_CORE=0 -DEXP_CORE=0 -DIWORDSIZE=4 -DDWORDSIZE=8 -DRWORDSIZE=4 -DLWORDSIZE=4 -DNONSTANDARD_SYSTEM_SUBR  -DWRF_USE_CLM -DNO_IEEE_MODULE  -DNETCDF -DUSE_ALLOCATABLES -DGRIB1 -DINTIO -DKEEP_INT_AROUND -DLIMIT_ARGS -DCONFIG_BUF_LEN=65536 -DMAX_DOMAINS_F=21 -DMAX_HISTORY=25 -DNMM_NEST=0  -I. -traditional  -D_OPENMP module_after_all_rk_steps.F  > module_after_all_rk_steps.bb
/pixel/project02/tcchen/WRFV3/tools/standard.exe module_after_all_rk_steps.bb | /lib/cpp -P -traditional > module_after_all_rk_steps.f90
rm -f module_after_all_rk_steps.b module_after_all_rk_steps.bb
time gfortran -o module_after_all_rk_steps.o -c -O2 -ftree-vectorize -funroll-loops -w -ffree-form -ffree-line-length-none -fconvert=big-endian -frecord-marker=4  -fopenmp -I../dyn_em -I../dyn_nmm   -I/pixel/project02/tcchen/WRFV3/external/esmf_time_f90  -I/pixel/project02/tcchen/WRFV3/main -I/pixel/project02/tcchen/WRFV3/external/io_netcdf -I/pixel/project02/tcchen/WRFV3/external/io_int -I/pixel/project02/tcchen/WRFV3/frame -I/pixel/project02/tcchen/WRFV3/share -I/pixel/project02/tcchen/WRFV3/phys -I/pixel/project02/tcchen/WRFV3/chem -I/pixel/project02/tcchen/WRFV3/inc -I/pixel/project02/tcchen/netcdf/netcdf_gnu//include    module_after_all_rk_steps.f90
Warning: Nonexistent include directory "/pixel/project02/tcchen/WRFV3/chem"
20.06user 0.40system 0:20.48elapsed 99%CPU (0avgtext+0avgdata 434596maxresident)k
64inputs+12944outputs (0major+268726minor)pagefaults 0swaps
rm -f init_modules_em.o
/pixel/project02/tcchen/WRFV3/tools/standard.exe init_modules_em.F > init_modules_em.b 
/lib/cpp -P -I/pixel/project02/tcchen/WRFV3/inc -DEM_CORE=1 -DNMM_CORE=0 -DNMM_MAX_DIM=2600 -DCOAMPS_CORE=0 -DDA_CORE=0 -DEXP_CORE=0 -DIWORDSIZE=4 -DDWORDSIZE=8 -DRWORDSIZE=4 -DLWORDSIZE=4 -DNONSTANDARD_SYSTEM_SUBR  -DWRF_USE_CLM -DNO_IEEE_MODULE  -DNETCDF -DUSE_ALLOCATABLES -DGRIB1 -DINTIO -DKEEP_INT_AROUND -DLIMIT_ARGS -DCONFIG_BUF_LEN=65536 -DMAX_DOMAINS_F=21 -DMAX_HISTORY=25 -DNMM_NEST=0  -I. -traditional  -D_OPENMP init_modules_em.b  > init_modules_em.f90
rm -f init_modules_em.b
0.10user 0.02system 0:00.14elapsed 91%CPU (0avgtext+0avgdata 19816maxresident)k
1904inputs+1928outputs (0major+7330minor)pagefaults 0swaps
rm -f start_em.o
/pixel/project02/tcchen/WRFV3/tools/standard.exe start_em.F > start_em.b 
if fgrep -iq '!$OMP' init_modules_em.f90 ; then \
          if [ -n "-fopenmp" ] ; then echo COMPILING init_modules_em.F WITH OMP ; fi ; \
  time gfortran -c  -O0 -w -ffree-form -ffree-line-length-none -fconvert=big-endian -frecord-marker=4  -I../dyn_em -I../dyn_nmm   -I/pixel/project02/tcchen/WRFV3/external/esmf_time_f90  -I/pixel/project02/tcchen/WRFV3/main -I/pixel/project02/tcchen/WRFV3/external/io_netcdf -I/pixel/project02/tcchen/WRFV3/external/io_int -I/pixel/project02/tcchen/WRFV3/frame -I/pixel/project02/tcchen/WRFV3/share -I/pixel/project02/tcchen/WRFV3/phys -I/pixel/project02/tcchen/WRFV3/chem -I/pixel/project02/tcchen/WRFV3/inc -I/pixel/project02/tcchen/netcdf/netcdf_gnu//include   -fopenmp init_modules_em.f90 ; \
        else \
          if [ -n "-fopenmp" ] ; then echo COMPILING init_modules_em.F WITHOUT OMP ; fi ; \
  time gfortran -c  -O0 -w -ffree-form -ffree-line-length-none -fconvert=big-endian -frecord-marker=4  -I../dyn_em -I../dyn_nmm   -I/pixel/project02/tcchen/WRFV3/external/esmf_time_f90  -I/pixel/project02/tcchen/WRFV3/main -I/pixel/project02/tcchen/WRFV3/external/io_netcdf -I/pixel/project02/tcchen/WRFV3/external/io_int -I/pixel/project02/tcchen/WRFV3/frame -I/pixel/project02/tcchen/WRFV3/share -I/pixel/project02/tcchen/WRFV3/phys -I/pixel/project02/tcchen/WRFV3/chem -I/pixel/project02/tcchen/WRFV3/inc -I/pixel/project02/tcchen/netcdf/netcdf_gnu//include   init_modules_em.f90 ; \
        fi
/lib/cpp -P -I/pixel/project02/tcchen/WRFV3/inc -DEM_CORE=1 -DNMM_CORE=0 -DNMM_MAX_DIM=2600 -DCOAMPS_CORE=0 -DDA_CORE=0 -DEXP_CORE=0 -DIWORDSIZE=4 -DDWORDSIZE=8 -DRWORDSIZE=4 -DLWORDSIZE=4 -DNONSTANDARD_SYSTEM_SUBR  -DWRF_USE_CLM -DNO_IEEE_MODULE  -DNETCDF -DUSE_ALLOCATABLES -DGRIB1 -DINTIO -DKEEP_INT_AROUND -DLIMIT_ARGS -DCONFIG_BUF_LEN=65536 -DMAX_DOMAINS_F=21 -DMAX_HISTORY=25 -DNMM_NEST=0  -I. -traditional  -D_OPENMP start_em.b  > start_em.f90
COMPILING init_modules_em.F WITHOUT OMP
Warning: Nonexistent include directory "/pixel/project02/tcchen/WRFV3/chem"
rm -f start_em.b
if fgrep -iq '!$OMP' start_em.f90 ; then \
          if [ -n "-fopenmp" ] ; then echo COMPILING start_em.F WITH OMP ; fi ; \
  time gfortran -c  -O0 -w -ffree-form -ffree-line-length-none -fconvert=big-endian -frecord-marker=4  -I../dyn_em -I../dyn_nmm   -I/pixel/project02/tcchen/WRFV3/external/esmf_time_f90  -I/pixel/project02/tcchen/WRFV3/main -I/pixel/project02/tcchen/WRFV3/external/io_netcdf -I/pixel/project02/tcchen/WRFV3/external/io_int -I/pixel/project02/tcchen/WRFV3/frame -I/pixel/project02/tcchen/WRFV3/share -I/pixel/project02/tcchen/WRFV3/phys -I/pixel/project02/tcchen/WRFV3/chem -I/pixel/project02/tcchen/WRFV3/inc -I/pixel/project02/tcchen/netcdf/netcdf_gnu//include   -fopenmp start_em.f90 ; \
        else \
          if [ -n "-fopenmp" ] ; then echo COMPILING start_em.F WITHOUT OMP ; fi ; \
  time gfortran -c  -O0 -w -ffree-form -ffree-line-length-none -fconvert=big-endian -frecord-marker=4  -I../dyn_em -I../dyn_nmm   -I/pixel/project02/tcchen/WRFV3/external/esmf_time_f90  -I/pixel/project02/tcchen/WRFV3/main -I/pixel/project02/tcchen/WRFV3/external/io_netcdf -I/pixel/project02/tcchen/WRFV3/external/io_int -I/pixel/project02/tcchen/WRFV3/frame -I/pixel/project02/tcchen/WRFV3/share -I/pixel/project02/tcchen/WRFV3/phys -I/pixel/project02/tcchen/WRFV3/chem -I/pixel/project02/tcchen/WRFV3/inc -I/pixel/project02/tcchen/netcdf/netcdf_gnu//include   start_em.f90 ; \
        fi

real	0m0.026s
user	0m0.009s
sys	0m0.015s
rm -f shift_domain_em.o
/lib/cpp -P -I/pixel/project02/tcchen/WRFV3/inc -DEM_CORE=1 -DNMM_CORE=0 -DNMM_MAX_DIM=2600 -DCOAMPS_CORE=0 -DDA_CORE=0 -DEXP_CORE=0 -DIWORDSIZE=4 -DDWORDSIZE=8 -DRWORDSIZE=4 -DLWORDSIZE=4 -DNONSTANDARD_SYSTEM_SUBR  -DWRF_USE_CLM -DNO_IEEE_MODULE  -DNETCDF -DUSE_ALLOCATABLES -DGRIB1 -DINTIO -DKEEP_INT_AROUND -DLIMIT_ARGS -DCONFIG_BUF_LEN=65536 -DMAX_DOMAINS_F=21 -DMAX_HISTORY=25 -DNMM_NEST=0  -I. -traditional  -D_OPENMP shift_domain_em.F  > shift_domain_em.bb
COMPILING start_em.F WITHOUT OMP
Warning: Nonexistent include directory "/pixel/project02/tcchen/WRFV3/chem"
/pixel/project02/tcchen/WRFV3/tools/standard.exe shift_domain_em.bb | /lib/cpp -P -traditional > shift_domain_em.f90
rm -f shift_domain_em.b shift_domain_em.bb
time gfortran -o shift_domain_em.o -c -O2 -ftree-vectorize -funroll-loops -w -ffree-form -ffree-line-length-none -fconvert=big-endian -frecord-marker=4  -fopenmp -I../dyn_em -I../dyn_nmm   -I/pixel/project02/tcchen/WRFV3/external/esmf_time_f90  -I/pixel/project02/tcchen/WRFV3/main -I/pixel/project02/tcchen/WRFV3/external/io_netcdf -I/pixel/project02/tcchen/WRFV3/external/io_int -I/pixel/project02/tcchen/WRFV3/frame -I/pixel/project02/tcchen/WRFV3/share -I/pixel/project02/tcchen/WRFV3/phys -I/pixel/project02/tcchen/WRFV3/chem -I/pixel/project02/tcchen/WRFV3/inc -I/pixel/project02/tcchen/netcdf/netcdf_gnu//include    shift_domain_em.f90
Warning: Nonexistent include directory "/pixel/project02/tcchen/WRFV3/chem"
0.28user 0.03system 0:00.33elapsed 98%CPU (0avgtext+0avgdata 26480maxresident)k
0inputs+16outputs (0major+8985minor)pagefaults 0swaps
rm -f couple_or_uncouple_em.o
/lib/cpp -P -I/pixel/project02/tcchen/WRFV3/inc -DEM_CORE=1 -DNMM_CORE=0 -DNMM_MAX_DIM=2600 -DCOAMPS_CORE=0 -DDA_CORE=0 -DEXP_CORE=0 -DIWORDSIZE=4 -DDWORDSIZE=8 -DRWORDSIZE=4 -DLWORDSIZE=4 -DNONSTANDARD_SYSTEM_SUBR  -DWRF_USE_CLM -DNO_IEEE_MODULE  -DNETCDF -DUSE_ALLOCATABLES -DGRIB1 -DINTIO -DKEEP_INT_AROUND -DLIMIT_ARGS -DCONFIG_BUF_LEN=65536 -DMAX_DOMAINS_F=21 -DMAX_HISTORY=25 -DNMM_NEST=0  -I. -traditional  -D_OPENMP couple_or_uncouple_em.F  > couple_or_uncouple_em.bb
/pixel/project02/tcchen/WRFV3/tools/standard.exe couple_or_uncouple_em.bb | /lib/cpp -P -traditional > couple_or_uncouple_em.f90
rm -f couple_or_uncouple_em.b couple_or_uncouple_em.bb
time gfortran -o couple_or_uncouple_em.o -c -O2 -ftree-vectorize -funroll-loops -w -ffree-form -ffree-line-length-none -fconvert=big-endian -frecord-marker=4  -fopenmp -I../dyn_em -I../dyn_nmm   -I/pixel/project02/tcchen/WRFV3/external/esmf_time_f90  -I/pixel/project02/tcchen/WRFV3/main -I/pixel/project02/tcchen/WRFV3/external/io_netcdf -I/pixel/project02/tcchen/WRFV3/external/io_int -I/pixel/project02/tcchen/WRFV3/frame -I/pixel/project02/tcchen/WRFV3/share -I/pixel/project02/tcchen/WRFV3/phys -I/pixel/project02/tcchen/WRFV3/chem -I/pixel/project02/tcchen/WRFV3/inc -I/pixel/project02/tcchen/netcdf/netcdf_gnu//include    couple_or_uncouple_em.f90
Warning: Nonexistent include directory "/pixel/project02/tcchen/WRFV3/chem"
0.57user 0.04system 0:00.62elapsed 99%CPU (0avgtext+0avgdata 40196maxresident)k
64inputs+344outputs (0major+13202minor)pagefaults 0swaps
rm -f nest_init_utils.o
/lib/cpp -P -I/pixel/project02/tcchen/WRFV3/inc -DEM_CORE=1 -DNMM_CORE=0 -DNMM_MAX_DIM=2600 -DCOAMPS_CORE=0 -DDA_CORE=0 -DEXP_CORE=0 -DIWORDSIZE=4 -DDWORDSIZE=8 -DRWORDSIZE=4 -DLWORDSIZE=4 -DNONSTANDARD_SYSTEM_SUBR  -DWRF_USE_CLM -DNO_IEEE_MODULE  -DNETCDF -DUSE_ALLOCATABLES -DGRIB1 -DINTIO -DKEEP_INT_AROUND -DLIMIT_ARGS -DCONFIG_BUF_LEN=65536 -DMAX_DOMAINS_F=21 -DMAX_HISTORY=25 -DNMM_NEST=0  -I. -traditional  -D_OPENMP nest_init_utils.F  > nest_init_utils.bb
/pixel/project02/tcchen/WRFV3/tools/standard.exe nest_init_utils.bb | /lib/cpp -P -traditional > nest_init_utils.f90
rm -f nest_init_utils.b nest_init_utils.bb
time gfortran -o nest_init_utils.o -c -O2 -ftree-vectorize -funroll-loops -w -ffree-form -ffree-line-length-none -fconvert=big-endian -frecord-marker=4  -fopenmp -I../dyn_em -I../dyn_nmm   -I/pixel/project02/tcchen/WRFV3/external/esmf_time_f90  -I/pixel/project02/tcchen/WRFV3/main -I/pixel/project02/tcchen/WRFV3/external/io_netcdf -I/pixel/project02/tcchen/WRFV3/external/io_int -I/pixel/project02/tcchen/WRFV3/frame -I/pixel/project02/tcchen/WRFV3/share -I/pixel/project02/tcchen/WRFV3/phys -I/pixel/project02/tcchen/WRFV3/chem -I/pixel/project02/tcchen/WRFV3/inc -I/pixel/project02/tcchen/netcdf/netcdf_gnu//include    nest_init_utils.f90
Warning: Nonexistent include directory "/pixel/project02/tcchen/WRFV3/chem"

real	0m1.492s
user	0m1.370s
sys	0m0.106s
rm -f adapt_timestep_em.o
/lib/cpp -P -I/pixel/project02/tcchen/WRFV3/inc -DEM_CORE=1 -DNMM_CORE=0 -DNMM_MAX_DIM=2600 -DCOAMPS_CORE=0 -DDA_CORE=0 -DEXP_CORE=0 -DIWORDSIZE=4 -DDWORDSIZE=8 -DRWORDSIZE=4 -DLWORDSIZE=4 -DNONSTANDARD_SYSTEM_SUBR  -DWRF_USE_CLM -DNO_IEEE_MODULE  -DNETCDF -DUSE_ALLOCATABLES -DGRIB1 -DINTIO -DKEEP_INT_AROUND -DLIMIT_ARGS -DCONFIG_BUF_LEN=65536 -DMAX_DOMAINS_F=21 -DMAX_HISTORY=25 -DNMM_NEST=0  -I. -traditional  -D_OPENMP adapt_timestep_em.F  > adapt_timestep_em.bb
/pixel/project02/tcchen/WRFV3/tools/standard.exe adapt_timestep_em.bb | /lib/cpp -P -traditional > adapt_timestep_em.f90
rm -f adapt_timestep_em.b adapt_timestep_em.bb
time gfortran -o adapt_timestep_em.o -c -O2 -ftree-vectorize -funroll-loops -w -ffree-form -ffree-line-length-none -fconvert=big-endian -frecord-marker=4  -fopenmp -I../dyn_em -I../dyn_nmm   -I/pixel/project02/tcchen/WRFV3/external/esmf_time_f90  -I/pixel/project02/tcchen/WRFV3/main -I/pixel/project02/tcchen/WRFV3/external/io_netcdf -I/pixel/project02/tcchen/WRFV3/external/io_int -I/pixel/project02/tcchen/WRFV3/frame -I/pixel/project02/tcchen/WRFV3/share -I/pixel/project02/tcchen/WRFV3/phys -I/pixel/project02/tcchen/WRFV3/chem -I/pixel/project02/tcchen/WRFV3/inc -I/pixel/project02/tcchen/netcdf/netcdf_gnu//include    adapt_timestep_em.f90
Warning: Nonexistent include directory "/pixel/project02/tcchen/WRFV3/chem"
0.57user 0.06system 0:00.64elapsed 99%CPU (0avgtext+0avgdata 41368maxresident)k
16inputs+88outputs (0major+12848minor)pagefaults 0swaps
rm -f interp_domain_em.o
/lib/cpp -P -I/pixel/project02/tcchen/WRFV3/inc -DEM_CORE=1 -DNMM_CORE=0 -DNMM_MAX_DIM=2600 -DCOAMPS_CORE=0 -DDA_CORE=0 -DEXP_CORE=0 -DIWORDSIZE=4 -DDWORDSIZE=8 -DRWORDSIZE=4 -DLWORDSIZE=4 -DNONSTANDARD_SYSTEM_SUBR  -DWRF_USE_CLM -DNO_IEEE_MODULE  -DNETCDF -DUSE_ALLOCATABLES -DGRIB1 -DINTIO -DKEEP_INT_AROUND -DLIMIT_ARGS -DCONFIG_BUF_LEN=65536 -DMAX_DOMAINS_F=21 -DMAX_HISTORY=25 -DNMM_NEST=0  -I. -traditional  -D_OPENMP interp_domain_em.F  > interp_domain_em.bb
/pixel/project02/tcchen/WRFV3/tools/standard.exe interp_domain_em.bb | /lib/cpp -P -traditional > interp_domain_em.f90
rm -f interp_domain_em.b interp_domain_em.bb
time gfortran -o interp_domain_em.o -c -O2 -ftree-vectorize -funroll-loops -w -ffree-form -ffree-line-length-none -fconvert=big-endian -frecord-marker=4  -fopenmp -I../dyn_em -I../dyn_nmm   -I/pixel/project02/tcchen/WRFV3/external/esmf_time_f90  -I/pixel/project02/tcchen/WRFV3/main -I/pixel/project02/tcchen/WRFV3/external/io_netcdf -I/pixel/project02/tcchen/WRFV3/external/io_int -I/pixel/project02/tcchen/WRFV3/frame -I/pixel/project02/tcchen/WRFV3/share -I/pixel/project02/tcchen/WRFV3/phys -I/pixel/project02/tcchen/WRFV3/chem -I/pixel/project02/tcchen/WRFV3/inc -I/pixel/project02/tcchen/netcdf/netcdf_gnu//include    interp_domain_em.f90
Warning: Nonexistent include directory "/pixel/project02/tcchen/WRFV3/chem"
1.12user 0.08system 0:01.21elapsed 99%CPU (0avgtext+0avgdata 73496maxresident)k
64inputs+544outputs (0major+21444minor)pagefaults 0swaps
rm -f module_diffusion_em.o
/lib/cpp -P -I/pixel/project02/tcchen/WRFV3/inc -DEM_CORE=1 -DNMM_CORE=0 -DNMM_MAX_DIM=2600 -DCOAMPS_CORE=0 -DDA_CORE=0 -DEXP_CORE=0 -DIWORDSIZE=4 -DDWORDSIZE=8 -DRWORDSIZE=4 -DLWORDSIZE=4 -DNONSTANDARD_SYSTEM_SUBR  -DWRF_USE_CLM -DNO_IEEE_MODULE  -DNETCDF -DUSE_ALLOCATABLES -DGRIB1 -DINTIO -DKEEP_INT_AROUND -DLIMIT_ARGS -DCONFIG_BUF_LEN=65536 -DMAX_DOMAINS_F=21 -DMAX_HISTORY=25 -DNMM_NEST=0  -I. -traditional  -D_OPENMP module_diffusion_em.F  > module_diffusion_em.bb
/pixel/project02/tcchen/WRFV3/tools/standard.exe module_diffusion_em.bb | /lib/cpp -P -traditional > module_diffusion_em.f90
rm -f module_diffusion_em.b module_diffusion_em.bb
time gfortran -o module_diffusion_em.o -c -O2 -ftree-vectorize -funroll-loops -w -ffree-form -ffree-line-length-none -fconvert=big-endian -frecord-marker=4  -fopenmp -I../dyn_em -I../dyn_nmm   -I/pixel/project02/tcchen/WRFV3/external/esmf_time_f90  -I/pixel/project02/tcchen/WRFV3/main -I/pixel/project02/tcchen/WRFV3/external/io_netcdf -I/pixel/project02/tcchen/WRFV3/external/io_int -I/pixel/project02/tcchen/WRFV3/frame -I/pixel/project02/tcchen/WRFV3/share -I/pixel/project02/tcchen/WRFV3/phys -I/pixel/project02/tcchen/WRFV3/chem -I/pixel/project02/tcchen/WRFV3/inc -I/pixel/project02/tcchen/netcdf/netcdf_gnu//include    module_diffusion_em.f90
Warning: Nonexistent include directory "/pixel/project02/tcchen/WRFV3/chem"
6.93user 0.32system 0:07.27elapsed 99%CPU (0avgtext+0avgdata 286744maxresident)k
64inputs+4576outputs (0major+215313minor)pagefaults 0swaps
rm -f module_em.o
/lib/cpp -P -I/pixel/project02/tcchen/WRFV3/inc -DEM_CORE=1 -DNMM_CORE=0 -DNMM_MAX_DIM=2600 -DCOAMPS_CORE=0 -DDA_CORE=0 -DEXP_CORE=0 -DIWORDSIZE=4 -DDWORDSIZE=8 -DRWORDSIZE=4 -DLWORDSIZE=4 -DNONSTANDARD_SYSTEM_SUBR  -DWRF_USE_CLM -DNO_IEEE_MODULE  -DNETCDF -DUSE_ALLOCATABLES -DGRIB1 -DINTIO -DKEEP_INT_AROUND -DLIMIT_ARGS -DCONFIG_BUF_LEN=65536 -DMAX_DOMAINS_F=21 -DMAX_HISTORY=25 -DNMM_NEST=0  -I. -traditional  -D_OPENMP module_em.F  > module_em.bb
/pixel/project02/tcchen/WRFV3/tools/standard.exe module_em.bb | /lib/cpp -P -traditional > module_em.f90
rm -f module_em.b module_em.bb
time gfortran -o module_em.o -c -O2 -ftree-vectorize -funroll-loops -w -ffree-form -ffree-line-length-none -fconvert=big-endian -frecord-marker=4  -fopenmp -I../dyn_em -I../dyn_nmm   -I/pixel/project02/tcchen/WRFV3/external/esmf_time_f90  -I/pixel/project02/tcchen/WRFV3/main -I/pixel/project02/tcchen/WRFV3/external/io_netcdf -I/pixel/project02/tcchen/WRFV3/external/io_int -I/pixel/project02/tcchen/WRFV3/frame -I/pixel/project02/tcchen/WRFV3/share -I/pixel/project02/tcchen/WRFV3/phys -I/pixel/project02/tcchen/WRFV3/chem -I/pixel/project02/tcchen/WRFV3/inc -I/pixel/project02/tcchen/netcdf/netcdf_gnu//include    module_em.f90
Warning: Nonexistent include directory "/pixel/project02/tcchen/WRFV3/chem"
7.32user 0.23system 0:07.57elapsed 99%CPU (0avgtext+0avgdata 353536maxresident)k
1240inputs+6016outputs (0major+125266minor)pagefaults 0swaps
rm -f module_sfs_driver.o
/lib/cpp -P -I/pixel/project02/tcchen/WRFV3/inc -DEM_CORE=1 -DNMM_CORE=0 -DNMM_MAX_DIM=2600 -DCOAMPS_CORE=0 -DDA_CORE=0 -DEXP_CORE=0 -DIWORDSIZE=4 -DDWORDSIZE=8 -DRWORDSIZE=4 -DLWORDSIZE=4 -DNONSTANDARD_SYSTEM_SUBR  -DWRF_USE_CLM -DNO_IEEE_MODULE  -DNETCDF -DUSE_ALLOCATABLES -DGRIB1 -DINTIO -DKEEP_INT_AROUND -DLIMIT_ARGS -DCONFIG_BUF_LEN=65536 -DMAX_DOMAINS_F=21 -DMAX_HISTORY=25 -DNMM_NEST=0  -I. -traditional  -D_OPENMP module_sfs_driver.F  > module_sfs_driver.bb
/pixel/project02/tcchen/WRFV3/tools/standard.exe module_sfs_driver.bb | /lib/cpp -P -traditional > module_sfs_driver.f90
rm -f module_sfs_driver.b module_sfs_driver.bb
time gfortran -o module_sfs_driver.o -c -O2 -ftree-vectorize -funroll-loops -w -ffree-form -ffree-line-length-none -fconvert=big-endian -frecord-marker=4  -fopenmp -I../dyn_em -I../dyn_nmm   -I/pixel/project02/tcchen/WRFV3/external/esmf_time_f90  -I/pixel/project02/tcchen/WRFV3/main -I/pixel/project02/tcchen/WRFV3/external/io_netcdf -I/pixel/project02/tcchen/WRFV3/external/io_int -I/pixel/project02/tcchen/WRFV3/frame -I/pixel/project02/tcchen/WRFV3/share -I/pixel/project02/tcchen/WRFV3/phys -I/pixel/project02/tcchen/WRFV3/chem -I/pixel/project02/tcchen/WRFV3/inc -I/pixel/project02/tcchen/netcdf/netcdf_gnu//include    module_sfs_driver.f90
Warning: Nonexistent include directory "/pixel/project02/tcchen/WRFV3/chem"
0.48user 0.03system 0:00.52elapsed 98%CPU (0avgtext+0avgdata 32784maxresident)k
32inputs+2080outputs (0major+10938minor)pagefaults 0swaps
1.71user 0.07system 0:01.80elapsed 99%CPU (0avgtext+0avgdata 86308maxresident)k
2632inputs+6240outputs (0major+25966minor)pagefaults 0swaps
rm -f module_first_rk_step_part1.o
rm -f module_first_rk_step_part2.o
/lib/cpp -P -I/pixel/project02/tcchen/WRFV3/inc -DEM_CORE=1 -DNMM_CORE=0 -DNMM_MAX_DIM=2600 -DCOAMPS_CORE=0 -DDA_CORE=0 -DEXP_CORE=0 -DIWORDSIZE=4 -DDWORDSIZE=8 -DRWORDSIZE=4 -DLWORDSIZE=4 -DNONSTANDARD_SYSTEM_SUBR  -DWRF_USE_CLM -DNO_IEEE_MODULE  -DNETCDF -DUSE_ALLOCATABLES -DGRIB1 -DINTIO -DKEEP_INT_AROUND -DLIMIT_ARGS -DCONFIG_BUF_LEN=65536 -DMAX_DOMAINS_F=21 -DMAX_HISTORY=25 -DNMM_NEST=0  -I. -traditional  -D_OPENMP module_first_rk_step_part2.F  > module_first_rk_step_part2.bb
/lib/cpp -P -I/pixel/project02/tcchen/WRFV3/inc -DEM_CORE=1 -DNMM_CORE=0 -DNMM_MAX_DIM=2600 -DCOAMPS_CORE=0 -DDA_CORE=0 -DEXP_CORE=0 -DIWORDSIZE=4 -DDWORDSIZE=8 -DRWORDSIZE=4 -DLWORDSIZE=4 -DNONSTANDARD_SYSTEM_SUBR  -DWRF_USE_CLM -DNO_IEEE_MODULE  -DNETCDF -DUSE_ALLOCATABLES -DGRIB1 -DINTIO -DKEEP_INT_AROUND -DLIMIT_ARGS -DCONFIG_BUF_LEN=65536 -DMAX_DOMAINS_F=21 -DMAX_HISTORY=25 -DNMM_NEST=0  -I. -traditional  -D_OPENMP module_first_rk_step_part1.F  > module_first_rk_step_part1.bb
/pixel/project02/tcchen/WRFV3/tools/standard.exe module_first_rk_step_part2.bb | /lib/cpp -P -traditional > module_first_rk_step_part2.f90
/pixel/project02/tcchen/WRFV3/tools/standard.exe module_first_rk_step_part1.bb | /lib/cpp -P -traditional > module_first_rk_step_part1.f90
rm -f module_first_rk_step_part1.b module_first_rk_step_part1.bb
rm -f module_first_rk_step_part2.b module_first_rk_step_part2.bb
time gfortran -o module_first_rk_step_part1.o -c -O2 -ftree-vectorize -funroll-loops -w -ffree-form -ffree-line-length-none -fconvert=big-endian -frecord-marker=4  -fopenmp -I../dyn_em -I../dyn_nmm   -I/pixel/project02/tcchen/WRFV3/external/esmf_time_f90  -I/pixel/project02/tcchen/WRFV3/main -I/pixel/project02/tcchen/WRFV3/external/io_netcdf -I/pixel/project02/tcchen/WRFV3/external/io_int -I/pixel/project02/tcchen/WRFV3/frame -I/pixel/project02/tcchen/WRFV3/share -I/pixel/project02/tcchen/WRFV3/phys -I/pixel/project02/tcchen/WRFV3/chem -I/pixel/project02/tcchen/WRFV3/inc -I/pixel/project02/tcchen/netcdf/netcdf_gnu//include    module_first_rk_step_part1.f90
time gfortran -o module_first_rk_step_part2.o -c -O2 -ftree-vectorize -funroll-loops -w -ffree-form -ffree-line-length-none -fconvert=big-endian -frecord-marker=4  -fopenmp -I../dyn_em -I../dyn_nmm   -I/pixel/project02/tcchen/WRFV3/external/esmf_time_f90  -I/pixel/project02/tcchen/WRFV3/main -I/pixel/project02/tcchen/WRFV3/external/io_netcdf -I/pixel/project02/tcchen/WRFV3/external/io_int -I/pixel/project02/tcchen/WRFV3/frame -I/pixel/project02/tcchen/WRFV3/share -I/pixel/project02/tcchen/WRFV3/phys -I/pixel/project02/tcchen/WRFV3/chem -I/pixel/project02/tcchen/WRFV3/inc -I/pixel/project02/tcchen/netcdf/netcdf_gnu//include    module_first_rk_step_part2.f90
Warning: Nonexistent include directory "/pixel/project02/tcchen/WRFV3/chem"
Warning: Nonexistent include directory "/pixel/project02/tcchen/WRFV3/chem"
1.07user 0.06system 0:01.15elapsed 98%CPU (0avgtext+0avgdata 47084maxresident)k
9960inputs+2448outputs (0major+14356minor)pagefaults 0swaps
3.03user 0.14system 0:03.19elapsed 99%CPU (0avgtext+0avgdata 136116maxresident)k
2008inputs+3632outputs (0major+67440minor)pagefaults 0swaps
rm -f solve_em.o
/lib/cpp -P -I/pixel/project02/tcchen/WRFV3/inc -DEM_CORE=1 -DNMM_CORE=0 -DNMM_MAX_DIM=2600 -DCOAMPS_CORE=0 -DDA_CORE=0 -DEXP_CORE=0 -DIWORDSIZE=4 -DDWORDSIZE=8 -DRWORDSIZE=4 -DLWORDSIZE=4 -DNONSTANDARD_SYSTEM_SUBR  -DWRF_USE_CLM -DNO_IEEE_MODULE  -DNETCDF -DUSE_ALLOCATABLES -DGRIB1 -DINTIO -DKEEP_INT_AROUND -DLIMIT_ARGS -DCONFIG_BUF_LEN=65536 -DMAX_DOMAINS_F=21 -DMAX_HISTORY=25 -DNMM_NEST=0  -I. -traditional  -D_OPENMP solve_em.F  > solve_em.bb
/pixel/project02/tcchen/WRFV3/tools/standard.exe solve_em.bb | /lib/cpp -P -traditional > solve_em.f90
rm -f solve_em.b solve_em.bb
time gfortran -o solve_em.o -c -O2 -ftree-vectorize -funroll-loops -w -ffree-form -ffree-line-length-none -fconvert=big-endian -frecord-marker=4  -fopenmp -I../dyn_em -I../dyn_nmm   -I/pixel/project02/tcchen/WRFV3/external/esmf_time_f90  -I/pixel/project02/tcchen/WRFV3/main -I/pixel/project02/tcchen/WRFV3/external/io_netcdf -I/pixel/project02/tcchen/WRFV3/external/io_int -I/pixel/project02/tcchen/WRFV3/frame -I/pixel/project02/tcchen/WRFV3/share -I/pixel/project02/tcchen/WRFV3/phys -I/pixel/project02/tcchen/WRFV3/chem -I/pixel/project02/tcchen/WRFV3/inc -I/pixel/project02/tcchen/netcdf/netcdf_gnu//include    solve_em.f90
Warning: Nonexistent include directory "/pixel/project02/tcchen/WRFV3/chem"
3.69user 0.14system 0:03.86elapsed 99%CPU (0avgtext+0avgdata 154300maxresident)k
4120inputs+2392outputs (0major+52711minor)pagefaults 0swaps
ar ru ../main/libwrflib.a module_advect_em.o module_diffusion_em.o module_small_step_em.o module_big_step_utilities_em.o module_em.o module_solvedebug_em.o module_bc_em.o module_init_utilities.o module_wps_io_arw.o module_damping_em.o module_polarfft.o module_force_scm.o module_first_rk_step_part1.o module_first_rk_step_part2.o module_avgflx_em.o module_sfs_nba.o module_convtrans_prep.o module_sfs_driver.o module_stoch.o module_after_all_rk_steps.o  init_modules_em.o solve_em.o start_em.o shift_domain_em.o couple_or_uncouple_em.o nest_init_utils.o adapt_timestep_em.o interp_domain_em.o
make[2]: Leaving directory `/pixel/project02/tcchen/WRFV3/dyn_em'
make[1]: Leaving directory `/pixel/project02/tcchen/WRFV3'
if [ 0 -eq 1 ]   ; then make -i -r MODULE_DIRS="-I../dyn_em -I../dyn_nmm   -I/pixel/project02/tcchen/WRFV3/external/esmf_time_f90  -I/pixel/project02/tcchen/WRFV3/main -I/pixel/project02/tcchen/WRFV3/external/io_netcdf -I/pixel/project02/tcchen/WRFV3/external/io_int -I/pixel/project02/tcchen/WRFV3/frame -I/pixel/project02/tcchen/WRFV3/share -I/pixel/project02/tcchen/WRFV3/phys -I/pixel/project02/tcchen/WRFV3/chem -I/pixel/project02/tcchen/WRFV3/inc -I/pixel/project02/tcchen/netcdf/netcdf_gnu//include " nmm_core ; fi
if [ 0 -eq 1 ]   ; then make -i -r MODULE_DIRS="-I../dyn_em -I../dyn_nmm   -I/pixel/project02/tcchen/WRFV3/external/esmf_time_f90  -I/pixel/project02/tcchen/WRFV3/main -I/pixel/project02/tcchen/WRFV3/external/io_netcdf -I/pixel/project02/tcchen/WRFV3/external/io_int -I/pixel/project02/tcchen/WRFV3/frame -I/pixel/project02/tcchen/WRFV3/share -I/pixel/project02/tcchen/WRFV3/phys -I/pixel/project02/tcchen/WRFV3/chem -I/pixel/project02/tcchen/WRFV3/inc -I/pixel/project02/tcchen/netcdf/netcdf_gnu//include " exp_core ; fi
if [ 0 -eq 1 ]   ; then make -i -r MODULE_DIRS="-I../dyn_em -I../dyn_nmm   -I/pixel/project02/tcchen/WRFV3/external/esmf_time_f90  -I/pixel/project02/tcchen/WRFV3/main -I/pixel/project02/tcchen/WRFV3/external/io_netcdf -I/pixel/project02/tcchen/WRFV3/external/io_int -I/pixel/project02/tcchen/WRFV3/frame -I/pixel/project02/tcchen/WRFV3/share -I/pixel/project02/tcchen/WRFV3/phys -I/pixel/project02/tcchen/WRFV3/chem -I/pixel/project02/tcchen/WRFV3/inc -I/pixel/project02/tcchen/netcdf/netcdf_gnu//include " wrf_hydro ; fi
( cd main ; make -i -r RLFLAGS="" MODULE_DIRS="-I../dyn_em -I../dyn_nmm   -I/pixel/project02/tcchen/WRFV3/external/esmf_time_f90  -I/pixel/project02/tcchen/WRFV3/main -I/pixel/project02/tcchen/WRFV3/external/io_netcdf -I/pixel/project02/tcchen/WRFV3/external/io_int -I/pixel/project02/tcchen/WRFV3/frame -I/pixel/project02/tcchen/WRFV3/share -I/pixel/project02/tcchen/WRFV3/phys -I/pixel/project02/tcchen/WRFV3/chem -I/pixel/project02/tcchen/WRFV3/inc -I/pixel/project02/tcchen/netcdf/netcdf_gnu//include " SOLVER=em em_wrf )
make[1]: Entering directory `/pixel/project02/tcchen/WRFV3/main'
rm -f ../main/module_wrf_top.o
/lib/cpp -P -I/pixel/project02/tcchen/WRFV3/inc -DEM_CORE=1 -DNMM_CORE=0 -DNMM_MAX_DIM=2600 -DCOAMPS_CORE=0 -DDA_CORE=0 -DEXP_CORE=0 -DIWORDSIZE=4 -DDWORDSIZE=8 -DRWORDSIZE=4 -DLWORDSIZE=4 -DNONSTANDARD_SYSTEM_SUBR  -DWRF_USE_CLM -DNO_IEEE_MODULE  -DNETCDF -DUSE_ALLOCATABLES -DGRIB1 -DINTIO -DKEEP_INT_AROUND -DLIMIT_ARGS -DCONFIG_BUF_LEN=65536 -DMAX_DOMAINS_F=21 -DMAX_HISTORY=25 -DNMM_NEST=0  -I. -traditional  -D_OPENMP ../main/module_wrf_top.F  > ../main/module_wrf_top.bb
/pixel/project02/tcchen/WRFV3/tools/standard.exe ../main/module_wrf_top.bb | /lib/cpp -P -traditional > ../main/module_wrf_top.f90
rm -f ../main/module_wrf_top.b ../main/module_wrf_top.bb
time gfortran -o ../main/module_wrf_top.o -c -O2 -ftree-vectorize -funroll-loops -w -ffree-form -ffree-line-length-none -fconvert=big-endian -frecord-marker=4  -fopenmp -I../dyn_em -I../dyn_nmm   -I/pixel/project02/tcchen/WRFV3/external/esmf_time_f90  -I/pixel/project02/tcchen/WRFV3/main -I/pixel/project02/tcchen/WRFV3/external/io_netcdf -I/pixel/project02/tcchen/WRFV3/external/io_int -I/pixel/project02/tcchen/WRFV3/frame -I/pixel/project02/tcchen/WRFV3/share -I/pixel/project02/tcchen/WRFV3/phys -I/pixel/project02/tcchen/WRFV3/chem -I/pixel/project02/tcchen/WRFV3/inc -I/pixel/project02/tcchen/netcdf/netcdf_gnu//include    ../main/module_wrf_top.f90
Warning: Nonexistent include directory "/pixel/project02/tcchen/WRFV3/chem"
0.85user 0.06system 0:00.93elapsed 97%CPU (0avgtext+0avgdata 39292maxresident)k
1344inputs+7120outputs (0major+12687minor)pagefaults 0swaps
rm -f wrf.o
/lib/cpp -P -I/pixel/project02/tcchen/WRFV3/inc -DEM_CORE=1 -DNMM_CORE=0 -DNMM_MAX_DIM=2600 -DCOAMPS_CORE=0 -DDA_CORE=0 -DEXP_CORE=0 -DIWORDSIZE=4 -DDWORDSIZE=8 -DRWORDSIZE=4 -DLWORDSIZE=4 -DNONSTANDARD_SYSTEM_SUBR  -DWRF_USE_CLM -DNO_IEEE_MODULE  -DNETCDF -DUSE_ALLOCATABLES -DGRIB1 -DINTIO -DKEEP_INT_AROUND -DLIMIT_ARGS -DCONFIG_BUF_LEN=65536 -DMAX_DOMAINS_F=21 -DMAX_HISTORY=25 -DNMM_NEST=0  -I. -traditional  -D_OPENMP wrf.F  > wrf.bb
/pixel/project02/tcchen/WRFV3/tools/standard.exe wrf.bb | /lib/cpp -P -traditional > wrf.f90
rm -f wrf.b wrf.bb
time gfortran -o wrf.o -c -O2 -ftree-vectorize -funroll-loops -w -ffree-form -ffree-line-length-none -fconvert=big-endian -frecord-marker=4  -fopenmp -I../dyn_em -I../dyn_nmm   -I/pixel/project02/tcchen/WRFV3/external/esmf_time_f90  -I/pixel/project02/tcchen/WRFV3/main -I/pixel/project02/tcchen/WRFV3/external/io_netcdf -I/pixel/project02/tcchen/WRFV3/external/io_int -I/pixel/project02/tcchen/WRFV3/frame -I/pixel/project02/tcchen/WRFV3/share -I/pixel/project02/tcchen/WRFV3/phys -I/pixel/project02/tcchen/WRFV3/chem -I/pixel/project02/tcchen/WRFV3/inc -I/pixel/project02/tcchen/netcdf/netcdf_gnu//include    wrf.f90
Warning: Nonexistent include directory "/pixel/project02/tcchen/WRFV3/chem"
0.07user 0.01system 0:00.09elapsed 95%CPU (0avgtext+0avgdata 10384maxresident)k
7008inputs+16outputs (0major+4979minor)pagefaults 0swaps
ranlib  libwrflib.a
time gfortran -o wrf.exe -fopenmp -O2 -ftree-vectorize -funroll-loops -w -ffree-form -ffree-line-length-none -fconvert=big-endian -frecord-marker=4    wrf.o ../main/module_wrf_top.o libwrflib.a /pixel/project02/tcchen/WRFV3/external/fftpack/fftpack5/libfftpack.a /pixel/project02/tcchen/WRFV3/external/io_grib1/libio_grib1.a /pixel/project02/tcchen/WRFV3/external/io_grib_share/libio_grib_share.a /pixel/project02/tcchen/WRFV3/external/io_int/libwrfio_int.a -L/pixel/project02/tcchen/WRFV3/external/esmf_time_f90 -lesmf_time /pixel/project02/tcchen/WRFV3/frame/module_internal_header_util.o /pixel/project02/tcchen/WRFV3/frame/pack_utils.o  -L/pixel/project02/tcchen/WRFV3/external/io_netcdf -lwrfio_nf -L/pixel/project02/tcchen/netcdf/netcdf_gnu//lib -lnetcdff -lnetcdf       
/usr/bin/ld: warning: libnetcdf.so.7, needed by /pixel/project02/tcchen/netcdf/netcdf_gnu//lib/libnetcdff.so, may conflict with libnetcdf.so.11
0.42user 0.27system 0:00.87elapsed 79%CPU (0avgtext+0avgdata 106716maxresident)k
155920inputs+72040outputs (0major+28888minor)pagefaults 0swaps
make[1]: Leaving directory `/pixel/project02/tcchen/WRFV3/main'
( cd run ; /bin/rm -f wrf.exe ; ln -s ../main/wrf.exe . )
if [ 0 -eq 1 ] ; then \
  ( cd main ; make -i -r RLFLAGS="" MODULE_DIRS="-I../dyn_em -I../dyn_nmm   -I/pixel/project02/tcchen/WRFV3/external/esmf_time_f90  -I/pixel/project02/tcchen/WRFV3/main -I/pixel/project02/tcchen/WRFV3/external/io_netcdf -I/pixel/project02/tcchen/WRFV3/external/io_int -I/pixel/project02/tcchen/WRFV3/frame -I/pixel/project02/tcchen/WRFV3/share -I/pixel/project02/tcchen/WRFV3/phys -I/pixel/project02/tcchen/WRFV3/chem -I/pixel/project02/tcchen/WRFV3/inc -I/pixel/project02/tcchen/netcdf/netcdf_gnu//include " SOLVER=em em_wrf_SST_ESMF ) ; \
fi
build started:   Thu Jun  6 11:12:06 EDT 2019
build completed: Thu Jun 6 11:18:18 EDT 2019
--------------------------------------
( cd main ; make -i -r RLFLAGS="" MODULE_DIRS="-I../dyn_em -I../dyn_nmm   -I/pixel/project02/tcchen/WRFV3/external/esmf_time_f90  -I/pixel/project02/tcchen/WRFV3/main -I/pixel/project02/tcchen/WRFV3/external/io_netcdf -I/pixel/project02/tcchen/WRFV3/external/io_int -I/pixel/project02/tcchen/WRFV3/frame -I/pixel/project02/tcchen/WRFV3/share -I/pixel/project02/tcchen/WRFV3/phys -I/pixel/project02/tcchen/WRFV3/chem -I/pixel/project02/tcchen/WRFV3/inc -I/pixel/project02/tcchen/netcdf/netcdf_gnu//include " SOLVER=em IDEAL_CASE=squall2d_y em_ideal )
make[1]: Entering directory `/pixel/project02/tcchen/WRFV3/main'
rm -f ../dyn_em/module_initialize_squall2d_y.o
/lib/cpp -P -I/pixel/project02/tcchen/WRFV3/inc -DEM_CORE=1 -DNMM_CORE=0 -DNMM_MAX_DIM=2600 -DCOAMPS_CORE=0 -DDA_CORE=0 -DEXP_CORE=0 -DIWORDSIZE=4 -DDWORDSIZE=8 -DRWORDSIZE=4 -DLWORDSIZE=4 -DNONSTANDARD_SYSTEM_SUBR  -DWRF_USE_CLM -DNO_IEEE_MODULE  -DNETCDF -DUSE_ALLOCATABLES -DGRIB1 -DINTIO -DKEEP_INT_AROUND -DLIMIT_ARGS -DCONFIG_BUF_LEN=65536 -DMAX_DOMAINS_F=21 -DMAX_HISTORY=25 -DNMM_NEST=0  -I. -traditional  -D_OPENMP ../dyn_em/module_initialize_squall2d_y.F  > ../dyn_em/module_initialize_squall2d_y.bb
/pixel/project02/tcchen/WRFV3/tools/standard.exe ../dyn_em/module_initialize_squall2d_y.bb | /lib/cpp -P -traditional > ../dyn_em/module_initialize_squall2d_y.f90
rm -f ../dyn_em/module_initialize_squall2d_y.b ../dyn_em/module_initialize_squall2d_y.bb
time gfortran -o ../dyn_em/module_initialize_squall2d_y.o -c -O2 -ftree-vectorize -funroll-loops -w -ffree-form -ffree-line-length-none -fconvert=big-endian -frecord-marker=4  -fopenmp -I../dyn_em -I../dyn_nmm   -I/pixel/project02/tcchen/WRFV3/external/esmf_time_f90  -I/pixel/project02/tcchen/WRFV3/main -I/pixel/project02/tcchen/WRFV3/external/io_netcdf -I/pixel/project02/tcchen/WRFV3/external/io_int -I/pixel/project02/tcchen/WRFV3/frame -I/pixel/project02/tcchen/WRFV3/share -I/pixel/project02/tcchen/WRFV3/phys -I/pixel/project02/tcchen/WRFV3/chem -I/pixel/project02/tcchen/WRFV3/inc -I/pixel/project02/tcchen/netcdf/netcdf_gnu//include    ../dyn_em/module_initialize_squall2d_y.f90
Warning: Nonexistent include directory "/pixel/project02/tcchen/WRFV3/chem"
1.39user 0.07system 0:01.48elapsed 98%CPU (0avgtext+0avgdata 49560maxresident)k
64inputs+4952outputs (0major+15793minor)pagefaults 0swaps
rm -f ideal_em.o
/lib/cpp -P -I/pixel/project02/tcchen/WRFV3/inc -DEM_CORE=1 -DNMM_CORE=0 -DNMM_MAX_DIM=2600 -DCOAMPS_CORE=0 -DDA_CORE=0 -DEXP_CORE=0 -DIWORDSIZE=4 -DDWORDSIZE=8 -DRWORDSIZE=4 -DLWORDSIZE=4 -DNONSTANDARD_SYSTEM_SUBR  -DWRF_USE_CLM -DNO_IEEE_MODULE  -DNETCDF -DUSE_ALLOCATABLES -DGRIB1 -DINTIO -DKEEP_INT_AROUND -DLIMIT_ARGS -DCONFIG_BUF_LEN=65536 -DMAX_DOMAINS_F=21 -DMAX_HISTORY=25 -DNMM_NEST=0  -I. -traditional  -D_OPENMP ideal_em.F  > ideal_em.bb
/pixel/project02/tcchen/WRFV3/tools/standard.exe ideal_em.bb | /lib/cpp -P -traditional > ideal_em.f90
rm -f ideal_em.b ideal_em.bb
time gfortran -o ideal_em.o -c -O2 -ftree-vectorize -funroll-loops -w -ffree-form -ffree-line-length-none -fconvert=big-endian -frecord-marker=4  -fopenmp -I../dyn_em -I../dyn_nmm   -I/pixel/project02/tcchen/WRFV3/external/esmf_time_f90  -I/pixel/project02/tcchen/WRFV3/main -I/pixel/project02/tcchen/WRFV3/external/io_netcdf -I/pixel/project02/tcchen/WRFV3/external/io_int -I/pixel/project02/tcchen/WRFV3/frame -I/pixel/project02/tcchen/WRFV3/share -I/pixel/project02/tcchen/WRFV3/phys -I/pixel/project02/tcchen/WRFV3/chem -I/pixel/project02/tcchen/WRFV3/inc -I/pixel/project02/tcchen/netcdf/netcdf_gnu//include    ideal_em.f90
Warning: Nonexistent include directory "/pixel/project02/tcchen/WRFV3/chem"
0.63user 0.07system 0:00.71elapsed 99%CPU (0avgtext+0avgdata 38572maxresident)k
4536inputs+56outputs (0major+12139minor)pagefaults 0swaps
ranlib  libwrflib.a
time gfortran -o ideal.exe -fopenmp -O2 -ftree-vectorize -funroll-loops -w -ffree-form -ffree-line-length-none -fconvert=big-endian -frecord-marker=4    ideal_em.o ../dyn_em/module_initialize_squall2d_y.o libwrflib.a /pixel/project02/tcchen/WRFV3/external/fftpack/fftpack5/libfftpack.a /pixel/project02/tcchen/WRFV3/external/io_grib1/libio_grib1.a /pixel/project02/tcchen/WRFV3/external/io_grib_share/libio_grib_share.a /pixel/project02/tcchen/WRFV3/external/io_int/libwrfio_int.a -L/pixel/project02/tcchen/WRFV3/external/esmf_time_f90 -lesmf_time /pixel/project02/tcchen/WRFV3/frame/module_internal_header_util.o /pixel/project02/tcchen/WRFV3/frame/pack_utils.o  -L/pixel/project02/tcchen/WRFV3/external/io_netcdf -lwrfio_nf -L/pixel/project02/tcchen/netcdf/netcdf_gnu//lib -lnetcdff -lnetcdf       
/usr/bin/ld: warning: libnetcdf.so.7, needed by /pixel/project02/tcchen/netcdf/netcdf_gnu//lib/libnetcdff.so, may conflict with libnetcdf.so.11
0.38user 0.22system 0:00.76elapsed 80%CPU (0avgtext+0avgdata 92704maxresident)k
142192inputs+60680outputs (0major+25364minor)pagefaults 0swaps
make[1]: Leaving directory `/pixel/project02/tcchen/WRFV3/main'
( cd test/em_squall2d_y ; /bin/rm -f wrf.exe ; ln -s ../../main/wrf.exe . )
( cd test/em_squall2d_y ; /bin/rm -f ideal.exe ; ln -s ../../main/ideal.exe . )
( cd test/em_squall2d_y ; /bin/rm -f README.namelist ; ln -s ../../run/README.namelist . )
( cd run ; /bin/rm -f ideal.exe ; ln -s ../main/ideal.exe . )
( cd run ; if test -f namelist.input ; then \
	/bin/cp -f namelist.input namelist.input.backup ; fi ; \
	/bin/rm -f namelist.input ; cp ../test/em_squall2d_y/namelist.input . )
( cd run ; /bin/rm -f input_sounding ; ln -s ../test/em_squall2d_y/input_sounding . )
 
==========================================================================
build started:   Thu Jun  6 11:12:06 EDT 2019
build completed: Thu Jun 6 11:18:22 EDT 2019
 
--->                  Executables successfully built                  <---
 
-rwxr-xr-x. 1 tcchen aos 31058632 Jun  6 11:18 main/ideal.exe
-rwxr-xr-x. 1 tcchen aos 36875896 Jun  6 11:18 main/wrf.exe
 
==========================================================================
 
